TAP version 13
# Subtest: Large portrait selector is fully below the measured expanded heading
ok 1 - Large portrait selector is fully below the measured expanded heading
  ---
  duration_ms: 0.892666
  ...
# Subtest: Large landscape selector clears the measured bottom action bar
ok 2 - Large landscape selector clears the measured bottom action bar
  ---
  duration_ms: 0.08875
  ...
# Subtest: queued reflow reads current focus and leaves the heading action alone
ok 3 - queued reflow reads current focus and leaves the heading action alone
  ---
  duration_ms: 0.142333
  ...
# Subtest: large reading region retains its beginning and manual scrolling is not undone
ok 4 - large reading region retains its beginning and manual scrolling is not undone
  ---
  duration_ms: 0.147458
  ...
# Subtest: queued layout cannot alter a closed owner's scroll or focus
ok 5 - queued layout cannot alter a closed owner's scroll or focus
  ---
  duration_ms: 0.075459
  ...
# Subtest: queued layout cannot alter a hidden owner's scroll or focus
ok 6 - queued layout cannot alter a hidden owner's scroll or focus
  ---
  duration_ms: 0.043208
  ...
# Subtest: queued layout cannot alter a blurred owner's scroll or focus
ok 7 - queued layout cannot alter a blurred owner's scroll or focus
  ---
  duration_ms: 0.046375
  ...
# Subtest: queued layout cannot alter a outside owner's scroll or focus
ok 8 - queued layout cannot alter a outside owner's scroll or focus
  ---
  duration_ms: 0.094834
  ...
# Subtest: queued layout cannot alter a disposed owner's scroll or focus
ok 9 - queued layout cannot alter a disposed owner's scroll or focus
  ---
  duration_ms: 0.209125
  ...
# Subtest: opt-in label clearance keeps the field purpose visible with its focused control
ok 10 - opt-in label clearance keeps the field purpose visible with its focused control
  ---
  duration_ms: 0.182625
  ...
# Subtest: other dialogs retain control-only clearance unless they opt into labels
ok 11 - other dialogs retain control-only clearance unless they opt into labels
  ---
  duration_ms: 0.06975
  ...
# Subtest: label clearance cannot target a label outside the current dialog
ok 12 - label clearance cannot target a label outside the current dialog
  ---
  duration_ms: 0.055708
  ...
# Subtest: short landscape keeps the focused control visible when its Large label cannot fit
ok 13 - short landscape keeps the focused control visible when its Large label cannot fit
  ---
  duration_ms: 0.056041
  ...
# Subtest: chapter completion restores its still-owned actual button after native disable
ok 14 - chapter completion restores its still-owned actual button after native disable
  ---
  duration_ms: 763.492375
  ...
# Subtest: chapter error restores its still-owned actual button after native disable
ok 15 - chapter error restores its still-owned actual button after native disable
  ---
  duration_ms: 372.229125
  ...
# Subtest: chapter completion does not reclaim focus after focus, even after returning to BODY
ok 16 - chapter completion does not reclaim focus after focus, even after returning to BODY
  ---
  duration_ms: 585.287916
  ...
# Subtest: chapter completion does not reclaim focus after blur, even after returning to BODY
ok 17 - chapter completion does not reclaim focus after blur, even after returning to BODY
  ---
  duration_ms: 462.1085
  ...
# Subtest: chapter completion does not reclaim focus after hidden, even after returning to BODY
ok 18 - chapter completion does not reclaim focus after hidden, even after returning to BODY
  ---
  duration_ms: 347.789083
  ...
# Subtest: chapter completion does not reclaim focus after pagehide, even after returning to BODY
ok 19 - chapter completion does not reclaim focus after pagehide, even after returning to BODY
  ---
  duration_ms: 342.5555
  ...
# Subtest: chapter completion does not reclaim focus after close, even after returning to BODY
ok 20 - chapter completion does not reclaim focus after close, even after returning to BODY
  ---
  duration_ms: 552.941958
  ...
# Subtest: chapter completion does not reclaim focus after new-dialog, even after returning to BODY
ok 21 - chapter completion does not reclaim focus after new-dialog, even after returning to BODY
  ---
  duration_ms: 585.036583
  ...
# Subtest: chapter completion does not reclaim focus after body-key, even after returning to BODY
ok 22 - chapter completion does not reclaim focus after body-key, even after returning to BODY
  ---
  duration_ms: 592.119375
  ...
# Subtest: chapter enable callback choosing another control is not overwritten
ok 23 - chapter enable callback choosing another control is not overwritten
  ---
  duration_ms: 553.039125
  ...
# Subtest: install completion restores its still-owned actual button after native disable
ok 24 - install completion restores its still-owned actual button after native disable
  ---
  duration_ms: 474.437916
  ...
# Subtest: install error restores its still-owned actual button after native disable
ok 25 - install error restores its still-owned actual button after native disable
  ---
  duration_ms: 379.514708
  ...
# Subtest: install completion does not reclaim focus after focus, even after returning to BODY
ok 26 - install completion does not reclaim focus after focus, even after returning to BODY
  ---
  duration_ms: 481.044458
  ...
# Subtest: install completion does not reclaim focus after blur, even after returning to BODY
ok 27 - install completion does not reclaim focus after blur, even after returning to BODY
  ---
  duration_ms: 471.677916
  ...
# Subtest: install completion does not reclaim focus after hidden, even after returning to BODY
ok 28 - install completion does not reclaim focus after hidden, even after returning to BODY
  ---
  duration_ms: 469.34975
  ...
# Subtest: install completion does not reclaim focus after pagehide, even after returning to BODY
ok 29 - install completion does not reclaim focus after pagehide, even after returning to BODY
  ---
  duration_ms: 383.922958
  ...
# Subtest: install completion does not reclaim focus after close, even after returning to BODY
ok 30 - install completion does not reclaim focus after close, even after returning to BODY
  ---
  duration_ms: 366.723667
  ...
# Subtest: install completion does not reclaim focus after new-dialog, even after returning to BODY
ok 31 - install completion does not reclaim focus after new-dialog, even after returning to BODY
  ---
  duration_ms: 510.932625
  ...
# Subtest: install completion does not reclaim focus after body-key, even after returning to BODY
ok 32 - install completion does not reclaim focus after body-key, even after returning to BODY
  ---
  duration_ms: 494.685291
  ...
# Subtest: install enable callback choosing another control is not overwritten
ok 33 - install enable callback choosing another control is not overwritten
  ---
  duration_ms: 476.883208
  ...
# Subtest: explicit Library Cancel after three native Tabs renews return to the actual Install action
ok 34 - explicit Library Cancel after three native Tabs renews return to the actual Install action
  ---
  duration_ms: 377.922625
  ...
# Subtest: fresh explicit Cancel cannot restore after background
ok 35 - fresh explicit Cancel cannot restore after background
  ---
  duration_ms: 368.229625
  ...
# Subtest: fresh explicit Cancel cannot restore after closed-root
ok 36 - fresh explicit Cancel cannot restore after closed-root
  ---
  duration_ms: 459.110958
  ...
# Subtest: fresh explicit Cancel cannot restore after cleanup-focus
ok 37 - fresh explicit Cancel cannot restore after cleanup-focus
  ---
  duration_ms: 387.521334
  ...
# Subtest: fresh explicit Cancel cannot restore after cleanup-blur
ok 38 - fresh explicit Cancel cannot restore after cleanup-blur
  ---
  duration_ms: 384.111
  ...
# Subtest: Cancel while actual pack commit is finishing remains detached and cannot restore focus
ok 39 - Cancel while actual pack commit is finishing remains detached and cannot restore focus
  ---
  duration_ms: 471.384541
  ...
# Subtest: fresh return intent refuses a target outside its captured dialog
ok 40 - fresh return intent refuses a target outside its captured dialog
  ---
  duration_ms: 369.861125
  ...
# Subtest: actual workshop reviews without writes, explicitly restores all originals, and prepares a separate native download
ok 41 - actual workshop reviews without writes, explicitly restores all originals, and prepares a separate native download
  ---
  duration_ms: 280.655708
  ...
# Subtest: actual preserve review distinguishes assignments while retaining current and incoming history
ok 42 - actual preserve review distinguishes assignments while retaining current and incoming history
  ---
  duration_ms: 296.331417
  ...
# Subtest: actual restore review distinguishes assignments while retaining current and incoming history
ok 43 - actual restore review distinguishes assignments while retaining current and incoming history
  ---
  duration_ms: 284.928292
  ...
# Subtest: corrupt bundle, quota refusal, and stale writer keep exact prior storage and preview
ok 44 - corrupt bundle, quota refusal, and stale writer keep exact prior storage and preview
  ---
  duration_ms: 490.454125
  ...
# Subtest: review binds the exact installed catalog, selected file and explicit assignment policy
ok 45 - review binds the exact installed catalog, selected file and explicit assignment policy
  ---
  duration_ms: 115.627792
  ...
# Subtest: cancelled late review and double commands cannot publish stale restore or download
ok 46 - cancelled late review and double commands cannot publish stale restore or download
  ---
  duration_ms: 107.351459
  ...
# Subtest: allocation-time cancellation and hidden lifecycle release prepared download without late artifacts
ok 47 - allocation-time cancellation and hidden lifecycle release prepared download without late artifacts
  ---
  duration_ms: 10.983458
  ...
# Subtest: shared v3 MP3 recovery is byte-identical after originals restore
ok 48 - shared v3 MP3 recovery is byte-identical after originals restore
  ---
  duration_ms: 149.248083
  ...
# Subtest: actual controller router reaches download/review/restore and held Confirm cannot apply the newly reviewed file
ok 49 - actual controller router reaches download/review/restore and held Confirm cannot apply the newly reviewed file
  ---
  duration_ms: 142.629
  ...
# Subtest: actual classic entry gives file-URL guidance before module/storage access
ok 50 - actual classic entry gives file-URL guidance before module/storage access
  ---
  duration_ms: 3.740667
  ...
# Subtest: actual authoring entry opens no DB until explicit activation and shares one real manager for audio and media
ok 51 - actual authoring entry opens no DB until explicit activation and shares one real manager for audio and media
  ---
  duration_ms: 121.633125
  ...
# Subtest: cold workshop Escape restores the invoker blurred by its disabled loading state
ok 52 - cold workshop Escape restores the invoker blurred by its disabled loading state
  ---
  duration_ms: 20.722458
  ...
# Subtest: closing a pending workshop read restores the invoker before settling and preserves later focus
ok 53 - closing a pending workshop read restores the invoker before settling and preserves later focus
  ---
  duration_ms: 9.993
  ...
# Subtest: v1 MP3 bytes remain exact through shared v4 upgrade and explicit native backup preparation
ok 54 - v1 MP3 bytes remain exact through shared v4 upgrade and explicit native backup preparation
  ---
  duration_ms: 82.5455
  ...
# Subtest: file URL and cancelled late source load do not open or upgrade media
ok 55 - file URL and cancelled late source load do not open or upgrade media
  ---
  duration_ms: 7.519042
  ...
# Subtest: rejected shared-store access remains visible and cannot become an empty media save
ok 56 - rejected shared-store access remains visible and cannot become an empty media save
  ---
  duration_ms: 6.382917
  ...
# Subtest: persisted pagehide cancels a pending first Open before it can create or upgrade a manager
ok 57 - persisted pagehide cancels a pending first Open before it can create or upgrade a manager
  ---
  duration_ms: 12.763458
  ...
# Subtest: existing host navigation owns Back and neutralizes native handoff; hidden page cancels the edit context
ok 58 - existing host navigation owns Back and neutralizes native handoff; hidden page cancels the edit context
  ---
  duration_ms: 18.430166
  ...
# Subtest: actual shared router prevents held Confirm across modal close and native pointer handoff
ok 59 - actual shared router prevents held Confirm across modal close and native pointer handoff
  ---
  duration_ms: 25.523959
  ...
# Subtest: opening announces the held catalogue read and Close fences its late failure
ok 60 - opening announces the held catalogue read and Close fences its late failure
  ---
  duration_ms: 3.612917
  ...
# Subtest: classic picture workshop exposes loading and Back before storage explanation
ok 61 - classic picture workshop exposes loading and Back before storage explanation
  ---
  duration_ms: 1.91275
  ...
# Subtest: native panel prepares original bytes, saves exact theme assignment, reloads and unassigns without losing history
ok 62 - native panel prepares original bytes, saves exact theme assignment, reloads and unassigns without losing history
  ---
  duration_ms: 176.522375
  ...
# Subtest: failed candidate decode or preview leaves the prior preview and saved assignment intact
ok 63 - failed candidate decode or preview leaves the prior preview and saved assignment intact
  ---
  duration_ms: 69.945125
  ...
# Subtest: double commands, cancellation and stale completion cannot save or overwrite a newer preview
ok 64 - double commands, cancellation and stale completion cannot save or overwrite a newer preview
  ---
  duration_ms: 47.19775
  ...
# Subtest: stale installed context and concurrent media writer refuse the whole save
ok 65 - stale installed context and concurrent media writer refuse the whole save
  ---
  duration_ms: 45.030083
  ...
# Subtest: context switching discards an unsaved binding and close restores focus without late publication
ok 66 - context switching discards an unsaved binding and close restores focus without late publication
  ---
  duration_ms: 6.624166
  ...
# Subtest: transaction refusal keeps the previous preview/draft and stored bytes; notification failure cannot erase a successful save
ok 67 - transaction refusal keeps the previous preview/draft and stored bytes; notification failure cannot erase a successful save
  ---
  duration_ms: 63.154625
  ...
# Subtest: existing keyboard/controller navigation edits native selects and Back closes only the workshop
ok 68 - existing keyboard/controller navigation edits native selects and Back closes only the workshop
  ---
  duration_ms: 9.221958
  ...
# Subtest: file picker cancellation preserves the Still Media draft, focus and pending preview; dialog Escape still closes
ok 69 - file picker cancellation preserves the Still Media draft, focus and pending preview; dialog Escape still closes
  ---
  duration_ms: 7.806875
  ...
# Subtest: preview completion restores its initiating control after native disabled blur
ok 70 - preview completion restores its initiating control after native disabled blur
  ---
  duration_ms: 57.062042
  ...
# Subtest: preview failure restores its initiating control after native disabled blur
ok 71 - preview failure restores its initiating control after native disabled blur
  ---
  duration_ms: 52.351792
  ...
# Subtest: show-saved completion restores its initiating control after native disabled blur
ok 72 - show-saved completion restores its initiating control after native disabled blur
  ---
  duration_ms: 54.069791
  ...
# Subtest: show-saved failure restores its initiating control after native disabled blur
ok 73 - show-saved failure restores its initiating control after native disabled blur
  ---
  duration_ms: 52.233459
  ...
# Subtest: show-authored completion restores its initiating control after native disabled blur
ok 74 - show-authored completion restores its initiating control after native disabled blur
  ---
  duration_ms: 49.522542
  ...
# Subtest: show-authored failure restores its initiating control after native disabled blur
ok 75 - show-authored failure restores its initiating control after native disabled blur
  ---
  duration_ms: 49.721417
  ...
# Subtest: chosen preview validation failure restores its opener without publishing a draft
ok 76 - chosen preview validation failure restores its opener without publishing a draft
  ---
  duration_ms: 5.116333
  ...
# Subtest: preview completion respects focus-away even when focus returns to BODY
ok 77 - preview completion respects focus-away even when focus returns to BODY
  ---
  duration_ms: 51.376792
  ...
# Subtest: preview completion respects body-key even when focus returns to BODY
ok 78 - preview completion respects body-key even when focus returns to BODY
  ---
  duration_ms: 49.196042
  ...
# Subtest: preview completion respects body-pointer even when focus returns to BODY
ok 79 - preview completion respects body-pointer even when focus returns to BODY
  ---
  duration_ms: 50.495708
  ...
# Subtest: preview completion respects window-blur even when focus returns to BODY
ok 80 - preview completion respects window-blur even when focus returns to BODY
  ---
  duration_ms: 49.871417
  ...
# Subtest: preview completion respects hidden even when focus returns to BODY
ok 81 - preview completion respects hidden even when focus returns to BODY
  ---
  duration_ms: 49.984375
  ...
# Subtest: preview completion respects pagehide even when focus returns to BODY
ok 82 - preview completion respects pagehide even when focus returns to BODY
  ---
  duration_ms: 53.824208
  ...
# Subtest: preview completion respects new-dialog even when focus returns to BODY
ok 83 - preview completion respects new-dialog even when focus returns to BODY
  ---
  duration_ms: 51.6225
  ...
# Subtest: programmatic preview does not capture an unrelated focused action
ok 84 - programmatic preview does not capture an unrelated focused action
  ---
  duration_ms: 4.045791
  ...
# Subtest: cancel retires a preview focus lease before its decoder settles
ok 85 - cancel retires a preview focus lease before its decoder settles
  ---
  duration_ms: 50.0155
  ...
# Subtest: invalidate retires a preview focus lease before its decoder settles
ok 86 - invalidate retires a preview focus lease before its decoder settles
  ---
  duration_ms: 50.170625
  ...
# Subtest: close retires a preview focus lease before its decoder settles
ok 87 - close retires a preview focus lease before its decoder settles
  ---
  duration_ms: 48.63075
  ...
# Subtest: dispose retires a preview focus lease before its decoder settles
ok 88 - dispose retires a preview focus lease before its decoder settles
  ---
  duration_ms: 50.506167
  ...
# Subtest: a cancelled preview cannot steal focus from the next accepted preview
ok 89 - a cancelled preview cannot steal focus from the next accepted preview
  ---
  duration_ms: 64.811708
  ...
# Subtest: close and reopen does not revive the earlier preview focus owner
ok 90 - close and reopen does not revive the earlier preview focus owner
  ---
  duration_ms: 62.067542
  ...
# Subtest: preview final enabling focus takes precedence over old focus
ok 91 - preview final enabling focus takes precedence over old focus
  ---
  duration_ms: 49.923167
  ...
# Subtest: preview final enabling invalidate takes precedence over old focus
ok 92 - preview final enabling invalidate takes precedence over old focus
  ---
  duration_ms: 49.877667
  ...
# Subtest: settled chosen preview keeps the focused original picker and label below its sticky status rail
ok 93 - settled chosen preview keeps the focused original picker and label below its sticky status rail
  ---
  duration_ms: 5.903667
  ...
# Subtest: media clearance preserves the live operation rail and Cancel ownership
ok 94 - media clearance preserves the live operation rail and Cancel ownership
  ---
  duration_ms: 5.741417
  ...
# Subtest: closed and disposed media panels retire queued clearance without refocusing an old picker
ok 95 - closed and disposed media panels retire queued clearance without refocusing an old picker
  ---
  duration_ms: 5.564042
  ...
# Subtest: no optional capability keeps the actual still-only panel and rich-v3 store unchanged
ok 96 - no optional capability keeps the actual still-only panel and rich-v3 store unchanged
  ---
  duration_ms: 71.147458
  ...
# Subtest: Prepare writes neither descriptor nor binding, Save commits both once and rejected notification retains the new generation
ok 97 - Prepare writes neither descriptor nor binding, Save commits both once and rejected notification retains the new generation
  ---
  duration_ms: 757.04675
  ...
# Subtest: historical poster A can be selected after current B; clear saves explicit null and exact saved history can be rebound
ok 98 - historical poster A can be selected after current B; clear saves explicit null and exact saved history can be rebound
  ---
  duration_ms: 1157.254125
  ...
# Subtest: unsaved poster and invalid segment cannot produce a reviewed story; picture revision change invalidates a prepared save
ok 99 - unsaved poster and invalid segment cannot produce a reviewed story; picture revision change invalidates a prepared save
  ---
  duration_ms: 243.998917
  ...
# Subtest: stale installed context, concurrent story generation and transaction refusal preserve the entire prior inventory
ok 100 - stale installed context, concurrent story generation and transaction refusal preserve the entire prior inventory
  ---
  duration_ms: 1478.486917
  ...
# Subtest: native prepared download transfers exact v2 bytes; keep-current preserves null and explicit restore restores only reviewed incoming bindings
ok 101 - native prepared download transfers exact v2 bytes; keep-current preserves null and explicit restore restores only reviewed incoming bindings
  ---
  duration_ms: 1462.148709
  ...
# Subtest: fresh restore requires actual paired poster originals, corrupt source refuses completely, and correct pairs restore exact video
ok 102 - fresh restore requires actual paired poster originals, corrupt source refuses completely, and correct pairs restore exact video
  ---
  duration_ms: 717.758333
  ...
# Subtest: Back cancels a late returned reservation without publishing Save; current source remains usable after reload
ok 103 - Back cancels a late returned reservation without publishing Save; current source remains usable after reload
  ---
  duration_ms: 272.872167
  ...
# Subtest: the existing router requires released Confirm between Prepare and Save and native Enter remains a browser action
ok 104 - the existing router requires released Confirm between Prepare and Save and native Enter remains a browser action
  ---
  duration_ms: 352.272334
  ...
1..104
# tests 104
# suites 0
# pass 104
# fail 0
# cancelled 0
# skipped 0
# todo 0
# duration_ms 13075.779417
