TAP version 13
# Subtest: short landscape keeps the focused control visible when its Large label cannot fit
not ok 1 - short landscape keeps the focused control visible when its Large label cannot fit
  ---
  duration_ms: 1.559833
  type: 'test'
  location: '/Users/oleksandr.mekhovov/work/my_projects/go_test/.cache/worktrees/p05-picker-clearance-next/game/test/focus-clearance.test.mjs:190:1'
  failureType: 'testCodeFailure'
  error: |-
    Expected values to be strictly equal:
    
    318 !== 290
    
  code: 'ERR_ASSERTION'
  name: 'AssertionError'
  expected: 290
  actual: 318
  operator: 'strictEqual'
  stack: |-
    TestContext.<anonymous> (file:///Users/oleksandr.mekhovov/work/my_projects/go_test/.cache/worktrees/p05-picker-clearance-next/game/test/focus-clearance.test.mjs:196:10)
    Test.runInAsyncScope (node:async_hooks:214:14)
    Test.run (node:internal/test_runner/test:1047:25)
    Test.start (node:internal/test_runner/test:944:17)
    startSubtestAfterBootstrap (node:internal/test_runner/harness:296:17)
  ...
1..1
# tests 1
# suites 0
# pass 0
# fail 1
# cancelled 0
# skipped 0
# todo 0
# duration_ms 51.382875
