TAP version 13
# Subtest: BoardPainter keeps separate default boss bodies beneath the shared explicit boss upload
ok 1 - BoardPainter keeps separate default boss bodies beneath the shared explicit boss upload
  ---
  duration_ms: 0.984625
  ...
# Subtest: facing uses newly observed tick positions instead of a stale velocity field
ok 2 - facing uses newly observed tick positions instead of a stale velocity field
  ---
  duration_ms: 0.33375
  ...
# Subtest: contour and outer patrols face their measured path without velocity fields
ok 3 - contour and outer patrols face their measured path without velocity fields
  ---
  duration_ms: 0.109709
  ...
# Subtest: pause and classic freeze retain heading, banking and animation clocks
ok 4 - pause and classic freeze retain heading, banking and animation clocks
  ---
  duration_ms: 0.6295
  ...
# Subtest: stun and dormancy stop active motion; reduced effects keep direction but no moving accents
ok 5 - stun and dormancy stop active motion; reduced effects keep direction but no moving accents
  ---
  duration_ms: 0.201833
  ...
# Subtest: stationary tread/walking phase stays still while idle rotor/antenna clock can continue
ok 6 - stationary tread/walking phase stays still while idle rotor/antenna clock can continue
  ---
  duration_ms: 0.085042
  ...
# Subtest: cosmetic size targets desktop/phone readability without altering contact radius
ok 7 - cosmetic size targets desktop/phone readability without altering contact radius
  ---
  duration_ms: 0.1725
  ...
# Subtest: four themes have distinct geometric silhouettes even with identical colors
ok 8 - four themes have distinct geometric silhouettes even with identical colors
  ---
  duration_ms: 1.074833
  ...
# Subtest: compact and detailed recipes differ; custom families resolve to the matching visual theme
ok 9 - compact and detailed recipes differ; custom families resolve to the matching visual theme
  ---
  duration_ms: 0.894542
  ...
# Subtest: every actor override keeps its own body slot, facing and unscaled collision cue
ok 10 - every actor override keeps its own body slot, facing and unscaled collision cue
  ---
  duration_ms: 0.335042
  ...
# Subtest: history is bounded and reset removes old headings; published frames cannot mutate history
ok 11 - history is bounded and reset removes old headings; published frames cannot mutate history
  ---
  duration_ms: 0.552834
  ...
# Subtest: trail core and head remain visible with reduced effects; animated packet stays on the cut
ok 12 - trail core and head remain visible with reduced effects; animated packet stays on the cut
  ---
  duration_ms: 0.194625
  ...
# Subtest: capture pulse touches only newly secured cells and is absent for reduced motion
ok 13 - capture pulse touches only newly secured cells and is absent for reduced motion
  ---
  duration_ms: 0.141958
  ...
# Subtest: integrated renderer animates observed actors and capture effects without changing replay authority
ok 14 - integrated renderer animates observed actors and capture effects without changing replay authority
  ---
  duration_ms: 33.834333
  ...
# Subtest: legacy: all four player rigs keep a readable bounded size across phone and desktop canvases
ok 15 - legacy: all four player rigs keep a readable bounded size across phone and desktop canvases
  ---
  duration_ms: 31.497292
  ...
# Subtest: wide: all four player rigs keep a readable bounded size across phone and desktop canvases
ok 16 - wide: all four player rigs keep a readable bounded size across phone and desktop canvases
  ---
  duration_ms: 34.611292
  ...
# Subtest: custom player art retains its aspect ratio and rotor anchor coordinates independently of enemy slots
ok 17 - custom player art retains its aspect ratio and rotor anchor coordinates independently of enemy slots
  ---
  duration_ms: 1.154833
  ...
# Subtest: player scale is cosmetic, independent of actor scale, and bounded even on very small canvases
ok 18 - player scale is cosmetic, independent of actor scale, and bounded even on very small canvases
  ---
  duration_ms: 8.297834
  ...
# Subtest: the larger player keeps direction response and animated rotors while pause and reduced effects freeze their clocks
ok 19 - the larger player keeps direction response and animated rotors while pause and reduced effects freeze their clocks
  ---
  duration_ms: 6.175917
  ...
# Subtest: explicit display width supports detached textures while invalid widths preserve direct-canvas and logical fallbacks
ok 20 - explicit display width supports detached textures while invalid widths preserve direct-canvas and logical fallbacks
  ---
  duration_ms: 12.432125
  ...
# Subtest: the whole 4:3 or 2:1 bitmap fits independently of its element slot
ok 21 - the whole 4:3 or 2:1 bitmap fits independently of its element slot
  ---
  duration_ms: 1.390208
  ...
# Subtest: one seat resizing never substitutes the other seat or changes bitmap geometry
ok 22 - one seat resizing never substitutes the other seat or changes bitmap geometry
  ---
  duration_ms: 0.36375
  ...
# Subtest: observer delivery does not read layout, duplicate writes or retain a hidden scale
ok 23 - observer delivery does not read layout, duplicate writes or retain a hidden scale
  ---
  duration_ms: 0.1725
  ...
# Subtest: cached-page restoration rejects old callbacks and measures again without resuming play
ok 24 - cached-page restoration rejects old callbacks and measures again without resuming play
  ---
  duration_ms: 0.679208
  ...
# Subtest: fractional deliveries do not rewrite CSS values after browser serialization
ok 25 - fractional deliveries do not rewrite CSS values after browser serialization
  ---
  duration_ms: 0.151
  ...
# Subtest: explicit geometry and resize reconciliation work without ResizeObserver
ok 26 - explicit geometry and resize reconciliation work without ResizeObserver
  ---
  duration_ms: 0.130709
  ...
# Subtest: Versus keyboard master controls persist only the shared record; Team and another Versus restore without autoplay
    # Subtest: actual Versus controls
    ok 1 - actual Versus controls
      ---
      duration_ms: 1688.170041
      ...
    # Subtest: fresh Team receives settings, not music or progress
    ok 2 - fresh Team receives settings, not music or progress
      ---
      duration_ms: 45.106292
      ...
    # Subtest: fresh Versus restores without context creation or playing
    ok 3 - fresh Versus restores without context creation or playing
      ---
      duration_ms: 1648.666
      ...
    1..3
ok 27 - Versus keyboard master controls persist only the shared record; Team and another Versus restore without autoplay
  ---
  duration_ms: 3383.1445
  ...
# Subtest: Versus starts muted, then master edits preserve active music intent and a paused duel checkpoint
ok 28 - Versus starts muted, then master edits preserve active music intent and a paused duel checkpoint
  ---
  duration_ms: 1941.1945
  ...
# Subtest: Versus controller edits the actual master slider without starting either board
ok 29 - Versus controller edits the actual master slider without starting either board
  ---
  duration_ms: 1615.616333
  ...
# Subtest: Team keyboard master edits remain accessible while paused and preserve its live board and unrelated feedback
ok 30 - Team keyboard master edits remain accessible while paused and preserve its live board and unrelated feedback
  ---
  duration_ms: 280.608583
  ...
# Subtest: Team keeps its sound explanation through saved edits, storage failure and recovery without starting play
ok 31 - Team keeps its sound explanation through saved edits, storage failure and recovery without starting play
  ---
  duration_ms: 158.371291
  ...
# Subtest: Versus sound edits survive paused Help pan and keyboard return without replacing audio feedback
ok 32 - Versus sound edits survive paused Help pan and keyboard return without replacing audio feedback
  ---
  duration_ms: 2077.234041
  ...
# Subtest: Team sound edits survive paused Help pan and keyboard return without replacing audio feedback
ok 33 - Team sound edits survive paused Help pan and keyboard return without replacing audio feedback
  ---
  duration_ms: 200.440875
  ...
# Subtest: actual Versus 4:3 boards fit each seat and render at the visible bitmap scale
ok 34 - actual Versus 4:3 boards fit each seat and render at the visible bitmap scale
  ---
  duration_ms: 168.618333
  ...
# Subtest: actual Versus 2:1 boards fit each seat and render at the visible bitmap scale
ok 35 - actual Versus 2:1 boards fit each seat and render at the visible bitmap scale
  ---
  duration_ms: 2116.065166
  ...
# Subtest: actual Versus resize follows independent touch pads and Large text without replacing either run
ok 36 - actual Versus resize follows independent touch pads and Large text without replacing either run
  ---
  duration_ms: 2388.245166
  ...
# Subtest: actual Versus zero/hidden bounds recover and stale observer callbacks cannot survive disposal
ok 37 - actual Versus zero/hidden bounds recover and stale observer callbacks cannot survive disposal
  ---
  duration_ms: 114.503042
  ...
# Subtest: actual Versus fallback refits both boards before drawing a changed encounter hint without ResizeObserver
ok 38 - actual Versus fallback refits both boards before drawing a changed encounter hint without ResizeObserver
  ---
  duration_ms: 1018.484084
  ...
# Subtest: fresh couch uses exact wide Pressure Lines originals, authored Arcade controls and independent continuations
ok 39 - fresh couch uses exact wide Pressure Lines originals, authored Arcade controls and independent continuations
  ---
  duration_ms: 1707.525708
  ...
# Subtest: an offline optional featured download leaves base Couch maps playable and solo storage untouched
ok 40 - an offline optional featured download leaves base Couch maps playable and solo storage untouched
  ---
  duration_ms: 141.646667
  ...
# Subtest: all three exact map pictures change together; explicit Tactical legacy choice clears the original binding
ok 41 - all three exact map pictures change together; explicit Tactical legacy choice clears the original binding
  ---
  duration_ms: 1847.997041
  ...
# Subtest: wrong decoded dimensions and complete decode failure release every allocated original
ok 42 - wrong decoded dimensions and complete decode failure release every allocated original
  ---
  duration_ms: 1832.383125
  ...
# Subtest: shipped artwork requires explicit contain fit and an original for each exact known level
ok 43 - shipped artwork requires explicit contain fit and an original for each exact known level
  ---
  duration_ms: 1856.354792
  ...
# Subtest: cancellation during complete decode rejects promptly, disposes earlier images and ignores a late result
ok 44 - cancellation during complete decode rejects promptly, disposes earlier images and ignores a late result
  ---
  duration_ms: 1097.956042
  ...
# Subtest: failed original preparation leaves the real lobby Start disabled with its explicit error
ok 45 - failed original preparation leaves the real lobby Start disabled with its explicit error
  ---
  duration_ms: 995.489333
  ...
# Subtest: terminal pagehide during installed authority opening cannot publish released pictures or start a race
ok 46 - terminal pagehide during installed authority opening cannot publish released pictures or start a race
  ---
  duration_ms: 1243.815625
  ...
# Subtest: paused race-coop requires a fresh fixed decision and Stay retains both flights
ok 47 - paused race-coop requires a fresh fixed decision and Stay retains both flights
  ---
  duration_ms: 1771.02
  ...
# Subtest: paused race-solo-return requires a fresh fixed decision and Stay retains both flights
ok 48 - paused race-solo-return requires a fresh fixed decision and Stay retains both flights
  ---
  duration_ms: 2006.396291
  ...
# Subtest: controller Team departure has its own neutral boundary and East returns to the in-panel opener
ok 49 - controller Team departure has its own neutral boundary and East returns to the in-panel opener
  ---
  duration_ms: 1985.153459
  ...
# Subtest: blur invalidates pending Versus departure without resuming or choosing a destination
ok 50 - blur invalidates pending Versus departure without resuming or choosing a destination
  ---
  duration_ms: 1691.564958
  ...
# Subtest: hidden invalidates pending Versus departure without resuming or choosing a destination
ok 51 - hidden invalidates pending Versus departure without resuming or choosing a destination
  ---
  duration_ms: 1593.2105
  ...
# Subtest: pagehide invalidates pending Versus departure without resuming or choosing a destination
ok 52 - pagehide invalidates pending Versus departure without resuming or choosing a destination
  ---
  duration_ms: 1764.446583
  ...
# Subtest: controller-loss invalidates pending Versus departure without resuming or choosing a destination
ok 53 - controller-loss invalidates pending Versus departure without resuming or choosing a destination
  ---
  duration_ms: 1642.944459
  ...
# Subtest: a real terminal draw keeps both destination links direct and does not start another round
ok 54 - a real terminal draw keeps both destination links direct and does not start another round
  ---
  duration_ms: 2207.433625
  ...
# Subtest: confirmation re-reads actual replace before allowing native departure
ok 55 - confirmation re-reads actual replace before allowing native departure
  ---
  duration_ms: 12.907958
  ...
# Subtest: confirmation re-reads actual advanceGeneration before allowing native departure
ok 56 - confirmation re-reads actual advanceGeneration before allowing native departure
  ---
  duration_ms: 13.592083
  ...
# Subtest: confirmation re-reads actual resume before allowing native departure
ok 57 - confirmation re-reads actual resume before allowing native departure
  ---
  duration_ms: 14.65225
  ...
# Subtest: Solo departure captures one validated scalar token and never adopts a newer return at Confirm
ok 58 - Solo departure captures one validated scalar token and never adopts a newer return at Confirm
  ---
  duration_ms: 23.495709
  ...
# Subtest: invalid scalar return reader keeps the fixed Solo Title fallback: () => null
ok 59 - invalid scalar return reader keeps the fixed Solo Title fallback: () => null
  ---
  duration_ms: 18.497167
  ...
# Subtest: invalid scalar return reader keeps the fixed Solo Title fallback: () => '../?stolen=1'
ok 60 - invalid scalar return reader keeps the fixed Solo Title fallback: () => '../?stolen=1'
  ---
  duration_ms: 36.627959
  ...
# Subtest: invalid scalar return reader keeps the fixed Solo Title fallback: () => 'A'.repeat(32)
ok 61 - invalid scalar return reader keeps the fixed Solo Title fallback: () => 'A'.repeat(32)
  ---
  duration_ms: 46.453959
  ...
# Subtest: invalid scalar return reader keeps the fixed Solo Title fallback: () => {\\n    throw Error('unavailable');\\n  }
ok 62 - invalid scalar return reader keeps the fixed Solo Title fallback: () => {\\n    throw Error('unavailable');\\n  }
  ---
  duration_ms: 18.910666
  ...
# Subtest: immediate: actual couch inputs keep both phase cues independent and freeze them on pause/finish
ok 63 - immediate: actual couch inputs keep both phase cues independent and freeze them on pause/finish
  ---
  duration_ms: 8863.53325
  ...
# Subtest: grid-center: actual couch inputs keep both phase cues independent and freeze them on pause/finish
ok 64 - grid-center: actual couch inputs keep both phase cues independent and freeze them on pause/finish
  ---
  duration_ms: 8313.032167
  ...
# Subtest: ordinary couch boards hide both empty encounter groups before and during a round
ok 65 - ordinary couch boards hide both empty encounter groups before and during a round
  ---
  duration_ms: 2627.430916
  ...
# Subtest: untouched prepared lobby focuses enabled Start once without controller ownership or starting
ok 66 - untouched prepared lobby focuses enabled Start once without controller ownership or starting
  ---
  duration_ms: 269.286625
  ...
# Subtest: delayed initial preparation leaves loading focus alone, then hands off to Ready Start
ok 67 - delayed initial preparation leaves loading focus alone, then hands off to Ready Start
  ---
  duration_ms: 63.387958
  ...
# Subtest: a deliberate current focus is never replaced by the initial handoff
ok 68 - a deliberate current focus is never replaced by the initial handoff
  ---
  duration_ms: 58.781875
  ...
# Subtest: a deliberate moved-away focus is never replaced by the initial handoff
ok 69 - a deliberate moved-away focus is never replaced by the initial handoff
  ---
  duration_ms: 55.302666
  ...
# Subtest: a deliberate pre-attached-recovery focus is never replaced by the initial handoff
ok 70 - a deliberate pre-attached-recovery focus is never replaced by the initial handoff
  ---
  duration_ms: 55.353292
  ...
# Subtest: initial-background permanently relinquishes initial focus even when ready later
ok 71 - initial-background permanently relinquishes initial focus even when ready later
  ---
  duration_ms: 59.068166
  ...
# Subtest: blur-return permanently relinquishes initial focus even when ready later
ok 72 - blur-return permanently relinquishes initial focus even when ready later
  ---
  duration_ms: 53.30925
  ...
# Subtest: hidden-return permanently relinquishes initial focus even when ready later
ok 73 - hidden-return permanently relinquishes initial focus even when ready later
  ---
  duration_ms: 52.021625
  ...
# Subtest: pagehide-return permanently relinquishes initial focus even when ready later
ok 74 - pagehide-return permanently relinquishes initial focus even when ready later
  ---
  duration_ms: 56.782625
  ...
# Subtest: an initially disabled Start is never chosen as focus
ok 75 - an initially disabled Start is never chosen as focus
  ---
  duration_ms: 52.073667
  ...
# Subtest: an initially no-rect Start is never chosen as focus
ok 76 - an initially no-rect Start is never chosen as focus
  ---
  duration_ms: 56.441916
  ...
# Subtest: an initially css-hidden Start is never chosen as focus
ok 77 - an initially css-hidden Start is never chosen as focus
  ---
  duration_ms: 56.80975
  ...
# Subtest: an initially aria-hidden Start is never chosen as focus
ok 78 - an initially aria-hidden Start is never chosen as focus
  ---
  duration_ms: 59.1745
  ...
# Subtest: boot failure preserves recovery focus and cannot establish a Ready handoff
ok 79 - boot failure preserves recovery focus and cannot establish a Ready handoff
  ---
  duration_ms: 6.660083
  ...
# Subtest: interrupted async Start confirmation stays ready after blur and return until a fresh Start
ok 80 - interrupted async Start confirmation stays ready after blur and return until a fresh Start
  ---
  duration_ms: 10379.038667
  ...
# Subtest: cancelled Start confirmation cannot overwrite Retry for the same untouched attempt
ok 81 - cancelled Start confirmation cannot overwrite Retry for the same untouched attempt
  ---
  duration_ms: 12718.818917
  ...
# Subtest: installed couch reader authenticates the same three originals without acquiring a writer or changing solo data
ok 82 - installed couch reader authenticates the same three originals without acquiring a writer or changing solo data
  ---
  duration_ms: 12732.226208
  ...
# Subtest: publication rejects a changed original generation after actual decode and a changed pointer before Start
ok 83 - publication rejects a changed original generation after actual decode and a changed pointer before Start
  ---
  duration_ms: 13337.441375
  ...
# Subtest: cancelled decode is joined before replacement and cannot publish a late image
ok 84 - cancelled decode is joined before replacement and cannot publish a late image
  ---
  duration_ms: 10366.273166
  ...
# Subtest: pending journals, missing descriptors and absent original bytes refuse instead of displaying generic artwork
ok 85 - pending journals, missing descriptors and absent original bytes refuse instead of displaying generic artwork
  ---
  duration_ms: 6543.566459
  ...
# Subtest: Couch recovers installed R5 originals when its optional shipped URL is unavailable
ok 86 - Couch recovers installed R5 originals when its optional shipped URL is unavailable
  ---
  duration_ms: 5574.523667
  ...
# Subtest: actual Couch selection shares the exact installed image, keeps separate motion and restores asynchronous action focus
ok 87 - actual Couch selection shares the exact installed image, keeps separate motion and restores asynchronous action focus
  ---
  duration_ms: 23913.518417
  ...
# Subtest: superseding embedded inspection cancels the old decoder between images and retains the exact legacy fit
ok 88 - superseding embedded inspection cancels the old decoder between images and retains the exact legacy fit
  ---
  duration_ms: 4369.180625
  ...
# Subtest: main-lobby Back cancels an explicitly pending Retry and never enables Start after the late decode
ok 89 - main-lobby Back cancels an explicitly pending Retry and never enables Start after the late decode
  ---
  duration_ms: 26343.005291
  ...
# Subtest: new Fracture owner keeps exact installed originals through the reader and shared Couch boards without solo writes
ok 90 - new Fracture owner keeps exact installed originals through the reader and shared Couch boards without solo writes
  ---
  duration_ms: 22808.969125
  ...
# Subtest: new Countercurrent owner keeps exact installed originals through the reader and shared Couch boards without solo writes
ok 91 - new Countercurrent owner keeps exact installed originals through the reader and shared Couch boards without solo writes
  ---
  duration_ms: 21647.105875
  ...
# Subtest: installed failed Next decode keeps completed Results, wins and the original available to View
ok 92 - installed failed Next decode keeps completed Results, wins and the original available to View
  ---
  duration_ms: 12067.198417
  ...
# Subtest: installed Next final confirmation refusal retains the prior lease until an explicit successful retry adopts Ready
ok 93 - installed Next final confirmation refusal retains the prior lease until an explicit successful retry adopts Ready
  ---
  duration_ms: 16668.868208
  ...
# Subtest: installed cancelled Next cannot overwrite a newer retry or revive Start after blur and return
ok 94 - installed cancelled Next cannot overwrite a newer retry or revive Start after blur and return
  ---
  duration_ms: 15053.855458
  ...
# Subtest: installed candidate ready callback cancel retains accepted ownership until a confirmed commit
ok 95 - installed candidate ready callback cancel retains accepted ownership until a confirmed commit
  ---
  duration_ms: 10836.407958
  ...
# Subtest: installed candidate ready callback replacement retains accepted ownership until a confirmed commit
ok 96 - installed candidate ready callback replacement retains accepted ownership until a confirmed commit
  ---
  duration_ms: 12676.524625
  ...
# Subtest: couch markup mounts controls with bare body
ok 97 - couch markup mounts controls with bare body
  ---
  duration_ms: 1.221375
  ...
# Subtest: couch markup mounts controls with body attributes
ok 98 - couch markup mounts controls with body attributes
  ---
  duration_ms: 0.171
  ...
# Subtest: couch markup mounts controls with quoted delimiters and case
ok 99 - couch markup mounts controls with quoted delimiters and case
  ---
  duration_ms: 0.094583
  ...
# Subtest: couch markup rejects a missing or incomplete body with a controlled error
ok 100 - couch markup rejects a missing or incomplete body with a controlled error
  ---
  duration_ms: 0.502542
  ...
# Subtest: appending parsed text preserves nested boot and game controls
ok 101 - appending parsed text preserves nested boot and game controls
  ---
  duration_ms: 0.346833
  ...
# Subtest: ../couch/index.html has a visible static loading signal and a reachable exit before modules load
ok 102 - ../couch/index.html has a visible static loading signal and a reachable exit before modules load
  ---
  duration_ms: 5.605666
  ...
# Subtest: ../couch/relay-rescue.html has a visible static loading signal and a reachable exit before modules load
ok 103 - ../couch/relay-rescue.html has a visible static loading signal and a reachable exit before modules load
  ---
  duration_ms: 1.453417
  ...
# Subtest: ../replay-theater/index.html has a visible static loading signal and a reachable exit before modules load
ok 104 - ../replay-theater/index.html has a visible static loading signal and a reachable exit before modules load
  ---
  duration_ms: 0.813083
  ...
# Subtest: two sparse pads deliberately claim one menu; join/held Confirm cannot start or leak flight actions
ok 105 - two sparse pads deliberately claim one menu; join/held Confirm cannot start or leak flight actions
  ---
  duration_ms: 2467.611666
  ...
# Subtest: actual select previews cancel without replacing the duel and commit once through onchange
ok 106 - actual select previews cancel without replacing the duel and commit once through onchange
  ---
  duration_ms: 2016.732833
  ...
# Subtest: Back and Menu cancel previews or focus the primary action without starting or resetting
ok 107 - Back and Menu cancel previews or focus the primary action without starting or resetting
  ---
  duration_ms: 1885.744083
  ...
# Subtest: native menu focus cancels a held D-pad repeat until neutral without clearing either flight keyboard
ok 108 - native menu focus cancels a held D-pad repeat until neutral without clearing either flight keyboard
  ---
  duration_ms: 2272.012083
  ...
# Subtest: Ready slot loss consumes another pad Confirm; the surviving player keeps its slot
ok 109 - Ready slot loss consumes another pad Confirm; the surviving player keeps its slot
  ---
  duration_ms: 1862.868083
  ...
# Subtest: descriptor change at the same index pauses flight and requires neutral plus a new menu join
ok 110 - descriptor change at the same index pauses flight and requires neutral plus a new menu join
  ---
  duration_ms: 1765.883584
  ...
# Subtest: disconnect event at the same index pauses flight and requires neutral plus a new menu join
ok 111 - disconnect event at the same index pauses flight and requires neutral plus a new menu join
  ---
  duration_ms: 1746.599708
  ...
# Subtest: explicit menu release permits the other player to join, never transfers a held edge
ok 112 - explicit menu release permits the other player to join, never transfers a held edge
  ---
  duration_ms: 1774.733959
  ...
# Subtest: one hardware read per visible frame and no reads or ticks while unfocused, hidden or disposed
ok 113 - one hardware read per visible frame and no reads or ticks while unfocused, hidden or disposed
  ---
  duration_ms: 1862.554625
  ...
# Subtest: persisted return and Ready Escape preserve the true state and cancel a pending edit
ok 114 - persisted return and Ready Escape preserve the true state and cancel a pending edit
  ---
  duration_ms: 1935.750416
  ...
# Subtest: API errors and unsupported pads remain usable with keyboard and truthful Ready status
ok 115 - API errors and unsupported pads remain usable with keyboard and truthful Ready status
  ---
  duration_ms: 1685.089708
  ...
# Subtest: immediate: actual Sentinel round win and best-of-three rematch retain legal core route results
ok 116 - immediate: actual Sentinel round win and best-of-three rematch retain legal core route results
  ---
  duration_ms: 15382.724125
  ...
# Subtest: grid-center: actual Sentinel round win and best-of-three rematch retain legal core route results
ok 117 - grid-center: actual Sentinel round win and best-of-three rematch retain legal core route results
  ---
  duration_ms: 15530.386042
  ...
# Subtest: one lost craft does not expose shared menu; both ended draws retain explicit Next
ok 118 - one lost craft does not expose shared menu; both ended draws retain explicit Next
  ---
  duration_ms: 1879.732166
  ...
# Subtest: native checkboxes and both held touch pads stay independent after leaving controller navigation
ok 119 - native checkboxes and both held touch pads stay independent after leaving controller navigation
  ---
  duration_ms: 1947.813208
  ...
# Subtest: immediate: actual Pause retains two different requested turns and explicit Resume continues both
ok 120 - immediate: actual Pause retains two different requested turns and explicit Resume continues both
  ---
  duration_ms: 1760.466792
  ...
# Subtest: immediate: real recovery clears only that player's continuous intent before later substeps
ok 121 - immediate: real recovery clears only that player's continuous intent before later substeps
  ---
  duration_ms: 1936.634042
  ...
# Subtest: grid-center: actual Pause retains two different requested turns and explicit Resume continues both
ok 122 - grid-center: actual Pause retains two different requested turns and explicit Resume continues both
  ---
  duration_ms: 1832.228208
  ...
# Subtest: grid-center: real recovery clears only that player's continuous intent before later substeps
ok 123 - grid-center: real recovery clears only that player's continuous intent before later substeps
  ---
  duration_ms: 1843.460625
  ...
# Subtest: timeout draw keeps series at zero and needs a fresh explicit Next gesture
ok 124 - timeout draw keeps series at zero and needs a fresh explicit Next gesture
  ---
  duration_ms: 2504.000667
  ...
# Subtest: immediate, keyboard: real cut closure stops only its player across substeps and held input
ok 125 - immediate, keyboard: real cut closure stops only its player across substeps and held input
  ---
  duration_ms: 3026.230334
  ...
# Subtest: immediate, controller: real cut closure stops only its player across substeps and held input
ok 126 - immediate, controller: real cut closure stops only its player across substeps and held input
  ---
  duration_ms: 2895.039667
  ...
# Subtest: grid-center, keyboard: real cut closure stops only its player across substeps and held input
ok 127 - grid-center, keyboard: real cut closure stops only its player across substeps and held input
  ---
  duration_ms: 3020.953291
  ...
# Subtest: grid-center, controller: real cut closure stops only its player across substeps and held input
ok 128 - grid-center, controller: real cut closure stops only its player across substeps and held input
  ---
  duration_ms: 3500.323375
  ...
# Subtest: Versus keyboard Enter ends paused Help once without resuming
ok 129 - Versus keyboard Enter ends paused Help once without resuming
  ---
  duration_ms: 2724.258708
  ...
# Subtest: Versus keyboard Space ends paused Help once without resuming
ok 130 - Versus keyboard Space ends paused Help once without resuming
  ---
  duration_ms: 2666.371083
  ...
# Subtest: Versus keyboard Escape ends paused Help once without resuming
ok 131 - Versus keyboard Escape ends paused Help once without resuming
  ---
  duration_ms: 2424.987125
  ...
# Subtest: Versus pointer and touch Done are stable end-only controls in lobby and pause
ok 132 - Versus pointer and touch Done are stable end-only controls in lobby and pause
  ---
  duration_ms: 2167.851083
  ...
# Subtest: Versus native content scrolling retains Done and the same paused attempt
ok 133 - Versus native content scrolling retains Done and the same paused attempt
  ---
  duration_ms: 2462.968334
  ...
# Subtest: Versus opted-in resize reveals the current reading unit without moving focus or resuming
ok 134 - Versus opted-in resize reveals the current reading unit without moving focus or resuming
  ---
  duration_ms: 2003.365792
  ...
# Subtest: Versus fresh input changes reading copy while an idle pad preserves keyboard ownership
ok 135 - Versus fresh input changes reading copy while an idle pad preserves keyboard ownership
  ---
  duration_ms: 2144.433
  ...
# Subtest: Versus Help closure invalidates Done and terminal teardown removes reader listeners
ok 136 - Versus Help closure invalidates Done and terminal teardown removes reader listeners
  ---
  duration_ms: 1602.935792
  ...
# Subtest: Team keyboard Enter ends paused Help once without resuming
ok 137 - Team keyboard Enter ends paused Help once without resuming
  ---
  duration_ms: 621.014042
  ...
# Subtest: Team keyboard Space ends paused Help once without resuming
ok 138 - Team keyboard Space ends paused Help once without resuming
  ---
  duration_ms: 588.447208
  ...
# Subtest: Team keyboard Escape ends paused Help once without resuming
ok 139 - Team keyboard Escape ends paused Help once without resuming
  ---
  duration_ms: 580.084458
  ...
# Subtest: Team pointer and touch Done are stable end-only controls in lobby and pause
ok 140 - Team pointer and touch Done are stable end-only controls in lobby and pause
  ---
  duration_ms: 566.516958
  ...
# Subtest: Team native content scrolling retains Done and the same paused attempt
ok 141 - Team native content scrolling retains Done and the same paused attempt
  ---
  duration_ms: 336.289375
  ...
# Subtest: Team opted-in resize reveals the current reading unit without moving focus or resuming
ok 142 - Team opted-in resize reveals the current reading unit without moving focus or resuming
  ---
  duration_ms: 299.826417
  ...
# Subtest: Team fresh input changes reading copy while an idle pad preserves keyboard ownership
ok 143 - Team fresh input changes reading copy while an idle pad preserves keyboard ownership
  ---
  duration_ms: 60.055666
  ...
# Subtest: Team Help closure invalidates Done and terminal teardown removes reader listeners
ok 144 - Team Help closure invalidates Done and terminal teardown removes reader listeners
  ---
  duration_ms: 37.996333
  ...
# Subtest: resize reveals current Ready Start beyond the left edge without activating it
ok 145 - resize reveals current Ready Start beyond the left edge without activating it
  ---
  duration_ms: 1709.753834
  ...
# Subtest: resize reveals current Ready Start beyond the top edge without activating it
ok 146 - resize reveals current Ready Start beyond the top edge without activating it
  ---
  duration_ms: 1660.521458
  ...
# Subtest: resize reveals current Ready Start beyond the right edge without activating it
ok 147 - resize reveals current Ready Start beyond the right edge without activating it
  ---
  duration_ms: 1602.881375
  ...
# Subtest: resize reveals current Ready Start beyond the bottom edge without activating it
ok 148 - resize reveals current Ready Start beyond the bottom edge without activating it
  ---
  duration_ms: 1525.27325
  ...
# Subtest: resize cannot reveal an action that is disabled
ok 149 - resize cannot reveal an action that is disabled
  ---
  duration_ms: 1594.196417
  ...
# Subtest: resize cannot reveal an action that is hidden-ancestor
ok 150 - resize cannot reveal an action that is hidden-ancestor
  ---
  duration_ms: 1470.93425
  ...
# Subtest: resize cannot reveal an action that is inert-ancestor
ok 151 - resize cannot reveal an action that is inert-ancestor
  ---
  duration_ms: 1461.219208
  ...
# Subtest: resize cannot reveal an action that is aria-hidden-ancestor
ok 152 - resize cannot reveal an action that is aria-hidden-ancestor
  ---
  duration_ms: 1519.186292
  ...
# Subtest: resize cannot reveal an action that is invisible
ok 153 - resize cannot reveal an action that is invisible
  ---
  duration_ms: 1443.707417
  ...
# Subtest: resize cannot reveal an action that is foreign-root
ok 154 - resize cannot reveal an action that is foreign-root
  ---
  duration_ms: 1434.051042
  ...
# Subtest: resize cannot reveal an action that is background
ok 155 - resize cannot reveal an action that is background
  ---
  duration_ms: 1437.766667
  ...
# Subtest: resize cannot reveal an action that is hidden-document
ok 156 - resize cannot reveal an action that is hidden-document
  ---
  duration_ms: 1464.065709
  ...
# Subtest: geometry publication cannot reveal the old action after other-focus
ok 157 - geometry publication cannot reveal the old action after other-focus
  ---
  duration_ms: 1540.970708
  ...
# Subtest: geometry publication cannot reveal the old action after new-screen
ok 158 - geometry publication cannot reveal the old action after new-screen
  ---
  duration_ms: 1496.074667
  ...
# Subtest: geometry publication cannot reveal the old action after background
ok 159 - geometry publication cannot reveal the old action after background
  ---
  duration_ms: 1565.740542
  ...
# Subtest: resize ignores descendant events, invalid dimensions and recursive delivery
ok 160 - resize ignores descendant events, invalid dimensions and recursive delivery
  ---
  duration_ms: 1532.690709
  ...
# Subtest: the final style read cannot authorize a scroll after foreground loss
ok 161 - the final style read cannot authorize a scroll after foreground loss
  ---
  duration_ms: 1587.45875
  ...
# Subtest: resize reveals paused Resume while preserving a real started cut and live canvas ownership
ok 162 - resize reveals paused Resume while preserving a real started cut and live canvas ownership
  ---
  duration_ms: 1648.271625
  ...
# Subtest: resize reveals a real finished round action without replacing either run or result
ok 163 - resize reveals a real finished round action without replacing either run or result
  ---
  duration_ms: 1770.058083
  ...
# Subtest: resize stores no future focus intent and terminal disposal removes its listener
ok 164 - resize stores no future focus intent and terminal disposal removes its listener
  ---
  duration_ms: 1970.609166
  ...
# Subtest: Couch return reveal cannot outlive a focus callback's other-focus
ok 165 - Couch return reveal cannot outlive a focus callback's other-focus
  ---
  duration_ms: 1844.158625
  ...
# Subtest: Couch return reveal cannot outlive a focus callback's new-screen
ok 166 - Couch return reveal cannot outlive a focus callback's new-screen
  ---
  duration_ms: 1660.667375
  ...
# Subtest: Couch return reveal cannot outlive a focus callback's background
ok 167 - Couch return reveal cannot outlive a focus callback's background
  ---
  duration_ms: 1669.6335
  ...
# Subtest: Couch return reveal cannot outlive a focus callback's hidden
ok 168 - Couch return reveal cannot outlive a focus callback's hidden
  ---
  duration_ms: 1772.0285
  ...
# Subtest: Couch return reveal cannot outlive a focus callback's destroyed
ok 169 - Couch return reveal cannot outlive a focus callback's destroyed
  ---
  duration_ms: 1635.195792
  ...
# Subtest: Couch return reveal cannot outlive a focus callback's detached
ok 170 - Couch return reveal cannot outlive a focus callback's detached
  ---
  duration_ms: 1866.286
  ...
# Subtest: Couch main Back reveals the same already-focused action without activating it
ok 171 - Couch main Back reveals the same already-focused action without activating it
  ---
  duration_ms: 1672.697125
  ...
# Subtest: lobby, setup and children use reachable native controls and Back restores the actual opener
ok 172 - lobby, setup and children use reachable native controls and Back restores the actual opener
  ---
  duration_ms: 1739.713167
  ...
# Subtest: an embedded Couch route stays loading until its actual setup is prepared
ok 173 - an embedded Couch route stays loading until its actual setup is prepared
  ---
  duration_ms: 1673.916875
  ...
# Subtest: pause children and cancelled new match preserve two different continuations; reset is explicit
ok 174 - pause children and cancelled new match preserve two different continuations; reset is explicit
  ---
  duration_ms: 1839.657291
  ...
# Subtest: per-seat Auto expands on touch and defers collapse until pause without changing movement
ok 175 - per-seat Auto expands on touch and defers collapse until pause without changing movement
  ---
  duration_ms: 1689.379959
  ...
# Subtest: Always supports independent pointer players; Off wins over coarse and later touch
ok 176 - Always supports independent pointer players; Off wins over coarse and later touch
  ---
  duration_ms: 1778.032833
  ...
# Subtest: authored Arcade removes equipment controls and hints; Tactical reflects the equipped recipe
ok 177 - authored Arcade removes equipment controls and hints; Tactical reflects the equipped recipe
  ---
  duration_ms: 1922.697083
  ...
# Subtest: controller setup/help and repeated keyboard Confirm cannot leak through the flight boundary
ok 178 - controller setup/help and repeated keyboard Confirm cannot leak through the flight boundary
  ---
  duration_ms: 1875.70975
  ...
# Subtest: markup keeps touch crosses outside both arenas and uses separate screen roots
ok 179 - markup keeps touch crosses outside both arenas and uses separate screen roots
  ---
  duration_ms: 1.091625
  ...
# Subtest: controller can read and scroll Help without starting; Back exits reading then the child
ok 180 - controller can read and scroll Help without starting; Back exits reading then the child
  ---
  duration_ms: 1761.372792
  ...
# Subtest: a real finished draw exposes both frozen boards, Results returns without a new round
ok 181 - a real finished draw exposes both frozen boards, Results returns without a new round
  ---
  duration_ms: 1926.163125
  ...
# Subtest: an old held controller cannot reclaim a seat from accepted touch across pause and resume
ok 182 - an old held controller cannot reclaim a seat from accepted touch across pause and resume
  ---
  duration_ms: 1707.430458
  ...
# Subtest: blocked pad input and held keyboard repeats never replace newer touch modality
ok 183 - blocked pad input and held keyboard repeats never replace newer touch modality
  ---
  duration_ms: 1787.799292
  ...
# Subtest: accepted-input observer is optional and observer failures cannot reject or replay commands
ok 184 - accepted-input observer is optional and observer failures cannot reject or replay commands
  ---
  duration_ms: 2.176833
  ...
# Subtest: actual Versus signal-01 shares one exact approved picture and fit through Start and paused continuation
ok 185 - actual Versus signal-01 shares one exact approved picture and fit through Start and paused continuation
  ---
  duration_ms: 223.207333
  ...
# Subtest: actual Versus orchard-crossing shares one exact approved picture and fit through Start and paused continuation
ok 186 - actual Versus orchard-crossing shares one exact approved picture and fit through Start and paused continuation
  ---
  duration_ms: 1885.048459
  ...
# Subtest: required decode failure blocks Start; Retry retains the same attempt and chosen original
ok 187 - required decode failure blocks Start; Retry retains the same attempt and chosen original
  ---
  duration_ms: 93.975458
  ...
# Subtest: pending Retry owns Cancel and respects ready
ok 188 - pending Retry owns Cancel and respects ready
  ---
  duration_ms: 85.245042
  ...
# Subtest: pending Retry owns Cancel and respects error
ok 189 - pending Retry owns Cancel and respects error
  ---
  duration_ms: 81.64825
  ...
# Subtest: pending Retry owns Cancel and respects deliberate focus
ok 190 - pending Retry owns Cancel and respects deliberate focus
  ---
  duration_ms: 80.263417
  ...
# Subtest: pending Retry owns Cancel and respects background return
ok 191 - pending Retry owns Cancel and respects background return
  ---
  duration_ms: 84.951125
  ...
# Subtest: pending Retry owns Cancel and respects scope return
ok 192 - pending Retry owns Cancel and respects scope return
  ---
  duration_ms: 79.629584
  ...
# Subtest: interrupted async Next stays ready after blur and return until a fresh Start
ok 193 - interrupted async Next stays ready after blur and return until a fresh Start
  ---
  duration_ms: 860.34225
  ...
# Next picture preparation failed. Error: Injected complete image decode refusal.
#     at Image.decode (file:///Users/oleksandr.mekhovov/work/my_projects/go_test/.cache/worktrees/p08-versus-footprint/game/test/couch-static-picture-host.test.mjs:77:15)
#     at async image.onload (file:///Users/oleksandr.mekhovov/work/my_projects/go_test/.cache/worktrees/p08-versus-footprint/game/couch/couch-static-pictures.mjs:165:11)
# Subtest: failed Next retains the completed round and its displayed original
ok 194 - failed Next retains the completed round and its displayed original
  ---
  duration_ms: 702.118333
  ...
# Subtest: whole optional snapshot failure retains explicit authored fallback with a visible notice
ok 195 - whole optional snapshot failure retains explicit authored fallback with a visible notice
  ---
  duration_ms: 1900.752584
  ...
# Subtest: Back cancels a pending required picture and late completion cannot resume or replace the accepted attempt
ok 196 - Back cancels a pending required picture and late completion cannot resume or replace the accepted attempt
  ---
  duration_ms: 98.903125
  ...
# Subtest: page disposal releases the owned picture URL once and preserves the original bytes
ok 197 - page disposal releases the owned picture URL once and preserves the original bytes
  ---
  duration_ms: 66.249791
  ...
# Subtest: initial required-picture loading leaves the actual lobby Cancel keyboard reachable
ok 198 - initial required-picture loading leaves the actual lobby Cancel keyboard reachable
  ---
  duration_ms: 59.3535
  ...
# Subtest: combined ready focus after a required picture respects untouched
ok 199 - combined ready focus after a required picture respects untouched
  ---
  duration_ms: 62.608875
  ...
# Subtest: combined ready focus after a required picture respects deliberate mode link
ok 200 - combined ready focus after a required picture respects deliberate mode link
  ---
  duration_ms: 62.253959
  ...
# Subtest: combined ready focus after a required picture respects blur and return
ok 201 - combined ready focus after a required picture respects blur and return
  ---
  duration_ms: 75.643542
  ...
# Subtest: combined ready focus after a required picture respects decode failure
ok 202 - combined ready focus after a required picture respects decode failure
  ---
  duration_ms: 61.120334
  ...
# Subtest: failed Next original read keeps Results and keyboard View, then retry adopts one new round
ok 203 - failed Next original read keeps Results and keyboard View, then retry adopts one new round
  ---
  duration_ms: 758.863916
  ...
# Subtest: pending completed Next preserves Results through Cancel
ok 204 - pending completed Next preserves Results through Cancel
  ---
  duration_ms: 712.749833
  ...
# Subtest: pending completed Next preserves Results through Help
ok 205 - pending completed Next preserves Results through Help
  ---
  duration_ms: 736.383416
  ...
# Subtest: pending completed Next preserves Results through View
ok 206 - pending completed Next preserves Results through View
  ---
  duration_ms: 879.62075
  ...
# Subtest: pending completed Next preserves Results through Setup confirmation
ok 207 - pending completed Next preserves Results through Setup confirmation
  ---
  duration_ms: 716.843792
  ...
# Subtest: pending completed Next preserves Results through dispose
ok 208 - pending completed Next preserves Results through dispose
  ---
  duration_ms: 704.549167
  ...
# Subtest: successful Next retires its original only after the new duel and picture are published
ok 209 - successful Next retires its original only after the new duel and picture are published
  ---
  duration_ms: 732.950667
  ...
# Next picture preparation failed. Error: Injected complete image decode refusal.
#     at Image.decode (file:///Users/oleksandr.mekhovov/work/my_projects/go_test/.cache/worktrees/p08-versus-footprint/game/test/couch-static-picture-host.test.mjs:77:15)
#     at async image.onload (file:///Users/oleksandr.mekhovov/work/my_projects/go_test/.cache/worktrees/p08-versus-footprint/game/couch/couch-static-pictures.mjs:165:11)
# Subtest: completed match wins reset only when an explicitly retried Next commits
ok 210 - completed match wins reset only when an explicitly retried Next commits
  ---
  duration_ms: 2023.215291
  ...
# Subtest: pending Next respects a newer deliberate action focus when its picture completes
ok 211 - pending Next respects a newer deliberate action focus when its picture completes
  ---
  duration_ms: 729.904916
  ...
# Subtest: Next restoration cannot revive its intent after a queued newer focus choice returns to BODY
ok 212 - Next restoration cannot revive its intent after a queued newer focus choice returns to BODY
  ---
  duration_ms: 708.503583
  ...
# Subtest: confirmed new setup owns a fresh race after a cancelled Next decoder settles late
ok 213 - confirmed new setup owns a fresh race after a cancelled Next decoder settles late
  ---
  duration_ms: 791.40625
  ...
# Subtest: muted music and completed Results survive Next cancel, Help reading and a fresh retry
ok 214 - muted music and completed Results survive Next cancel, Help reading and a fresh retry
  ---
  duration_ms: 1134.615708
  ...
# Subtest: muted music and completed Results survive Next decode refusal, Help reading and a fresh retry
ok 215 - muted music and completed Results survive Next decode refusal, Help reading and a fresh retry
  ---
  duration_ms: 1317.271
  ...
# Subtest: immediate: shared display edits preserve the actual paused Solo cut and replay
ok 216 - immediate: shared display edits preserve the actual paused Solo cut and replay
  ---
  duration_ms: 1594.968375
  ...
# Subtest: grid-center: shared display edits preserve the actual paused Solo cut and replay
ok 217 - grid-center: shared display edits preserve the actual paused Solo cut and replay
  ---
  duration_ms: 1342.022583
  ...
# Subtest: Solo to Team to Versus and back restores one display record without Couch profile writes
    # Subtest: Solo explicitly opts into the shared record
    ok 1 - Solo explicitly opts into the shared record
      ---
      duration_ms: 385.350042
      ...
    # Subtest: Team adopts and edits from its real paused Options
    ok 2 - Team adopts and edits from its real paused Options
      ---
      duration_ms: 326.277833
      ...
    # Subtest: Versus adopts, exposes controls to keyboard and changes only display state
    ok 3 - Versus adopts, exposes controls to keyboard and changes only display state
      ---
      duration_ms: 2080.073333
      ...
    # Subtest: fresh Solo prefers the shared record over its older profile
    ok 4 - fresh Solo prefers the shared record over its older profile
      ---
      duration_ms: 444.445667
      ...
    1..4
ok 218 - Solo to Team to Versus and back restores one display record without Couch profile writes
  ---
  duration_ms: 3238.31475
  ...
# Subtest: Team system reduction preserves a raw false choice and a denied shared save stays session-only
ok 219 - Team system reduction preserves a raw false choice and a denied shared save stays session-only
  ---
  duration_ms: 35.20425
  ...
# Subtest: Versus controller selects the real display control without replacing or starting the duel
ok 220 - Versus controller selects the real display control without replacing or starting the duel
  ---
  duration_ms: 1998.282166
  ...
# Subtest: solo matching classes uses seven current starter bodies while manual old/new choices remain deliberate
ok 221 - solo matching classes uses seven current starter bodies while manual old/new choices remain deliberate
  ---
  duration_ms: 1526.475709
  ...
# Subtest: explicit new saved appearance and suspended checkpoint survive normal host reload and Load
    # Subtest: save an unfinished flight using the selected new body
    ok 1 - save an unfinished flight using the selected new body
      ---
      duration_ms: 679.558667
      ...
    # Subtest: reload keeps that body and loads the exact saved checkpoint while paused
    ok 2 - reload keeps that body and loads the exact saved checkpoint while paused
      ---
      duration_ms: 538.11425
      ...
    1..2
ok 222 - explicit new saved appearance and suspended checkpoint survive normal host reload and Load
  ---
  duration_ms: 1218.688667
  ...
# Subtest: custom FPV class mapping and unknown explicit appearance keep existing host fallbacks
    # Subtest: one authored class change disables the entire current recommendation guard
    ok 1 - one authored class change disables the entire current recommendation guard
      ---
      duration_ms: 545.931458
      ...
    # Subtest: a future body ID remains readable as data and displays the existing neutral fallback
    ok 2 - a future body ID remains readable as data and displays the existing neutral fallback
      ---
      duration_ms: 303.173083
      ...
    # Subtest: an unearned registered appearance keeps the default without rewriting its stored ID
    ok 3 - an unearned registered appearance keeps the default without rewriting its stored ID
      ---
      duration_ms: 274.176875
      ...
    1..3
ok 223 - custom FPV class mapping and unknown explicit appearance keep existing host fallbacks
  ---
  duration_ms: 1123.893667
  ...
# Subtest: actual Couch recommendation switches both independent painters without touching match physics or profile
ok 224 - actual Couch recommendation switches both independent painters without touching match physics or profile
  ---
  duration_ms: 1966.300916
  ...
# Subtest: immediate: menu edits preserve the actual paused Solo cut, saved slot and replay
ok 225 - immediate: menu edits preserve the actual paused Solo cut, saved slot and replay
  ---
  duration_ms: 1340.939208
  ...
# Subtest: grid-center: menu edits preserve the actual paused Solo cut, saved slot and replay
ok 226 - grid-center: menu edits preserve the actual paused Solo cut, saved slot and replay
  ---
  duration_ms: 1251.055625
  ...
# Subtest: one separate menu record survives Solo, Team, Versus and Solo return without altering display or progress
    # Subtest: Solo opts into Ukrainian rich menus from the real Settings
    ok 1 - Solo opts into Ukrainian rich menus from the real Settings
      ---
      duration_ms: 375.761958
      ...
    # Subtest: Team changes menu styling from paused Options without changing a single painter command
    ok 2 - Team changes menu styling from paused Options without changing a single painter command
      ---
      duration_ms: 279.215708
      ...
    # Subtest: Versus Settings opens Appearance category, paused checkpoint and exact Back opener
    ok 3 - Versus Settings opens Appearance category, paused checkpoint and exact Back opener
      ---
      duration_ms: 2166.864542
      ...
    # Subtest: fresh Solo adopts without an implicit save or start
    ok 4 - fresh Solo adopts without an implicit save or start
      ---
      duration_ms: 427.462708
      ...
    1..4
ok 227 - one separate menu record survives Solo, Team, Versus and Solo return without altering display or progress
  ---
  duration_ms: 3250.465
  ...
# Subtest: controller editing the new native selectors changes only menu style and preserves Ready
ok 228 - controller editing the new native selectors changes only menu style and preserves Ready
  ---
  duration_ms: 1894.766375
  ...
# Subtest: denied menu saving leaves Team local choice usable and does not replace the existing shared record
ok 229 - denied menu saving leaves Team local choice usable and does not replace the existing shared record
  ---
  duration_ms: 35.839417
  ...
# Subtest: a real host storage notification updates menus without moving focus, resuming or accepting stale records
ok 230 - a real host storage notification updates menus without moving focus, resuming or accepting stale records
  ---
  duration_ms: 2207.795625
  ...
# Subtest: actual Title Missions → team → Back restores exact menu without adoption
    # Subtest: depart through the real explicit controls
    ok 1 - depart through the real explicit controls
      ---
      duration_ms: 1446.250375
      ...
    # Subtest: receiving Solo opens exact Missions focus, with no flight resume
    ok 2 - receiving Solo opens exact Missions focus, with no flight resume
      ---
      duration_ms: 1037.690791
      ...
    # Subtest: the same return query is consumed, not replayed
    ok 3 - the same return query is consumed, not replayed
      ---
      duration_ms: 482.487875
      ...
    1..3
ok 231 - actual Title Missions → team → Back restores exact menu without adoption
  ---
  duration_ms: 2968.584958
  ...
# Subtest: actual paused cut Missions → team → Back restores exact menu without adoption
    # Subtest: depart through the real explicit controls
    ok 1 - depart through the real explicit controls
      ---
      duration_ms: 1647.957917
      ...
    # Subtest: receiving Solo opens exact Missions focus, with no flight resume
    ok 2 - receiving Solo opens exact Missions focus, with no flight resume
      ---
      duration_ms: 856.019583
      ...
    # Subtest: the same return query is consumed, not replayed
    ok 3 - the same return query is consumed, not replayed
      ---
      duration_ms: 370.260083
      ...
    1..3
ok 232 - actual paused cut Missions → team → Back restores exact menu without adoption
  ---
  duration_ms: 2874.83925
  ...
# Subtest: failed checked save stays paused; explicit Leave warns of loss and never overwrites a newer save
    # Subtest: preserve an externally changed slot through Leave and pagehide
    ok 1 - preserve an externally changed slot through Leave and pagehide
      ---
      duration_ms: 1891.011042
      ...
    1..1
ok 233 - failed checked save stays paused; explicit Leave warns of loss and never overwrites a newer save
  ---
  duration_ms: 1891.343875
  ...
# Subtest: storage failure after a successful check requires another deliberate Leave with truthful warning
ok 234 - storage failure after a successful check requires another deliberate Leave with truthful warning
  ---
  duration_ms: 1288.565375
  ...
# Subtest: unavailable return storage preserves ready title with an explicit fixed fallback
    # Subtest: choose the warned fallback deliberately
    ok 1 - choose the warned fallback deliberately
      ---
      duration_ms: 863.475458
      ...
    1..1
ok 235 - unavailable return storage preserves ready title with an explicit fixed fallback
  ---
  duration_ms: 863.730833
  ...
# Subtest: unavailable return storage preserves verified flight with an explicit fixed fallback
    # Subtest: choose the warned fallback deliberately
    ok 1 - choose the warned fallback deliberately
      ---
      duration_ms: 1888.813167
      ...
    1..1
ok 236 - unavailable return storage preserves verified flight with an explicit fixed fallback
  ---
  duration_ms: 1889.014917
  ...
# Subtest: Stay cancels a pending verified-save wait and late completion cannot navigate or write
ok 237 - Stay cancels a pending verified-save wait and late completion cannot navigate or write
  ---
  duration_ms: 1719.453041
  ...
# Subtest: return with incompatible source falls back to visible Title without changing stored authority
    # Subtest: capture the installed menu identity
    ok 1 - capture the installed menu identity
      ---
      duration_ms: 378.780833
      ...
    # Subtest: reject stale context at the real receiving host
    ok 2 - reject stale context at the real receiving host
      ---
      duration_ms: 368.716542
      ...
    1..2
ok 238 - return with incompatible source falls back to visible Title without changing stored authority
  ---
  duration_ms: 747.816458
  ...
# Subtest: return with incompatible selection falls back to visible Title without changing stored authority
    # Subtest: capture the installed menu identity
    ok 1 - capture the installed menu identity
      ---
      duration_ms: 448.917292
      ...
    # Subtest: reject stale context at the real receiving host
    ok 2 - reject stale context at the real receiving host
      ---
      duration_ms: 378.291167
      ...
    1..2
ok 239 - return with incompatible selection falls back to visible Title without changing stored authority
  ---
  duration_ms: 827.542042
  ...
# Subtest: checked save quota failure never claims durable storage or navigates silently
ok 240 - checked save quota failure never claims durable storage or navigates silently
  ---
  duration_ms: 1617.924666
  ...
# Subtest: checked save readback failure never claims durable storage or navigates silently
ok 241 - checked save readback failure never claims durable storage or navigates silently
  ---
  duration_ms: 1812.164042
  ...
# Subtest: a newer slot after helper readback cannot become this departure’s saved authority
ok 242 - a newer slot after helper readback cannot become this departure’s saved authority
  ---
  duration_ms: 1196.978667
  ...
# Subtest: pending theme preparation cannot depart with a stale visible selection
ok 243 - pending theme preparation cannot depart with a stale visible selection
  ---
  duration_ms: 505.346583
  ...
# Subtest: team: blur retires a pending save decision before late locks can write or navigate
ok 244 - team: blur retires a pending save decision before late locks can write or navigate
  ---
  duration_ms: 1778.744084
  ...
# Subtest: team: hidden retires a pending save decision before late locks can write or navigate
ok 245 - team: hidden retires a pending save decision before late locks can write or navigate
  ---
  duration_ms: 1835.027625
  ...
# Subtest: team: pagehide retires a pending save decision before late locks can write or navigate
ok 246 - team: pagehide retires a pending save decision before late locks can write or navigate
  ---
  duration_ms: 1741.180125
  ...
# Subtest: team: foreground lost during hint write cannot navigate or leave a reusable owned hint
ok 247 - team: foreground lost during hint write cannot navigate or leave a reusable owned hint
  ---
  duration_ms: 396.498875
  ...
# Subtest: team: Stay returns to the actual initiating link and other mode cannot steal its pending decision
ok 248 - team: Stay returns to the actual initiating link and other mode cannot steal its pending decision
  ---
  duration_ms: 1691.425542
  ...
# Subtest: team: modified gestures remain native and do not write or pause the existing flight
ok 249 - team: modified gestures remain native and do not write or pause the existing flight
  ---
  duration_ms: 1836.178084
  ...
# Subtest: team: rejected native dialog opening releases its owner and keeps the flight paused
ok 250 - team: rejected native dialog opening releases its owner and keeps the flight paused
  ---
  duration_ms: 1657.034167
  ...
# Subtest: actual Title Missions → versus → Back restores exact menu without adoption
    # Subtest: depart through the real explicit controls
    ok 1 - depart through the real explicit controls
      ---
      duration_ms: 1008.834167
      ...
    # Subtest: actual Versus host returns through the fixed own link
    ok 2 - actual Versus host returns through the fixed own link
      ---
      duration_ms: 2241.677375
      ...
    # Subtest: receiving Solo opens exact Missions focus, with no flight resume
    ok 3 - receiving Solo opens exact Missions focus, with no flight resume
      ---
      duration_ms: 916.561209
      ...
    # Subtest: the same return query is consumed, not replayed
    ok 4 - the same return query is consumed, not replayed
      ---
      duration_ms: 381.725708
      ...
    1..4
ok 251 - actual Title Missions → versus → Back restores exact menu without adoption
  ---
  duration_ms: 4549.453458
  ...
# Subtest: actual paused cut Missions → versus → Back restores exact menu without adoption
    # Subtest: depart through the real explicit controls
    ok 1 - depart through the real explicit controls
      ---
      duration_ms: 1787.568333
      ...
    # Subtest: actual Versus host returns through the fixed own link
    ok 2 - actual Versus host returns through the fixed own link
      ---
      duration_ms: 1806.265042
      ...
    # Subtest: receiving Solo opens exact Missions focus, with no flight resume
    ok 3 - receiving Solo opens exact Missions focus, with no flight resume
      ---
      duration_ms: 912.400167
      ...
    # Subtest: the same return query is consumed, not replayed
    ok 4 - the same return query is consumed, not replayed
      ---
      duration_ms: 361.390125
      ...
    1..4
ok 252 - actual paused cut Missions → versus → Back restores exact menu without adoption
  ---
  duration_ms: 4868.315416
  ...
# Subtest: failed checked save stays paused; explicit Leave warns of loss and never overwrites a newer save
    # Subtest: preserve an externally changed slot through Leave and pagehide
    ok 1 - preserve an externally changed slot through Leave and pagehide
      ---
      duration_ms: 1680.722583
      ...
    1..1
ok 253 - failed checked save stays paused; explicit Leave warns of loss and never overwrites a newer save
  ---
  duration_ms: 1680.8785
  ...
# Subtest: storage failure after a successful check requires another deliberate Leave with truthful warning
ok 254 - storage failure after a successful check requires another deliberate Leave with truthful warning
  ---
  duration_ms: 1094.443542
  ...
# Subtest: unavailable return storage preserves ready title with an explicit fixed fallback
    # Subtest: choose the warned fallback deliberately
    ok 1 - choose the warned fallback deliberately
      ---
      duration_ms: 822.493917
      ...
    1..1
ok 255 - unavailable return storage preserves ready title with an explicit fixed fallback
  ---
  duration_ms: 822.700209
  ...
# Subtest: unavailable return storage preserves verified flight with an explicit fixed fallback
    # Subtest: choose the warned fallback deliberately
    ok 1 - choose the warned fallback deliberately
      ---
      duration_ms: 1511.500166
      ...
    1..1
ok 256 - unavailable return storage preserves verified flight with an explicit fixed fallback
  ---
  duration_ms: 1511.810209
  ...
# Subtest: Stay cancels a pending verified-save wait and late completion cannot navigate or write
ok 257 - Stay cancels a pending verified-save wait and late completion cannot navigate or write
  ---
  duration_ms: 1664.338375
  ...
# Subtest: return with incompatible source falls back to visible Title without changing stored authority
    # Subtest: capture the installed menu identity
    ok 1 - capture the installed menu identity
      ---
      duration_ms: 343.203333
      ...
    # Subtest: reject stale context at the real receiving host
    ok 2 - reject stale context at the real receiving host
      ---
      duration_ms: 345.307792
      ...
    1..2
ok 258 - return with incompatible source falls back to visible Title without changing stored authority
  ---
  duration_ms: 689.157
  ...
# Subtest: return with incompatible selection falls back to visible Title without changing stored authority
    # Subtest: capture the installed menu identity
    ok 1 - capture the installed menu identity
      ---
      duration_ms: 346.890041
      ...
    # Subtest: reject stale context at the real receiving host
    ok 2 - reject stale context at the real receiving host
      ---
      duration_ms: 349.510166
      ...
    1..2
ok 259 - return with incompatible selection falls back to visible Title without changing stored authority
  ---
  duration_ms: 696.634458
  ...
# Subtest: checked save quota failure never claims durable storage or navigates silently
ok 260 - checked save quota failure never claims durable storage or navigates silently
  ---
  duration_ms: 1548.506875
  ...
# Subtest: checked save readback failure never claims durable storage or navigates silently
ok 261 - checked save readback failure never claims durable storage or navigates silently
  ---
  duration_ms: 1539.93375
  ...
# Subtest: a newer slot after helper readback cannot become this departure’s saved authority
ok 262 - a newer slot after helper readback cannot become this departure’s saved authority
  ---
  duration_ms: 1376.743791
  ...
# Subtest: pending theme preparation cannot depart with a stale visible selection
ok 263 - pending theme preparation cannot depart with a stale visible selection
  ---
  duration_ms: 477.000666
  ...
# Subtest: versus: blur retires a pending save decision before late locks can write or navigate
ok 264 - versus: blur retires a pending save decision before late locks can write or navigate
  ---
  duration_ms: 1554.557792
  ...
# Subtest: versus: hidden retires a pending save decision before late locks can write or navigate
ok 265 - versus: hidden retires a pending save decision before late locks can write or navigate
  ---
  duration_ms: 1521.68575
  ...
# Subtest: versus: pagehide retires a pending save decision before late locks can write or navigate
ok 266 - versus: pagehide retires a pending save decision before late locks can write or navigate
  ---
  duration_ms: 1660.832666
  ...
# Subtest: versus: foreground lost during hint write cannot navigate or leave a reusable owned hint
ok 267 - versus: foreground lost during hint write cannot navigate or leave a reusable owned hint
  ---
  duration_ms: 350.386834
  ...
# Subtest: versus: Stay returns to the actual initiating link and other mode cannot steal its pending decision
ok 268 - versus: Stay returns to the actual initiating link and other mode cannot steal its pending decision
  ---
  duration_ms: 1659.613292
  ...
# Subtest: versus: modified gestures remain native and do not write or pause the existing flight
ok 269 - versus: modified gestures remain native and do not write or pause the existing flight
  ---
  duration_ms: 1523.600875
  ...
# Subtest: versus: rejected native dialog opening releases its owner and keeps the flight paused
ok 270 - versus: rejected native dialog opening releases its owner and keeps the flight paused
  ---
  duration_ms: 1549.878042
  ...
# Subtest: Solo pageshow synchronously repairs stale form values even when saved preferences are unchanged
ok 271 - Solo pageshow synchronously repairs stale form values even when saved preferences are unchanged
  ---
  duration_ms: 944.644916
  ...
# Subtest: Solo the deferred pageshow task repairs form values restored after the event without writes
ok 272 - Solo the deferred pageshow task repairs form values restored after the event without writes
  ---
  duration_ms: 677.443917
  ...
# Subtest: Solo a newer explicit setting before deferred restoration keeps its current authority
ok 273 - Solo a newer explicit setting before deferred restoration keeps its current authority
  ---
  duration_ms: 749.124542
  ...
# Subtest: Solo terminal pagehide prevents a queued restoration or late pageshow from repainting
ok 274 - Solo terminal pagehide prevents a queued restoration or late pageshow from repainting
  ---
  duration_ms: 694.122583
  ...
# Subtest: Versus pageshow synchronously repairs stale form values even when saved preferences are unchanged
ok 275 - Versus pageshow synchronously repairs stale form values even when saved preferences are unchanged
  ---
  duration_ms: 2300.668209
  ...
# Subtest: Versus the deferred pageshow task repairs form values restored after the event without writes
ok 276 - Versus the deferred pageshow task repairs form values restored after the event without writes
  ---
  duration_ms: 1851.651583
  ...
# Subtest: Versus a newer explicit setting before deferred restoration keeps its current authority
ok 277 - Versus a newer explicit setting before deferred restoration keeps its current authority
  ---
  duration_ms: 1885.247875
  ...
# Subtest: Versus terminal pagehide prevents a queued restoration or late pageshow from repainting
ok 278 - Versus terminal pagehide prevents a queued restoration or late pageshow from repainting
  ---
  duration_ms: 1783.0125
  ...
# Subtest: Team pageshow synchronously repairs stale form values even when saved preferences are unchanged
ok 279 - Team pageshow synchronously repairs stale form values even when saved preferences are unchanged
  ---
  duration_ms: 159.697917
  ...
# Subtest: Team the deferred pageshow task repairs form values restored after the event without writes
ok 280 - Team the deferred pageshow task repairs form values restored after the event without writes
  ---
  duration_ms: 138.151333
  ...
# Subtest: Team a newer explicit setting before deferred restoration keeps its current authority
ok 281 - Team a newer explicit setting before deferred restoration keeps its current authority
  ---
  duration_ms: 133.493
  ...
# Subtest: Team terminal pagehide prevents a queued restoration or late pageshow from repainting
ok 282 - Team terminal pagehide prevents a queued restoration or late pageshow from repainting
  ---
  duration_ms: 99.039584
  ...
# Subtest: Versus Game data reveals its final hint layout after entry
ok 283 - Versus Game data reveals its final hint layout after entry
  ---
  duration_ms: 2134.510208
  ...
# Subtest: Versus Back during the final reading hint cannot reveal or refocus the retired reader
ok 284 - Versus Back during the final reading hint cannot reveal or refocus the retired reader
  ---
  duration_ms: 1858.438417
  ...
# Subtest: Versus disposal during the final reading hint cannot reveal or refocus the retired reader
ok 285 - Versus disposal during the final reading hint cannot reveal or refocus the retired reader
  ---
  duration_ms: 1612.060291
  ...
# Subtest: Versus Game data is keyboard reachable and PageDown/Home/End read complete copy before Back
ok 286 - Versus Game data is keyboard reachable and PageDown/Home/End read complete copy before Back
  ---
  duration_ms: 1916.387
  ...
# Subtest: Versus controller enters Game data, scrolls and exits without resuming
ok 287 - Versus controller enters Game data, scrolls and exits without resuming
  ---
  duration_ms: 2010.080083
  ...
# Subtest: Versus category changes and Settings Back retire the reader and its Done action
ok 288 - Versus category changes and Settings Back retire the reader and its Done action
  ---
  duration_ms: 1779.284834
  ...
# Subtest: Versus touch scrolling and Done keep the complete copy and paused attempt
ok 289 - Versus touch scrolling and Done keep the complete copy and paused attempt
  ---
  duration_ms: 2069.821083
  ...
# Subtest: Team Game data reveals its final hint layout after entry
ok 290 - Team Game data reveals its final hint layout after entry
  ---
  duration_ms: 319.088542
  ...
# Subtest: Team Back during the final reading hint cannot reveal or refocus the retired reader
ok 291 - Team Back during the final reading hint cannot reveal or refocus the retired reader
  ---
  duration_ms: 289.929875
  ...
# Subtest: Team disposal during the final reading hint cannot reveal or refocus the retired reader
ok 292 - Team disposal during the final reading hint cannot reveal or refocus the retired reader
  ---
  duration_ms: 164.7185
  ...
# Subtest: Team Game data is keyboard reachable and PageDown/Home/End read complete copy before Back
ok 293 - Team Game data is keyboard reachable and PageDown/Home/End read complete copy before Back
  ---
  duration_ms: 288.364042
  ...
# Subtest: Team controller enters Game data, scrolls and exits without resuming
ok 294 - Team controller enters Game data, scrolls and exits without resuming
  ---
  duration_ms: 400.604667
  ...
# Subtest: Team category changes and Settings Back retire the reader and its Done action
ok 295 - Team category changes and Settings Back retire the reader and its Done action
  ---
  duration_ms: 278.825791
  ...
# Subtest: Team touch scrolling and Done keep the complete copy and paused attempt
ok 296 - Team touch scrolling and Done keep the complete copy and paused attempt
  ---
  duration_ms: 284.914333
  ...
# Subtest: Versus Settings uses native categories, consumes tab keys once and returns to its opener
ok 297 - Versus Settings uses native categories, consumes tab keys once and returns to its opener
  ---
  duration_ms: 1564.206708
  ...
# Subtest: paused Versus keeps both runs and requires explicit Resume after appearance changes
ok 298 - paused Versus keeps both runs and requires explicit Resume after appearance changes
  ---
  duration_ms: 1638.21125
  ...
# Subtest: Versus quick sound shares the Settings master without starting or replacing a match
ok 299 - Versus quick sound shares the Settings master without starting or replacing a match
  ---
  duration_ms: 1468.593875
  ...
# Subtest: modeled controller selects Settings categories and Back preserves its Ready match
ok 300 - modeled controller selects Settings categories and Back preserves its Ready match
  ---
  duration_ms: 1690.241458
  ...
# Subtest: solo matching classes uses seven current starter bodies while manual old/new choices remain deliberate
ok 301 - solo matching classes uses seven current starter bodies while manual old/new choices remain deliberate
  ---
  duration_ms: 1168.562875
  ...
# Subtest: explicit new saved appearance and suspended checkpoint survive normal host reload and Load
    # Subtest: save an unfinished flight using the selected new body
    ok 1 - save an unfinished flight using the selected new body
      ---
      duration_ms: 574.54825
      ...
    # Subtest: reload keeps that body and loads the exact saved checkpoint while paused
    ok 2 - reload keeps that body and loads the exact saved checkpoint while paused
      ---
      duration_ms: 461.9765
      ...
    1..2
ok 302 - explicit new saved appearance and suspended checkpoint survive normal host reload and Load
  ---
  duration_ms: 1037.52625
  ...
# Subtest: custom Ukraine class mapping and unknown explicit appearance keep existing host fallbacks
    # Subtest: one authored class change disables the entire current recommendation guard
    ok 1 - one authored class change disables the entire current recommendation guard
      ---
      duration_ms: 332.6545
      ...
    # Subtest: a future body ID remains readable as data and displays the existing neutral fallback
    ok 2 - a future body ID remains readable as data and displays the existing neutral fallback
      ---
      duration_ms: 242.364417
      ...
    # Subtest: an unearned registered appearance keeps the default without rewriting its stored ID
    ok 3 - an unearned registered appearance keeps the default without rewriting its stored ID
      ---
      duration_ms: 239.919667
      ...
    1..3
ok 303 - custom Ukraine class mapping and unknown explicit appearance keep existing host fallbacks
  ---
  duration_ms: 815.469125
  ...
# Subtest: actual Couch recommendation switches both independent painters without touching match physics or profile
ok 304 - actual Couch recommendation switches both independent painters without touching match physics or profile
  ---
  duration_ms: 1693.185083
  ...
1..304
# tests 353
# suites 0
# pass 353
# fail 0
# cancelled 0
# skipped 0
# todo 0
# duration_ms 310386.538083
