TAP version 13
# Subtest: independent: mixed backup excludes a renamed restricted hash while preserving the permitted sibling and exact playlist
ok 1 - independent: mixed backup excludes a renamed restricted hash while preserving the permitted sibling and exact playlist
  ---
  duration_ms: 35.997333
  ...
# Subtest: independent: raw host authority is privately owned and unknown offline permission stays an honest importable reference
ok 2 - independent: raw host authority is privately owned and unknown offline permission stays an honest importable reference
  ---
  duration_ms: 11.72
  ...
# Subtest: independent: a real saved explicit online playlist with no originals cannot be silently converted into recovery references
ok 3 - independent: a real saved explicit online playlist with no originals cannot be silently converted into recovery references
  ---
  duration_ms: 11.277375
  ...
1..3
# tests 3
# suites 0
# pass 3
# fail 0
# cancelled 0
# skipped 0
# todo 0
# duration_ms 133.958875
