TAP version 13
# Subtest: fresh default and automatic genre preferences back up without downloading the shipped catalogue
ok 1 - fresh default and automatic genre preferences back up without downloading the shipped catalogue
  ---
  duration_ms: 240.172
  ...
# Subtest: installed originals survive projection and byte-exact roundtrip; missing bytes still fail
ok 2 - installed originals survive projection and byte-exact roundtrip; missing bytes still fail
  ---
  duration_ms: 7.796708
  ...
# Subtest: unselected custom playlist membership, duplicate order and assignments retain permitted originals
ok 3 - unselected custom playlist membership, duplicate order and assignments retain permitted originals
  ---
  duration_ms: 3.104791
  ...
# Subtest: an explicit built-in album selection keeps every adopted member
ok 4 - an explicit built-in album selection keeps every adopted member
  ---
  duration_ms: 36.070625
  ...
# Subtest: an explicit built-in album assignment keeps every adopted member
ok 5 - an explicit built-in album assignment keeps every adopted member
  ---
  duration_ms: 36.348166
  ...
# Subtest: explicit All Music is complete-required even when the entire hosted catalogue exceeds the budget
ok 6 - explicit All Music is complete-required even when the entire hosted catalogue exceeds the budget
  ---
  duration_ms: 57.726875
  ...
# Subtest: uploads remain mandatory even unreferenced or identical to an unused online pin
ok 7 - uploads remain mandatory even unreferenced or identical to an unused online pin
  ---
  duration_ms: 3.333167
  ...
# Subtest: edited and unknown catalogue pins stay present and retain their existing rights boundary
ok 8 - edited and unknown catalogue pins stay present and retain their existing rights boundary
  ---
  duration_ms: 1.961167
  ...
# Subtest: restricted references and invalid permitted reference markers remain at the strict import boundary
ok 9 - restricted references and invalid permitted reference markers remain at the strict import boundary
  ---
  duration_ms: 2.586833
  ...
# Subtest: legacy v1 and v2 keep complete-original recovery semantics and formats
ok 10 - legacy v1 and v2 keep complete-original recovery semantics and formats
  ---
  duration_ms: 3.510333
  ...
# Subtest: import and offline preparation reject a falsely omitted permitted catalogue original
ok 11 - import and offline preparation reject a falsely omitted permitted catalogue original
  ---
  duration_ms: 7.373791
  ...
# Subtest: import and offline preparation reject a falsely omitted permitted upload alias
ok 12 - import and offline preparation reject a falsely omitted permitted upload alias
  ---
  duration_ms: 1.45275
  ...
# Subtest: a reference imported without authority cannot bypass trusted validation through share merge or replace stored originals
ok 13 - a reference imported without authority cannot bypass trusted validation through share merge or replace stored originals
  ---
  duration_ms: 10.349083
  ...
# Subtest: unknown restricted upload references survive export/import without acquiring byte or network authority
ok 14 - unknown restricted upload references survive export/import without acquiring byte or network authority
  ---
  duration_ms: 14.80775
  ...
# Subtest: trusted matching hash authority can require bytes for a previously unknown reference
ok 15 - trusted matching hash authority can require bytes for a previously unknown reference
  ---
  duration_ms: 2.014
  ...
# Subtest: additive shares retain catalogue and renamed-upload references when offline storage is denied
ok 16 - additive shares retain catalogue and renamed-upload references when offline storage is denied
  ---
  duration_ms: 6.846542
  ...
# Subtest: additive shares retain catalogue and renamed-upload references when offline storage is unknown
ok 17 - additive shares retain catalogue and renamed-upload references when offline storage is unknown
  ---
  duration_ms: 9.042542
  ...
# Subtest: Installed only excludes restored aliases without bytes and recognizes the same original owned under another ID
ok 18 - Installed only excludes restored aliases without bytes and recognizes the same original owned under another ID
  ---
  duration_ms: 1.691083
  ...
# Subtest: catalogue v2 binds all policy fields to exact identity/hash and rejects unsafe metadata
ok 19 - catalogue v2 binds all policy fields to exact identity/hash and rejects unsafe metadata
  ---
  duration_ms: 3.560125
  ...
# Subtest: pins cannot grant permissions; trusted hash restrictions follow renamed personal uploads
ok 20 - pins cannot grant permissions; trusted hash restrictions follow renamed personal uploads
  ---
  duration_ms: 0.299042
  ...
# Subtest: v3 mixed recovery includes all permitted originals and explicit restricted references with exact playlist order
ok 21 - v3 mixed recovery includes all permitted originals and explicit restricted references with exact playlist order
  ---
  duration_ms: 10.52375
  ...
# Subtest: recovery preserves references when redistribution is allowed but offline storage is denied
ok 22 - recovery preserves references when redistribution is allowed but offline storage is denied
  ---
  duration_ms: 3.72575
  ...
# Subtest: recovery preserves references when redistribution is allowed but offline storage is unknown
ok 23 - recovery preserves references when redistribution is allowed but offline storage is unknown
  ---
  duration_ms: 2.671542
  ...
# Subtest: restricted upload aliases cannot leak the same bytes through recovery or selected shares
ok 24 - restricted upload aliases cannot leak the same bytes through recovery or selected shares
  ---
  duration_ms: 7.574083
  ...
# Subtest: source denies restricted export and unknown offline permission before reading bytes or making network requests
ok 25 - source denies restricted export and unknown offline permission before reading bytes or making network requests
  ---
  duration_ms: 16.2985
  ...
# Subtest: Recording mode requires verified gameplay-video rights and unregistered Content ID; ordinary listening remains independent
ok 26 - Recording mode requires verified gameplay-video rights and unregistered Content ID; ordinary listening remains independent
  ---
  duration_ms: 3.114792
  ...
# Subtest: automatic selection applies explicit energy preference after scene and theme; authored playlist order survives
ok 27 - automatic selection applies explicit energy preference after scene and theme; authored playlist order survives
  ---
  duration_ms: 4.091875
  ...
# Subtest: DB5 keeps v3 references atomic and rejects downgrade or stale writers
ok 28 - DB5 keeps v3 references atomic and rejects downgrade or stale writers
  ---
  duration_ms: 22.831875
  ...
# Subtest: full 256 catalogue + 123 uploads + 26 playlists stays within bounded metadata and 512-asset envelope
ok 29 - full 256 catalogue + 123 uploads + 26 playlists stays within bounded metadata and 512-asset envelope
  ---
  duration_ms: 258.892083
  ...
# Subtest: v3 preserves an uploaded original filename through title edits and bundle/share recovery
ok 30 - v3 preserves an uploaded original filename through title edits and bundle/share recovery
  ---
  duration_ms: 2.992542
  ...
# Subtest: v2 writers retain legacy genre choices and require v3 before writing expanded styles
ok 31 - v2 writers retain legacy genre choices and require v3 before writing expanded styles
  ---
  duration_ms: 2.024083
  ...
# Subtest: frozen DB5/v2 readers reject a v3 row without touching shared metadata or audio
ok 32 - frozen DB5/v2 readers reject a v3 row without touching shared metadata or audio
  ---
  duration_ms: 14.779375
  ...
# Subtest: an already-open frozen v2 audio writer cannot mutate any domain after concurrent v3 adoption
ok 33 - an already-open frozen v2 audio writer cannot mutate any domain after concurrent v3 adoption
  ---
  duration_ms: 10.617625
  ...
# Subtest: an already-open frozen v2 media writer cannot mutate any domain after concurrent v3 adoption
ok 34 - an already-open frozen v2 media writer cannot mutate any domain after concurrent v3 adoption
  ---
  duration_ms: 6.354709
  ...
# Subtest: an already-open frozen v2 story writer cannot mutate any domain after concurrent v3 adoption
ok 35 - an already-open frozen v2 story writer cannot mutate any domain after concurrent v3 adoption
  ---
  duration_ms: 8.514875
  ...
# Subtest: mixed soundtrack owns metadata, references existing synth recipes, and freezes output
ok 36 - mixed soundtrack owns metadata, references existing synth recipes, and freezes output
  ---
  duration_ms: 0.676625
  ...
# Subtest: owned immutable libraries can be reused while edited inputs are validated again
ok 37 - owned immutable libraries can be reused while edited inputs are validated again
  ---
  duration_ms: 0.439292
  ...
# Subtest: freezing or copying library metadata cannot bypass ownership and reference checks
ok 38 - freezing or copying library metadata cannot bypass ownership and reference checks
  ---
  duration_ms: 0.937417
  ...
# Subtest: model rejects accessors, coercion, missing fields, reserved identities and unresolved references
ok 39 - model rejects accessors, coercion, missing fields, reserved identities and unresolved references
  ---
  duration_ms: 0.565208
  ...
# Subtest: total track/playlist and entry limits include the immutable builtin collection
ok 40 - total track/playlist and entry limits include the immutable builtin collection
  ---
  duration_ms: 12.522042
  ...
# Subtest: duplicate hash metadata uses canonical fields and rejects actual conflicting facts
ok 41 - duplicate hash metadata uses canonical fields and rejects actual conflicting facts
  ---
  duration_ms: 0.308458
  ...
# Subtest: explicit selection wins over authored map, campaign, theme and global assignment
ok 42 - explicit selection wins over authored map, campaign, theme and global assignment
  ---
  duration_ms: 0.795041
  ...
# Subtest: presentation shuffle preserves duplicates, avoids a boundary repeat when possible, and rejects invalid randomness
ok 43 - presentation shuffle preserves duplicates, avoids a boundary repeat when possible, and rejects invalid randomness
  ---
  duration_ms: 0.579333
  ...
# Subtest: complete binary round trip preserves every raw MP3 byte and mixed playlist metadata
ok 44 - complete binary round trip preserves every raw MP3 byte and mixed playlist metadata
  ---
  duration_ms: 6.329417
  ...
# Subtest: two track records sharing one original transfer exactly one payload
ok 45 - two track records sharing one original transfer exactly one payload
  ---
  duration_ms: 2.5155
  ...
# Subtest: complete export/import fail on missing/extra/hash-corrupt media instead of producing partial backups
ok 46 - complete export/import fail on missing/extra/hash-corrupt media instead of producing partial backups
  ---
  duration_ms: 2.076333
  ...
# Subtest: bundle rejects truncated/trailing payload, invalid magic and manifest allocation abuse
ok 47 - bundle rejects truncated/trailing payload, invalid magic and manifest allocation abuse
  ---
  duration_ms: 0.993292
  ...
# Subtest: metadata and asset getters are never invoked and asynchronous caller edits cannot enter prepared import
ok 48 - metadata and asset getters are never invoked and asynchronous caller edits cannot enter prepared import
  ---
  duration_ms: 0.6445
  ...
# Subtest: media probe rejection, omitted environment probe, and cancellation cannot authorize an import
ok 49 - media probe rejection, omitted environment probe, and cancellation cannot authorize an import
  ---
  duration_ms: 2.564875
  ...
# Subtest: audio metadata validates provenance and frame-derived duration rather than trusting arbitrary imported duration
ok 50 - audio metadata validates provenance and frame-derived duration rather than trusting arbitrary imported duration
  ---
  duration_ms: 0.253458
  ...
# Subtest: five reserved genre playlists resolve each existing recipe through explicit selection
ok 51 - five reserved genre playlists resolve each existing recipe through explicit selection
  ---
  duration_ms: 0.247708
  ...
# Subtest: actual classic entry gives file-URL guidance before module/storage access
ok 52 - actual classic entry gives file-URL guidance before module/storage access
  ---
  duration_ms: 4.662625
  ...
# Subtest: actual authoring entry opens no DB until explicit activation and shares one real manager for audio and media
ok 53 - actual authoring entry opens no DB until explicit activation and shares one real manager for audio and media
  ---
  duration_ms: 116.42325
  ...
# Subtest: cold workshop Escape restores the invoker blurred by its disabled loading state
ok 54 - cold workshop Escape restores the invoker blurred by its disabled loading state
  ---
  duration_ms: 21.341375
  ...
# Subtest: closing a pending workshop read restores the invoker before settling and preserves later focus
ok 55 - closing a pending workshop read restores the invoker before settling and preserves later focus
  ---
  duration_ms: 12.508208
  ...
# Subtest: v1 MP3 bytes remain exact through shared v5 upgrade and explicit native backup preparation
ok 56 - v1 MP3 bytes remain exact through shared v5 upgrade and explicit native backup preparation
  ---
  duration_ms: 77.687541
  ...
# Subtest: actual host omits unused trusted online pins from an importable backup without fetching or changing storage
ok 57 - actual host omits unused trusted online pins from an importable backup without fetching or changing storage
  ---
  duration_ms: 78.11625
  ...
# Subtest: actual host preserves installed permitted originals and their metadata byte-for-byte
ok 58 - actual host preserves installed permitted originals and their metadata byte-for-byte
  ---
  duration_ms: 14.315833
  ...
# Subtest: actual host names restricted references before preparing and retains that notice through download
ok 59 - actual host names restricted references before preparing and retains that notice through download
  ---
  duration_ms: 10.435833
  ...
# Subtest: missing permitted music stops preparation visibly and discards the earlier prepared URL
ok 60 - missing permitted music stops preparation visibly and discards the earlier prepared URL
  ---
  duration_ms: 11.325375
  ...
# Subtest: closing pending audio recovery prevents late status, notices or download ownership
ok 61 - closing pending audio recovery prevents late status, notices or download ownership
  ---
  duration_ms: 9.13375
  ...
# Subtest: file URL and cancelled late source load do not open or upgrade media
ok 62 - file URL and cancelled late source load do not open or upgrade media
  ---
  duration_ms: 20.273375
  ...
# Subtest: rejected shared-store access remains visible and cannot become an empty media save
ok 63 - rejected shared-store access remains visible and cannot become an empty media save
  ---
  duration_ms: 11.572459
  ...
# Subtest: persisted pagehide cancels a pending first Open before it can create or upgrade a manager
ok 64 - persisted pagehide cancels a pending first Open before it can create or upgrade a manager
  ---
  duration_ms: 15.861667
  ...
# Subtest: existing host navigation owns Back and neutralizes native handoff; hidden page cancels the edit context
ok 65 - existing host navigation owns Back and neutralizes native handoff; hidden page cancels the edit context
  ---
  duration_ms: 22.190041
  ...
# Subtest: actual shared router prevents held Confirm across modal close and native pointer handoff
ok 66 - actual shared router prevents held Confirm across modal close and native pointer handoff
  ---
  duration_ms: 25.363792
  ...
# Subtest: opening announces the held catalogue read and Close fences its late failure
ok 67 - opening announces the held catalogue read and Close fences its late failure
  ---
  duration_ms: 9.103333
  ...
# Subtest: classic picture workshop exposes loading and Back before storage explanation
ok 68 - classic picture workshop exposes loading and Back before storage explanation
  ---
  duration_ms: 0.478209
  ...
# Subtest: successful in-dialog reload reconciles the failed host opening without moving focus or writing media
ok 69 - successful in-dialog reload reconciles the failed host opening without moving focus or writing media
  ---
  duration_ms: 14.313458
  ...
# Subtest: failed in-dialog reload retains the host failure and the current panel error
ok 70 - failed in-dialog reload retains the host failure and the current panel error
  ---
  duration_ms: 12.6295
  ...
# Subtest: cancelled reload after hide cannot reconcile a late read as success
ok 71 - cancelled reload after hide cannot reconcile a late read as success
  ---
  duration_ms: 12.349292
  ...
# Subtest: cancelled reload after close cannot reconcile a late read as success
ok 72 - cancelled reload after close cannot reconcile a late read as success
  ---
  duration_ms: 12.276208
  ...
# Subtest: successful reload cannot overwrite a newer host status owner
ok 73 - successful reload cannot overwrite a newer host status owner
  ---
  duration_ms: 13.225667
  ...
# Subtest: retired reload cannot change a newer successful opening
ok 74 - retired reload cannot change a newer successful opening
  ---
  duration_ms: 14.382125
  ...
# Subtest: retired reload cannot change a newer failed opening
ok 75 - retired reload cannot change a newer failed opening
  ---
  duration_ms: 15.333042
  ...
# Subtest: workshop initial successful load and reopen restore Reload after native disabled blur
ok 76 - workshop initial successful load and reopen restore Reload after native disabled blur
  ---
  duration_ms: 15.389708
  ...
# Subtest: workshop initial failed load and reopen restore Reload after native disabled blur
ok 77 - workshop initial failed load and reopen restore Reload after native disabled blur
  ---
  duration_ms: 13.070584
  ...
1..77
# tests 77
# suites 0
# pass 77
# fail 0
# cancelled 0
# skipped 0
# todo 0
# duration_ms 677.554875
