TAP version 13
# {"case":"unused70","result":"host returns success but current trusted importer rejects backup","hostReferenceCount":70,"hostAssetCount":0,"hostStatus":"Soundtrack backup prepared (101314 bytes). Choose Download soundtrack; this file does not contain still images.","correctAuthorityOmittedPins":70,"correctedBytes":476,"networkRequests":0,"savedGeneration":1}
# Subtest: REPRO: actual host exports 70 unused approved catalogue pins as unusable reference-only recovery
ok 1 - REPRO: actual host exports 70 unused approved catalogue pins as unusable reference-only recovery
  ---
  duration_ms: 97.906
  ...
# {"case":"installedPermitted","savedOriginalBytes":4194,"savedAssetCount":1,"exportedAssets":0,"exportedBodyBytes":0,"hostStatus":"Soundtrack backup prepared (1407 bytes). Choose Download soundtrack; this file does not contain still images.","correctAuthorityPreservesExactBytes":true,"networkRequests":0}
# Subtest: REPRO: actual host drops installed permitted fixture bytes despite retaining them in storage
ok 2 - REPRO: actual host drops installed permitted fixture bytes despite retaining them in storage
  ---
  duration_ms: 15.893042
  ...
# {"case":"restrictedNotice","recoveryReferenceCount":1,"hostStatus":"Soundtrack backup prepared (1406 bytes). Choose Download soundtrack; this file does not contain still images.","requiredNotice":"1 recording references are preserved without audio because offline storage or redistribution is denied or not verified. Playback requires an approved online source from the game catalogue.","networkRequests":0}
# Subtest: REPRO: genuine restricted recovery has no host notice that its audio is omitted
ok 3 - REPRO: genuine restricted recovery has no host notice that its audio is omitted
  ---
  duration_ms: 10.479958
  ...
1..3
# tests 3
# suites 0
# pass 3
# fail 0
# cancelled 0
# skipped 0
# todo 0
# duration_ms 463.161084
