TAP version 13
# Subtest: practice page keeps virtual holds, releases and import failures isolated from player storage
    # Subtest: boot prepares actual practice and exposes every authored map without profile writes
    ok 1 - boot prepares actual practice and exposes every authored map without profile writes
      ---
      duration_ms: 0.782292
      ...
    # Subtest: canonical staged practice retains its descriptor, selected class and steering without installation
    ok 2 - canonical staged practice retains its descriptor, selected class and steering without installation
      ---
      duration_ms: 1.841125
      ...
    # Subtest: long original reading fixture uses the normal validated practice handoff and preserves its final paragraph
    ok 3 - long original reading fixture uses the normal validated practice handoff and preserves its final paragraph
      ---
      duration_ms: 1.107791
      ...
    # Subtest: all three course choices preserve the authored handoff and bind a fresh controller session in both policies
    ok 4 - all three course choices preserve the authored handoff and bind a fresh controller session in both policies
      ---
      duration_ms: 2.592708
      ...
    # Subtest: invalid course steering retains the current child and returning to ordinary practice restores class choice
    ok 5 - invalid course steering retains the current child and returning to ordinary practice restores class choice
      ---
      duration_ms: 0.53575
      ...
    # Subtest: iframe load does not enable controls before a matching child readiness report
    ok 6 - iframe load does not enable controls before a matching child readiness report
      ---
      duration_ms: 0.232333
      ...
    # Subtest: connect focuses the iframe and sends neutral before any deliberate button
    ok 7 - connect focuses the iframe and sends neutral before any deliberate button
      ---
      duration_ms: 0.095625
      ...
    # Subtest: pulse uses one press and releases after200ms, ignoring the following pointer click
    ok 8 - pulse uses one press and releases after200ms, ignoring the following pointer click
      ---
      duration_ms: 0.179833
      ...
    # Subtest: hold mode combines physical direction+Boost buttons; release all releases both without disconnecting
    ok 9 - hold mode combines physical direction+Boost buttons; release all releases both without disconnecting
      ---
      duration_ms: 0.210959
      ...
    # Subtest: accepted keyboard exit releases actual virtual holds and pending stick application without storage writes
    ok 10 - accepted keyboard exit releases actual virtual holds and pending stick application without storage writes
      ---
      duration_ms: 1.222916
      ...
    # Subtest: only exact bounded status from the current same-origin iframe reaches labels
    ok 11 - only exact bounded status from the current same-origin iframe reaches labels
      ---
      duration_ms: 0.166667
      ...
    # Subtest: storage failure preserves the old frame and validated handoff
    ok 12 - storage failure preserves the old frame and validated handoff
      ---
      duration_ms: 0.455666
      ...
    # Subtest: four draft sliders only send neutral until Apply receives a fresh sampled-neutral acknowledgement
    ok 13 - four draft sliders only send neutral until Apply receives a fresh sampled-neutral acknowledgement
      ---
      duration_ms: 0.284417
      ...
    # Subtest: Release all centers live and draft axes and cancels pending application
    ok 14 - Release all centers live and draft axes and cancels pending application
      ---
      duration_ms: 0.151125
      ...
    # Subtest: a pending stick application times out safely and ignores late acknowledgement
    ok 15 - a pending stick application times out safely and ignores late acknowledgement
      ---
      duration_ms: 0.170625
      ...
    # Subtest: editing again or pressing a physical button cancels a pending stick handoff
    ok 16 - editing again or pressing a physical button cancels a pending stick handoff
      ---
      duration_ms: 0.107708
      ...
    # Subtest: disconnect cancels pending stick application and stale feedback cannot restart it
    ok 17 - disconnect cancels pending stick application and stale feedback cannot restart it
      ---
      duration_ms: 0.143459
      ...
    # Subtest: reload cancels pending stick application and stale feedback cannot restart it
    ok 18 - reload cancels pending stick application and stale feedback cannot restart it
      ---
      duration_ms: 0.405833
      ...
    # Subtest: hidden cancels pending stick application and stale feedback cannot restart it
    ok 19 - hidden cancels pending stick application and stale feedback cannot restart it
      ---
      duration_ms: 0.11925
      ...
    # Subtest: history-cache cancels pending stick application and stale feedback cannot restart it
    ok 20 - history-cache cancels pending stick application and stale feedback cannot restart it
      ---
      duration_ms: 0.130292
      ...
    # Subtest: reload rotates the document session so queued high-sequence status cannot starve new feedback
    ok 21 - reload rotates the document session so queued high-sequence status cannot starve new feedback
      ---
      duration_ms: 0.441541
      ...
    # Subtest: every physical button 0 through 15 is operable without fixed-action assumptions
    ok 22 - every physical button 0 through 15 is operable without fixed-action assumptions
      ---
      duration_ms: 0.298541
      ...
    # Subtest: visibility loss disconnects while iframe-focus parent blur does not
    ok 23 - visibility loss disconnects while iframe-focus parent blur does not
      ---
      duration_ms: 0.0535
      ...
    # Subtest: history-cache return remains usable but never resumes a previous hold
    ok 24 - history-cache return remains usable but never resumes a previous hold
      ---
      duration_ms: 0.067417
      ...
    # Subtest: every emitted snapshot validates and pagehide disposes timers
    ok 25 - every emitted snapshot validates and pagehide disposes timers
      ---
      duration_ms: 0.680584
      ...
    1..25
ok 1 - practice page keeps virtual holds, releases and import failures isolated from player storage
  ---
  duration_ms: 46.46175
  ...
# Subtest: actual lab markup exposes all physical indices and four accessible numeric axis controls
ok 2 - actual lab markup exposes all physical indices and four accessible numeric axis controls
  ---
  duration_ms: 3.41075
  ...
# Subtest: repeated forced Pause keeps the chosen menu action after Settings closes
ok 3 - repeated forced Pause keeps the chosen menu action after Settings closes
  ---
  duration_ms: 816.321875
  ...
# Subtest: paused Controller practice exits both boundaries through the real app blur handler
ok 4 - paused Controller practice exits both boundaries through the real app blur handler
  ---
  duration_ms: 775.176334
  ...
# Subtest: first iframe blur pauses a moving cut without focusing its new Resume action
ok 5 - first iframe blur pauses a moving cut without focusing its new Resume action
  ---
  duration_ms: 585.030667
  ...
# Subtest: reserve catalog labels delayed metadata and fences stale selected image completion
ok 6 - reserve catalog labels delayed metadata and fences stale selected image completion
  ---
  duration_ms: 4.429792
  ...
# Subtest: atlas font, optional reference and clipboard waits remain independently scoped
ok 7 - atlas font, optional reference and clipboard waits remain independently scoped
  ---
  duration_ms: 2.85375
  ...
# Subtest: motion study reports initial dependency wait and a retryable startup failure
ok 8 - motion study reports initial dependency wait and a retryable startup failure
  ---
  duration_ms: 3.751709
  ...
# Subtest: shared display record overrides legacy synchronously and startup never writes
ok 9 - shared display record overrides legacy synchronously and startup never writes
  ---
  duration_ms: 0.983166
  ...
# Subtest: invalid stored value preserves original bytes and legacy fallback: not json
ok 10 - invalid stored value preserves original bytes and legacy fallback: not json
  ---
  duration_ms: 0.106083
  ...
# Subtest: invalid stored value preserves original bytes and legacy fallback: null
ok 11 - invalid stored value preserves original bytes and legacy fallback: null
  ---
  duration_ms: 0.059041
  ...
# Subtest: invalid stored value preserves original bytes and legacy fallback: []
ok 12 - invalid stored value preserves original bytes and legacy fallback: []
  ---
  duration_ms: 0.063959
  ...
# Subtest: invalid stored value preserves original bytes and legacy fallback: {"textFace":"plain","textSize":"large"}
ok 13 - invalid stored value preserves original bytes and legacy fallback: {"textFace":"plain","textSize":"large"}
  ---
  duration_ms: 0.142083
  ...
# Subtest: invalid stored value preserves original bytes and legacy fallback: {"textFace":"serif","textSize":"standard","reducedEffec
ok 14 - invalid stored value preserves original bytes and legacy fallback: {"textFace":"serif","textSize":"standard","reducedEffec
  ---
  duration_ms: 0.075375
  ...
# Subtest: invalid stored value preserves original bytes and legacy fallback: {"textFace":"pixel","textSize":"huge","reducedEffects":
ok 15 - invalid stored value preserves original bytes and legacy fallback: {"textFace":"pixel","textSize":"huge","reducedEffects":
  ---
  duration_ms: 0.068417
  ...
# Subtest: invalid stored value preserves original bytes and legacy fallback: {"textFace":"pixel","textSize":"standard","reducedEffec
ok 16 - invalid stored value preserves original bytes and legacy fallback: {"textFace":"pixel","textSize":"standard","reducedEffec
  ---
  duration_ms: 0.056667
  ...
# Subtest: invalid stored value preserves original bytes and legacy fallback: {"textFace":"pixel","textSize":"standard","reducedEffec
ok 17 - invalid stored value preserves original bytes and legacy fallback: {"textFace":"pixel","textSize":"standard","reducedEffec
  ---
  duration_ms: 0.172708
  ...
# Subtest: invalid stored value preserves original bytes and legacy fallback: {"textFace":"pixel","textSize":"standard","reducedEffec
ok 18 - invalid stored value preserves original bytes and legacy fallback: {"textFace":"pixel","textSize":"standard","reducedEffec
  ---
  duration_ms: 0.102875
  ...
# Subtest: invalid stored value preserves original bytes and legacy fallback:                                                        
ok 19 - invalid stored value preserves original bytes and legacy fallback:                                                        
  ---
  duration_ms: 0.084375
  ...
# Subtest: legacy seed reads only display fields; explicit change saves three fields before navigation
ok 20 - legacy seed reads only display fields; explicit change saves three fields before navigation
  ---
  duration_ms: 0.168458
  ...
# Subtest: late legacy snapshots cannot replace explicit same-value intent or a newer seed
ok 21 - late legacy snapshots cannot replace explicit same-value intent or a newer seed
  ---
  duration_ms: 0.098625
  ...
# Subtest: a current shared record wins a delayed legacy read even before its storage event
ok 22 - a current shared record wins a delayed legacy read even before its storage event
  ---
  duration_ms: 0.075625
  ...
# Subtest: system reduction combines conservatively without changing raw intent or saving
ok 23 - system reduction combines conservatively without changing raw intent or saving
  ---
  duration_ms: 0.125542
  ...
# Subtest: injected and legacy media query APIs use current matches and detach on disposal
ok 24 - injected and legacy media query APIs use current matches and detach on disposal
  ---
  duration_ms: 0.067209
  ...
# Subtest: missing media query capability still permits explicit reduction
ok 25 - missing media query capability still permits explicit reduction
  ---
  duration_ms: 0.065167
  ...
# Subtest: storage events require exact key, area and still-current bounded raw bytes
ok 26 - storage events require exact key, area and still-current bounded raw bytes
  ---
  duration_ms: 0.234208
  ...
# Subtest: practice mode changes memory with a warning and protects unsaved intent
ok 27 - practice mode changes memory with a warning and protects unsaved intent
  ---
  duration_ms: 0.134333
  ...
# Subtest: quota failures preserve memory, and a later successful save restores sharing
ok 28 - quota failures preserve memory, and a later successful save restores sharing
  ---
  duration_ms: 0.087
  ...
# Subtest: unavailable storage and throwing warning callbacks cannot undo display intent
ok 29 - unavailable storage and throwing warning callbacks cannot undo display intent
  ---
  duration_ms: 0.06175
  ...
# Subtest: patch validation is atomic and rejects accessors, symbols and hidden or unknown fields
ok 30 - patch validation is atomic and rejects accessors, symbols and hidden or unknown fields
  ---
  duration_ms: 0.1905
  ...
# Subtest: subscribers see immutable current state and newer reentrant intent reaches storage
ok 31 - subscribers see immutable current state and newer reentrant intent reaches storage
  ---
  duration_ms: 0.160166
  ...
# Subtest: a failed observer does not block other observers or persistence
ok 32 - a failed observer does not block other observers or persistence
  ---
  duration_ms: 0.063125
  ...
# Subtest: reentrant explicit intent during legacy adoption wins and reports the seed superseded
ok 33 - reentrant explicit intent during legacy adoption wins and reports the seed superseded
  ---
  duration_ms: 0.047042
  ...
# Subtest: disposal detaches both event sources and rejects later mutation or subscription
ok 34 - disposal detaches both event sources and rejects later mutation or subscription
  ---
  duration_ms: 0.076125
  ...
# Subtest: persisted return reads current shared state and cap without resaving or duplicate notifications
ok 35 - persisted return reads current shared state and cap without resaving or duplicate notifications
  ---
  duration_ms: 0.095334
  ...
# Subtest: persisted return preserves unsaved intent while refreshing current system reduction
ok 36 - persisted return preserves unsaved intent while refreshing current system reduction
  ---
  duration_ms: 0.073625
  ...
# Subtest: persisted return ignores malformed and deleted shared data while updating only the effective cap
ok 37 - persisted return ignores malformed and deleted shared data while updating only the effective cap
  ---
  duration_ms: 0.278292
  ...
# Subtest: ordinary pageshow and a disposed authority cannot consume restored-page changes
ok 38 - ordinary pageshow and a disposed authority cannot consume restored-page changes
  ---
  duration_ms: 0.036959
  ...
# Subtest: persisted return respects a newer explicit choice made by an observer
ok 39 - persisted return respects a newer explicit choice made by an observer
  ---
  duration_ms: 0.096708
  ...
# Subtest: Workshop destinations ship their actual authoring runtime and return paths
ok 40 - Workshop destinations ship their actual authoring runtime and return paths
  ---
  duration_ms: 194.927417
  ...
# Subtest: settings categories keep the real controls and preferences without starting the flight
ok 41 - settings categories keep the real controls and preferences without starting the flight
  ---
  duration_ms: 376.454
  ...
# Subtest: leaving Controls cancels a pending physical-key capture through its native cancel action
ok 42 - leaving Controls cancels a pending physical-key capture through its native cancel action
  ---
  duration_ms: 291.5195
  ...
# Subtest: settings tabs support arrow and end navigation without leaking the key to the game
ok 43 - settings tabs support arrow and end navigation without leaking the key to the game
  ---
  duration_ms: 302.326875
  ...
# Subtest: data and collection shortcuts reuse the existing nested Library sections without changing saved data
ok 44 - data and collection shortcuts reuse the existing nested Library sections without changing saved data
  ---
  duration_ms: 366.491083
  ...
# Subtest: supporting page text size remains presentation only and listeners are released
ok 45 - supporting page text size remains presentation only and listeners are released
  ---
  duration_ms: 0.163833
  ...
# Subtest: surface copy has stable English fallback keys and preserves native controls
ok 46 - surface copy has stable English fallback keys and preserves native controls
  ---
  duration_ms: 0.086542
  ...
# Subtest: actual Playground entry blocks Play/open/mode launch during chosen pack decode, then paints and launches Classic Lab
ok 47 - actual Playground entry blocks Play/open/mode launch during chosen pack decode, then paints and launches Classic Lab
  ---
  duration_ms: 71.6115
  ...
# Subtest: three native teaching buttons adopt exact scenarios only through import and explicit practice launch
ok 48 - three native teaching buttons adopt exact scenarios only through import and explicit practice launch
  ---
  duration_ms: 62.60275
  ...
# Subtest: teaching requests retain the import gate across stale responses and preserve prior content on failure
ok 49 - teaching requests retain the import gate across stale responses and preserve prior content on failure
  ---
  duration_ms: 24.65375
  ...
# Subtest: older decode completion cannot release a newer import; failed reads release the gate and preserve current content
ok 50 - older decode completion cannot release a newer import; failed reads release the gate and preserve current content
  ---
  duration_ms: 53.131166
  ...
# Subtest: explicit cancellation preserves the current map and preview while a late decode releases
ok 51 - explicit cancellation preserves the current map and preview while a late decode releases
  ---
  duration_ms: 38.024375
  ...
# Subtest: actual classic JSON edit retains descriptors; explicit generator replacement returns to its legacy edition
ok 52 - actual classic JSON edit retains descriptors; explicit generator replacement returns to its legacy edition
  ---
  duration_ms: 56.153083
  ...
# Subtest: preview iframe load waits for the child readiness marker and does not reuse the previous child state
ok 53 - preview iframe load waits for the child readiness marker and does not reuse the previous child state
  ---
  duration_ms: 20.522917
  ...
# Subtest: replay file reading acknowledges immediately, cancellation preserves the result, and a fresh real recording verifies
ok 54 - replay file reading acknowledges immediately, cancellation preserves the result, and a fresh real recording verifies
  ---
  duration_ms: 42.321583
  ...
# Subtest: the original editor status and Cancel share one bounded sticky region through decode, cancel, failure and Undo
ok 55 - the original editor status and Cancel share one bounded sticky region through decode, cancel, failure and Undo
  ---
  duration_ms: 45.639583
  ...
# Subtest: page feedback clears only an obscured focused control and releases listeners on pagehide
ok 56 - page feedback clears only an obscured focused control and releases listeners on pagehide
  ---
  duration_ms: 14.937916
  ...
# Subtest: editor and replay owners share one visible region without hiding either pending Cancel or accepting stale verification
ok 57 - editor and replay owners share one visible region without hiding either pending Cancel or accepting stale verification
  ---
  duration_ms: 62.704666
  ...
# Subtest: map inspection distinguishes an implicit start hangar from explicitly disabled switching
ok 58 - map inspection distinguishes an implicit start hangar from explicitly disabled switching
  ---
  duration_ms: 0.848334
  ...
# Subtest: map inspection exposes every zone and authored hangar with their independent mechanics
ok 59 - map inspection exposes every zone and authored hangar with their independent mechanics
  ---
  duration_ms: 0.288333
  ...
# Subtest: diagnostic renderer creates text-only rows in the existing host list
ok 60 - diagnostic renderer creates text-only rows in the existing host list
  ---
  duration_ms: 0.401333
  ...
# Subtest: scenario, loose level, expansion and expansion-library imports share one prepared workflow
ok 61 - scenario, loose level, expansion and expansion-library imports share one prepared workflow
  ---
  duration_ms: 14.801084
  ...
# Subtest: campaign selection retains per-map theme, recipe roster, music and image roles
ok 62 - campaign selection retains per-map theme, recipe roster, music and image roles
  ---
  duration_ms: 4.575667
  ...
# Subtest: failed decode and malformed library imports cannot replace current scenario or prepared catalog
ok 63 - failed decode and malformed library imports cannot replace current scenario or prepared catalog
  ---
  duration_ms: 3.060625
  ...
# Subtest: import snapshots candidate data before decoding and returns an entire previous-state-independent replacement
ok 64 - import snapshots candidate data before decoding and returns an entire previous-state-independent replacement
  ---
  duration_ms: 3.732834
  ...
# Subtest: signal and hangar brushes preserve unrelated authored arrays and reject invalid painting atomically
ok 65 - signal and hangar brushes preserve unrelated authored arrays and reject invalid painting atomically
  ---
  duration_ms: 0.885833
  ...
# Subtest: interaction presets validate under both steering policies and retain the current art and theme
ok 66 - interaction presets validate under both steering policies and retain the current art and theme
  ---
  duration_ms: 2.406375
  ...
# Subtest: fiber preset demonstrates actual resistance while a scout suffers the same field
ok 67 - fiber preset demonstrates actual resistance while a scout suffers the same field
  ---
  duration_ms: 5.871458
  ...
# Subtest: bomber and impact presets expose their real supply, stun and redeployment interactions
ok 68 - bomber and impact presets expose their real supply, stun and redeployment interactions
  ---
  duration_ms: 1.523292
  ...
# Subtest: edited scenario exports as a complete installable expansion with its exact optional procedural track
ok 69 - edited scenario exports as a complete installable expansion with its exact optional procedural track
  ---
  duration_ms: 6.026375
  ...
# Subtest: custom preview accepts exact integer boundaries, presets and short-window breakpoints
ok 70 - custom preview accepts exact integer boundaries, presets and short-window breakpoints
  ---
  duration_ms: 0.921458
  ...
# Subtest: invalid or partially valid custom dimensions never produce an adopted size
ok 71 - invalid or partially valid custom dimensions never produce an adopted size
  ---
  duration_ms: 0.210291
  ...
# Subtest: dimension validation never coerces objects and returns independent plain values
ok 72 - dimension validation never coerces objects and returns independent plain values
  ---
  duration_ms: 0.067
  ...
# Subtest: ordinary solo mode installs no navigation listeners and leaves links untouched
ok 73 - ordinary solo mode installs no navigation listeners and leaves links untouched
  ---
  duration_ms: 0.811458
  ...
# Subtest: nested and text targets are blocked in capture before an anchor target handler
ok 74 - nested and text targets are blocked in capture before an anchor target handler
  ---
  duration_ms: 0.155667
  ...
# Subtest: controller-style synthetic clicks, keyboard clicks and modified auxiliary clicks cannot leave practice
ok 75 - controller-style synthetic clicks, keyboard clicks and modified auxiliary clicks cannot leave practice
  ---
  duration_ms: 0.120625
  ...
# Subtest: only fragments resolving to the current document retain their default behavior
ok 76 - only fragments resolving to the current document retain their default behavior
  ---
  duration_ms: 0.480917
  ...
# Subtest: downloads remain available while malformed, empty and non-http navigation is blocked
ok 77 - downloads remain available while malformed, empty and non-http navigation is blocked
  ---
  duration_ms: 0.064125
  ...
# Subtest: non-anchor controls remain active and teardown is idempotent
ok 78 - non-anchor controls remain active and teardown is idempotent
  ---
  duration_ms: 0.07325
  ...
# Subtest: every actual solo-page navigation link is contained in preview mode
ok 79 - every actual solo-page navigation link is contained in preview mode
  ---
  duration_ms: 4.022542
  ...
# Subtest: enabled guard rejects unusable host adapters instead of pretending containment
ok 80 - enabled guard rejects unusable host adapters instead of pretending containment
  ---
  duration_ms: 0.221125
  ...
# Subtest: controller-lab: saved policy applies while the actual boot fetch is pending
ok 81 - controller-lab: saved policy applies while the actual boot fetch is pending
  ---
  duration_ms: 29.531708
  ...
# Subtest: playground: saved policy applies while the actual boot fetch is pending
ok 82 - playground: saved policy applies while the actual boot fetch is pending
  ---
  duration_ms: 23.002917
  ...
# Subtest: Controller: modeled reading-control change is one writer and does not release held input or replace fields
ok 83 - Controller: modeled reading-control change is one writer and does not release held input or replace fields
  ---
  duration_ms: 15.286834
  ...
# Subtest: Controller: failed persistence retains accepted intent and a terminal late change cannot write
ok 84 - Controller: failed persistence retains accepted intent and a terminal late change cannot write
  ---
  duration_ms: 16.867208
  ...
# Subtest: Controller: persisted return converges policy but never reconnects or reloads practice
ok 85 - Controller: persisted return converges policy but never reconnects or reloads practice
  ---
  duration_ms: 13.207333
  ...
# Subtest: Playground: live policy retains focused JSON, undo owner, map, frame and queued work
ok 86 - Playground: live policy retains focused JSON, undo owner, map, frame and queued work
  ---
  duration_ms: 16.898458
  ...
# Subtest: Playground: a real pending import keeps its ticket and running preview across display changes
ok 87 - Playground: a real pending import keeps its ticket and running preview across display changes
  ---
  duration_ms: 27.91225
  ...
# Subtest: Playground: persisted return retains display owner and terminal disposal stops only its bindings
ok 88 - Playground: persisted return retains display owner and terminal disposal stops only its bindings
  ---
  duration_ms: 16.49975
  ...
# Subtest: controller-lab: denied storage uses defaults and system motion without touching player records
ok 89 - controller-lab: denied storage uses defaults and system motion without touching player records
  ---
  duration_ms: 14.692875
  ...
# Subtest: controller-lab: actual HTML independently wires exactly one reading owner before the app launcher
ok 90 - controller-lab: actual HTML independently wires exactly one reading owner before the app launcher
  ---
  duration_ms: 2.777417
  ...
# Subtest: playground: denied storage uses defaults and system motion without touching player records
ok 91 - playground: denied storage uses defaults and system motion without touching player records
  ---
  duration_ms: 17.071709
  ...
# Subtest: playground: actual HTML independently wires exactly one reading owner before the app launcher
ok 92 - playground: actual HTML independently wires exactly one reading owner before the app launcher
  ---
  duration_ms: 1.55825
  ...
# Subtest: Playground: readable map diagnostics follow actual edits and Undo without changing pixel or cell geometry
ok 93 - Playground: readable map diagnostics follow actual edits and Undo without changing pixel or cell geometry
  ---
  duration_ms: 27.787917
  ...
# Subtest: Playground: last focused Undo returns to the selected brush and preserves the running preview
ok 94 - Playground: last focused Undo returns to the selected brush and preserves the running preview
  ---
  duration_ms: 24.594916
  ...
# Subtest: Playground: an Undo with more history keeps focus on Undo
ok 95 - Playground: an Undo with more history keeps focus on Undo
  ---
  duration_ms: 25.651459
  ...
# Subtest: Playground: last Undo does not steal unrelated editor focus
ok 96 - Playground: last Undo does not steal unrelated editor focus
  ---
  duration_ms: 19.61975
  ...
# Subtest: Playground: last Undo does not steal newer focus focus
ok 97 - Playground: last Undo does not steal newer focus focus
  ---
  duration_ms: 19.713333
  ...
# Subtest: Playground: last Undo does not steal hidden document focus
ok 98 - Playground: last Undo does not steal hidden document focus
  ---
  duration_ms: 24.514292
  ...
# Subtest: Playground: last Undo does not steal unfocused document focus
ok 99 - Playground: last Undo does not steal unfocused document focus
  ---
  duration_ms: 19.569083
  ...
# Subtest: Playground: last Undo skips an unavailable selected brush for an existing editor action
ok 100 - Playground: last Undo skips an unavailable selected brush for an existing editor action
  ---
  duration_ms: 19.749833
  ...
# Subtest: Playground: live measurement handles empty and nonfinite controls without a vacuous visibility claim
ok 101 - Playground: live measurement handles empty and nonfinite controls without a vacuous visibility claim
  ---
  duration_ms: 17.90025
  ...
# Subtest: Playground: new preview clears live measurements immediately while retaining the explicit snapshot
ok 102 - Playground: new preview clears live measurements immediately while retaining the explicit snapshot
  ---
  duration_ms: 22.912167
  ...
# Subtest: Playground: unavailable current document, arena or viewport clears only live measurement state
ok 103 - Playground: unavailable current document, arena or viewport clears only live measurement state
  ---
  duration_ms: 23.884167
  ...
1..103
# tests 128
# suites 0
# pass 128
# fail 0
# cancelled 0
# skipped 0
# todo 0
# duration_ms 5644.827125
