TAP version 13
# Subtest: Mission setup keeps the original craft status in its modal and restores it after closing
ok 1 - Mission setup keeps the original craft status in its modal and restores it after closing
  ---
  duration_ms: 506.135834
  ...
# Subtest: direct briefing and disposal retain one craft presenter outside hidden mission content
ok 2 - direct briefing and disposal retain one craft presenter outside hidden mission content
  ---
  duration_ms: 306.241292
  ...
# Subtest: title has five game destinations and the release catalog; Workshop and mission Back preserve an unstarted flight
ok 3 - title has five game destinations and the release catalog; Workshop and mission Back preserve an unstarted flight
  ---
  duration_ms: 298.721292
  ...
# Subtest: mission gallery pages reuse locks; concealed pictures have no original and selection does not launch
ok 4 - mission gallery pages reuse locks; concealed pictures have no original and selection does not launch
  ---
  duration_ms: 421.370459
  ...
# Subtest: Deploy uses the existing start guard and Continue replaces Deploy after a paused flight
ok 5 - Deploy uses the existing start guard and Continue replaces Deploy after a paused flight
  ---
  duration_ms: 422.736959
  ...
# Subtest: an accepted world change rebuilds mission thumbnails without starting the existing flight
ok 6 - an accepted world change rebuilds mission thumbnails without starting the existing flight
  ---
  duration_ms: 391.267042
  ...
# Subtest: Missions button returns to home without resuming or changing a saved cut
ok 7 - Missions button returns to home without resuming or changing a saved cut
  ---
  duration_ms: 1082.752291
  ...
# Subtest: Missions escape returns to home without resuming or changing a saved cut
ok 8 - Missions escape returns to home without resuming or changing a saved cut
  ---
  duration_ms: 1060.285625
  ...
# Subtest: Missions controller returns to home without resuming or changing a saved cut
ok 9 - Missions controller returns to home without resuming or changing a saved cut
  ---
  duration_ms: 1135.6185
  ...
# Subtest: Missions button returns to flight without resuming or changing a saved cut
ok 10 - Missions button returns to flight without resuming or changing a saved cut
  ---
  duration_ms: 961.737916
  ...
# Subtest: Missions escape returns to flight without resuming or changing a saved cut
ok 11 - Missions escape returns to flight without resuming or changing a saved cut
  ---
  duration_ms: 967.487792
  ...
# Subtest: Missions controller returns to flight without resuming or changing a saved cut
ok 12 - Missions controller returns to flight without resuming or changing a saved cut
  ---
  duration_ms: 1100.215541
  ...
# Subtest: Missions button returns to brief without resuming or changing a saved cut
ok 13 - Missions button returns to brief without resuming or changing a saved cut
  ---
  duration_ms: 977.306292
  ...
# Subtest: Missions escape returns to brief without resuming or changing a saved cut
ok 14 - Missions escape returns to brief without resuming or changing a saved cut
  ---
  duration_ms: 986.412333
  ...
# Subtest: Missions controller returns to brief without resuming or changing a saved cut
ok 15 - Missions controller returns to brief without resuming or changing a saved cut
  ---
  duration_ms: 1127.980708
  ...
# Subtest: Back to flight remains an intentional exit from title Missions
ok 16 - Back to flight remains an intentional exit from title Missions
  ---
  duration_ms: 296.985834
  ...
# Subtest: controller Back retains a cancellation warning when a transaction keeps its dialog open
ok 17 - controller Back retains a cancellation warning when a transaction keeps its dialog open
  ---
  duration_ms: 332.011834
  ...
# Subtest: opening order owns controller scope across reversed DOM order, Back and fresh reopen
ok 18 - opening order owns controller scope across reversed DOM order, Back and fresh reopen
  ---
  duration_ms: 2.902584
  ...
# Subtest: ordered mutation records cover older engines and same-task close/reopen without guessing DOM order
ok 19 - ordered mutation records cover older engines and same-task close/reopen without guessing DOM order
  ---
  duration_ms: 0.283708
  ...
# Subtest: actual title → Missions → Collection controller Back closes only the front dialog and never starts flight
ok 20 - actual title → Missions → Collection controller Back closes only the front dialog and never starts flight
  ---
  duration_ms: 745.158542
  ...
# Subtest: actual native keyboard/pointer handoff retains controller owner but suppresses its held menu repeat until neutral
ok 21 - actual native keyboard/pointer handoff retains controller owner but suppresses its held menu repeat until neutral
  ---
  duration_ms: 442.998667
  ...
# Subtest: actual help-dialog reader reaches the bottom; first Back/Escape leaves reading without closing or starting
ok 22 - actual help-dialog reader reaches the bottom; first Back/Escape leaves reading without closing or starting
  ---
  duration_ms: 852.862458
  ...
# Subtest: actual collection-dialog reader reaches the bottom; first Back/Escape leaves reading without closing or starting
ok 23 - actual collection-dialog reader reaches the bottom; first Back/Escape leaves reading without closing or starting
  ---
  duration_ms: 945.198334
  ...
# Subtest: Collection disclosure ends reading on collapse without leaving hidden focus or resuming
ok 24 - Collection disclosure ends reading on collapse without leaving hidden focus or resuming
  ---
  duration_ms: 518.260417
  ...
# Subtest: Collection disclosure ends reading on collapse without stealing later focus
ok 25 - Collection disclosure ends reading on collapse without stealing later focus
  ---
  duration_ms: 491.255875
  ...
# Subtest: actual Settings → Studio listbox/range edits preview, cancel and apply through native handlers before Back returns
ok 26 - actual Settings → Studio listbox/range edits preview, cancel and apply through native handlers before Back returns
  ---
  duration_ms: 1097.277709
  ...
# Subtest: title Settings returns to its title opener after controller Back or native Escape
ok 27 - title Settings returns to its title opener after controller Back or native Escape
  ---
  duration_ms: 454.859541
  ...
# Subtest: opening Settings during a flight keeps its paused-flight return instead of opening the title
ok 28 - opening Settings during a flight keeps its paused-flight return instead of opening the title
  ---
  duration_ms: 622.406625
  ...
# Subtest: title Workshop Field Guide returns through its visible openers after Back, Escape and isolated practice
ok 29 - title Workshop Field Guide returns through its visible openers after Back, Escape and isolated practice
  ---
  duration_ms: 621.874375
  ...
# Subtest: Main menu Workshop Field Guide returns through both menus over an unchanged paused-flight checkpoint
ok 30 - Main menu Workshop Field Guide returns through both menus over an unchanged paused-flight checkpoint
  ---
  duration_ms: 719.0085
  ...
# Subtest: title picture controller returns through Collection to its exact title opener
ok 31 - title picture controller returns through Collection to its exact title opener
  ---
  duration_ms: 331.977083
  ...
# Subtest: title picture escape returns through Collection to its exact title opener
ok 32 - title picture escape returns through Collection to its exact title opener
  ---
  duration_ms: 294.525792
  ...
# Subtest: title picture close button returns through Collection to its exact title opener
ok 33 - title picture close button returns through Collection to its exact title opener
  ---
  duration_ms: 291.146042
  ...
# Subtest: picture Replay deliberately leaves title and Collection for the selected ready briefing
ok 34 - picture Replay deliberately leaves title and Collection for the selected ready briefing
  ---
  duration_ms: 322.262792
  ...
# Subtest: Collection Choose appearance deliberately leaves title for Missions setup
ok 35 - Collection Choose appearance deliberately leaves title for Missions setup
  ---
  duration_ms: 321.850084
  ...
# Subtest: Collection resets its return label from title to a direct paused-flight visit
ok 36 - Collection resets its return label from title to a direct paused-flight visit
  ---
  duration_ms: 1006.832792
  ...
# Subtest: programmatic Collection after a real win does not refocus a hidden opener
ok 37 - programmatic Collection after a real win does not refocus a hidden opener
  ---
  duration_ms: 9792.784834
  ...
# Subtest: immediate: native keyboard opens exact practice lesson from ready and a live-cut pause without starting or changing the run
ok 38 - immediate: native keyboard opens exact practice lesson from ready and a live-cut pause without starting or changing the run
  ---
  duration_ms: 1643.21225
  ...
# Subtest: immediate: controller brief/read/Back and held direction retain the paused flight
ok 39 - immediate: controller brief/read/Back and held direction retain the paused flight
  ---
  duration_ms: 2131.417167
  ...
# Subtest: grid-center: native keyboard opens exact practice lesson from ready and a live-cut pause without starting or changing the run
ok 40 - grid-center: native keyboard opens exact practice lesson from ready and a live-cut pause without starting or changing the run
  ---
  duration_ms: 1453.717458
  ...
# Subtest: grid-center: controller brief/read/Back and held direction retain the paused flight
ok 41 - grid-center: controller brief/read/Back and held direction retain the paused flight
  ---
  duration_ms: 2125.075625
  ...
# Subtest: focused brief restores exact picker placement, native Back and normal missions across repeated openings
ok 42 - focused brief restores exact picker placement, native Back and normal missions across repeated openings
  ---
  duration_ms: 492.761833
  ...
# Subtest: long brief has scoped fluid reading layout, explicit body sizes and Large preference without simulation changes
ok 43 - long brief has scoped fluid reading layout, explicit body sizes and Large preference without simulation changes
  ---
  duration_ms: 327.615167
  ...
# Subtest: an imported authored arcade scenario is still labeled practice
ok 44 - an imported authored arcade scenario is still labeled practice
  ---
  duration_ms: 274.575083
  ...
# Subtest: First Flight keeps its own lesson reader and contextual label
ok 45 - First Flight keeps its own lesson reader and contextual label
  ---
  duration_ms: 223.753041
  ...
# Subtest: ordinary manual missions show the Tactical edition label
ok 46 - ordinary manual missions show the Tactical edition label
  ---
  duration_ms: 284.782584
  ...
# Subtest: only an ordinary validated Arcade action policy receives the Arcade label
ok 47 - only an ordinary validated Arcade action policy receives the Arcade label
  ---
  duration_ms: 4298.012167
  ...
# Subtest: compiled bodies adopt normalized pivots and bitmap dimensions without changing presets, source art or authority
ok 48 - compiled bodies adopt normalized pivots and bitmap dimensions without changing presets, source art or authority
  ---
  duration_ms: 70.193958
  ...
# Subtest: phone and microtile presentations choose compact art; explicit player and enemy overrides retain priority
ok 49 - phone and microtile presentations choose compact art; explicit player and enemy overrides retain priority
  ---
  duration_ms: 62.995125
  ...
# Subtest: compiled enemy bodies skip legacy image loads while explicit skins retain the original body path
ok 50 - compiled enemy bodies skip legacy image loads while explicit skins retain the original body path
  ---
  duration_ms: 52.243833
  ...
# Subtest: current non-FPV worlds retain their original canvas art while the interface can use Field Kit
ok 51 - current non-FPV worlds retain their original canvas art while the interface can use Field Kit
  ---
  duration_ms: 41.301
  ...
# Subtest: published motion settings scale cosmetic clocks and zero motion keeps functional effect timing
ok 52 - published motion settings scale cosmetic clocks and zero motion keeps functional effect timing
  ---
  duration_ms: 200.87825
  ...
# Subtest: enemy cropped-frame geometry positions the art and rotors while retaining the existing contact marker
ok 53 - enemy cropped-frame geometry positions the art and rotors while retaining the existing contact marker
  ---
  duration_ms: 0.439583
  ...
# Subtest: terrain, supplies and objectives honor visual pivots while retaining cell and contact coordinates
ok 54 - terrain, supplies and objectives honor visual pivots while retaining cell and contact coordinates
  ---
  duration_ms: 61.827459
  ...
# Subtest: classic terrain and contact pickups share pivot placement while their material and contact cues stay fixed
ok 55 - classic terrain and contact pickups share pivot placement while their material and contact cues stay fixed
  ---
  duration_ms: 0.510458
  ...
# Subtest: compiled enemy defaults own their images while explicit original skins and manual uploads keep priority
ok 56 - compiled enemy defaults own their images while explicit original skins and manual uploads keep priority
  ---
  duration_ms: 49.420833
  ...
# Subtest: compiled player selection keeps each class body and leaves unknown or other-world bodies unchanged
ok 57 - compiled player selection keeps each class body and leaves unknown or other-world bodies unchanged
  ---
  duration_ms: 44.229125
  ...
# Subtest: Plain canvas text uses the selected system pair and switching back restores compiled fonts without authority changes
ok 58 - Plain canvas text uses the selected system pair and switching back restores compiled fonts without authority changes
  ---
  duration_ms: 41.5315
  ...
# Subtest: cosmetic look status starts before image completion and an obsolete look cannot replace newer feedback
ok 59 - cosmetic look status starts before image completion and an obsolete look cannot replace newer feedback
  ---
  duration_ms: 0.737458
  ...
1..59
# tests 59
# suites 0
# pass 59
# fail 0
# cancelled 0
# skipped 0
# todo 0
# duration_ms 19968.143917
