TAP version 13
# Subtest: source labels and unavailability follow the host, without suspending or verifying on refresh
ok 1 - source labels and unavailability follow the host, without suspending or verifying on refresh
  ---
  duration_ms: 5.041125
  ...
# Subtest: one stored export verifies, rechecks authority, copies before the real web adapter, and restores controls
ok 2 - one stored export verifies, rechecks authority, copies before the real web adapter, and restores controls
  ---
  duration_ms: 2.578
  ...
# Subtest: current replay-only export names its source and retains the matching-campaign warning
ok 3 - current replay-only export names its source and retains the matching-campaign warning
  ---
  duration_ms: 2.070875
  ...
# Subtest: button cancels verification immediately, keeps the dialog open, and rejects late publication
ok 4 - button cancels verification immediately, keeps the dialog open, and rejects late publication
  ---
  duration_ms: 1.226875
  ...
# Subtest: Escape cancels verification immediately, keeps the dialog open, and rejects late publication
ok 5 - Escape cancels verification immediately, keeps the dialog open, and rejects late publication
  ---
  duration_ms: 1.314583
  ...
# Subtest: controller Back cancels verification immediately, keeps the dialog open, and rejects late publication
ok 6 - controller Back cancels verification immediately, keeps the dialog open, and rejects late publication
  ---
  duration_ms: 1.677042
  ...
# Subtest: close aborts and suppresses a pending export without restoring focus
ok 7 - close aborts and suppresses a pending export without restoring focus
  ---
  duration_ms: 1.135708
  ...
# Subtest: pagehide aborts and suppresses a pending export without restoring focus
ok 8 - pagehide aborts and suppresses a pending export without restoring focus
  ---
  duration_ms: 0.911375
  ...
# Subtest: a stale host assertion or failed verification preserves the previous copy and permits a fresh attempt
ok 9 - a stale host assertion or failed verification preserves the previous copy and permits a fresh attempt
  ---
  duration_ms: 1.202167
  ...
# Subtest: a cancelled operation cannot clear a newer operation or overwrite its status
ok 10 - a cancelled operation cannot clear a newer operation or overwrite its status
  ---
  duration_ms: 1.845625
  ...
# Subtest: adapter failure retains the already verified copy and reports the real error
ok 11 - adapter failure retains the already verified copy and reports the real error
  ---
  duration_ms: 1.3115
  ...
# Subtest: Stop waiting keeps a requested download protected until the platform returns
ok 12 - Stop waiting keeps a requested download protected until the platform returns
  ---
  duration_ms: 1.041167
  ...
# Subtest: verified attempt download offers Stop waiting and reports the actual platform result afterward
ok 13 - verified attempt download offers Stop waiting and reports the actual platform result afterward
  ---
  duration_ms: 0.722666
  ...
# Subtest: export-backup awaits the external backup guard before preparation or download
ok 14 - export-backup awaits the external backup guard before preparation or download
  ---
  duration_ms: 1.387084
  ...
# Subtest: export-packs awaits the external backup guard before preparation or download
ok 15 - export-packs awaits the external backup guard before preparation or download
  ---
  duration_ms: 0.957041
  ...
# Subtest: import-save awaits the external backup guard before preparation or download
ok 16 - import-save awaits the external backup guard before preparation or download
  ---
  duration_ms: 0.791708
  ...
# Subtest: a cancelled Library file read cannot install or unlock a newer read
ok 17 - a cancelled Library file read cannot install or unlock a newer read
  ---
  duration_ms: 2.550208
  ...
# Subtest: rail places the exact status and escape before a held read; navigation restores their original nodes
ok 18 - rail places the exact status and escape before a held read; navigation restores their original nodes
  ---
  duration_ms: 1.071042
  ...
# Subtest: older cancelled read cannot replace a newer Packs rail or release its controls
ok 19 - older cancelled read cannot replace a newer Packs rail or release its controls
  ---
  duration_ms: 1.013667
  ...
# Subtest: attempt rail preserves count, cancel focus and exact sibling order across terminal navigation
ok 20 - attempt rail preserves count, cancel focus and exact sibling order across terminal navigation
  ---
  duration_ms: 0.907375
  ...
# Subtest: non-abortable owner reopens with its exact detached status and no stale closed rail
ok 21 - non-abortable owner reopens with its exact detached status and no stale closed rail
  ---
  duration_ms: 1.18925
  ...
# Subtest: backup navigation same-section joins cancellation then clears only the invalidated backup host
ok 22 - backup navigation same-section joins cancellation then clears only the invalidated backup host
  ---
  duration_ms: 42.8205
  ...
# Subtest: backup navigation other-section joins cancellation then clears only the invalidated backup host
ok 23 - backup navigation other-section joins cancellation then clears only the invalidated backup host
  ---
  duration_ms: 24.724542
  ...
# Subtest: backup navigation close-reopen joins cancellation then clears only the invalidated backup host
ok 24 - backup navigation close-reopen joins cancellation then clears only the invalidated backup host
  ---
  duration_ms: 20.784125
  ...
# Subtest: native-reported sticky overlap scrolls the live focused control clear without changing focus or ownership
ok 25 - native-reported sticky overlap scrolls the live focused control clear without changing focus or ownership
  ---
  duration_ms: 0.894292
  ...
# Subtest: a queued feedback layout reads current focus and cannot follow an old opener or a closed dialog
ok 26 - a queued feedback layout reads current focus and cannot follow an old opener or a closed dialog
  ---
  duration_ms: 0.721041
  ...
# Subtest: Close above feedback retains its own native scroll destination
not ok 27 - Close above feedback retains its own native scroll destination
  ---
  duration_ms: 1.203125
  location: '/Users/oleksandr.mekhovov/work/my_projects/go_test_cross_mode/game/test/attempt-export-panel.test.mjs:676:1'
  failureType: 'testCodeFailure'
  error: |-
    Expected values to be strictly equal:
    
    undefined !== 1
    
  code: 'ERR_ASSERTION'
  name: 'AssertionError'
  expected: 1
  operator: 'strictEqual'
  stack: |-
    TestContext.<anonymous> (file:///Users/oleksandr.mekhovov/work/my_projects/go_test_cross_mode/game/test/attempt-export-panel.test.mjs:688:10)
    async Test.run (node:internal/test_runner/test:797:9)
    async Test.processPendingSubtests (node:internal/test_runner/test:526:7)
  ...
# Subtest: Collection shows pagination only when 0 pictures need a second page
ok 28 - Collection shows pagination only when 0 pictures need a second page
  ---
  duration_ms: 3.16825
  ...
# Subtest: Collection shows pagination only when 12 pictures need a second page
ok 29 - Collection shows pagination only when 12 pictures need a second page
  ---
  duration_ms: 20.717833
  ...
# Subtest: Collection shows pagination only when 13 pictures need a second page
ok 30 - Collection shows pagination only when 13 pictures need a second page
  ---
  duration_ms: 9.728833
  ...
# Subtest: Filtering to one page preserves unrelated focus
ok 31 - Filtering to one page preserves unrelated focus
  ---
  duration_ms: 39.810917
  ...
# Subtest: Filtering to one page restores removed pager focus to search
ok 32 - Filtering to one page restores removed pager focus to search
  ---
  duration_ms: 38.016416
  ...
# Subtest: wide and legacy pictures adopt their own bitmap ratio for cards, full view and celebration without changing records
ok 33 - wide and legacy pictures adopt their own bitmap ratio for cards, full view and celebration without changing records
  ---
  duration_ms: 3.115083
  ...
# Subtest: Back restores the same stable picture on its page and preserves the original filter
ok 34 - Back restores the same stable picture on its page and preserves the original filter
  ---
  duration_ms: 38.7465
  ...
# Subtest: native cancel follows the same picture return path and does not clear collection context
ok 35 - native cancel follows the same picture return path and does not clear collection context
  ---
  duration_ms: 38.529
  ...
# Subtest: a reordered collection resolves the stable picture key rather than the old card index
ok 36 - a reordered collection resolves the stable picture key rather than the old card index
  ---
  duration_ms: 32.18925
  ...
# Subtest: a removed picture clamps the page and focuses a remaining enabled card
ok 37 - a removed picture clamps the page and focuses a remaining enabled card
  ---
  duration_ms: 31.539208
  ...
# Subtest: a missing pack or empty filtered collection falls back to the enabled search field
ok 38 - a missing pack or empty filtered collection falls back to the enabled search field
  ---
  duration_ms: 31.562583
  ...
# Subtest: the underlying Collection cannot replace its open child picture
ok 39 - the underlying Collection cannot replace its open child picture
  ---
  duration_ms: 0.667708
  ...
# Subtest: Replay leaves the collection closed and preserves the host mission focus
ok 40 - Replay leaves the collection closed and preserves the host mission focus
  ---
  duration_ms: 29.276708
  ...
# Subtest: late decoding and a queued old close cannot steal focus from a new picture
ok 41 - late decoding and a queued old close cannot steal focus from a new picture
  ---
  duration_ms: 1.188292
  ...
# Subtest: a new picture hides the previous artwork and blocks actions until its own decode completes
ok 42 - a new picture hides the previous artwork and blocks actions until its own decode completes
  ---
  duration_ms: 0.998541
  ...
# Subtest: an older decode completing during rapid navigation cannot reveal or enable the newer pending picture
ok 43 - an older decode completing during rapid navigation cannot reveal or enable the newer pending picture
  ---
  duration_ms: 0.629667
  ...
# Subtest: an older rejected decode cannot replace the selected ready picture with an error
ok 44 - an older rejected decode cannot replace the selected ready picture with an error
  ---
  duration_ms: 0.631959
  ...
# Subtest: a failed selected decode keeps stale pixels hidden and can be closed and retried
ok 45 - a failed selected decode keeps stale pixels hidden and can be closed and retried
  ---
  duration_ms: 0.910875
  ...
# Subtest: a rejected celebration preparation preserves the ready picture and reports failure without an unhandled promise
ok 46 - a rejected celebration preparation preserves the ready picture and reports failure without an unhandled promise
  ---
  duration_ms: 0.897208
  ...
# Subtest: a failed illustration reload cannot start a procedural celebration over the ready authored picture
ok 47 - a failed illustration reload cannot start a procedural celebration over the ready authored picture
  ---
  duration_ms: 0.384
  ...
# Subtest: busy library import still prevents cancel until its guarded task finishes
ok 48 - busy library import still prevents cancel until its guarded task finishes
  ---
  duration_ms: 1.26075
  ...
# Subtest: profile replacement cancels pending writes before its Undo snapshot and restores the prior profile
ok 49 - profile replacement cancels pending writes before its Undo snapshot and restores the prior profile
  ---
  duration_ms: 5.304625
  ...
# Subtest: a rejected replacement boundary preserves the active profile without taking an Undo snapshot
ok 50 - a rejected replacement boundary preserves the active profile without taking an Undo snapshot
  ---
  duration_ms: 1.56975
  ...
# Subtest: a late seal updates an existing focused collection card without repaint or replacement
ok 51 - a late seal updates an existing focused collection card without repaint or replacement
  ---
  duration_ms: 18.775875
  ...
# Subtest: an already open picture receives friendly seal details without disturbing its focus or artwork
ok 52 - an already open picture receives friendly seal details without disturbing its focus or artwork
  ---
  duration_ms: 1.472042
  ...
# Subtest: late detail refresh keeps foreign records out, labels changed definitions archived and clears removed seals
ok 53 - late detail refresh keeps foreign records out, labels changed definitions archived and clears removed seals
  ---
  duration_ms: 1.504208
  ...
# Subtest: both difficulty records share a card while mode changes preserve focus and Back returns to that card
ok 54 - both difficulty records share a card while mode changes preserve focus and Back returns to that card
  ---
  duration_ms: 24.911167
  ...
# Subtest: picture Replay explicitly selects stored standard despite the opposite next-attempt preference
ok 55 - picture Replay explicitly selects stored standard despite the opposite next-attempt preference
  ---
  duration_ms: 1.376417
  ...
# Subtest: picture Replay explicitly selects stored gentle despite the opposite next-attempt preference
ok 56 - picture Replay explicitly selects stored gentle despite the opposite next-attempt preference
  ---
  duration_ms: 2.176167
  ...
# Subtest: rapid difficulty switches retain the latest image generation and keep stale actions blocked
ok 57 - rapid difficulty switches retain the latest image generation and keep stale actions blocked
  ---
  duration_ms: 1.413458
  ...
# Subtest: score and saved-attempt mode labels use exact execution keys and searchable separate boards
ok 58 - score and saved-attempt mode labels use exact execution keys and searchable separate boards
  ---
  duration_ms: 14.348583
  ...
# Subtest: a late Standard seal decorates the shared card without appearing on its selected Gentle variant
ok 59 - a late Standard seal decorates the shared card without appearing on its selected Gentle variant
  ---
  duration_ms: 6.377666
  ...
# Subtest: an open picture cannot replay a pack removed after the picture was resolved
ok 60 - an open picture cannot replay a pack removed after the picture was resolved
  ---
  duration_ms: 0.470791
  ...
# Subtest: a trusted Challenge picture keeps its activity label and replay has no campaign difficulty override
ok 61 - a trusted Challenge picture keeps its activity label and replay has no campaign difficulty override
  ---
  duration_ms: 0.354542
  ...
# Subtest: Collection shows the first earned revision after reassignment, releases images and returns keyboard focus
ok 62 - Collection shows the first earned revision after reassignment, releases images and returns keyboard focus
  ---
  duration_ms: 177.355417
  ...
# Subtest: Collection retains an earned original after its pack is removed without offering replay or invented animation
ok 63 - Collection retains an earned original after its pack is removed without offering replay or invented animation
  ---
  duration_ms: 100.396875
  ...
# Subtest: an unavailable original never silently falls back to current authored artwork
ok 64 - an unavailable original never silently falls back to current authored artwork
  ---
  duration_ms: 48.104625
  ...
# Subtest: closing while an earned original decodes prevents stale canvas replacement and releases the late drawable
ok 65 - closing while an earned original decodes prevents stale canvas replacement and releases the late drawable
  ---
  duration_ms: 102.903333
  ...
# Subtest: Back keeps its scope but late metadata cannot steal focus after navigation
ok 66 - Back keeps its scope but late metadata cannot steal focus after navigation
  ---
  duration_ms: 76.655083
  ...
# Subtest: Back keeps its scope but late metadata cannot steal focus after a new Collection visit
ok 67 - Back keeps its scope but late metadata cannot steal focus after a new Collection visit
  ---
  duration_ms: 104.961708
  ...
# Subtest: Collection labels the retained score run separately from a later best medal without rewriting either record
ok 68 - Collection labels the retained score run separately from a later best medal without rewriting either record
  ---
  duration_ms: 0.770792
  ...
1..68
# tests 68
# suites 0
# pass 67
# fail 1
# cancelled 0
# skipped 0
# todo 0
# duration_ms 1080.20825
