TAP version 13
# Subtest: source labels and unavailability follow the host, without suspending or verifying on refresh
ok 1 - source labels and unavailability follow the host, without suspending or verifying on refresh
  ---
  duration_ms: 5.078125
  ...
# Subtest: one stored export verifies, rechecks authority, copies before the real web adapter, and restores controls
ok 2 - one stored export verifies, rechecks authority, copies before the real web adapter, and restores controls
  ---
  duration_ms: 2.583208
  ...
# Subtest: current replay-only export names its source and retains the matching-campaign warning
ok 3 - current replay-only export names its source and retains the matching-campaign warning
  ---
  duration_ms: 3.400208
  ...
# Subtest: button cancels verification immediately, keeps the dialog open, and rejects late publication
ok 4 - button cancels verification immediately, keeps the dialog open, and rejects late publication
  ---
  duration_ms: 1.717417
  ...
# Subtest: Escape cancels verification immediately, keeps the dialog open, and rejects late publication
ok 5 - Escape cancels verification immediately, keeps the dialog open, and rejects late publication
  ---
  duration_ms: 1.214875
  ...
# Subtest: controller Back cancels verification immediately, keeps the dialog open, and rejects late publication
ok 6 - controller Back cancels verification immediately, keeps the dialog open, and rejects late publication
  ---
  duration_ms: 1.588583
  ...
# Subtest: close aborts and suppresses a pending export without restoring focus
ok 7 - close aborts and suppresses a pending export without restoring focus
  ---
  duration_ms: 1.032792
  ...
# Subtest: pagehide aborts and suppresses a pending export without restoring focus
ok 8 - pagehide aborts and suppresses a pending export without restoring focus
  ---
  duration_ms: 0.824042
  ...
# Subtest: a stale host assertion or failed verification preserves the previous copy and permits a fresh attempt
ok 9 - a stale host assertion or failed verification preserves the previous copy and permits a fresh attempt
  ---
  duration_ms: 1.192625
  ...
# Subtest: a cancelled operation cannot clear a newer operation or overwrite its status
ok 10 - a cancelled operation cannot clear a newer operation or overwrite its status
  ---
  duration_ms: 1.611375
  ...
# Subtest: adapter failure retains the already verified copy and reports the real error
ok 11 - adapter failure retains the already verified copy and reports the real error
  ---
  duration_ms: 1.574917
  ...
# Subtest: Stop waiting keeps a requested download protected until the platform returns
ok 12 - Stop waiting keeps a requested download protected until the platform returns
  ---
  duration_ms: 1.048458
  ...
# Subtest: verified attempt download offers Stop waiting and reports the actual platform result afterward
ok 13 - verified attempt download offers Stop waiting and reports the actual platform result afterward
  ---
  duration_ms: 1.031125
  ...
# Subtest: export-backup awaits the external backup guard before preparation or download
ok 14 - export-backup awaits the external backup guard before preparation or download
  ---
  duration_ms: 1.706167
  ...
# Subtest: export-packs awaits the external backup guard before preparation or download
ok 15 - export-packs awaits the external backup guard before preparation or download
  ---
  duration_ms: 0.72
  ...
# Subtest: import-save awaits the external backup guard before preparation or download
ok 16 - import-save awaits the external backup guard before preparation or download
  ---
  duration_ms: 0.858042
  ...
# Subtest: a cancelled Library file read cannot install or unlock a newer read
ok 17 - a cancelled Library file read cannot install or unlock a newer read
  ---
  duration_ms: 3.151709
  ...
# Subtest: rail places the exact status and escape before a held read; navigation restores their original nodes
ok 18 - rail places the exact status and escape before a held read; navigation restores their original nodes
  ---
  duration_ms: 1.037792
  ...
# Subtest: older cancelled read cannot replace a newer Packs rail or release its controls
ok 19 - older cancelled read cannot replace a newer Packs rail or release its controls
  ---
  duration_ms: 1.101584
  ...
# Subtest: attempt rail preserves count, cancel focus and exact sibling order across terminal navigation
ok 20 - attempt rail preserves count, cancel focus and exact sibling order across terminal navigation
  ---
  duration_ms: 0.965167
  ...
# Subtest: non-abortable owner reopens with its exact detached status and no stale closed rail
ok 21 - non-abortable owner reopens with its exact detached status and no stale closed rail
  ---
  duration_ms: 1.115833
  ...
# Subtest: backup navigation same-section joins cancellation then clears only the invalidated backup host
ok 22 - backup navigation same-section joins cancellation then clears only the invalidated backup host
  ---
  duration_ms: 47.005917
  ...
# Subtest: backup navigation other-section joins cancellation then clears only the invalidated backup host
ok 23 - backup navigation other-section joins cancellation then clears only the invalidated backup host
  ---
  duration_ms: 22.031334
  ...
# Subtest: backup navigation close-reopen joins cancellation then clears only the invalidated backup host
ok 24 - backup navigation close-reopen joins cancellation then clears only the invalidated backup host
  ---
  duration_ms: 22.254084
  ...
# Subtest: native-reported sticky overlap scrolls the live focused control clear without changing focus or ownership
ok 25 - native-reported sticky overlap scrolls the live focused control clear without changing focus or ownership
  ---
  duration_ms: 0.99625
  ...
# Subtest: a queued feedback layout reads current focus and cannot follow an old opener or a closed dialog
ok 26 - a queued feedback layout reads current focus and cannot follow an old opener or a closed dialog
  ---
  duration_ms: 1.052
  ...
# Subtest: Close above feedback retains its own native scroll destination
ok 27 - Close above feedback retains its own native scroll destination
  ---
  duration_ms: 0.8655
  ...
# Subtest: Collection shows pagination only when 0 pictures need a second page
ok 28 - Collection shows pagination only when 0 pictures need a second page
  ---
  duration_ms: 3.275417
  ...
# Subtest: Collection shows pagination only when 12 pictures need a second page
ok 29 - Collection shows pagination only when 12 pictures need a second page
  ---
  duration_ms: 22.440042
  ...
# Subtest: Collection shows pagination only when 13 pictures need a second page
ok 30 - Collection shows pagination only when 13 pictures need a second page
  ---
  duration_ms: 9.685125
  ...
# Subtest: Filtering to one page preserves unrelated focus
ok 31 - Filtering to one page preserves unrelated focus
  ---
  duration_ms: 41.804792
  ...
# Subtest: Filtering to one page restores removed pager focus to search
ok 32 - Filtering to one page restores removed pager focus to search
  ---
  duration_ms: 37.227208
  ...
# Subtest: wide and legacy pictures adopt their own bitmap ratio for cards, full view and celebration without changing records
ok 33 - wide and legacy pictures adopt their own bitmap ratio for cards, full view and celebration without changing records
  ---
  duration_ms: 2.855333
  ...
# Subtest: Back restores the same stable picture on its page and preserves the original filter
ok 34 - Back restores the same stable picture on its page and preserves the original filter
  ---
  duration_ms: 39.426209
  ...
# Subtest: native cancel follows the same picture return path and does not clear collection context
ok 35 - native cancel follows the same picture return path and does not clear collection context
  ---
  duration_ms: 40.579875
  ...
# Subtest: a reordered collection resolves the stable picture key rather than the old card index
ok 36 - a reordered collection resolves the stable picture key rather than the old card index
  ---
  duration_ms: 33.191667
  ...
# Subtest: a removed picture clamps the page and focuses a remaining enabled card
ok 37 - a removed picture clamps the page and focuses a remaining enabled card
  ---
  duration_ms: 31.21125
  ...
# Subtest: a missing pack or empty filtered collection falls back to the enabled search field
ok 38 - a missing pack or empty filtered collection falls back to the enabled search field
  ---
  duration_ms: 31.755084
  ...
# Subtest: the underlying Collection cannot replace its open child picture
ok 39 - the underlying Collection cannot replace its open child picture
  ---
  duration_ms: 0.709708
  ...
# Subtest: Replay leaves the collection closed and preserves the host mission focus
ok 40 - Replay leaves the collection closed and preserves the host mission focus
  ---
  duration_ms: 29.909291
  ...
# Subtest: late decoding and a queued old close cannot steal focus from a new picture
ok 41 - late decoding and a queued old close cannot steal focus from a new picture
  ---
  duration_ms: 1.124041
  ...
# Subtest: a new picture hides the previous artwork and blocks actions until its own decode completes
ok 42 - a new picture hides the previous artwork and blocks actions until its own decode completes
  ---
  duration_ms: 1.023959
  ...
# Subtest: an older decode completing during rapid navigation cannot reveal or enable the newer pending picture
ok 43 - an older decode completing during rapid navigation cannot reveal or enable the newer pending picture
  ---
  duration_ms: 0.68
  ...
# Subtest: an older rejected decode cannot replace the selected ready picture with an error
ok 44 - an older rejected decode cannot replace the selected ready picture with an error
  ---
  duration_ms: 0.601416
  ...
# Subtest: a failed selected decode keeps stale pixels hidden and can be closed and retried
ok 45 - a failed selected decode keeps stale pixels hidden and can be closed and retried
  ---
  duration_ms: 0.74425
  ...
# Subtest: a rejected celebration preparation preserves the ready picture and reports failure without an unhandled promise
ok 46 - a rejected celebration preparation preserves the ready picture and reports failure without an unhandled promise
  ---
  duration_ms: 0.8215
  ...
# Subtest: a failed illustration reload cannot start a procedural celebration over the ready authored picture
ok 47 - a failed illustration reload cannot start a procedural celebration over the ready authored picture
  ---
  duration_ms: 0.334666
  ...
# Subtest: busy library import still prevents cancel until its guarded task finishes
ok 48 - busy library import still prevents cancel until its guarded task finishes
  ---
  duration_ms: 1.228833
  ...
# Subtest: profile replacement cancels pending writes before its Undo snapshot and restores the prior profile
ok 49 - profile replacement cancels pending writes before its Undo snapshot and restores the prior profile
  ---
  duration_ms: 5.323375
  ...
# Subtest: a rejected replacement boundary preserves the active profile without taking an Undo snapshot
ok 50 - a rejected replacement boundary preserves the active profile without taking an Undo snapshot
  ---
  duration_ms: 2.0675
  ...
# Subtest: a late seal updates an existing focused collection card without repaint or replacement
ok 51 - a late seal updates an existing focused collection card without repaint or replacement
  ---
  duration_ms: 19.500375
  ...
# Subtest: an already open picture receives friendly seal details without disturbing its focus or artwork
ok 52 - an already open picture receives friendly seal details without disturbing its focus or artwork
  ---
  duration_ms: 1.384416
  ...
# Subtest: late detail refresh keeps foreign records out, labels changed definitions archived and clears removed seals
ok 53 - late detail refresh keeps foreign records out, labels changed definitions archived and clears removed seals
  ---
  duration_ms: 1.264792
  ...
# Subtest: both difficulty records share a card while mode changes preserve focus and Back returns to that card
ok 54 - both difficulty records share a card while mode changes preserve focus and Back returns to that card
  ---
  duration_ms: 26.524542
  ...
# Subtest: picture Replay explicitly selects stored standard despite the opposite next-attempt preference
ok 55 - picture Replay explicitly selects stored standard despite the opposite next-attempt preference
  ---
  duration_ms: 1.468666
  ...
# Subtest: picture Replay explicitly selects stored gentle despite the opposite next-attempt preference
ok 56 - picture Replay explicitly selects stored gentle despite the opposite next-attempt preference
  ---
  duration_ms: 1.993042
  ...
# Subtest: rapid difficulty switches retain the latest image generation and keep stale actions blocked
ok 57 - rapid difficulty switches retain the latest image generation and keep stale actions blocked
  ---
  duration_ms: 1.516083
  ...
# Subtest: score and saved-attempt mode labels use exact execution keys and searchable separate boards
ok 58 - score and saved-attempt mode labels use exact execution keys and searchable separate boards
  ---
  duration_ms: 14.854333
  ...
# Subtest: a late Standard seal decorates the shared card without appearing on its selected Gentle variant
ok 59 - a late Standard seal decorates the shared card without appearing on its selected Gentle variant
  ---
  duration_ms: 7.12775
  ...
# Subtest: an open picture cannot replay a pack removed after the picture was resolved
ok 60 - an open picture cannot replay a pack removed after the picture was resolved
  ---
  duration_ms: 0.47725
  ...
# Subtest: a trusted Challenge picture keeps its activity label and replay has no campaign difficulty override
ok 61 - a trusted Challenge picture keeps its activity label and replay has no campaign difficulty override
  ---
  duration_ms: 0.365458
  ...
# Subtest: Collection shows the first earned revision after reassignment, releases images and returns keyboard focus
ok 62 - Collection shows the first earned revision after reassignment, releases images and returns keyboard focus
  ---
  duration_ms: 176.049
  ...
# Subtest: Collection retains an earned original after its pack is removed without offering replay or invented animation
ok 63 - Collection retains an earned original after its pack is removed without offering replay or invented animation
  ---
  duration_ms: 102.884875
  ...
# Subtest: an unavailable original never silently falls back to current authored artwork
ok 64 - an unavailable original never silently falls back to current authored artwork
  ---
  duration_ms: 79.517583
  ...
# Subtest: closing while an earned original decodes prevents stale canvas replacement and releases the late drawable
ok 65 - closing while an earned original decodes prevents stale canvas replacement and releases the late drawable
  ---
  duration_ms: 135.308416
  ...
# Subtest: Back keeps its scope but late metadata cannot steal focus after navigation
ok 66 - Back keeps its scope but late metadata cannot steal focus after navigation
  ---
  duration_ms: 79.771125
  ...
# Subtest: Back keeps its scope but late metadata cannot steal focus after a new Collection visit
ok 67 - Back keeps its scope but late metadata cannot steal focus after a new Collection visit
  ---
  duration_ms: 109.105708
  ...
# Subtest: Collection labels the retained score run separately from a later best medal without rewriting either record
ok 68 - Collection labels the retained score run separately from a later best medal without rewriting either record
  ---
  duration_ms: 0.725833
  ...
1..68
# tests 68
# suites 0
# pass 68
# fail 0
# cancelled 0
# skipped 0
# todo 0
# duration_ms 1164.735667
