TAP version 13
# Subtest: source labels and unavailability follow the host, without suspending or verifying on refresh
ok 1 - source labels and unavailability follow the host, without suspending or verifying on refresh
  ---
  duration_ms: 9.380959
  ...
# Subtest: one stored export verifies, rechecks authority, copies before the real web adapter, and restores controls
ok 2 - one stored export verifies, rechecks authority, copies before the real web adapter, and restores controls
  ---
  duration_ms: 4.469708
  ...
# Subtest: current replay-only export names its source and retains the matching-campaign warning
ok 3 - current replay-only export names its source and retains the matching-campaign warning
  ---
  duration_ms: 3.637875
  ...
# Subtest: button cancels verification immediately, keeps the dialog open, and rejects late publication
ok 4 - button cancels verification immediately, keeps the dialog open, and rejects late publication
  ---
  duration_ms: 3.27775
  ...
# Subtest: Escape cancels verification immediately, keeps the dialog open, and rejects late publication
ok 5 - Escape cancels verification immediately, keeps the dialog open, and rejects late publication
  ---
  duration_ms: 1.314166
  ...
# Subtest: controller Back cancels verification immediately, keeps the dialog open, and rejects late publication
ok 6 - controller Back cancels verification immediately, keeps the dialog open, and rejects late publication
  ---
  duration_ms: 0.943875
  ...
# Subtest: close aborts and suppresses a pending export without restoring focus
ok 7 - close aborts and suppresses a pending export without restoring focus
  ---
  duration_ms: 1.887875
  ...
# Subtest: pagehide aborts and suppresses a pending export without restoring focus
ok 8 - pagehide aborts and suppresses a pending export without restoring focus
  ---
  duration_ms: 1.192542
  ...
# Subtest: a stale host assertion or failed verification preserves the previous copy and permits a fresh attempt
ok 9 - a stale host assertion or failed verification preserves the previous copy and permits a fresh attempt
  ---
  duration_ms: 1.274292
  ...
# Subtest: a cancelled operation cannot clear a newer operation or overwrite its status
ok 10 - a cancelled operation cannot clear a newer operation or overwrite its status
  ---
  duration_ms: 1.106708
  ...
# Subtest: adapter failure retains the already verified copy and reports the real error
ok 11 - adapter failure retains the already verified copy and reports the real error
  ---
  duration_ms: 1.797541
  ...
# Subtest: Stop waiting keeps a requested download protected until the platform returns
ok 12 - Stop waiting keeps a requested download protected until the platform returns
  ---
  duration_ms: 1.031292
  ...
# Subtest: verified attempt download offers Stop waiting and reports the actual platform result afterward
ok 13 - verified attempt download offers Stop waiting and reports the actual platform result afterward
  ---
  duration_ms: 0.910041
  ...
# Subtest: export-backup awaits the external backup guard before preparation or download
ok 14 - export-backup awaits the external backup guard before preparation or download
  ---
  duration_ms: 0.823333
  ...
# Subtest: export-packs awaits the external backup guard before preparation or download
ok 15 - export-packs awaits the external backup guard before preparation or download
  ---
  duration_ms: 1.356209
  ...
# Subtest: import-save awaits the external backup guard before preparation or download
ok 16 - import-save awaits the external backup guard before preparation or download
  ---
  duration_ms: 0.766792
  ...
# Subtest: a cancelled Library file read cannot install or unlock a newer read
ok 17 - a cancelled Library file read cannot install or unlock a newer read
  ---
  duration_ms: 1.272333
  ...
# Subtest: rail places the exact status and escape before a held read; navigation restores their original nodes
ok 18 - rail places the exact status and escape before a held read; navigation restores their original nodes
  ---
  duration_ms: 1.433458
  ...
# Subtest: older cancelled read cannot replace a newer Packs rail or release its controls
ok 19 - older cancelled read cannot replace a newer Packs rail or release its controls
  ---
  duration_ms: 2.119042
  ...
# Subtest: attempt rail preserves count, cancel focus and exact sibling order across terminal navigation
ok 20 - attempt rail preserves count, cancel focus and exact sibling order across terminal navigation
  ---
  duration_ms: 3.927125
  ...
# Subtest: non-abortable owner reopens with its exact detached status and no stale closed rail
ok 21 - non-abortable owner reopens with its exact detached status and no stale closed rail
  ---
  duration_ms: 2.5285
  ...
# Subtest: backup navigation same-section joins cancellation then clears only the invalidated backup host
ok 22 - backup navigation same-section joins cancellation then clears only the invalidated backup host
  ---
  duration_ms: 45.769916
  ...
# Subtest: backup navigation other-section joins cancellation then clears only the invalidated backup host
ok 23 - backup navigation other-section joins cancellation then clears only the invalidated backup host
  ---
  duration_ms: 37.014958
  ...
# Subtest: backup navigation close-reopen joins cancellation then clears only the invalidated backup host
ok 24 - backup navigation close-reopen joins cancellation then clears only the invalidated backup host
  ---
  duration_ms: 21.394708
  ...
# Subtest: explicit native links preserve retry URLs, distinguish requested from prepared, then close releases every URL
ok 25 - explicit native links preserve retry URLs, distinguish requested from prepared, then close releases every URL
  ---
  duration_ms: 70.923042
  ...
# Subtest: Cancel joins the pending read before allowing another preparation and restores focus and controls
ok 26 - Cancel joins the pending read before allowing another preparation and restores focus and controls
  ---
  duration_ms: 22.870125
  ...
# Subtest: changed source rejects native activation and visibility teardown releases the next prepared set
ok 27 - changed source rejects native activation and visibility teardown releases the next prepared set
  ---
  duration_ms: 79.718041
  ...
# Subtest: actual solo host exports a paused unfinished flight without changing its checkpoint, storage or intent
ok 28 - actual solo host exports a paused unfinished flight without changing its checkpoint, storage or intent
  ---
  duration_ms: 1189.582208
  ...
# Subtest: actual Library escape cancels backup preparation without double-closing or resuming
ok 29 - actual Library escape cancels backup preparation without double-closing or resuming
  ---
  duration_ms: 1202.34125
  ...
# Subtest: actual Library controller cancels backup preparation without double-closing or resuming
ok 30 - actual Library controller cancels backup preparation without double-closing or resuming
  ---
  duration_ms: 1338.862584
  ...
# Subtest: Title Settings Library cancel consumes filename detail before native dialog close and refocus
ok 31 - Title Settings Library cancel consumes filename detail before native dialog close and refocus
  ---
  duration_ms: 375.638708
  ...
# Subtest: discovery recognizes earlier canonical versions, sorts numerically and keeps exact channel aliases
ok 32 - discovery recognizes earlier canonical versions, sorts numerically and keeps exact channel aliases
  ---
  duration_ms: 6.751167
  ...
# Subtest: discovery is bounded and unavailable storage never becomes an empty successful list
ok 33 - discovery is bounded and unavailable storage never becomes an empty successful list
  ---
  duration_ms: 0.325583
  ...
# Subtest: verified profile, pack image and live cut transfer without any source mutation
ok 34 - verified profile, pack image and live cut transfer without any source mutation
  ---
  duration_ms: 53.382916
  ...
# Subtest: only explicit null optional slots mean absence, while removed pack metadata stays visible
ok 35 - only explicit null optional slots mean absence, while removed pack metadata stays visible
  ---
  duration_ms: 9.261916
  ...
# Subtest: legacy v0.2.0 uses its actual release keys and migrates only supported optional preferences
ok 36 - legacy v0.2.0 uses its actual release keys and migrates only supported optional preferences
  ---
  duration_ms: 1.45675
  ...
# Subtest: an actual existing source writer lease prevents transfer and does not get stolen
ok 37 - an actual existing source writer lease prevents transfer and does not get stolen
  ---
  duration_ms: 2.053625
  ...
# Subtest: busy coordinator or stale/corrupt recovery markers block copy without recovery or fallback
ok 38 - busy coordinator or stale/corrupt recovery markers block copy without recovery or fallback
  ---
  duration_ms: 1.263792
  ...
# Subtest: missing, corrupt or oversized profile/pack/session data never transfers as empty success
ok 39 - missing, corrupt or oversized profile/pack/session data never transfers as empty success
  ---
  duration_ms: 6.323417
  ...
# Subtest: storage exceptions and unavailable locks reject without reads from a substitute source
ok 40 - storage exceptions and unavailable locks reject without reads from a substitute source
  ---
  duration_ms: 1.860334
  ...
# Subtest: prototype pollution and accessors are rejected without invoking user data
ok 41 - prototype pollution and accessors are rejected without invoking user data
  ---
  duration_ms: 0.853792
  ...
# Subtest: a mismatching replay checkpoint or a missing required campaign rejects the whole snapshot
ok 42 - a mismatching replay checkpoint or a missing required campaign rejects the whole snapshot
  ---
  duration_ms: 4.987208
  ...
# Subtest: source locks remain held through image verification and release on cancellation
ok 43 - source locks remain held through image verification and release on cancellation
  ---
  duration_ms: 5.796417
  ...
# Subtest: a deadline releases source locks even when a read never settles, and late reads cannot adopt
ok 44 - a deadline releases source locks even when a read never settles, and late reads cannot adopt
  ---
  duration_ms: 13.118667
  ...
# Subtest: pre-cancellation and invalid deadlines never touch source storage
ok 45 - pre-cancellation and invalid deadlines never touch source storage
  ---
  duration_ms: 0.411709
  ...
# Subtest: fingerprints use canonical complete content and a real SHA-256 digest
ok 46 - fingerprints use canonical complete content and a real SHA-256 digest
  ---
  duration_ms: 5.935042
  ...
# Subtest: storage generation and JSON key ordering do not make an unchanged review stale
ok 47 - storage generation and JSON key ordering do not make an unchanged review stale
  ---
  duration_ms: 2.639917
  ...
# Subtest: changed preferences, progress, image payload and suspended metadata each invalidate review
ok 48 - changed preferences, progress, image payload and suspended metadata each invalidate review
  ---
  duration_ms: 37.350916
  ...
# Subtest: fingerprints require prepared data and exactly 32 digest bytes
ok 49 - fingerprints require prepared data and exactly 32 digest bytes
  ---
  duration_ms: 0.506917
  ...
# Subtest: fingerprinting stays under the source locks and cancellation releases a pending digest
ok 50 - fingerprinting stays under the source locks and cancellation releases a pending digest
  ---
  duration_ms: 2.2735
  ...
# Subtest: the authored Homeward pack fits transfer budgets and hashes its full image payload
ok 51 - the authored Homeward pack fits transfer budgets and hashes its full image payload
  ---
  duration_ms: 1396.550291
  ...
# {"packBytes":11371849,"canonicalBytes":11366347,"transferMs":1287,"hashMs":37,"fingerprint":"sha256-ddc3587729d7e293501ee748b568dadba67fd595798e69346ea9cef8a9892358","imageDecoder":"header-only test adapter"}
1..51
# tests 51
# suites 0
# pass 51
# fail 0
# cancelled 0
# skipped 0
# todo 0
# duration_ms 4817.62525
