TAP version 13
# Subtest: both explicit templates compile independent owned levels with distinct goals and layouts
ok 1 - both explicit templates compile independent owned levels with distinct goals and layouts
  ---
  duration_ms: 4.293916
  type: 'test'
  ...
# Subtest: First Connection revision 2 has one connected field, a rescue perimeter, and mirrored hazards
ok 2 - First Connection revision 2 has one connected field, a rescue perimeter, and mirrored hazards
  ---
  duration_ms: 2.237458
  type: 'test'
  ...
# Subtest: Relay Yard revision 2 has one connected field, a rescue perimeter, and mirrored hazards
ok 3 - Relay Yard revision 2 has one connected field, a rescue perimeter, and mirrored hazards
  ---
  duration_ms: 2.19025
  type: 'test'
  ...
# Subtest: the revised First Connection opening contests both halves instead of granting half the field
ok 4 - the revised First Connection opening contests both halves instead of granting half the field
  ---
  duration_ms: 20.696333
  type: 'test'
  ...
# Subtest: mixed source recipes reproduce the exact two shipped authored levels
ok 5 - mixed source recipes reproduce the exact two shipped authored levels
  ---
  duration_ms: 11.635625
  type: 'test'
  ...
# Subtest: authored geometry replacements and encounter overrides are explicit and preserve their input
ok 6 - authored geometry replacements and encounter overrides are explicit and preserve their input
  ---
  duration_ms: 1.377625
  type: 'test'
  ...
# Subtest: recipes reject implicit solo conversion, goal mismatches, unsupported controls, and unsafe geometry
ok 7 - recipes reject implicit solo conversion, goal mismatches, unsupported controls, and unsafe geometry
  ---
  duration_ms: 0.827291
  type: 'test'
  ...
# Subtest: anchor access is validated before shield removal, including compiled pack imports
ok 8 - anchor access is validated before shield removal, including compiled pack imports
  ---
  duration_ms: 5.639542
  type: 'test'
  ...
# Subtest: pack boundaries reject duplicate levels, unsupported engines, solo formats and surplus fields
ok 9 - pack boundaries reject duplicate levels, unsupported engines, solo formats and surplus fields
  ---
  duration_ms: 5.865833
  type: 'test'
  ...
# Subtest: validation does not invoke accessor properties in recipes or packs
ok 10 - validation does not invoke accessor properties in recipes or packs
  ---
  duration_ms: 2.597875
  type: 'test'
  ...
# Subtest: CLI creates playable level or pack JSON, validates it, and refuses overwriting an existing file
ok 11 - CLI creates playable level or pack JSON, validates it, and refuses overwriting an existing file
  ---
  duration_ms: 12.368666
  type: 'test'
  ...
# Subtest: CLI validates mixed recipes, rejects malformed flags and bounds file input before parsing
ok 12 - CLI validates mixed recipes, rejects malformed flags and bounds file input before parsing
  ---
  duration_ms: 6.270916
  type: 'test'
  ...
# Subtest: First Connection gentle: public-command teamwork route wins and replays after exchanging seats
ok 13 - First Connection gentle: public-command teamwork route wins and replays after exchanging seats
  ---
  duration_ms: 137.707625
  type: 'test'
  ...
# {"rehearsedSeconds":9.825,"coverage":0.653781512605042,"withoutSupport":{"status":"won","downs":0,"coverage":0.653781512605042},"actualSlowEvents":0}
# Subtest: Relay Yard gentle: public-command teamwork route wins and replays after exchanging seats
ok 14 - Relay Yard gentle: public-command teamwork route wins and replays after exchanging seats
  ---
  duration_ms: 90.684917
  type: 'test'
  ...
# {"rehearsedSeconds":6.933333333333334,"coverage":0.30664395229982966,"withoutSupport":{"status":"won","downs":0,"coverage":0.30664395229982966},"actualSlowEvents":3}
# Subtest: Relay Yard gentle: walking, a safe waiting window, and local cover can win without Boost
ok 15 - Relay Yard gentle: walking, a safe waiting window, and local cover can win without Boost
  ---
  duration_ms: 74.217334
  type: 'test'
  ...
# Rehearsed walking clear: 12.88 seconds, no knockdowns.
# Subtest: First Connection gentle: short unboosted corner cuts provide a lower-risk opening
ok 16 - First Connection gentle: short unboosted corner cuts provide a lower-risk opening
  ---
  duration_ms: 11.955125
  type: 'test'
  ...
# Subtest: Relay Yard gentle: short unboosted corner cuts provide a lower-risk opening
ok 17 - Relay Yard gentle: short unboosted corner cuts provide a lower-risk opening
  ---
  duration_ms: 16.385875
  type: 'test'
  ...
# Subtest: Relay Yard gentle: upper patrol guards stop the former unopposed core shortcut
ok 18 - Relay Yard gentle: upper patrol guards stop the former unopposed core shortcut
  ---
  duration_ms: 20.338084
  type: 'test'
  ...
# Subtest: First Connection standard: public-command teamwork route wins and replays after exchanging seats
ok 19 - First Connection standard: public-command teamwork route wins and replays after exchanging seats
  ---
  duration_ms: 105.524
  type: 'test'
  ...
# {"rehearsedSeconds":9.825,"coverage":0.653781512605042,"withoutSupport":{"status":"running","downs":4,"coverage":0},"actualSlowEvents":0}
# Subtest: Relay Yard standard: public-command teamwork route wins and replays after exchanging seats
ok 20 - Relay Yard standard: public-command teamwork route wins and replays after exchanging seats
  ---
  duration_ms: 57.835666
  type: 'test'
  ...
# {"rehearsedSeconds":6.933333333333334,"coverage":0.30664395229982966,"withoutSupport":{"status":"won","downs":0,"coverage":0.30664395229982966},"actualSlowEvents":2}
# Subtest: Relay Yard standard: walking, a safe waiting window, and local cover can win without Boost
ok 21 - Relay Yard standard: walking, a safe waiting window, and local cover can win without Boost
  ---
  duration_ms: 52.873209
  type: 'test'
  ...
# Rehearsed walking clear: 12.88 seconds, no knockdowns.
# Subtest: First Connection standard: short unboosted corner cuts provide a lower-risk opening
ok 22 - First Connection standard: short unboosted corner cuts provide a lower-risk opening
  ---
  duration_ms: 6.848375
  type: 'test'
  ...
# Subtest: Relay Yard standard: short unboosted corner cuts provide a lower-risk opening
ok 23 - Relay Yard standard: short unboosted corner cuts provide a lower-risk opening
  ---
  duration_ms: 6.854958
  type: 'test'
  ...
# Subtest: Relay Yard standard: upper patrol guards stop the former unopposed core shortcut
ok 24 - Relay Yard standard: upper patrol guards stop the former unopposed core shortcut
  ---
  duration_ms: 7.659041
  type: 'test'
  ...
# Subtest: First Connection expert: public-command teamwork route wins and replays after exchanging seats
ok 25 - First Connection expert: public-command teamwork route wins and replays after exchanging seats
  ---
  duration_ms: 64.989875
  type: 'test'
  ...
# {"rehearsedSeconds":9.825,"coverage":0.653781512605042,"withoutSupport":{"status":"lost","downs":4,"coverage":0},"actualSlowEvents":2}
# Subtest: Relay Yard expert: public-command teamwork route wins and replays after exchanging seats
ok 26 - Relay Yard expert: public-command teamwork route wins and replays after exchanging seats
  ---
  duration_ms: 44.343209
  type: 'test'
  ...
# {"rehearsedSeconds":6.933333333333334,"coverage":0.30664395229982966,"withoutSupport":{"status":"lost","downs":4,"coverage":0},"actualSlowEvents":3}
# Subtest: Relay Yard expert: walking, a safe waiting window, and local cover can win without Boost
ok 27 - Relay Yard expert: walking, a safe waiting window, and local cover can win without Boost
  ---
  duration_ms: 33.698958
  type: 'test'
  ...
# Rehearsed walking clear: 12.88 seconds, no knockdowns.
# Subtest: First Connection expert: short unboosted corner cuts provide a lower-risk opening
ok 28 - First Connection expert: short unboosted corner cuts provide a lower-risk opening
  ---
  duration_ms: 4.547417
  type: 'test'
  ...
# Subtest: Relay Yard expert: short unboosted corner cuts provide a lower-risk opening
ok 29 - Relay Yard expert: short unboosted corner cuts provide a lower-risk opening
  ---
  duration_ms: 4.586333
  type: 'test'
  ...
# Subtest: Relay Yard expert: upper patrol guards stop the former unopposed core shortcut
ok 30 - Relay Yard expert: upper patrol guards stop the former unopposed core shortcut
  ---
  duration_ms: 9.494792
  type: 'test'
  ...
# Subtest: Expert walking guard window supports a real spark interception before the core is secured
ok 31 - Expert walking guard window supports a real spark interception before the core is secured
  ---
  duration_ms: 19.391459
  type: 'test'
  ...
# Subtest: Standard Yard supports unequal movement speeds and the same route after exchanging seats
ok 32 - Standard Yard supports unequal movement speeds and the same route after exchanging seats
  ---
  duration_ms: 35.032208
  type: 'test'
  ...
# Rehearsed unequal-speed clear: 11.775 seconds; one boosted player, one walking player; no knockdowns.
# Subtest: co-op validation accepts the independent arena and rejects invalid spawn geometry
ok 33 - co-op validation accepts the independent arena and rejects invalid spawn geometry
  ---
  duration_ms: 4.544125
  type: 'test'
  ...
# Subtest: invalid second-seat input is rejected before either player or the clock changes
ok 34 - invalid second-seat input is rejected before either player or the clock changes
  ---
  duration_ms: 2.130708
  type: 'test'
  ...
# Subtest: two active heads close one shared cut and claim each new field cell once
ok 35 - two active heads close one shared cut and claim each new field cell once
  ---
  duration_ms: 5.779042
  type: 'test'
  ...
# Subtest: a joint cut gives neither seat topology or coverage priority
ok 36 - a joint cut gives neither seat topology or coverage priority
  ---
  duration_ms: 2.81225
  type: 'test'
  ...
# Subtest: crossing a teammate trail is harmless and does not impersonate a head rendezvous
ok 37 - crossing a teammate trail is harmless and does not impersonate a head rendezvous
  ---
  duration_ms: 1.179167
  type: 'test'
  ...
# Subtest: safe bodies can pass through each other without a collision or capture
ok 38 - safe bodies can pass through each other without a collision or capture
  ---
  duration_ms: 1.670083
  type: 'test'
  ...
# Subtest: the comparison prototype permits head crossings when joint cuts are disabled
ok 39 - the comparison prototype permits head crossings when joint cuts are disabled
  ---
  duration_ms: 2.553083
  type: 'test'
  ...
# Subtest: same-origin trails may form a legal joint loop despite their shared prefix
ok 40 - same-origin trails may form a legal joint loop despite their shared prefix
  ---
  duration_ms: 1.693833
  type: 'test'
  ...
# Subtest: diagonal head contact at a shared-origin loop corner is symmetric and stops both banked players
ok 41 - diagonal head contact at a shared-origin loop corner is symmetric and stops both banked players
  ---
  duration_ms: 1.769459
  type: 'test'
  ...
# Subtest: capturing through an ally trail banks its safe prefix and retains its exposed suffix
ok 42 - capturing through an ally trail banks its safe prefix and retains its exposed suffix
  ---
  duration_ms: 2.118666
  type: 'test'
  ...
# Subtest: an ally inside captured territory is made safe rather than retaining the whole region
ok 43 - an ally inside captured territory is made safe rather than retaining the whole region
  ---
  duration_ms: 2.022875
  type: 'test'
  ...
# Subtest: assisted prefix banking adds its enclosed area once while the comparison retains that field
ok 44 - assisted prefix banking adds its enclosed area once while the comparison retains that field
  ---
  duration_ms: 2.112958
  type: 'test'
  ...
# Subtest: a swept enemy hit earlier in the tick defeats a later return-to-safety closure
ok 45 - a swept enemy hit earlier in the tick defeats a later return-to-safety closure
  ---
  duration_ms: 0.88575
  type: 'test'
  ...
# Subtest: an earlier enemy hit cancels the head rendezvous for either seat without banking the survivor trail
ok 46 - an earlier enemy hit cancels the head rendezvous for either seat without banking the survivor trail
  ---
  duration_ms: 1.901583
  type: 'test'
  ...
# Subtest: a return that beats enemy contact secures the trail and reflects the later enemy
ok 47 - a return that beats enemy contact secures the trail and reflects the later enemy
  ---
  duration_ms: 2.59475
  type: 'test'
  ...
# Subtest: simultaneous ordinary returns bank one union without duplicate area or seat priority
ok 48 - simultaneous ordinary returns bank one union without duplicate area or seat priority
  ---
  duration_ms: 2.736625
  type: 'test'
  ...
# Subtest: pause freezes simulation and resume cannot replay a held pre-pause movement
ok 49 - pause freezes simulation and resume cannot replay a held pre-pause movement
  ---
  duration_ms: 1.21525
  type: 'test'
  ...
# Subtest: the same seed and command log reproduce complete state regardless of render reads
ok 50 - the same seed and command log reproduce complete state regardless of render reads
  ---
  duration_ms: 24.260625
  type: 'test'
  ...
# Subtest: a full joint clear is achievable through public commands and freezes after team victory
ok 51 - a full joint clear is achievable through public commands and freezes after team victory
  ---
  duration_ms: 9.264667
  type: 'test'
  ...
# Subtest: both-down recovery spends one team reserve and held inputs cannot immediately relaunch either player
ok 52 - both-down recovery spends one team reserve and held inputs cannot immediately relaunch either player
  ---
  duration_ms: 2.192375
  type: 'test'
  ...
# Subtest: both down with no reserve resolves defeat once and never advances afterward
ok 53 - both down with no reserve resolves defeat once and never advances afterward
  ---
  duration_ms: 1.560625
  type: 'test'
  ...
# Subtest: one down with no reserve leaves the survivor active instead of ending or resetting the team
ok 54 - one down with no reserve leaves the survivor active instead of ending or resetting the team
  ---
  duration_ms: 6.453875
  type: 'test'
  ...
# Subtest: a file selected before Start cannot replace setup after returning from an attempt
ok 55 - a file selected before Start cannot replace setup after returning from an attempt
  ---
  duration_ms: 37.996458
  type: 'test'
  ...
# Subtest: invalid or oversized imports preserve the selected custom pack and challenge
ok 56 - invalid or oversized imports preserve the selected custom pack and challenge
  ---
  duration_ms: 20.765709
  type: 'test'
  ...
# Subtest: the latest file selection wins when earlier reads finish out of order
ok 57 - the latest file selection wins when earlier reads finish out of order
  ---
  duration_ms: 11.862208
  type: 'test'
  ...
# Subtest: returning to built-ins cancels an outstanding file read
ok 58 - returning to built-ins cancels an outstanding file read
  ---
  duration_ms: 11.097417
  type: 'test'
  ...
# Subtest: custom fractional coverage and multiple required cores drive the actual briefing and HUD
ok 59 - custom fractional coverage and multiple required cores drive the actual briefing and HUD
  ---
  duration_ms: 24.808208
  type: 'test'
  ...
# Subtest: lobby keyboard navigation reaches Race and accessibility controls while excluding flight pads
ok 60 - lobby keyboard navigation reaches Race and accessibility controls while excluding flight pads
  ---
  duration_ms: 58.700167
  type: 'test'
  ...
# Subtest: the selected cut rules agree across the briefing and actual start message
ok 61 - the selected cut rules agree across the briefing and actual start message
  ---
  duration_ms: 18.405167
  type: 'test'
  ...
# Subtest: real keyboard self-crossings explain the shared recovery and cause-aware retry
ok 62 - real keyboard self-crossings explain the shared recovery and cause-aware retry
  ---
  duration_ms: 193.368209
  type: 'test'
  ...
# Subtest: retry feedback counts required objectives and distinguishes enemy and spark causes
ok 63 - retry feedback counts required objectives and distinguishes enemy and spark causes
  ---
  duration_ms: 0.327375
  type: 'test'
  ...
# Subtest: a slowed enemy stays marked after the pulse, through pause and reduced effects, then expires
ok 64 - a slowed enemy stays marked after the pulse, through pause and reduced effects, then expires
  ---
  duration_ms: 7.715792
  type: 'test'
  ...
# Subtest: Auto touch uses actual controller seats while menu hiding and explicit overrides stay authoritative
ok 65 - Auto touch uses actual controller seats while menu hiding and explicit overrides stay authoritative
  ---
  duration_ms: 17.388208
  type: 'test'
  ...
# Subtest: paused Help reading and Back return to an action without resuming the shared simulation
ok 66 - paused Help reading and Back return to an action without resuming the shared simulation
  ---
  duration_ms: 266.9265
  type: 'test'
  ...
# Subtest: assigning a controller releases hidden held touch; disconnect stays paused until Resume
ok 67 - assigning a controller releases hidden held touch; disconnect stays paused until Resume
  ---
  duration_ms: 59.448042
  type: 'test'
  ...
# Subtest: Team pack reads show immediate status, Stop waiting rejects late adoption, and completion preserves deliberately moved focus
ok 68 - Team pack reads show immediate status, Stop waiting rejects late adoption, and completion preserves deliberately moved focus
  ---
  duration_ms: 7.642417
  type: 'test'
  ...
# Subtest: Back and closing the Team pack picker detach a read before reopening
ok 69 - Back and closing the Team pack picker detach a read before reopening
  ---
  duration_ms: 7.208083
  type: 'test'
  ...
# Subtest: a created pack round-trips into independent playable territory and stronghold levels
ok 70 - a created pack round-trips into independent playable territory and stronghold levels
  ---
  duration_ms: 4.093917
  type: 'test'
  ...
# Subtest: pack import rejects malformed, oversize and incompatible content without changing defaults
ok 71 - pack import rejects malformed, oversize and incompatible content without changing defaults
  ---
  duration_ms: 6.688417
  type: 'test'
  ...
# Subtest: every authored encounter field rejects nonfinite, out-of-range and unknown values
ok 72 - every authored encounter field rejects nonfinite, out-of-range and unknown values
  ---
  duration_ms: 4.674375
  type: 'test'
  ...
# Subtest: goal instructions follow authored coverage and required core counts
ok 73 - goal instructions follow authored coverage and required core counts
  ---
  duration_ms: 0.244709
  type: 'test'
  ...
# Subtest: exact injected pack/theme/asset and original bytes prepare once; Retry and confirm preserve the same decoded image
ok 74 - exact injected pack/theme/asset and original bytes prepare once; Retry and confirm preserve the same decoded image
  ---
  duration_ms: 20.164167
  type: 'test'
  ...
# Subtest: explicit procedural registration has no picture IO; absent required binding never silently falls back
ok 75 - explicit procedural registration has no picture IO; absent required binding never silently falls back
  ---
  duration_ms: 9.839125
  type: 'test'
  ...
# Subtest: same IDs and revisions do not let changed level or other pack content borrow built-in picture approval
ok 76 - same IDs and revisions do not let changed level or other pack content borrow built-in picture approval
  ---
  duration_ms: 10.561084
  type: 'test'
  ...
# Subtest: old strict game format rejects added image fields; binding tables reject URLs, duplicates and unbounded images
ok 77 - old strict game format rejects added image fields; binding tables reject URLs, duplicates and unbounded images
  ---
  duration_ms: 1.486208
  type: 'test'
  ...
# Subtest: snapshot theme and collection revisions are exact and no unavailable snapshot is silently adopted
ok 78 - snapshot theme and collection revisions are exact and no unavailable snapshot is silently adopted
  ---
  duration_ms: 6.501917
  type: 'test'
  ...
# Subtest: wrong selected asset revision, source-only quality or crop refuses before a reader is called
ok 79 - wrong selected asset revision, source-only quality or crop refuses before a reader is called
  ---
  duration_ms: 10.835459
  type: 'test'
  ...
# Subtest: wrong returned asset, corrupted original or decode failure visibly fails without accepting or falling back
ok 80 - wrong returned asset, corrupted original or decode failure visibly fails without accepting or falling back
  ---
  duration_ms: 19.350875
  type: 'test'
  ...
# Subtest: decoded dimensions must agree and a failed decode result releases its owned image
ok 81 - decoded dimensions must agree and a failed decode result releases its owned image
  ---
  duration_ms: 4.473542
  type: 'test'
  ...
# Subtest: pack and binding metadata are captured before an injected status callback can mutate them
ok 82 - pack and binding metadata are captured before an injected status callback can mutate them
  ---
  duration_ms: 7.871375
  type: 'test'
  ...
# Subtest: Retry cannot switch identity after failed acquisition; a new attempt may select the new snapshot
ok 83 - Retry cannot switch identity after failed acquisition; a new attempt may select the new snapshot
  ---
  duration_ms: 14.371625
  type: 'test'
  ...
# Subtest: Cancel then Retry owns a new pending decode; a late old result only releases its own image
ok 84 - Cancel then Retry owns a new pending decode; a late old result only releases its own image
  ---
  duration_ms: 14.334417
  type: 'test'
  ...
# Subtest: new attempt replacement is atomic and failed replacement preserves the previous decoded lease
ok 85 - new attempt replacement is atomic and failed replacement preserves the previous decoded lease
  ---
  duration_ms: 18.912667
  type: 'test'
  ...
# Subtest: dispose while decoding rejects late completion and releases it exactly once
ok 86 - dispose while decoding rejects late completion and releases it exactly once
  ---
  duration_ms: 5.702667
  type: 'test'
  ...
# Subtest: reentrant status selection cannot let the previous operation adopt or leak a picture
ok 87 - reentrant status selection cannot let the previous operation adopt or leak a picture
  ---
  duration_ms: 9.146
  type: 'test'
  ...
# Subtest: confirm rejects an interrupted gesture and mutable snapshot drift without reselecting or reading
ok 88 - confirm rejects an interrupted gesture and mutable snapshot drift without reselecting or reading
  ---
  duration_ms: 4.473625
  type: 'test'
  ...
# Subtest: a ready-status cancellation preserves the prior working lease and releases only the new candidate
ok 89 - a ready-status cancellation preserves the prior working lease and releases only the new candidate
  ---
  duration_ms: 5.331083
  type: 'test'
  ...
# Subtest: ready-status selection cannot release the prior picture before the newest candidate validates
ok 90 - ready-status selection cannot release the prior picture before the newest candidate validates
  ---
  duration_ms: 9.451625
  type: 'test'
  ...
# Subtest: a ready-time snapshot reader cannot cancel and then let the candidate adopt
ok 91 - a ready-time snapshot reader cannot cancel and then let the candidate adopt
  ---
  duration_ms: 4.988125
  type: 'test'
  ...
# Subtest: a ready-time snapshot reader cannot dispose and then let the candidate adopt
ok 92 - a ready-time snapshot reader cannot dispose and then let the candidate adopt
  ---
  duration_ms: 4.550916
  type: 'test'
  ...
# Subtest: an initial snapshot callback cannot cancel the request before pending ownership exists and still start reading
ok 93 - an initial snapshot callback cannot cancel the request before pending ownership exists and still start reading
  ---
  duration_ms: 2.769583
  type: 'test'
  ...
# Subtest: confirm rechecks gesture cancellation after its injected snapshot reader returns
ok 94 - confirm rechecks gesture cancellation after its injected snapshot reader returns
  ---
  duration_ms: 4.713541
  type: 'test'
  ...
# Subtest: previous-image cleanup can dispose the resolver without returning a released candidate
ok 95 - previous-image cleanup can dispose the resolver without returning a released candidate
  ---
  duration_ms: 5.9325
  type: 'test'
  ...
# Subtest: a throwing previous-image cleanup does not undo a successfully adopted picture
ok 96 - a throwing previous-image cleanup does not undo a successfully adopted picture
  ---
  duration_ms: 6.185917
  type: 'test'
  ...
# Subtest: matching metadata hashes still require the actual PNG header dimensions
ok 97 - matching metadata hashes still require the actual PNG header dimensions
  ---
  duration_ms: 7.409291
  type: 'test'
  ...
# Subtest: pre-aborted requests and invalid native blob type do not acquire decoded resources
ok 98 - pre-aborted requests and invalid native blob type do not acquire decoded resources
  ---
  duration_ms: 6.463167
  type: 'test'
  ...
# Subtest: legacy callers retain procedural painting and restoring the page snapshot restores that look
ok 99 - legacy callers retain procedural painting and restoring the page snapshot restores that look
  ---
  duration_ms: 14.855
  type: 'test'
  ...
# Subtest: the prepared original is drawn once with nearest sampling and only claimed land exposes it
ok 100 - the prepared original is drawn once with nearest sampling and only claimed land exposes it
  ---
  duration_ms: 5.75825
  type: 'test'
  ...
# Subtest: an explicit procedural binding uses the selected palette without pretending an image exists
ok 101 - an explicit procedural binding uses the selected palette without pretending an image exists
  ---
  duration_ms: 2.303292
  type: 'test'
  ...
# Subtest: wrong arena, stale presentation, cropped dimensions and non-nearest bindings refuse before drawing
ok 102 - wrong arena, stale presentation, cropped dimensions and non-nearest bindings refuse before drawing
  ---
  duration_ms: 4.003958
  type: 'test'
  ...
# Subtest: snapshot validation is atomic and plain text keeps its existing system-font roles
ok 103 - snapshot validation is atomic and plain text keeps its existing system-font roles
  ---
  duration_ms: 1.616584
  type: 'test'
  ...
# Subtest: all existing Team semantic cues and geometry remain above the picture in reduced paused paint
ok 104 - all existing Team semantic cues and geometry remain above the picture in reduced paused paint
  ---
  duration_ms: 2.320208
  type: 'test'
  ...
# Subtest: motion scale affects only optional pulse while paused repetition and real simulation remain identical
ok 105 - motion scale affects only optional pulse while paused repetition and real simulation remain identical
  ---
  duration_ms: 45.294834
  type: 'test'
  ...
# Subtest: drawing errors restore the borrowed canvas state without closing the supplied image
ok 106 - drawing errors restore the borrowed canvas state without closing the supplied image
  ---
  duration_ms: 0.560375
  type: 'test'
  ...
# Subtest: the existing page lease applies/restores the Team snapshot without overriding a newer owner
ok 107 - the existing page lease applies/restores the Team snapshot without overriding a newer owner
  ---
  duration_ms: 0.57275
  type: 'test'
  ...
1..107
# tests 107
# suites 0
# pass 107
# fail 0
# cancelled 0
# skipped 0
# todo 0
# duration_ms 1552.165625
