TAP version 13
# Subtest: both explicit templates compile independent owned levels with distinct goals and layouts
ok 1 - both explicit templates compile independent owned levels with distinct goals and layouts
  ---
  duration_ms: 5.993416
  ...
# Subtest: First Connection revision 2 has one connected field, a rescue perimeter, and mirrored hazards
ok 2 - First Connection revision 2 has one connected field, a rescue perimeter, and mirrored hazards
  ---
  duration_ms: 3.6455
  ...
# Subtest: Relay Yard revision 2 has one connected field, a rescue perimeter, and mirrored hazards
ok 3 - Relay Yard revision 2 has one connected field, a rescue perimeter, and mirrored hazards
  ---
  duration_ms: 2.654625
  ...
# Subtest: the revised First Connection opening contests both halves instead of granting half the field
ok 4 - the revised First Connection opening contests both halves instead of granting half the field
  ---
  duration_ms: 42.605583
  ...
# Subtest: mixed source recipes reproduce the exact two shipped authored levels
ok 5 - mixed source recipes reproduce the exact two shipped authored levels
  ---
  duration_ms: 17.669791
  ...
# Subtest: authored geometry replacements and encounter overrides are explicit and preserve their input
ok 6 - authored geometry replacements and encounter overrides are explicit and preserve their input
  ---
  duration_ms: 2.186625
  ...
# Subtest: recipes reject implicit solo conversion, goal mismatches, unsupported controls, and unsafe geometry
ok 7 - recipes reject implicit solo conversion, goal mismatches, unsupported controls, and unsafe geometry
  ---
  duration_ms: 0.820459
  ...
# Subtest: anchor access is validated before shield removal, including compiled pack imports
ok 8 - anchor access is validated before shield removal, including compiled pack imports
  ---
  duration_ms: 6.460791
  ...
# Subtest: pack boundaries reject duplicate levels, unsupported engines, solo formats and surplus fields
ok 9 - pack boundaries reject duplicate levels, unsupported engines, solo formats and surplus fields
  ---
  duration_ms: 6.436375
  ...
# Subtest: validation does not invoke accessor properties in recipes or packs
ok 10 - validation does not invoke accessor properties in recipes or packs
  ---
  duration_ms: 4.703917
  ...
# Subtest: CLI creates playable level or pack JSON, validates it, and refuses overwriting an existing file
ok 11 - CLI creates playable level or pack JSON, validates it, and refuses overwriting an existing file
  ---
  duration_ms: 30.121958
  ...
# Subtest: CLI validates mixed recipes, rejects malformed flags and bounds file input before parsing
ok 12 - CLI validates mixed recipes, rejects malformed flags and bounds file input before parsing
  ---
  duration_ms: 8.291167
  ...
# Subtest: First Connection gentle: public-command teamwork route wins and replays after exchanging seats
ok 13 - First Connection gentle: public-command teamwork route wins and replays after exchanging seats
  ---
  duration_ms: 272.734
  ...
# {"rehearsedSeconds":9.825,"coverage":0.653781512605042,"withoutSupport":{"status":"won","downs":0,"coverage":0.653781512605042},"actualSlowEvents":0}
# Subtest: Relay Yard gentle: public-command teamwork route wins and replays after exchanging seats
ok 14 - Relay Yard gentle: public-command teamwork route wins and replays after exchanging seats
  ---
  duration_ms: 100.747375
  ...
# {"rehearsedSeconds":6.933333333333334,"coverage":0.30664395229982966,"withoutSupport":{"status":"won","downs":0,"coverage":0.30664395229982966},"actualSlowEvents":3}
# Subtest: Relay Yard gentle: walking, a safe waiting window, and local cover can win without Boost
ok 15 - Relay Yard gentle: walking, a safe waiting window, and local cover can win without Boost
  ---
  duration_ms: 73.213084
  ...
# Rehearsed walking clear: 12.88 seconds, no knockdowns.
# Subtest: First Connection gentle: short unboosted corner cuts provide a lower-risk opening
ok 16 - First Connection gentle: short unboosted corner cuts provide a lower-risk opening
  ---
  duration_ms: 12.585875
  ...
# Subtest: Relay Yard gentle: short unboosted corner cuts provide a lower-risk opening
ok 17 - Relay Yard gentle: short unboosted corner cuts provide a lower-risk opening
  ---
  duration_ms: 10.8585
  ...
# Subtest: Relay Yard gentle: upper patrol guards stop the former unopposed core shortcut
ok 18 - Relay Yard gentle: upper patrol guards stop the former unopposed core shortcut
  ---
  duration_ms: 18.94875
  ...
# Subtest: First Connection standard: public-command teamwork route wins and replays after exchanging seats
ok 19 - First Connection standard: public-command teamwork route wins and replays after exchanging seats
  ---
  duration_ms: 153.957833
  ...
# {"rehearsedSeconds":9.825,"coverage":0.653781512605042,"withoutSupport":{"status":"running","downs":4,"coverage":0},"actualSlowEvents":0}
# Subtest: Relay Yard standard: public-command teamwork route wins and replays after exchanging seats
ok 20 - Relay Yard standard: public-command teamwork route wins and replays after exchanging seats
  ---
  duration_ms: 132.675208
  ...
# {"rehearsedSeconds":6.933333333333334,"coverage":0.30664395229982966,"withoutSupport":{"status":"won","downs":0,"coverage":0.30664395229982966},"actualSlowEvents":2}
# Subtest: Relay Yard standard: walking, a safe waiting window, and local cover can win without Boost
ok 21 - Relay Yard standard: walking, a safe waiting window, and local cover can win without Boost
  ---
  duration_ms: 137.843375
  ...
# Rehearsed walking clear: 12.88 seconds, no knockdowns.
# Subtest: First Connection standard: short unboosted corner cuts provide a lower-risk opening
ok 22 - First Connection standard: short unboosted corner cuts provide a lower-risk opening
  ---
  duration_ms: 12.676583
  ...
# Subtest: Relay Yard standard: short unboosted corner cuts provide a lower-risk opening
ok 23 - Relay Yard standard: short unboosted corner cuts provide a lower-risk opening
  ---
  duration_ms: 8.621542
  ...
# Subtest: Relay Yard standard: upper patrol guards stop the former unopposed core shortcut
ok 24 - Relay Yard standard: upper patrol guards stop the former unopposed core shortcut
  ---
  duration_ms: 17.005583
  ...
# Subtest: First Connection expert: public-command teamwork route wins and replays after exchanging seats
ok 25 - First Connection expert: public-command teamwork route wins and replays after exchanging seats
  ---
  duration_ms: 97.492625
  ...
# {"rehearsedSeconds":9.825,"coverage":0.653781512605042,"withoutSupport":{"status":"lost","downs":4,"coverage":0},"actualSlowEvents":2}
# Subtest: Relay Yard expert: public-command teamwork route wins and replays after exchanging seats
ok 26 - Relay Yard expert: public-command teamwork route wins and replays after exchanging seats
  ---
  duration_ms: 74.037792
  ...
# {"rehearsedSeconds":6.933333333333334,"coverage":0.30664395229982966,"withoutSupport":{"status":"lost","downs":4,"coverage":0},"actualSlowEvents":3}
# Subtest: Relay Yard expert: walking, a safe waiting window, and local cover can win without Boost
ok 27 - Relay Yard expert: walking, a safe waiting window, and local cover can win without Boost
  ---
  duration_ms: 58.285834
  ...
# Rehearsed walking clear: 12.88 seconds, no knockdowns.
# Subtest: First Connection expert: short unboosted corner cuts provide a lower-risk opening
ok 28 - First Connection expert: short unboosted corner cuts provide a lower-risk opening
  ---
  duration_ms: 9.014917
  ...
# Subtest: Relay Yard expert: short unboosted corner cuts provide a lower-risk opening
ok 29 - Relay Yard expert: short unboosted corner cuts provide a lower-risk opening
  ---
  duration_ms: 5.3095
  ...
# Subtest: Relay Yard expert: upper patrol guards stop the former unopposed core shortcut
ok 30 - Relay Yard expert: upper patrol guards stop the former unopposed core shortcut
  ---
  duration_ms: 11.868917
  ...
# Subtest: Expert walking guard window supports a real spark interception before the core is secured
ok 31 - Expert walking guard window supports a real spark interception before the core is secured
  ---
  duration_ms: 28.82025
  ...
# Subtest: Standard Yard supports unequal movement speeds and the same route after exchanging seats
ok 32 - Standard Yard supports unequal movement speeds and the same route after exchanging seats
  ---
  duration_ms: 84.970083
  ...
# Rehearsed unequal-speed clear: 11.775 seconds; one boosted player, one walking player; no knockdowns.
# Subtest: co-op validation accepts the independent arena and rejects invalid spawn geometry
ok 33 - co-op validation accepts the independent arena and rejects invalid spawn geometry
  ---
  duration_ms: 3.270958
  ...
# Subtest: invalid second-seat input is rejected before either player or the clock changes
ok 34 - invalid second-seat input is rejected before either player or the clock changes
  ---
  duration_ms: 3.045542
  ...
# Subtest: two active heads close one shared cut and claim each new field cell once
ok 35 - two active heads close one shared cut and claim each new field cell once
  ---
  duration_ms: 9.829917
  ...
# Subtest: a joint cut gives neither seat topology or coverage priority
ok 36 - a joint cut gives neither seat topology or coverage priority
  ---
  duration_ms: 4.264542
  ...
# Subtest: crossing a teammate trail is harmless and does not impersonate a head rendezvous
ok 37 - crossing a teammate trail is harmless and does not impersonate a head rendezvous
  ---
  duration_ms: 3.219041
  ...
# Subtest: safe bodies can pass through each other without a collision or capture
ok 38 - safe bodies can pass through each other without a collision or capture
  ---
  duration_ms: 1.389375
  ...
# Subtest: the comparison prototype permits head crossings when joint cuts are disabled
ok 39 - the comparison prototype permits head crossings when joint cuts are disabled
  ---
  duration_ms: 4.018625
  ...
# Subtest: same-origin trails may form a legal joint loop despite their shared prefix
ok 40 - same-origin trails may form a legal joint loop despite their shared prefix
  ---
  duration_ms: 2.620416
  ...
# Subtest: diagonal head contact at a shared-origin loop corner is symmetric and stops both banked players
ok 41 - diagonal head contact at a shared-origin loop corner is symmetric and stops both banked players
  ---
  duration_ms: 8.361959
  ...
# Subtest: capturing through an ally trail banks its safe prefix and retains its exposed suffix
ok 42 - capturing through an ally trail banks its safe prefix and retains its exposed suffix
  ---
  duration_ms: 4.040333
  ...
# Subtest: an ally inside captured territory is made safe rather than retaining the whole region
ok 43 - an ally inside captured territory is made safe rather than retaining the whole region
  ---
  duration_ms: 3.175833
  ...
# Subtest: assisted prefix banking adds its enclosed area once while the comparison retains that field
ok 44 - assisted prefix banking adds its enclosed area once while the comparison retains that field
  ---
  duration_ms: 6.587333
  ...
# Subtest: a swept enemy hit earlier in the tick defeats a later return-to-safety closure
ok 45 - a swept enemy hit earlier in the tick defeats a later return-to-safety closure
  ---
  duration_ms: 2.971833
  ...
# Subtest: an earlier enemy hit cancels the head rendezvous for either seat without banking the survivor trail
ok 46 - an earlier enemy hit cancels the head rendezvous for either seat without banking the survivor trail
  ---
  duration_ms: 3.100875
  ...
# Subtest: a return that beats enemy contact secures the trail and reflects the later enemy
ok 47 - a return that beats enemy contact secures the trail and reflects the later enemy
  ---
  duration_ms: 1.734375
  ...
# Subtest: simultaneous ordinary returns bank one union without duplicate area or seat priority
ok 48 - simultaneous ordinary returns bank one union without duplicate area or seat priority
  ---
  duration_ms: 5.463917
  ...
# Subtest: pause freezes simulation and resume cannot replay a held pre-pause movement
ok 49 - pause freezes simulation and resume cannot replay a held pre-pause movement
  ---
  duration_ms: 1.332166
  ...
# Subtest: the same seed and command log reproduce complete state regardless of render reads
ok 50 - the same seed and command log reproduce complete state regardless of render reads
  ---
  duration_ms: 36.6555
  ...
# Subtest: a full joint clear is achievable through public commands and freezes after team victory
ok 51 - a full joint clear is achievable through public commands and freezes after team victory
  ---
  duration_ms: 13.10225
  ...
# Subtest: both-down recovery spends one team reserve and held inputs cannot immediately relaunch either player
ok 52 - both-down recovery spends one team reserve and held inputs cannot immediately relaunch either player
  ---
  duration_ms: 3.4815
  ...
# Subtest: both down with no reserve resolves defeat once and never advances afterward
ok 53 - both down with no reserve resolves defeat once and never advances afterward
  ---
  duration_ms: 0.99475
  ...
# Subtest: one down with no reserve leaves the survivor active instead of ending or resetting the team
ok 54 - one down with no reserve leaves the survivor active instead of ending or resetting the team
  ---
  duration_ms: 6.33775
  ...
# Subtest: a file selected before Start cannot replace setup after returning from an attempt
ok 55 - a file selected before Start cannot replace setup after returning from an attempt
  ---
  duration_ms: 61.71125
  ...
# Subtest: invalid or oversized imports preserve the selected custom pack and challenge
ok 56 - invalid or oversized imports preserve the selected custom pack and challenge
  ---
  duration_ms: 65.503042
  ...
# Subtest: the latest file selection wins when earlier reads finish out of order
ok 57 - the latest file selection wins when earlier reads finish out of order
  ---
  duration_ms: 13.606667
  ...
# Subtest: returning to built-ins cancels an outstanding file read
ok 58 - returning to built-ins cancels an outstanding file read
  ---
  duration_ms: 20.730709
  ...
# Subtest: custom fractional coverage and multiple required cores drive the actual briefing and HUD
ok 59 - custom fractional coverage and multiple required cores drive the actual briefing and HUD
  ---
  duration_ms: 32.329834
  ...
# Subtest: lobby keyboard navigation reaches Race and accessibility controls while excluding flight pads
ok 60 - lobby keyboard navigation reaches Race and accessibility controls while excluding flight pads
  ---
  duration_ms: 68.943791
  ...
# Subtest: the selected cut rules agree across the briefing and actual start message
ok 61 - the selected cut rules agree across the briefing and actual start message
  ---
  duration_ms: 29.3495
  ...
# Subtest: real keyboard self-crossings explain the shared recovery and cause-aware retry
ok 62 - real keyboard self-crossings explain the shared recovery and cause-aware retry
  ---
  duration_ms: 298.216416
  ...
# Subtest: retry feedback counts required objectives and distinguishes enemy and spark causes
ok 63 - retry feedback counts required objectives and distinguishes enemy and spark causes
  ---
  duration_ms: 0.33025
  ...
# Subtest: a slowed enemy stays marked after the pulse, through pause and reduced effects, then expires
ok 64 - a slowed enemy stays marked after the pulse, through pause and reduced effects, then expires
  ---
  duration_ms: 9.333625
  ...
# Subtest: Auto touch uses actual controller seats while menu hiding and explicit overrides stay authoritative
ok 65 - Auto touch uses actual controller seats while menu hiding and explicit overrides stay authoritative
  ---
  duration_ms: 34.402959
  ...
# Subtest: paused Help reading and Back return to an action without resuming the shared simulation
ok 66 - paused Help reading and Back return to an action without resuming the shared simulation
  ---
  duration_ms: 597.828583
  ...
# Subtest: assigning a controller releases hidden held touch; disconnect stays paused until Resume
ok 67 - assigning a controller releases hidden held touch; disconnect stays paused until Resume
  ---
  duration_ms: 118.575667
  ...
# Subtest: Team pack reads show immediate status, Stop waiting rejects late adoption, and completion preserves deliberately moved focus
ok 68 - Team pack reads show immediate status, Stop waiting rejects late adoption, and completion preserves deliberately moved focus
  ---
  duration_ms: 7.027625
  ...
# Subtest: Back and closing the Team pack picker detach a read before reopening
ok 69 - Back and closing the Team pack picker detach a read before reopening
  ---
  duration_ms: 11.071
  ...
# Subtest: a created pack round-trips into independent playable territory and stronghold levels
ok 70 - a created pack round-trips into independent playable territory and stronghold levels
  ---
  duration_ms: 4.274583
  ...
# Subtest: pack import rejects malformed, oversize and incompatible content without changing defaults
ok 71 - pack import rejects malformed, oversize and incompatible content without changing defaults
  ---
  duration_ms: 6.886875
  ...
# Subtest: every authored encounter field rejects nonfinite, out-of-range and unknown values
ok 72 - every authored encounter field rejects nonfinite, out-of-range and unknown values
  ---
  duration_ms: 10.487708
  ...
# Subtest: goal instructions follow authored coverage and required core counts
ok 73 - goal instructions follow authored coverage and required core counts
  ---
  duration_ms: 0.536042
  ...
# Subtest: exact injected pack/theme/asset and original bytes prepare once; Retry and confirm preserve the same decoded image
ok 74 - exact injected pack/theme/asset and original bytes prepare once; Retry and confirm preserve the same decoded image
  ---
  duration_ms: 27.602666
  ...
# Subtest: explicit procedural registration has no picture IO; absent required binding never silently falls back
ok 75 - explicit procedural registration has no picture IO; absent required binding never silently falls back
  ---
  duration_ms: 8.446
  ...
# Subtest: same IDs and revisions do not let changed level or other pack content borrow built-in picture approval
ok 76 - same IDs and revisions do not let changed level or other pack content borrow built-in picture approval
  ---
  duration_ms: 17.034708
  ...
# Subtest: old strict game format rejects added image fields; binding tables reject URLs, duplicates and unbounded images
ok 77 - old strict game format rejects added image fields; binding tables reject URLs, duplicates and unbounded images
  ---
  duration_ms: 2.402792
  ...
# Subtest: snapshot theme and collection revisions are exact and no unavailable snapshot is silently adopted
ok 78 - snapshot theme and collection revisions are exact and no unavailable snapshot is silently adopted
  ---
  duration_ms: 11.779875
  ...
# Subtest: wrong selected asset revision, source-only quality or crop refuses before a reader is called
ok 79 - wrong selected asset revision, source-only quality or crop refuses before a reader is called
  ---
  duration_ms: 9.864625
  ...
# Subtest: wrong returned asset, corrupted original or decode failure visibly fails without accepting or falling back
ok 80 - wrong returned asset, corrupted original or decode failure visibly fails without accepting or falling back
  ---
  duration_ms: 11.791292
  ...
# Subtest: decoded dimensions must agree and a failed decode result releases its owned image
ok 81 - decoded dimensions must agree and a failed decode result releases its owned image
  ---
  duration_ms: 48.070458
  ...
# Subtest: pack and binding metadata are captured before an injected status callback can mutate them
ok 82 - pack and binding metadata are captured before an injected status callback can mutate them
  ---
  duration_ms: 6.420083
  ...
# Subtest: Retry cannot switch identity after failed acquisition; a new attempt may select the new snapshot
ok 83 - Retry cannot switch identity after failed acquisition; a new attempt may select the new snapshot
  ---
  duration_ms: 15.487292
  ...
# Subtest: Cancel then Retry owns a new pending decode; a late old result only releases its own image
ok 84 - Cancel then Retry owns a new pending decode; a late old result only releases its own image
  ---
  duration_ms: 12.22175
  ...
# Subtest: new attempt replacement is atomic and failed replacement preserves the previous decoded lease
ok 85 - new attempt replacement is atomic and failed replacement preserves the previous decoded lease
  ---
  duration_ms: 14.382
  ...
# Subtest: dispose while decoding rejects late completion and releases it exactly once
ok 86 - dispose while decoding rejects late completion and releases it exactly once
  ---
  duration_ms: 6.867542
  ...
# Subtest: reentrant status selection cannot let the previous operation adopt or leak a picture
ok 87 - reentrant status selection cannot let the previous operation adopt or leak a picture
  ---
  duration_ms: 8.404709
  ...
# Subtest: confirm rejects an interrupted gesture and mutable snapshot drift without reselecting or reading
ok 88 - confirm rejects an interrupted gesture and mutable snapshot drift without reselecting or reading
  ---
  duration_ms: 9.807916
  ...
# Subtest: a ready-status cancellation preserves the prior working lease and releases only the new candidate
ok 89 - a ready-status cancellation preserves the prior working lease and releases only the new candidate
  ---
  duration_ms: 12.542875
  ...
# Subtest: ready-status selection cannot release the prior picture before the newest candidate validates
ok 90 - ready-status selection cannot release the prior picture before the newest candidate validates
  ---
  duration_ms: 19.656709
  ...
# Subtest: a ready-time snapshot reader cannot cancel and then let the candidate adopt
ok 91 - a ready-time snapshot reader cannot cancel and then let the candidate adopt
  ---
  duration_ms: 14.54525
  ...
# Subtest: a ready-time snapshot reader cannot dispose and then let the candidate adopt
ok 92 - a ready-time snapshot reader cannot dispose and then let the candidate adopt
  ---
  duration_ms: 11.704
  ...
# Subtest: an initial snapshot callback cannot cancel the request before pending ownership exists and still start reading
ok 93 - an initial snapshot callback cannot cancel the request before pending ownership exists and still start reading
  ---
  duration_ms: 2.552833
  ...
# Subtest: confirm rechecks gesture cancellation after its injected snapshot reader returns
ok 94 - confirm rechecks gesture cancellation after its injected snapshot reader returns
  ---
  duration_ms: 7.325083
  ...
# Subtest: matching metadata hashes still require the actual PNG header dimensions
ok 95 - matching metadata hashes still require the actual PNG header dimensions
  ---
  duration_ms: 6.965875
  ...
# Subtest: pre-aborted requests and invalid native blob type do not acquire decoded resources
ok 96 - pre-aborted requests and invalid native blob type do not acquire decoded resources
  ---
  duration_ms: 4.3955
  ...
# Subtest: legacy callers retain procedural painting and restoring the page snapshot restores that look
ok 97 - legacy callers retain procedural painting and restoring the page snapshot restores that look
  ---
  duration_ms: 27.593792
  ...
# Subtest: the prepared original is drawn once with nearest sampling and only claimed land exposes it
ok 98 - the prepared original is drawn once with nearest sampling and only claimed land exposes it
  ---
  duration_ms: 8.376042
  ...
# Subtest: an explicit procedural binding uses the selected palette without pretending an image exists
ok 99 - an explicit procedural binding uses the selected palette without pretending an image exists
  ---
  duration_ms: 2.154125
  ...
# Subtest: wrong arena, stale presentation, cropped dimensions and non-nearest bindings refuse before drawing
ok 100 - wrong arena, stale presentation, cropped dimensions and non-nearest bindings refuse before drawing
  ---
  duration_ms: 0.815
  ...
# Subtest: snapshot validation is atomic and plain text keeps its existing system-font roles
ok 101 - snapshot validation is atomic and plain text keeps its existing system-font roles
  ---
  duration_ms: 4.899583
  ...
# Subtest: all existing Team semantic cues and geometry remain above the picture in reduced paused paint
ok 102 - all existing Team semantic cues and geometry remain above the picture in reduced paused paint
  ---
  duration_ms: 4.626041
  ...
# Subtest: motion scale affects only optional pulse while paused repetition and real simulation remain identical
ok 103 - motion scale affects only optional pulse while paused repetition and real simulation remain identical
  ---
  duration_ms: 109.894208
  ...
# Subtest: drawing errors restore the borrowed canvas state without closing the supplied image
ok 104 - drawing errors restore the borrowed canvas state without closing the supplied image
  ---
  duration_ms: 2.261917
  ...
# Subtest: the existing page lease applies/restores the Team snapshot without overriding a newer owner
ok 105 - the existing page lease applies/restores the Team snapshot without overriding a newer owner
  ---
  duration_ms: 0.517
  ...
1..105
# tests 105
# suites 0
# pass 105
# fail 0
# cancelled 0
# skipped 0
# todo 0
# duration_ms 2069.55375
