{
  "status": "PASS",
  "base": "https://mekhovov.github.io/revealline/",
  "currentVersion": "v0.60.0",
  "gameSourceRevision": "170508f11dd41204b7e24917a823f21701c15961",
  "qualifiedSourceTree": "287ea0fddf97f594af0ce9eba452a24dc5f507c7",
  "controllerCommit": "0d1f8a281a3c01768e69ac7a7de05094d03f0ee7",
  "controllerTree": "de573e29c669f3e16011ee22669c60bcf3f0dc45",
  "deploymentId": 6498129383,
  "runId": 35196541650,
  "bindingSha256": "2cdbab67013a4dac47de0fa80165039b8e85cfd2d903c076ec623be3440721bf",
  "artifactReceiptSha256": "b222d96656a398e3e2f0c3a295e0be760d6674799b0d2c91eda854e485dd8ecb",
  "expectedInventorySha256": "9e346a99ab7ca78b73ae8392a81efc5a1c25938dc55dee2bf92ccbfd47262936",
  "configurationSha256": "c6f099794cd5634a9208b565fd4f631cd2fcc969eea782e856467ebf1fc394ac",
  "catalogSha256": "3edda5240c707073c55175b43837e4f0d07c5f13c377a264c6c4d44be70bc3d2",
  "visibleFrozenVersions": [
    "v0.1.0",
    "v0.1.1",
    "v0.1.2",
    "v0.10.0",
    "v0.11.0",
    "v0.12.0",
    "v0.13.0",
    "v0.14.0",
    "v0.15.0",
    "v0.16.0",
    "v0.17.0",
    "v0.17.1",
    "v0.18.0",
    "v0.19.0",
    "v0.2.0",
    "v0.2.1",
    "v0.20.0",
    "v0.21.0",
    "v0.22.0",
    "v0.23.0",
    "v0.24.0",
    "v0.25.0",
    "v0.26.0",
    "v0.27.0",
    "v0.28.0",
    "v0.29.0",
    "v0.29.1",
    "v0.29.2",
    "v0.3.0",
    "v0.30.0",
    "v0.31.0",
    "v0.32.0",
    "v0.33.0",
    "v0.34.0",
    "v0.35.0",
    "v0.36.0",
    "v0.37.0",
    "v0.38.0",
    "v0.39.0",
    "v0.4.0",
    "v0.4.1",
    "v0.40.0",
    "v0.41.0",
    "v0.42.0",
    "v0.44.0",
    "v0.45.0",
    "v0.46.0",
    "v0.47.0",
    "v0.48.0",
    "v0.49.0",
    "v0.5.0",
    "v0.50.0",
    "v0.51.0",
    "v0.52.0",
    "v0.54.0",
    "v0.55.0",
    "v0.56.0",
    "v0.57.0",
    "v0.57.1",
    "v0.57.2",
    "v0.57.3",
    "v0.57.4",
    "v0.58.0",
    "v0.58.1",
    "v0.59.0",
    "v0.59.1",
    "v0.6.0",
    "v0.60.0",
    "v0.7.0",
    "v0.8.0",
    "v0.9.0"
  ],
  "comparisonOnlyVersions": [],
  "startedAt": "2026-09-17T07:55:35.673Z",
  "finishedAt": "2026-09-17T07:57:52.405Z",
  "mode": "full",
  "fullInventoryFiles": 2649,
  "files": 2649,
  "completedFiles": 2649,
  "expectedBytes": 638838205,
  "verifiedBytes": 638838205,
  "failedFiles": 0,
  "retries": 1,
  "skipped": [],
  "uninspectedFiles": 0,
  "allArtifactBodiesVerified": true,
  "criticalBrowserSmokeMayStart": false,
  "concurrency": 8,
  "requestTimeoutMs": 300000,
  "attemptsPerBody": 3,
  "sourcePinsUnchanged": true,
  "changedAuthorities": [],
  "failures": [],
  "runnerPins": [
    {
      "file": "/Users/oleksandr.mekhovov/work/my_projects/go_test/.cache/p05-supporting-public-audit-170508f1/tools/audit-main.mjs",
      "sha256": "c9ff83e0ba75baedfa4f7a75e9e0c44a0c062374154f99cce1af29467f68ef83"
    },
    {
      "file": "/Users/oleksandr.mekhovov/work/my_projects/go_test/.cache/p05-supporting-public-audit-170508f1/tools/http-engine.mjs",
      "sha256": "7660dd3ac7453bc31f6ba26e005340dd719986ac7fc1a29bd42b30db71b81c6d"
    },
    {
      "file": "/Users/oleksandr.mekhovov/work/my_projects/go_test/.cache/p05-supporting-public-audit-170508f1/tools/retained-catalog.json",
      "sha256": "a2d816f77f3f8af2fbbc723e3f63cccf585ec08fccddd3363436763836d0d737"
    }
  ],
  "rootGraphAndAliasesAndWorkersIncluded": true,
  "retainedHistoricalBridgesIncluded": true,
  "publicBrowserAcceptance": false,
  "boundaries": "Decoded HTTP bodies and required MIME only. Critical mode is partial; even a full pass does not prove browser play, offline, storage, migration or physical-device behavior. Pinned deployment snapshots are historical evidence, not a live API polling claim."
}
