{
  "status": "PREPARED_AUTHORITY_ONLY",
  "base": "https://mekhovov.github.io/revealline/",
  "currentVersion": "v0.60.0",
  "gameSourceRevision": "170508f11dd41204b7e24917a823f21701c15961",
  "qualifiedSourceTree": "287ea0fddf97f594af0ce9eba452a24dc5f507c7",
  "controllerCommit": "0d1f8a281a3c01768e69ac7a7de05094d03f0ee7",
  "controllerTree": "de573e29c669f3e16011ee22669c60bcf3f0dc45",
  "deploymentId": 6498129383,
  "runId": 35196541650,
  "bindingSha256": "2cdbab67013a4dac47de0fa80165039b8e85cfd2d903c076ec623be3440721bf",
  "artifactReceiptSha256": "b222d96656a398e3e2f0c3a295e0be760d6674799b0d2c91eda854e485dd8ecb",
  "expectedInventorySha256": "9e346a99ab7ca78b73ae8392a81efc5a1c25938dc55dee2bf92ccbfd47262936",
  "configurationSha256": "c6f099794cd5634a9208b565fd4f631cd2fcc969eea782e856467ebf1fc394ac",
  "catalogSha256": "3edda5240c707073c55175b43837e4f0d07c5f13c377a264c6c4d44be70bc3d2",
  "visibleFrozenVersions": [
    "v0.1.0",
    "v0.1.1",
    "v0.1.2",
    "v0.10.0",
    "v0.11.0",
    "v0.12.0",
    "v0.13.0",
    "v0.14.0",
    "v0.15.0",
    "v0.16.0",
    "v0.17.0",
    "v0.17.1",
    "v0.18.0",
    "v0.19.0",
    "v0.2.0",
    "v0.2.1",
    "v0.20.0",
    "v0.21.0",
    "v0.22.0",
    "v0.23.0",
    "v0.24.0",
    "v0.25.0",
    "v0.26.0",
    "v0.27.0",
    "v0.28.0",
    "v0.29.0",
    "v0.29.1",
    "v0.29.2",
    "v0.3.0",
    "v0.30.0",
    "v0.31.0",
    "v0.32.0",
    "v0.33.0",
    "v0.34.0",
    "v0.35.0",
    "v0.36.0",
    "v0.37.0",
    "v0.38.0",
    "v0.39.0",
    "v0.4.0",
    "v0.4.1",
    "v0.40.0",
    "v0.41.0",
    "v0.42.0",
    "v0.44.0",
    "v0.45.0",
    "v0.46.0",
    "v0.47.0",
    "v0.48.0",
    "v0.49.0",
    "v0.5.0",
    "v0.50.0",
    "v0.51.0",
    "v0.52.0",
    "v0.54.0",
    "v0.55.0",
    "v0.56.0",
    "v0.57.0",
    "v0.57.1",
    "v0.57.2",
    "v0.57.3",
    "v0.57.4",
    "v0.58.0",
    "v0.58.1",
    "v0.59.0",
    "v0.59.1",
    "v0.6.0",
    "v0.60.0",
    "v0.7.0",
    "v0.8.0",
    "v0.9.0"
  ],
  "comparisonOnlyVersions": [],
  "files": 2649,
  "expectedBytes": 638838205,
  "hiddenFiles": [
    ".nojekyll",
    ".xonix-build.json",
    "releases/v0.60.0/site/.xonix-build.json"
  ],
  "networkRequests": 0,
  "outputWrites": 0,
  "publicAcceptance": false
}
