TAP version 13
# Subtest: review: late earlier export must not replace session-only Restore warning
not ok 1 - review: late earlier export must not replace session-only Restore warning
  ---
  duration_ms: 5.67075
  type: 'test'
  location: '/Users/oleksandr.mekhovov/work/my_projects/go_test/.cache/worktrees/team-presentation-integration/game/test/journey-backup.test.mjs:693:1'
  failureType: 'testCodeFailure'
  error: |-
    Earlier export contains no restored records and cannot replace their recovery warning.
    + actual - expected

    + 'Old backup exported successfully.'
    - 'Merged in this session only. Storage failed; export now or use Retry save. This attempt is unchanged.'

  code: 'ERR_ASSERTION'
  name: 'AssertionError'
  expected: 'Merged in this session only. Storage failed; export now or use Retry save. This attempt is unchanged.'
  actual: 'Old backup exported successfully.'
  operator: 'strictEqual'
  stack: |-
    TestContext.<anonymous> (file:///Users/oleksandr.mekhovov/work/my_projects/go_test/.cache/worktrees/team-presentation-integration/game/test/journey-backup.test.mjs:708:10)
    async Test.run (node:internal/test_runner/test:1054:7)
    async startSubtestAfterBootstrap (node:internal/test_runner/harness:296:3)
  ...
1..1
# tests 1
# suites 0
# pass 0
# fail 1
# cancelled 0
# skipped 0
# todo 0
# duration_ms 394.756125
