{
  "errors": [],
  "initial": "Current release assets loaded. Changes stay in this local studio.",
  "created": "Independent theme workspace ready. Other themes and player saves are unchanged.",
  "runtime": {
    "filename": "revealline-theme-14c920ca-6854-4370-a1ff-e268e9631dbd-r2.rlruntime",
    "candidateFormat": "ThemeCandidate.v2",
    "basis": {
      "familyId": "dnipro-porcelain",
      "familyRevision": "r1",
      "interfaceId": "dnipro-porcelain",
      "interfaceRevision": "r1"
    },
    "panel": "#eef5ff",
    "source": {
      "id": "theme-14c920ca-6854-4370-a1ff-e268e9631dbd",
      "revision": 2
    }
  },
  "arcade": "35 native sprite comparisons · original on the left, selected family on the right. Both boards use the same initial state. Pixel geometry and source pictures stay unchanged; this is a visual specimen, not a recorded playtest. · Porcelain browser verification · theme-14c920ca-6854-4370-a1ff-e268e9631dbd@2Authored arcade appearanceDnipro Porcelainplayer.scout.compactplayer.scout.detailedplayer.bomber.compactplayer.bomber.detailedplayer.carrier.compactplayer.carrier.detailedplayer.interceptor.compactplayer.interceptor.detailedplayer.fiber.compactplayer.fiber.detailedplayer.impact.compactplayer.impact.detailedplayer.trapper.compactplayer.trapper.detailedenemy.bouncerenemy.border-patrolenemy.contour-patrolenemy.claimed-roverenemy.eroderenemy.lane-bossenemy.relay-sentinelterrain.wallterrain.slowterrain.lethalpickup.objectivepickup.supplypickup.lifepickup.speedpickup.slowpickup.freezeteam.anchor.availableteam.anchor.capturedteam.core.shieldedteam.core.exposedteam.core.secured",
  "simURL": "http://127.0.0.1:8799/authoring/fpv-worlds/calibration.html?themePreview=6d5a90b9-2d13-4ef0-ab6c-c6e2cfbe429d",
  "preferences": []
}
