TAP version 13
# Subtest: First Connection: earned Team victory focuses Retry; keyboard Retry preserves exact authored recipe and picture
ok 1 - First Connection: earned Team victory focuses Retry; keyboard Retry preserves exact authored recipe and picture
  ---
  duration_ms: 2739.970083
  type: 'test'
  ...
# {"boundary":"rehearsed keyboard host, finite DOM/inert Canvas; not native or human performance","coreReferenceCommands":1179,"hostCommandTicks":1179,"terminalHUD":["FIRST CONNECTION","0:09","65.4%","3 reserves","Reveal 65% together","On safe ground","On safe ground"]}
# Subtest: earned Team victory → keyboard Change setup returns to Ready without discard or automatic Start
ok 2 - earned Team victory → keyboard Change setup returns to Ready without discard or automatic Start
  ---
  duration_ms: 2663.386166
  type: 'test'
  ...
# {"boundary":"rehearsed keyboard host, finite DOM/inert Canvas; not native or human performance","coreReferenceCommands":1179,"hostCommandTicks":1179,"terminalHUD":["FIRST CONNECTION","0:09","65.4%","3 reserves","Reveal 65% together","On safe ground","On safe ground"]}
# Subtest: earned Team victory → keyboard Return to Solo retains exact one-use return ownership without another discard
ok 3 - earned Team victory → keyboard Return to Solo retains exact one-use return ownership without another discard
  ---
  duration_ms: 2639.685958
  type: 'test'
  ...
# {"boundary":"rehearsed keyboard host, finite DOM/inert Canvas; not native or human performance","coreReferenceCommands":1179,"hostCommandTicks":1179,"terminalHUD":["FIRST CONNECTION","0:09","65.4%","3 reserves","Reveal 65% together","On safe ground","On safe ground"]}
1..3
# tests 3
# suites 0
# pass 3
# fail 0
# cancelled 0
# skipped 0
# todo 0
# duration_ms 8408.424625
