TAP version 13
# Subtest: Large portrait selector is fully below the measured expanded heading
ok 1 - Large portrait selector is fully below the measured expanded heading
  ---
  duration_ms: 0.700291
  type: 'test'
  ...
# Subtest: Large landscape selector clears the measured bottom action bar
ok 2 - Large landscape selector clears the measured bottom action bar
  ---
  duration_ms: 0.565542
  type: 'test'
  ...
# Subtest: queued reflow reads current focus and leaves the heading action alone
ok 3 - queued reflow reads current focus and leaves the heading action alone
  ---
  duration_ms: 0.153083
  type: 'test'
  ...
# Subtest: large reading region retains its beginning and manual scrolling is not undone
ok 4 - large reading region retains its beginning and manual scrolling is not undone
  ---
  duration_ms: 0.094041
  type: 'test'
  ...
# Subtest: queued layout cannot alter a closed owner's scroll or focus
ok 5 - queued layout cannot alter a closed owner's scroll or focus
  ---
  duration_ms: 0.173959
  type: 'test'
  ...
# Subtest: queued layout cannot alter a hidden owner's scroll or focus
ok 6 - queued layout cannot alter a hidden owner's scroll or focus
  ---
  duration_ms: 0.132708
  type: 'test'
  ...
# Subtest: queued layout cannot alter a blurred owner's scroll or focus
ok 7 - queued layout cannot alter a blurred owner's scroll or focus
  ---
  duration_ms: 0.144584
  type: 'test'
  ...
# Subtest: queued layout cannot alter a outside owner's scroll or focus
ok 8 - queued layout cannot alter a outside owner's scroll or focus
  ---
  duration_ms: 0.061958
  type: 'test'
  ...
# Subtest: queued layout cannot alter a disposed owner's scroll or focus
ok 9 - queued layout cannot alter a disposed owner's scroll or focus
  ---
  duration_ms: 0.319125
  type: 'test'
  ...
# Subtest: opt-in label clearance keeps the field purpose visible with its focused control
ok 10 - opt-in label clearance keeps the field purpose visible with its focused control
  ---
  duration_ms: 0.293667
  type: 'test'
  ...
# Subtest: other dialogs retain control-only clearance unless they opt into labels
ok 11 - other dialogs retain control-only clearance unless they opt into labels
  ---
  duration_ms: 0.106291
  type: 'test'
  ...
# Subtest: label clearance cannot target a label outside the current dialog
ok 12 - label clearance cannot target a label outside the current dialog
  ---
  duration_ms: 0.058792
  type: 'test'
  ...
# Subtest: chapter completion restores its still-owned actual button after native disable
ok 13 - chapter completion restores its still-owned actual button after native disable
  ---
  duration_ms: 726.02925
  type: 'test'
  ...
# Subtest: chapter error restores its still-owned actual button after native disable
ok 14 - chapter error restores its still-owned actual button after native disable
  ---
  duration_ms: 312.443417
  type: 'test'
  ...
# Subtest: chapter completion does not reclaim focus after focus, even after returning to BODY
ok 15 - chapter completion does not reclaim focus after focus, even after returning to BODY
  ---
  duration_ms: 515.352125
  type: 'test'
  ...
# Subtest: chapter completion does not reclaim focus after blur, even after returning to BODY
ok 16 - chapter completion does not reclaim focus after blur, even after returning to BODY
  ---
  duration_ms: 294.462792
  type: 'test'
  ...
# Subtest: chapter completion does not reclaim focus after hidden, even after returning to BODY
ok 17 - chapter completion does not reclaim focus after hidden, even after returning to BODY
  ---
  duration_ms: 294.623667
  type: 'test'
  ...
# Subtest: chapter completion does not reclaim focus after pagehide, even after returning to BODY
ok 18 - chapter completion does not reclaim focus after pagehide, even after returning to BODY
  ---
  duration_ms: 430.409708
  type: 'test'
  ...
# Subtest: chapter completion does not reclaim focus after close, even after returning to BODY
ok 19 - chapter completion does not reclaim focus after close, even after returning to BODY
  ---
  duration_ms: 477.062875
  type: 'test'
  ...
# Subtest: chapter completion does not reclaim focus after new-dialog, even after returning to BODY
ok 20 - chapter completion does not reclaim focus after new-dialog, even after returning to BODY
  ---
  duration_ms: 468.875625
  type: 'test'
  ...
# Subtest: chapter completion does not reclaim focus after body-key, even after returning to BODY
ok 21 - chapter completion does not reclaim focus after body-key, even after returning to BODY
  ---
  duration_ms: 474.279
  type: 'test'
  ...
# Subtest: chapter enable callback choosing another control is not overwritten
ok 22 - chapter enable callback choosing another control is not overwritten
  ---
  duration_ms: 479.086875
  type: 'test'
  ...
# Subtest: install completion restores its still-owned actual button after native disable
ok 23 - install completion restores its still-owned actual button after native disable
  ---
  duration_ms: 451.161125
  type: 'test'
  ...
# Subtest: install error restores its still-owned actual button after native disable
ok 24 - install error restores its still-owned actual button after native disable
  ---
  duration_ms: 420.407375
  type: 'test'
  ...
# Subtest: install completion does not reclaim focus after focus, even after returning to BODY
ok 25 - install completion does not reclaim focus after focus, even after returning to BODY
  ---
  duration_ms: 590.459625
  type: 'test'
  ...
# Subtest: install completion does not reclaim focus after blur, even after returning to BODY
ok 26 - install completion does not reclaim focus after blur, even after returning to BODY
  ---
  duration_ms: 444.911042
  type: 'test'
  ...
# Subtest: install completion does not reclaim focus after hidden, even after returning to BODY
ok 27 - install completion does not reclaim focus after hidden, even after returning to BODY
  ---
  duration_ms: 397.993209
  type: 'test'
  ...
# Subtest: install completion does not reclaim focus after pagehide, even after returning to BODY
ok 28 - install completion does not reclaim focus after pagehide, even after returning to BODY
  ---
  duration_ms: 312.357042
  type: 'test'
  ...
# Subtest: install completion does not reclaim focus after close, even after returning to BODY
ok 29 - install completion does not reclaim focus after close, even after returning to BODY
  ---
  duration_ms: 301.48225
  type: 'test'
  ...
# Subtest: install completion does not reclaim focus after new-dialog, even after returning to BODY
ok 30 - install completion does not reclaim focus after new-dialog, even after returning to BODY
  ---
  duration_ms: 401.537333
  type: 'test'
  ...
# Subtest: install completion does not reclaim focus after body-key, even after returning to BODY
ok 31 - install completion does not reclaim focus after body-key, even after returning to BODY
  ---
  duration_ms: 412.381959
  type: 'test'
  ...
# Subtest: install enable callback choosing another control is not overwritten
ok 32 - install enable callback choosing another control is not overwritten
  ---
  duration_ms: 413.994375
  type: 'test'
  ...
# Subtest: explicit Library Cancel after three native Tabs renews return to the actual Install action
ok 33 - explicit Library Cancel after three native Tabs renews return to the actual Install action
  ---
  duration_ms: 307.153041
  type: 'test'
  ...
# Subtest: fresh explicit Cancel cannot restore after background
ok 34 - fresh explicit Cancel cannot restore after background
  ---
  duration_ms: 320.590041
  type: 'test'
  ...
# Subtest: fresh explicit Cancel cannot restore after closed-root
ok 35 - fresh explicit Cancel cannot restore after closed-root
  ---
  duration_ms: 314.322625
  type: 'test'
  ...
# Subtest: fresh explicit Cancel cannot restore after cleanup-focus
ok 36 - fresh explicit Cancel cannot restore after cleanup-focus
  ---
  duration_ms: 304.585292
  type: 'test'
  ...
# Subtest: fresh explicit Cancel cannot restore after cleanup-blur
ok 37 - fresh explicit Cancel cannot restore after cleanup-blur
  ---
  duration_ms: 302.5005
  type: 'test'
  ...
# Subtest: Cancel while actual pack commit is finishing remains detached and cannot restore focus
ok 38 - Cancel while actual pack commit is finishing remains detached and cannot restore focus
  ---
  duration_ms: 389.766958
  type: 'test'
  ...
# Subtest: fresh return intent refuses a target outside its captured dialog
ok 39 - fresh return intent refuses a target outside its captured dialog
  ---
  duration_ms: 296.951666
  type: 'test'
  ...
# Subtest: actual workshop reviews without writes, explicitly restores all originals, and prepares a separate native download
ok 40 - actual workshop reviews without writes, explicitly restores all originals, and prepares a separate native download
  ---
  duration_ms: 252.823125
  type: 'test'
  ...
# Subtest: actual preserve review distinguishes assignments while retaining current and incoming history
ok 41 - actual preserve review distinguishes assignments while retaining current and incoming history
  ---
  duration_ms: 367.703667
  type: 'test'
  ...
# Subtest: actual restore review distinguishes assignments while retaining current and incoming history
ok 42 - actual restore review distinguishes assignments while retaining current and incoming history
  ---
  duration_ms: 279.885
  type: 'test'
  ...
# Subtest: corrupt bundle, quota refusal, and stale writer keep exact prior storage and preview
ok 43 - corrupt bundle, quota refusal, and stale writer keep exact prior storage and preview
  ---
  duration_ms: 498.311792
  type: 'test'
  ...
# Subtest: review binds the exact installed catalog, selected file and explicit assignment policy
ok 44 - review binds the exact installed catalog, selected file and explicit assignment policy
  ---
  duration_ms: 110.258791
  type: 'test'
  ...
# Subtest: cancelled late review and double commands cannot publish stale restore or download
ok 45 - cancelled late review and double commands cannot publish stale restore or download
  ---
  duration_ms: 100.885958
  type: 'test'
  ...
# Subtest: allocation-time cancellation and hidden lifecycle release prepared download without late artifacts
ok 46 - allocation-time cancellation and hidden lifecycle release prepared download without late artifacts
  ---
  duration_ms: 11.774167
  type: 'test'
  ...
# Subtest: shared v3 MP3 recovery is byte-identical after originals restore
ok 47 - shared v3 MP3 recovery is byte-identical after originals restore
  ---
  duration_ms: 94.616
  type: 'test'
  ...
# Subtest: actual controller router reaches download/review/restore and held Confirm cannot apply the newly reviewed file
ok 48 - actual controller router reaches download/review/restore and held Confirm cannot apply the newly reviewed file
  ---
  duration_ms: 106.047042
  type: 'test'
  ...
# Subtest: actual classic entry gives file-URL guidance before module/storage access
ok 49 - actual classic entry gives file-URL guidance before module/storage access
  ---
  duration_ms: 4.235667
  type: 'test'
  ...
# Subtest: actual authoring entry opens no DB until explicit activation and shares one real manager for audio and media
ok 50 - actual authoring entry opens no DB until explicit activation and shares one real manager for audio and media
  ---
  duration_ms: 105.543667
  type: 'test'
  ...
# Subtest: cold workshop Escape restores the invoker blurred by its disabled loading state
ok 51 - cold workshop Escape restores the invoker blurred by its disabled loading state
  ---
  duration_ms: 13.384167
  type: 'test'
  ...
# Subtest: closing a pending workshop read restores the invoker before settling and preserves later focus
ok 52 - closing a pending workshop read restores the invoker before settling and preserves later focus
  ---
  duration_ms: 6.1405
  type: 'test'
  ...
# Subtest: v1 MP3 bytes remain exact through shared v4 upgrade and explicit native backup preparation
ok 53 - v1 MP3 bytes remain exact through shared v4 upgrade and explicit native backup preparation
  ---
  duration_ms: 86.83225
  type: 'test'
  ...
# Subtest: file URL and cancelled late source load do not open or upgrade media
ok 54 - file URL and cancelled late source load do not open or upgrade media
  ---
  duration_ms: 7.297167
  type: 'test'
  ...
# Subtest: rejected shared-store access remains visible and cannot become an empty media save
ok 55 - rejected shared-store access remains visible and cannot become an empty media save
  ---
  duration_ms: 4.694459
  type: 'test'
  ...
# Subtest: persisted pagehide cancels a pending first Open before it can create or upgrade a manager
ok 56 - persisted pagehide cancels a pending first Open before it can create or upgrade a manager
  ---
  duration_ms: 10.31425
  type: 'test'
  ...
# Subtest: existing host navigation owns Back and neutralizes native handoff; hidden page cancels the edit context
ok 57 - existing host navigation owns Back and neutralizes native handoff; hidden page cancels the edit context
  ---
  duration_ms: 18.462125
  type: 'test'
  ...
# Subtest: actual shared router prevents held Confirm across modal close and native pointer handoff
ok 58 - actual shared router prevents held Confirm across modal close and native pointer handoff
  ---
  duration_ms: 22.014875
  type: 'test'
  ...
# Subtest: opening announces the held catalogue read and Close fences its late failure
ok 59 - opening announces the held catalogue read and Close fences its late failure
  ---
  duration_ms: 3.113542
  type: 'test'
  ...
# Subtest: classic picture workshop exposes loading and Back before storage explanation
ok 60 - classic picture workshop exposes loading and Back before storage explanation
  ---
  duration_ms: 0.460208
  type: 'test'
  ...
# Subtest: native panel prepares original bytes, saves exact theme assignment, reloads and unassigns without losing history
ok 61 - native panel prepares original bytes, saves exact theme assignment, reloads and unassigns without losing history
  ---
  duration_ms: 156.877625
  type: 'test'
  ...
# Subtest: failed candidate decode or preview leaves the prior preview and saved assignment intact
ok 62 - failed candidate decode or preview leaves the prior preview and saved assignment intact
  ---
  duration_ms: 58.339
  type: 'test'
  ...
# Subtest: double commands, cancellation and stale completion cannot save or overwrite a newer preview
ok 63 - double commands, cancellation and stale completion cannot save or overwrite a newer preview
  ---
  duration_ms: 48.766291
  type: 'test'
  ...
# Subtest: stale installed context and concurrent media writer refuse the whole save
ok 64 - stale installed context and concurrent media writer refuse the whole save
  ---
  duration_ms: 40.273625
  type: 'test'
  ...
# Subtest: context switching discards an unsaved binding and close restores focus without late publication
ok 65 - context switching discards an unsaved binding and close restores focus without late publication
  ---
  duration_ms: 5.897916
  type: 'test'
  ...
# Subtest: transaction refusal keeps the previous preview/draft and stored bytes; notification failure cannot erase a successful save
ok 66 - transaction refusal keeps the previous preview/draft and stored bytes; notification failure cannot erase a successful save
  ---
  duration_ms: 52.58725
  type: 'test'
  ...
# Subtest: existing keyboard/controller navigation edits native selects and Back closes only the workshop
ok 67 - existing keyboard/controller navigation edits native selects and Back closes only the workshop
  ---
  duration_ms: 8.326167
  type: 'test'
  ...
# Subtest: file picker cancellation preserves the Still Media draft, focus and pending preview; dialog Escape still closes
ok 68 - file picker cancellation preserves the Still Media draft, focus and pending preview; dialog Escape still closes
  ---
  duration_ms: 7.383834
  type: 'test'
  ...
# Subtest: preview completion restores its initiating control after native disabled blur
ok 69 - preview completion restores its initiating control after native disabled blur
  ---
  duration_ms: 49.204417
  type: 'test'
  ...
# Subtest: preview failure restores its initiating control after native disabled blur
ok 70 - preview failure restores its initiating control after native disabled blur
  ---
  duration_ms: 77.352625
  type: 'test'
  ...
# Subtest: show-saved completion restores its initiating control after native disabled blur
ok 71 - show-saved completion restores its initiating control after native disabled blur
  ---
  duration_ms: 107.576459
  type: 'test'
  ...
# Subtest: show-saved failure restores its initiating control after native disabled blur
ok 72 - show-saved failure restores its initiating control after native disabled blur
  ---
  duration_ms: 71.095917
  type: 'test'
  ...
# Subtest: show-authored completion restores its initiating control after native disabled blur
ok 73 - show-authored completion restores its initiating control after native disabled blur
  ---
  duration_ms: 47.236458
  type: 'test'
  ...
# Subtest: show-authored failure restores its initiating control after native disabled blur
ok 74 - show-authored failure restores its initiating control after native disabled blur
  ---
  duration_ms: 48.654
  type: 'test'
  ...
# Subtest: chosen preview validation failure restores its opener without publishing a draft
ok 75 - chosen preview validation failure restores its opener without publishing a draft
  ---
  duration_ms: 5.123333
  type: 'test'
  ...
# Subtest: preview completion respects focus-away even when focus returns to BODY
ok 76 - preview completion respects focus-away even when focus returns to BODY
  ---
  duration_ms: 50.131833
  type: 'test'
  ...
# Subtest: preview completion respects body-key even when focus returns to BODY
ok 77 - preview completion respects body-key even when focus returns to BODY
  ---
  duration_ms: 49.997375
  type: 'test'
  ...
# Subtest: preview completion respects body-pointer even when focus returns to BODY
ok 78 - preview completion respects body-pointer even when focus returns to BODY
  ---
  duration_ms: 53.648583
  type: 'test'
  ...
# Subtest: preview completion respects window-blur even when focus returns to BODY
ok 79 - preview completion respects window-blur even when focus returns to BODY
  ---
  duration_ms: 51.735167
  type: 'test'
  ...
# Subtest: preview completion respects hidden even when focus returns to BODY
ok 80 - preview completion respects hidden even when focus returns to BODY
  ---
  duration_ms: 53.222917
  type: 'test'
  ...
# Subtest: preview completion respects pagehide even when focus returns to BODY
ok 81 - preview completion respects pagehide even when focus returns to BODY
  ---
  duration_ms: 51.068792
  type: 'test'
  ...
# Subtest: preview completion respects new-dialog even when focus returns to BODY
ok 82 - preview completion respects new-dialog even when focus returns to BODY
  ---
  duration_ms: 51.294125
  type: 'test'
  ...
# Subtest: programmatic preview does not capture an unrelated focused action
ok 83 - programmatic preview does not capture an unrelated focused action
  ---
  duration_ms: 4.432125
  type: 'test'
  ...
# Subtest: cancel retires a preview focus lease before its decoder settles
ok 84 - cancel retires a preview focus lease before its decoder settles
  ---
  duration_ms: 49.773125
  type: 'test'
  ...
# Subtest: invalidate retires a preview focus lease before its decoder settles
ok 85 - invalidate retires a preview focus lease before its decoder settles
  ---
  duration_ms: 53.433625
  type: 'test'
  ...
# Subtest: close retires a preview focus lease before its decoder settles
ok 86 - close retires a preview focus lease before its decoder settles
  ---
  duration_ms: 47.948584
  type: 'test'
  ...
# Subtest: dispose retires a preview focus lease before its decoder settles
ok 87 - dispose retires a preview focus lease before its decoder settles
  ---
  duration_ms: 47.8085
  type: 'test'
  ...
# Subtest: a cancelled preview cannot steal focus from the next accepted preview
ok 88 - a cancelled preview cannot steal focus from the next accepted preview
  ---
  duration_ms: 62.304708
  type: 'test'
  ...
# Subtest: close and reopen does not revive the earlier preview focus owner
ok 89 - close and reopen does not revive the earlier preview focus owner
  ---
  duration_ms: 62.00475
  type: 'test'
  ...
# Subtest: preview final enabling focus takes precedence over old focus
ok 90 - preview final enabling focus takes precedence over old focus
  ---
  duration_ms: 47.660416
  type: 'test'
  ...
# Subtest: preview final enabling invalidate takes precedence over old focus
ok 91 - preview final enabling invalidate takes precedence over old focus
  ---
  duration_ms: 47.975625
  type: 'test'
  ...
# Subtest: settled chosen preview keeps the focused original picker and label below its sticky status rail
ok 92 - settled chosen preview keeps the focused original picker and label below its sticky status rail
  ---
  duration_ms: 6.052542
  type: 'test'
  ...
# Subtest: media clearance preserves the live operation rail and Cancel ownership
ok 93 - media clearance preserves the live operation rail and Cancel ownership
  ---
  duration_ms: 3.948542
  type: 'test'
  ...
# Subtest: closed and disposed media panels retire queued clearance without refocusing an old picker
ok 94 - closed and disposed media panels retire queued clearance without refocusing an old picker
  ---
  duration_ms: 6.3315
  type: 'test'
  ...
# Subtest: no optional capability keeps the actual still-only panel and rich-v3 store unchanged
ok 95 - no optional capability keeps the actual still-only panel and rich-v3 store unchanged
  ---
  duration_ms: 67.712959
  type: 'test'
  ...
# Subtest: Prepare writes neither descriptor nor binding, Save commits both once and rejected notification retains the new generation
ok 96 - Prepare writes neither descriptor nor binding, Save commits both once and rejected notification retains the new generation
  ---
  duration_ms: 792.548667
  type: 'test'
  ...
# Subtest: historical poster A can be selected after current B; clear saves explicit null and exact saved history can be rebound
ok 97 - historical poster A can be selected after current B; clear saves explicit null and exact saved history can be rebound
  ---
  duration_ms: 1066.125917
  type: 'test'
  ...
# Subtest: unsaved poster and invalid segment cannot produce a reviewed story; picture revision change invalidates a prepared save
ok 98 - unsaved poster and invalid segment cannot produce a reviewed story; picture revision change invalidates a prepared save
  ---
  duration_ms: 226.035292
  type: 'test'
  ...
# Subtest: stale installed context, concurrent story generation and transaction refusal preserve the entire prior inventory
ok 99 - stale installed context, concurrent story generation and transaction refusal preserve the entire prior inventory
  ---
  duration_ms: 1518.706583
  type: 'test'
  ...
# Subtest: native prepared download transfers exact v2 bytes; keep-current preserves null and explicit restore restores only reviewed incoming bindings
ok 100 - native prepared download transfers exact v2 bytes; keep-current preserves null and explicit restore restores only reviewed incoming bindings
  ---
  duration_ms: 1499.546917
  type: 'test'
  ...
# Subtest: fresh restore requires actual paired poster originals, corrupt source refuses completely, and correct pairs restore exact video
ok 101 - fresh restore requires actual paired poster originals, corrupt source refuses completely, and correct pairs restore exact video
  ---
  duration_ms: 957.31975
  type: 'test'
  ...
# Subtest: Back cancels a late returned reservation without publishing Save; current source remains usable after reload
ok 102 - Back cancels a late returned reservation without publishing Save; current source remains usable after reload
  ---
  duration_ms: 258.815417
  type: 'test'
  ...
# Subtest: the existing router requires released Confirm between Prepare and Save and native Enter remains a browser action
ok 103 - the existing router requires released Confirm between Prepare and Save and native Enter remains a browser action
  ---
  duration_ms: 331.426
  type: 'test'
  ...
1..103
# tests 103
# suites 0
# pass 103
# fail 0
# cancelled 0
# skipped 0
# todo 0
# duration_ms 10940.094208
