TAP version 13
# Subtest: settled chosen preview keeps the focused original picker and label below its sticky status rail
not ok 1 - settled chosen preview keeps the focused original picker and label below its sticky status rail
  ---
  duration_ms: 18.612208
  type: 'test'
  location: '/Users/oleksandr.mekhovov/work/my_projects/go_test/.cache/worktrees/p05-picker-clearance-next/game/test/still-media-panel.test.mjs:564:1'
  failureType: 'testCodeFailure'
  error: |-
    Expected values to be strictly equal:
    + actual - expected
    
    + 682.28125
    - 654.6875
    
  code: 'ERR_ASSERTION'
  name: 'AssertionError'
  expected: 654.6875
  actual: 682.28125
  operator: 'strictEqual'
  stack: |-
    TestContext.<anonymous> (file:///Users/oleksandr.mekhovov/work/my_projects/go_test/.cache/worktrees/p05-picker-clearance-next/game/test/still-media-panel.test.mjs:576:10)
    async Test.run (node:internal/test_runner/test:1054:7)
    async startSubtestAfterBootstrap (node:internal/test_runner/harness:296:3)
  ...
1..1
# tests 1
# suites 0
# pass 0
# fail 1
# cancelled 0
# skipped 0
# todo 0
# duration_ms 104.470333
