TAP version 13
# Subtest: ordinary: shared v3 custom music reads and plays without changing existing audio/still history
ok 1 - ordinary: shared v3 custom music reads and plays without changing existing audio/still history
  ---
  duration_ms: 660.828
  ...
# Subtest: practice: shared v3 custom music reads and plays without changing existing audio/still history
ok 2 - practice: shared v3 custom music reads and plays without changing existing audio/still history
  ---
  duration_ms: 467.368042
  ...
# Subtest: course: shared v3 custom music reads and plays without changing existing audio/still history
ok 3 - course: shared v3 custom music reads and plays without changing existing audio/still history
  ---
  duration_ms: 407.839916
  ...
# Subtest: practice: current-edition v1 to DB5 opening preserves every original and metadata row
ok 4 - practice: current-edition v1 to DB5 opening preserves every original and metadata row
  ---
  duration_ms: 416.1265
  ...
# Subtest: practice: current-edition v2 to DB5 opening preserves every original and metadata row
ok 5 - practice: current-edition v2 to DB5 opening preserves every original and metadata row
  ---
  duration_ms: 424.336959
  ...
1..5
# tests 5
# suites 0
# pass 5
# fail 0
# cancelled 0
# skipped 0
# todo 0
# duration_ms 2443.782834
