TAP version 13
# Subtest: ordinary: shared v3 custom music reads and plays without changing existing audio/still history
ok 1 - ordinary: shared v3 custom music reads and plays without changing existing audio/still history # SKIP test name does not match pattern
  ---
  duration_ms: 0.494958
  ...
# Subtest: practice: shared v3 custom music reads and plays without changing existing audio/still history
not ok 2 - practice: shared v3 custom music reads and plays without changing existing audio/still history
  ---
  duration_ms: 528.359875
  location: '/Users/oleksandr.mekhovov/work/my_projects/go_test/.cache/worktrees/soundtrack-v3-latest/game/test/practice-media-v3-host.test.mjs:165:3'
  failureType: 'testCodeFailure'
  error: |-
    Every current-edition audio host adopts its v4 manager.
    
    5 !== 4
    
  code: 'ERR_ASSERTION'
  name: 'AssertionError'
  expected: 4
  actual: 5
  operator: 'strictEqual'
  stack: |-
    journey (file:///Users/oleksandr.mekhovov/work/my_projects/go_test/.cache/worktrees/soundtrack-v3-latest/game/test/practice-media-v3-host.test.mjs:127:10)
    async Test.run (node:internal/test_runner/test:797:9)
    async Test.processPendingSubtests (node:internal/test_runner/test:526:7)
  ...
# Subtest: course: shared v3 custom music reads and plays without changing existing audio/still history
ok 3 - course: shared v3 custom music reads and plays without changing existing audio/still history # SKIP test name does not match pattern
  ---
  duration_ms: 0.4175
  ...
# Subtest: practice: current-edition v1 to v4 opening preserves every original and metadata row
ok 4 - practice: current-edition v1 to v4 opening preserves every original and metadata row # SKIP test name does not match pattern
  ---
  duration_ms: 0.038084
  ...
# Subtest: practice: current-edition v2 to v4 opening preserves every original and metadata row
ok 5 - practice: current-edition v2 to v4 opening preserves every original and metadata row # SKIP test name does not match pattern
  ---
  duration_ms: 0.103125
  ...
1..5
# tests 5
# suites 0
# pass 0
# fail 1
# cancelled 0
# skipped 4
# todo 0
# duration_ms 592.584958
