TAP version 13
# Subtest: source labels and unavailability follow the host, without suspending or verifying on refresh
ok 1 - source labels and unavailability follow the host, without suspending or verifying on refresh
  ---
  duration_ms: 8.615833
  ...
# Subtest: one stored export verifies, rechecks authority, copies before the real web adapter, and restores controls
ok 2 - one stored export verifies, rechecks authority, copies before the real web adapter, and restores controls
  ---
  duration_ms: 5.994208
  ...
# Subtest: current replay-only export names its source and retains the matching-campaign warning
ok 3 - current replay-only export names its source and retains the matching-campaign warning
  ---
  duration_ms: 1.86575
  ...
# Subtest: button cancels verification immediately, keeps the dialog open, and rejects late publication
ok 4 - button cancels verification immediately, keeps the dialog open, and rejects late publication
  ---
  duration_ms: 1.728
  ...
# Subtest: Escape cancels verification immediately, keeps the dialog open, and rejects late publication
ok 5 - Escape cancels verification immediately, keeps the dialog open, and rejects late publication
  ---
  duration_ms: 2.88575
  ...
# Subtest: controller Back cancels verification immediately, keeps the dialog open, and rejects late publication
ok 6 - controller Back cancels verification immediately, keeps the dialog open, and rejects late publication
  ---
  duration_ms: 1.8425
  ...
# Subtest: close aborts and suppresses a pending export without restoring focus
ok 7 - close aborts and suppresses a pending export without restoring focus
  ---
  duration_ms: 1.09525
  ...
# Subtest: pagehide aborts and suppresses a pending export without restoring focus
ok 8 - pagehide aborts and suppresses a pending export without restoring focus
  ---
  duration_ms: 1.24175
  ...
# Subtest: a stale host assertion or failed verification preserves the previous copy and permits a fresh attempt
ok 9 - a stale host assertion or failed verification preserves the previous copy and permits a fresh attempt
  ---
  duration_ms: 3.3435
  ...
# Subtest: a cancelled operation cannot clear a newer operation or overwrite its status
ok 10 - a cancelled operation cannot clear a newer operation or overwrite its status
  ---
  duration_ms: 3.100041
  ...
# Subtest: adapter failure retains the already verified copy and reports the real error
ok 11 - adapter failure retains the already verified copy and reports the real error
  ---
  duration_ms: 1.509458
  ...
# Subtest: Stop waiting keeps a requested download protected until the platform returns
ok 12 - Stop waiting keeps a requested download protected until the platform returns
  ---
  duration_ms: 3.222667
  ...
# Subtest: verified attempt download offers Stop waiting and reports the actual platform result afterward
ok 13 - verified attempt download offers Stop waiting and reports the actual platform result afterward
  ---
  duration_ms: 0.933542
  ...
# Subtest: export-backup awaits the external backup guard before preparation or download
ok 14 - export-backup awaits the external backup guard before preparation or download
  ---
  duration_ms: 1.685
  ...
# Subtest: export-packs awaits the external backup guard before preparation or download
ok 15 - export-packs awaits the external backup guard before preparation or download
  ---
  duration_ms: 0.769667
  ...
# Subtest: import-save awaits the external backup guard before preparation or download
ok 16 - import-save awaits the external backup guard before preparation or download
  ---
  duration_ms: 2.332542
  ...
# Subtest: a cancelled Library file read cannot install or unlock a newer read
ok 17 - a cancelled Library file read cannot install or unlock a newer read
  ---
  duration_ms: 4.995625
  ...
# Subtest: rail places the exact status and escape before a held read; navigation restores their original nodes
ok 18 - rail places the exact status and escape before a held read; navigation restores their original nodes
  ---
  duration_ms: 1.01675
  ...
# Subtest: older cancelled read cannot replace a newer Packs rail or release its controls
ok 19 - older cancelled read cannot replace a newer Packs rail or release its controls
  ---
  duration_ms: 1.204708
  ...
# Subtest: attempt rail preserves count, cancel focus and exact sibling order across terminal navigation
ok 20 - attempt rail preserves count, cancel focus and exact sibling order across terminal navigation
  ---
  duration_ms: 1.040292
  ...
# Subtest: non-abortable owner reopens with its exact detached status and no stale closed rail
ok 21 - non-abortable owner reopens with its exact detached status and no stale closed rail
  ---
  duration_ms: 3.629917
  ...
# Subtest: backup navigation same-section joins cancellation then clears only the invalidated backup host
ok 22 - backup navigation same-section joins cancellation then clears only the invalidated backup host
  ---
  duration_ms: 61.079375
  ...
# Subtest: backup navigation other-section joins cancellation then clears only the invalidated backup host
ok 23 - backup navigation other-section joins cancellation then clears only the invalidated backup host
  ---
  duration_ms: 32.509042
  ...
# Subtest: backup navigation close-reopen joins cancellation then clears only the invalidated backup host
ok 24 - backup navigation close-reopen joins cancellation then clears only the invalidated backup host
  ---
  duration_ms: 32.234542
  ...
# Subtest: native-reported sticky overlap scrolls the live focused control clear without changing focus or ownership
ok 25 - native-reported sticky overlap scrolls the live focused control clear without changing focus or ownership
  ---
  duration_ms: 0.825459
  ...
# Subtest: a queued feedback layout reads current focus and cannot follow an old opener or a closed dialog
ok 26 - a queued feedback layout reads current focus and cannot follow an old opener or a closed dialog
  ---
  duration_ms: 0.7715
  ...
# Subtest: Close above feedback retains its own native scroll destination
ok 27 - Close above feedback retains its own native scroll destination
  ---
  duration_ms: 0.997375
  ...
# Subtest: a tall Library editor keeps its beginning below feedback when its full height cannot fit
ok 28 - a tall Library editor keeps its beginning below feedback when its full height cannot fit
  ---
  duration_ms: 1.110667
  ...
# Subtest: file picker cancellation cannot cancel the Library attempt export or move its focus
ok 29 - file picker cancellation cannot cancel the Library attempt export or move its focus
  ---
  duration_ms: 2.648208
  ...
# Subtest: rail 0: first/interior/last focus in both directions retains selection and outer reading position
ok 30 - rail 0: first/interior/last focus in both directions retains selection and outer reading position
  ---
  duration_ms: 3.852792
  ...
# Subtest: rail 1: first/interior/last focus in both directions retains selection and outer reading position
ok 31 - rail 1: first/interior/last focus in both directions retains selection and outer reading position
  ---
  duration_ms: 2.457
  ...
# Subtest: recorded forward card x216…396 gets nearest clearance against the x24…366 rail
ok 32 - recorded forward card x216…396 gets nearest clearance against the x24…366 rail
  ---
  duration_ms: 0.5435
  ...
# Subtest: rail borders use client geometry and a fully visible card does not move
ok 33 - rail borders use client geometry and a fully visible card does not move
  ---
  duration_ms: 0.627459
  ...
# Subtest: actual controller movement reveals a chapter without activating it
ok 34 - actual controller movement reveals a chapter without activating it
  ---
  duration_ms: 3.379208
  ...
# Subtest: resize reconciles the focused card, while later manual scroll is not continually undone
ok 35 - resize reconciles the focused card, while later manual scroll is not continually undone
  ---
  duration_ms: 0.412416
  ...
# Subtest: desktop nonoverflowing rails keep the vertical list position unchanged
ok 36 - desktop nonoverflowing rails keep the vertical list position unchanged
  ---
  duration_ms: 0.65875
  ...
# Subtest: oversized card uses one stable leading edge instead of oscillating each resize
ok 37 - oversized card uses one stable leading edge instead of oscillating each resize
  ---
  duration_ms: 1.293834
  ...
# Subtest: pending layout leaves closed-dialog ownership untouched
ok 38 - pending layout leaves closed-dialog ownership untouched
  ---
  duration_ms: 1.523959
  ...
# Subtest: pending layout leaves closed-older ownership untouched
ok 39 - pending layout leaves closed-older ownership untouched
  ---
  duration_ms: 0.416917
  ...
# Subtest: pending layout leaves hidden ownership untouched
ok 40 - pending layout leaves hidden ownership untouched
  ---
  duration_ms: 0.248167
  ...
# Subtest: pending layout leaves inert ownership untouched
ok 41 - pending layout leaves inert ownership untouched
  ---
  duration_ms: 0.779959
  ...
# Subtest: pending layout leaves disabled ownership untouched
ok 42 - pending layout leaves disabled ownership untouched
  ---
  duration_ms: 0.267125
  ...
# Subtest: pending layout leaves removed ownership untouched
ok 43 - pending layout leaves removed ownership untouched
  ---
  duration_ms: 0.231833
  ...
# Subtest: pending layout leaves outside-focus ownership untouched
ok 44 - pending layout leaves outside-focus ownership untouched
  ---
  duration_ms: 0.231583
  ...
# Subtest: pending layout leaves hidden-page ownership untouched
ok 45 - pending layout leaves hidden-page ownership untouched
  ---
  duration_ms: 0.600666
  ...
# Subtest: newer focus replaces an older queued owner without scrolling its old rail
ok 46 - newer focus replaces an older queued owner without scrolling its old rail
  ---
  duration_ms: 0.349667
  ...
# Subtest: blur and persisted pagehide retire old callbacks without clearing a newer restored job
ok 47 - blur and persisted pagehide retire old callbacks without clearing a newer restored job
  ---
  duration_ms: 0.386959
  ...
# Subtest: terminal pagehide and destroy remove listeners, observer and stale callbacks
ok 48 - terminal pagehide and destroy remove listeners, observer and stale callbacks
  ---
  duration_ms: 1.320417
  ...
# Subtest: invalid or zero client geometry does not write a fabricated scroll offset
ok 49 - invalid or zero client geometry does not write a fabricated scroll offset
  ---
  duration_ms: 0.403958
  ...
# Subtest: inner preparation repairs the recorded hidden chapter before fresh outer sticky measurements
ok 50 - inner preparation repairs the recorded hidden chapter before fresh outer sticky measurements
  ---
  duration_ms: 2.344291
  ...
# Subtest: nested preparation composes with bordered outer top clearance
ok 51 - nested preparation composes with bordered outer top clearance
  ---
  duration_ms: 0.86225
  ...
# Subtest: nested preparation composes with bordered outer bottom clearance
ok 52 - nested preparation composes with bordered outer bottom clearance
  ---
  duration_ms: 1.102959
  ...
# Subtest: the summary participates in the same composed clearance
ok 53 - the summary participates in the same composed clearance
  ---
  duration_ms: 0.925
  ...
# Subtest: the olderCard participates in the same composed clearance
ok 54 - the olderCard participates in the same composed clearance
  ---
  duration_ms: 0.243
  ...
# Subtest: settled refresh does not oscillate and ordinary reading scroll schedules no correction
ok 55 - settled refresh does not oscillate and ordinary reading scroll schedules no correction
  ---
  duration_ms: 0.835125
  ...
# Subtest: inner client borders are excluded and oversized targets use a stable top edge
ok 56 - inner client borders are excluded and oversized targets use a stable top edge
  ---
  duration_ms: 0.437375
  ...
# Subtest: inner movement clamps to its actual range when the requested clearance is impossible
ok 57 - inner movement clamps to its actual range when the requested clearance is impossible
  ---
  duration_ms: 0.422416
  ...
# Subtest: pure preparation does not scroll a visible-overflow container
ok 58 - pure preparation does not scroll a visible-overflow container
  ---
  duration_ms: 0.274584
  ...
# Subtest: pure preparation does not scroll a no-overflow container
ok 59 - pure preparation does not scroll a no-overflow container
  ---
  duration_ms: 0.306167
  ...
# Subtest: pure preparation does not scroll a zero-height container
ok 60 - pure preparation does not scroll a zero-height container
  ---
  duration_ms: 0.122292
  ...
# Subtest: pure preparation does not scroll a unrelated-section container
ok 61 - pure preparation does not scroll a unrelated-section container
  ---
  duration_ms: 0.161667
  ...
# Subtest: pure nested preparation rejects closed-dialog ownership
ok 62 - pure nested preparation rejects closed-dialog ownership
  ---
  duration_ms: 0.115875
  ...
# Subtest: pure nested preparation rejects closed-older ownership
ok 63 - pure nested preparation rejects closed-older ownership
  ---
  duration_ms: 0.122875
  ...
# Subtest: pure nested preparation rejects hidden ownership
ok 64 - pure nested preparation rejects hidden ownership
  ---
  duration_ms: 0.139834
  ...
# Subtest: pure nested preparation rejects inert ownership
ok 65 - pure nested preparation rejects inert ownership
  ---
  duration_ms: 0.087208
  ...
# Subtest: pure nested preparation rejects disabled ownership
ok 66 - pure nested preparation rejects disabled ownership
  ---
  duration_ms: 0.087541
  ...
# Subtest: pure nested preparation rejects disconnected ownership
ok 67 - pure nested preparation rejects disconnected ownership
  ---
  duration_ms: 0.168791
  ...
# Subtest: pure nested preparation rejects stale-focus ownership
ok 68 - pure nested preparation rejects stale-focus ownership
  ---
  duration_ms: 0.080083
  ...
# Subtest: without the optional hook, absent focus still updates ordinary sticky padding
ok 69 - without the optional hook, absent focus still updates ordinary sticky padding
  ---
  duration_ms: 0.326
  ...
# Subtest: without the optional hook, outside focus still updates ordinary sticky padding
ok 70 - without the optional hook, outside focus still updates ordinary sticky padding
  ---
  duration_ms: 0.263875
  ...
# Subtest: without the optional hook, disabled focus still updates ordinary sticky padding
ok 71 - without the optional hook, disabled focus still updates ordinary sticky padding
  ---
  duration_ms: 0.117375
  ...
# Subtest: without the optional hook, back focus still updates ordinary sticky padding
ok 72 - without the optional hook, back focus still updates ordinary sticky padding
  ---
  duration_ms: 1.369958
  ...
# Subtest: without the optional hook, deploy focus still updates ordinary sticky padding
ok 73 - without the optional hook, deploy focus still updates ordinary sticky padding
  ---
  duration_ms: 0.496125
  ...
# Subtest: queued opt-in work uses the current focus and cannot prepare a retired owner
ok 74 - queued opt-in work uses the current focus and cannot prepare a retired owner
  ---
  duration_ms: 0.175167
  ...
# Subtest: a hook that changes focus cannot make outer scrolling follow its stale target
ok 75 - a hook that changes focus cannot make outer scrolling follow its stale target
  ---
  duration_ms: 0.318291
  ...
# Subtest: synchronous disposal from preparation cannot revive cleared padding or scroll owners
ok 76 - synchronous disposal from preparation cannot revive cleared padding or scroll owners
  ---
  duration_ms: 0.154583
  ...
# Subtest: closed Older summary at the content endpoint needs genuine trailing focus space
ok 77 - closed Older summary at the content endpoint needs genuine trailing focus space
  ---
  duration_ms: 0.214084
  ...
# Subtest: Boost preference previews cancel without writes and commit once through the native setting
ok 78 - Boost preference previews cancel without writes and commit once through the native setting
  ---
  duration_ms: 4.003875
  ...
# Subtest: select browsing uses a separate preview, and Back cancels without changing or firing native handlers
ok 79 - select browsing uses a separate preview, and Back cancels without changing or firing native handlers
  ---
  duration_ms: 0.811333
  ...
# Subtest: selection previews describe the configured menu buttons without changing draft semantics
ok 80 - selection previews describe the configured menu buttons without changing draft semantics
  ---
  duration_ms: 0.896
  ...
# Subtest: select Confirm commits once through the existing change handler and ignores disabled choices
ok 81 - select Confirm commits once through the existing change handler and ignores disabled choices
  ---
  duration_ms: 2.762583
  ...
# Subtest: stale disabled cancels a select preview without activating its replacement on the same Confirm
ok 82 - stale disabled cancels a select preview without activating its replacement on the same Confirm
  ---
  duration_ms: 0.429375
  ...
# Subtest: stale hidden cancels a select preview without activating its replacement on the same Confirm
ok 83 - stale hidden cancels a select preview without activating its replacement on the same Confirm
  ---
  duration_ms: 0.334083
  ...
# Subtest: stale detached cancels a select preview without activating its replacement on the same Confirm
ok 84 - stale detached cancels a select preview without activating its replacement on the same Confirm
  ---
  duration_ms: 0.337208
  ...
# Subtest: stale options cancels a select preview without activating its replacement on the same Confirm
ok 85 - stale options cancels a select preview without activating its replacement on the same Confirm
  ---
  duration_ms: 0.377125
  ...
# Subtest: stale value cancels a select preview without activating its replacement on the same Confirm
ok 86 - stale value cancels a select preview without activating its replacement on the same Confirm
  ---
  duration_ms: 1.028625
  ...
# Subtest: stale focus cancels a select preview without activating its replacement on the same Confirm
ok 87 - stale focus cancels a select preview without activating its replacement on the same Confirm
  ---
  duration_ms: 0.962458
  ...
# Subtest: stale scope cancels a select preview without activating its replacement on the same Confirm
ok 88 - stale scope cancels a select preview without activating its replacement on the same Confirm
  ---
  duration_ms: 1.002875
  ...
# Subtest: modal root traps navigation and delegates protected Back without closing or touching background actions
ok 89 - modal root traps navigation and delegates protected Back without closing or touching background actions
  ---
  duration_ms: 1.868416
  ...
# Subtest: linear navigation skips hidden, disabled, inert, closed disclosure and host-rejected controls
ok 90 - linear navigation skips hidden, disabled, inert, closed disclosure and host-rejected controls
  ---
  duration_ms: 1.874333
  ...
# Subtest: gallery-grid uses geometric neighbors within a two-column layout
ok 91 - gallery-grid uses geometric neighbors within a two-column layout
  ---
  duration_ms: 1.489583
  ...
# Subtest: missions uses geometric neighbors within a two-column layout
ok 92 - missions uses geometric neighbors within a two-column layout
  ---
  duration_ms: 1.174459
  ...
# Subtest: slider draft clamps and commits one input/change pair; cancellation never writes the real value
ok 93 - slider draft clamps and commits one input/change pair; cancellation never writes the real value
  ---
  duration_ms: 3.939125
  ...
# Subtest: buttons and checkboxes activate through their existing handlers once per logical edge
ok 94 - buttons and checkboxes activate through their existing handlers once per logical edge
  ---
  duration_ms: 0.368416
  ...
# Subtest: file and text controls explain the host limitation without opening a picker or changing text
ok 95 - file and text controls explain the host limitation without opening a picker or changing text
  ---
  duration_ms: 0.336792
  ...
# Subtest: pointerdown relinquishes controller focus and cancels an uncommitted edit
ok 96 - pointerdown relinquishes controller focus and cancels an uncommitted edit
  ---
  duration_ms: 0.270167
  ...
# Subtest: keydown relinquishes controller focus and cancels an uncommitted edit
ok 97 - keydown relinquishes controller focus and cancels an uncommitted edit
  ---
  duration_ms: 0.226083
  ...
# Subtest: external focus changes cancel editing and a flight scope suppresses all menu actions
ok 98 - external focus changes cancel editing and a flight scope suppresses all menu actions
  ---
  duration_ms: 0.291334
  ...
# Subtest: destroy removes listeners and prevents all later controller actions
ok 99 - destroy removes listeners and prevents all later controller actions
  ---
  duration_ms: 0.123125
  ...
# Subtest: sync cancels a stale editor immediately, and an unchanged scope token cannot retain the old modal root
ok 100 - sync cancels a stale editor immediately, and an unchanged scope token cannot retain the old modal root
  ---
  duration_ms: 0.454084
  ...
# Subtest: a slider range change invalidates the draft before Confirm can commit an obsolete value
ok 101 - a slider range change invalidates the draft before Confirm can commit an obsolete value
  ---
  duration_ms: 0.325583
  ...
# Subtest: Menu cancels an editor first; clear relinquishes navigation without destroying normal DOM controls
ok 102 - Menu cancels an editor first; clear relinquishes navigation without destroying normal DOM controls
  ---
  duration_ms: 0.621083
  ...
# Subtest: a disabled focused button cannot redirect its Confirm into a neighboring destructive action
ok 103 - a disabled focused button cannot redirect its Confirm into a neighboring destructive action
  ---
  duration_ms: 0.6445
  ...
# Subtest: returning from a picture preserves the newly restored gallery origin instead of the modal default
ok 104 - returning from a picture preserves the newly restored gallery origin instead of the modal default
  ---
  duration_ms: 0.240459
  ...
# Subtest: joining engages the default focus without activating it or leaking the join into Confirm
ok 105 - joining engages the default focus without activating it or leaking the join into Confirm
  ---
  duration_ms: 0.462
  ...
# Subtest: engaging a new scope preserves a host-restored gallery card without opening it
ok 106 - engaging a new scope preserves a host-restored gallery card without opening it
  ---
  duration_ms: 0.308792
  ...
# Subtest: engage never enters menu navigation during flight or after destruction
ok 107 - engage never enters menu navigation during flight or after destruction
  ---
  duration_ms: 0.206667
  ...
# Subtest: select previews stay outside the enclosing label and preserve its name source
ok 108 - select previews stay outside the enclosing label and preserve its name source
  ---
  duration_ms: 0.730917
  ...
# Subtest: range previews stay outside the enclosing label and preserve its name source
ok 109 - range previews stay outside the enclosing label and preserve its name source
  ---
  duration_ms: 0.411625
  ...
# Subtest: reading entry focuses a named region before notification and returns owned metadata
ok 110 - reading entry focuses a named region before notification and returns owned metadata
  ---
  duration_ms: 0.524583
  ...
# Subtest: reading hint refresh changes current copy without focus, transitions or stale scope publication
ok 111 - reading hint refresh changes current copy without focus, transitions or stale scope publication
  ---
  duration_ms: 0.222584
  ...
# Subtest: reader scrolls vertically to both endpoints without moving focus, wrapping or repeating edge announcements
ok 112 - reader scrolls vertically to both endpoints without moving focus, wrapping or repeating edge announcements
  ---
  duration_ms: 0.523917
  ...
# Subtest: small and nonoverflowing readers have bounded steps and always permit immediate exit
ok 113 - small and nonoverflowing readers have bounded steps and always permit immediate exit
  ---
  duration_ms: 0.205833
  ...
# Subtest: reading back ends once and consumes the complete gesture before host actions
ok 114 - reading back ends once and consumes the complete gesture before host actions
  ---
  duration_ms: 0.172458
  ...
# Subtest: reading confirm ends once and consumes the complete gesture before host actions
ok 115 - reading confirm ends once and consumes the complete gesture before host actions
  ---
  duration_ms: 0.142375
  ...
# Subtest: reading menu ends once and consumes the complete gesture before host actions
ok 116 - reading menu ends once and consumes the complete gesture before host actions
  ---
  duration_ms: 0.104375
  ...
# Subtest: entry validates the entire surface before replacing a reader or cancelling an editor
ok 117 - entry validates the entire surface before replacing a reader or cancelling an editor
  ---
  duration_ms: 1.148542
  ...
# Subtest: removed region cancels reading and cannot redirect the invalidating Confirm to another action
ok 118 - removed region cancels reading and cannot redirect the invalidating Confirm to another action
  ---
  duration_ms: 0.508333
  ...
# Subtest: changed region identity cancels reading and cannot redirect the invalidating Confirm to another action
ok 119 - changed region identity cancels reading and cannot redirect the invalidating Confirm to another action
  ---
  duration_ms: 0.3
  ...
# Subtest: hidden region cancels reading and cannot redirect the invalidating Confirm to another action
ok 120 - hidden region cancels reading and cannot redirect the invalidating Confirm to another action
  ---
  duration_ms: 0.212083
  ...
# Subtest: inert region cancels reading and cannot redirect the invalidating Confirm to another action
ok 121 - inert region cancels reading and cannot redirect the invalidating Confirm to another action
  ---
  duration_ms: 0.204333
  ...
# Subtest: removed origin cancels reading and cannot redirect the invalidating Confirm to another action
ok 122 - removed origin cancels reading and cannot redirect the invalidating Confirm to another action
  ---
  duration_ms: 0.188292
  ...
# Subtest: disabled origin cancels reading and cannot redirect the invalidating Confirm to another action
ok 123 - disabled origin cancels reading and cannot redirect the invalidating Confirm to another action
  ---
  duration_ms: 0.307916
  ...
# Subtest: replaced content cancels reading and cannot redirect the invalidating Confirm to another action
ok 124 - replaced content cancels reading and cannot redirect the invalidating Confirm to another action
  ---
  duration_ms: 0.978416
  ...
# Subtest: removed marker cancels reading and cannot redirect the invalidating Confirm to another action
ok 125 - removed marker cancels reading and cannot redirect the invalidating Confirm to another action
  ---
  duration_ms: 0.340792
  ...
# Subtest: collapsed viewport cancels reading and cannot redirect the invalidating Confirm to another action
ok 126 - collapsed viewport cancels reading and cannot redirect the invalidating Confirm to another action
  ---
  duration_ms: 0.248667
  ...
# Subtest: scope and root changes cancel reading without restoring stale focus or activating the next dialog
ok 127 - scope and root changes cancel reading without restoring stale focus or activating the next dialog
  ---
  duration_ms: 1.240292
  ...
# Subtest: native focus, pointer and keyboard relinquish reading without stealing focus or swallowing native keys
ok 128 - native focus, pointer and keyboard relinquish reading without stealing focus or swallowing native keys
  ---
  duration_ms: 0.923375
  ...
# Subtest: an end-only Done button stays harmless after pointerdown already cancelled reading
ok 129 - an end-only Done button stays harmless after pointerdown already cancelled reading
  ---
  duration_ms: 0.138708
  ...
# Subtest: lifecycle clear cancels reading once, preserves scroll position and consumes stale input
ok 130 - lifecycle clear cancels reading once, preserves scroll position and consumes stale input
  ---
  duration_ms: 0.179917
  ...
# Subtest: real remapped router drives reading repeats and gates held buttons/sticks across entry and exit
ok 131 - real remapped router drives reading repeats and gates held buttons/sticks across entry and exit
  ---
  duration_ms: 1.940708
  ...
# Subtest: held Retry Confirm cannot leave the loss reader or leak ability and Toggle Boost into flight
ok 132 - held Retry Confirm cannot leave the loss reader or leak ability and Toggle Boost into flight
  ---
  duration_ms: 9.745167
  ...
# Subtest: reopening changed content starts at the top while unchanged content keeps its reading position
ok 133 - reopening changed content starts at the top while unchanged content keeps its reading position
  ---
  duration_ms: 0.398375
  ...
# Subtest: registered Done preserves the reader until native click and restores the origin after host disables Done
ok 134 - registered Done preserves the reader until native click and restores the origin after host disables Done
  ---
  duration_ms: 0.442667
  ...
# Subtest: Done descendant taps keep click semantics; pointercancel and other pointer gestures still relinquish
ok 135 - Done descendant taps keep click semantics; pointercancel and other pointer gestures still relinquish
  ---
  duration_ms: 3.0485
  ...
# Subtest: native scroll opt-in retains reading through primary pan adoption and the real Done click
ok 136 - native scroll opt-in retains reading through primary pan adoption and the real Done click
  ---
  duration_ms: 0.807834
  ...
# Subtest: native scrolling opt-in leaves the default pointer relinquish policy unchanged
ok 137 - native scrolling opt-in leaves the default pointer relinquish policy unchanged
  ---
  duration_ms: 0.270667
  ...
# Subtest: native scroll opt-in does not retain a rejected primary gesture: {"button":2}
ok 138 - native scroll opt-in does not retain a rejected primary gesture: {"button":2}
  ---
  duration_ms: 0.20825
  ...
# Subtest: native scroll opt-in does not retain a rejected primary gesture: {"isPrimary":false}
ok 139 - native scroll opt-in does not retain a rejected primary gesture: {"isPrimary":false}
  ---
  duration_ms: 0.111375
  ...
# Subtest: native scroll opt-in does not retain a rejected primary gesture: {"defaultPrevented":true}
ok 140 - native scroll opt-in does not retain a rejected primary gesture: {"defaultPrevented":true}
  ---
  duration_ms: 0.110083
  ...
# Subtest: native scroll opt-in does not retain a rejected primary gesture: {"cancelable":false}
ok 141 - native scroll opt-in does not retain a rejected primary gesture: {"cancelable":false}
  ---
  duration_ms: 0.106958
  ...
# Subtest: native pointerdown cannot retain reading with stale scope
ok 142 - native pointerdown cannot retain reading with stale scope
  ---
  duration_ms: 0.124709
  ...
# Subtest: native pointerdown cannot retain reading with stale root
ok 143 - native pointerdown cannot retain reading with stale root
  ---
  duration_ms: 0.095209
  ...
# Subtest: native pointerdown cannot retain reading with stale content
ok 144 - native pointerdown cannot retain reading with stale content
  ---
  duration_ms: 0.196292
  ...
# Subtest: native pointerdown cannot retain reading with stale focus
ok 145 - native pointerdown cannot retain reading with stale focus
  ---
  duration_ms: 0.118625
  ...
# Subtest: native pointerdown cannot retain reading with stale hidden-region
ok 146 - native pointerdown cannot retain reading with stale hidden-region
  ---
  duration_ms: 0.132375
  ...
# Subtest: native pointerdown cannot retain reading with stale background
ok 147 - native pointerdown cannot retain reading with stale background
  ---
  duration_ms: 0.090625
  ...
# Subtest: native pointerdown cannot retain reading with stale hidden-document
ok 148 - native pointerdown cannot retain reading with stale hidden-document
  ---
  duration_ms: 0.733167
  ...
# Subtest: native pointercancel cannot retain reading with stale scope
ok 149 - native pointercancel cannot retain reading with stale scope
  ---
  duration_ms: 0.153083
  ...
# Subtest: native pointercancel cannot retain reading with stale root
ok 150 - native pointercancel cannot retain reading with stale root
  ---
  duration_ms: 0.112792
  ...
# Subtest: native pointercancel cannot retain reading with stale content
ok 151 - native pointercancel cannot retain reading with stale content
  ---
  duration_ms: 0.117042
  ...
# Subtest: native pointercancel cannot retain reading with stale focus
ok 152 - native pointercancel cannot retain reading with stale focus
  ---
  duration_ms: 0.177416
  ...
# Subtest: native pointercancel cannot retain reading with stale hidden-region
ok 153 - native pointercancel cannot retain reading with stale hidden-region
  ---
  duration_ms: 0.119958
  ...
# Subtest: native pointercancel cannot retain reading with stale background
ok 154 - native pointercancel cannot retain reading with stale background
  ---
  duration_ms: 0.103834
  ...
# Subtest: native pointercancel cannot retain reading with stale hidden-document
ok 155 - native pointercancel cannot retain reading with stale hidden-document
  ---
  duration_ms: 0.183584
  ...
# Subtest: only the pending region pointer can survive cancellation; Done, outside and ended gestures still cancel
ok 156 - only the pending region pointer can survive cancellation; Done, outside and ended gestures still cancel
  ---
  duration_ms: 0.585666
  ...
# Subtest: native scroll retention is retired if input or acceptance callbacks invalidate its reader
ok 157 - native scroll retention is retired if input or acceptance callbacks invalidate its reader
  ---
  duration_ms: 0.276333
  ...
# Subtest: native wheel remains unhandled and keyboard reading keeps its existing scroll and exit behavior
ok 158 - native wheel remains unhandled and keyboard reading keeps its existing scroll and exit behavior
  ---
  duration_ms: 0.371334
  ...
# Subtest: native scroll opt-in does not change unowned keyboard defaults or retain gestures after destruction
ok 159 - native scroll opt-in does not change unowned keyboard defaults or retain gestures after destruction
  ---
  duration_ms: 0.182041
  ...
# Subtest: reading hint metadata identifies entry, refresh, boundaries and ended messages after state retirement
ok 160 - reading hint metadata identifies entry, refresh, boundaries and ended messages after state retirement
  ---
  duration_ms: 0.345292
  ...
# Subtest: non-reading hints retain their one-argument callback contract
ok 161 - non-reading hints retain their one-argument callback contract
  ---
  duration_ms: 0.728708
  ...
# Subtest: exit registration rejects unrelated or hidden controls without replacing a current reader
ok 162 - exit registration rejects unrelated or hidden controls without replacing a current reader
  ---
  duration_ms: 1.103083
  ...
# Subtest: actual two-surface host preserves a native Done click through document capture and returns focus
ok 163 - actual two-surface host preserves a native Done click through document capture and returns focus
  ---
  duration_ms: 1.808084
  ...
# Subtest: embedded practice Tab edges return to parent controls; interior keys keep their menu owner
ok 164 - embedded practice Tab edges return to parent controls; interior keys keep their menu owner
  ---
  duration_ms: 0.654792
  ...
# Subtest: practice boundary never bypasses a real modal, active reader, native field or unregistered game
ok 165 - practice boundary never bypasses a real modal, active reader, native field or unregistered game
  ---
  duration_ms: 0.494583
  ...
# Subtest: stale, loading, unfocused or disposed practice contexts cannot move parent focus or clear newer input
    # Subtest: session
    ok 1 - session
      ---
      duration_ms: 0.234416
      ...
    # Subtest: loading
    ok 2 - loading
      ---
      duration_ms: 0.1145
      ...
    # Subtest: parent-focus
    ok 3 - parent-focus
      ---
      duration_ms: 0.094
      ...
    # Subtest: hidden
    ok 4 - hidden
      ---
      duration_ms: 0.089542
      ...
    # Subtest: wrong-frame
    ok 5 - wrong-frame
      ---
      duration_ms: 0.086334
      ...
    # Subtest: disposed
    ok 6 - disposed
      ---
      duration_ms: 0.100709
      ...
    1..6
ok 166 - stale, loading, unfocused or disposed practice contexts cannot move parent focus or clear newer input
  ---
  duration_ms: 0.943833
  ...
# Subtest: an accepted practice exit cannot wrap the child after a callback changes session or parent focus
    # Subtest: onSuspend: session
    ok 1 - onSuspend: session
      ---
      duration_ms: 0.26375
      ...
    # Subtest: onSuspend: focus
    ok 2 - onSuspend: focus
      ---
      duration_ms: 0.926208
      ...
    # Subtest: onRelease: session
    ok 3 - onRelease: session
      ---
      duration_ms: 0.207417
      ...
    # Subtest: onRelease: focus
    ok 4 - onRelease: focus
      ---
      duration_ms: 0.141667
      ...
    1..4
ok 167 - an accepted practice exit cannot wrap the child after a callback changes session or parent focus
  ---
  duration_ms: 1.681
  ...
# Subtest: keyboard Done: modal Shift+Tab and "Enter" end the actual host once
ok 168 - keyboard Done: modal Shift+Tab and "Enter" end the actual host once
  ---
  duration_ms: 0.519291
  ...
# Subtest: keyboard Done: modal Shift+Tab and " " end the actual host once
ok 169 - keyboard Done: modal Shift+Tab and " " end the actual host once
  ---
  duration_ms: 0.281875
  ...
# Subtest: keyboard Done: panel Shift+Tab and "Enter" end the actual host once
ok 170 - keyboard Done: panel Shift+Tab and "Enter" end the actual host once
  ---
  duration_ms: 0.344459
  ...
# Subtest: keyboard Done: panel Shift+Tab and " " end the actual host once
ok 171 - keyboard Done: panel Shift+Tab and " " end the actual host once
  ---
  duration_ms: 0.56
  ...
# Subtest: keyboard Done: modal round trip retains reading, leaving the pair cancels
ok 172 - keyboard Done: modal round trip retains reading, leaving the pair cancels
  ---
  duration_ms: 2.402208
  ...
# Subtest: keyboard Done: panel round trip retains reading, leaving the pair cancels
ok 173 - keyboard Done: panel round trip retains reading, leaving the pair cancels
  ---
  duration_ms: 0.665167
  ...
# Subtest: keyboard Done: an exit after the region follows actual sequential order
ok 174 - keyboard Done: an exit after the region follows actual sequential order
  ---
  duration_ms: 0.549875
  ...
# Subtest: keyboard Done: an intervening action is not skipped or activated to reach Done
ok 175 - keyboard Done: an intervening action is not skipped or activated to reach Done
  ---
  duration_ms: 0.422458
  ...
# Subtest: keyboard Done: controller back on focused Done ends without host action
ok 176 - keyboard Done: controller back on focused Done ends without host action
  ---
  duration_ms: 0.354042
  ...
# Subtest: keyboard Done: controller confirm on focused Done ends without host action
ok 177 - keyboard Done: controller confirm on focused Done ends without host action
  ---
  duration_ms: 0.280291
  ...
# Subtest: keyboard Done: controller menu on focused Done ends without host action
ok 178 - keyboard Done: controller menu on focused Done ends without host action
  ---
  duration_ms: 0.339417
  ...
# Subtest: keyboard Done: hidden exit invalidates its ownership without activating another action
ok 179 - keyboard Done: hidden exit invalidates its ownership without activating another action
  ---
  duration_ms: 0.318958
  ...
# Subtest: keyboard Done: disabled exit invalidates its ownership without activating another action
ok 180 - keyboard Done: disabled exit invalidates its ownership without activating another action
  ---
  duration_ms: 0.258167
  ...
# Subtest: keyboard Done: removed exit invalidates its ownership without activating another action
ok 181 - keyboard Done: removed exit invalidates its ownership without activating another action
  ---
  duration_ms: 0.263042
  ...
# Subtest: keyboard Done: replaced text invalidates its ownership without activating another action
ok 182 - keyboard Done: replaced text invalidates its ownership without activating another action
  ---
  duration_ms: 1.014333
  ...
# Subtest: keyboard Done: changed scope invalidates its ownership without activating another action
ok 183 - keyboard Done: changed scope invalidates its ownership without activating another action
  ---
  duration_ms: 0.365167
  ...
# Subtest: keyboard Done: external focus invalidates its ownership without activating another action
ok 184 - keyboard Done: external focus invalidates its ownership without activating another action
  ---
  duration_ms: 0.293917
  ...
# Subtest: keyboard Done: lifecycle clear invalidates its ownership without activating another action
ok 185 - keyboard Done: lifecycle clear invalidates its ownership without activating another action
  ---
  duration_ms: 0.367833
  ...
# Subtest: keyboard Done: destroy invalidates its ownership without activating another action
ok 186 - keyboard Done: destroy invalidates its ownership without activating another action
  ---
  duration_ms: 1.167375
  ...
# Subtest: keyboard Done: modal disabling the focused exit preserves its real Tab neighbor
ok 187 - keyboard Done: modal disabling the focused exit preserves its real Tab neighbor
  ---
  duration_ms: 0.87
  ...
# Subtest: keyboard Done: panel disabling the focused exit preserves its real Tab neighbor
ok 188 - keyboard Done: panel disabling the focused exit preserves its real Tab neighbor
  ---
  duration_ms: 0.354
  ...
# Subtest: keyboard Done: held activation and ordinary controller directions retain one reader
ok 189 - keyboard Done: held activation and ordinary controller directions retain one reader
  ---
  duration_ms: 0.391959
  ...
# Subtest: keyboard Done: a host focus handoff during exit owns the next destination
ok 190 - keyboard Done: a host focus handoff during exit owns the next destination
  ---
  duration_ms: 0.32325
  ...
# Subtest: keyboard Done: hosts without keyboard navigation retain native focus cancellation
ok 191 - keyboard Done: hosts without keyboard navigation retain native focus cancellation
  ---
  duration_ms: 0.198042
  ...
# Subtest: keyboard Done: a hidden page after exit notification cannot receive a stale Tab handoff
ok 192 - keyboard Done: a hidden page after exit notification cannot receive a stale Tab handoff
  ---
  duration_ms: 0.326833
  ...
# Subtest: keyboard Done: a blurred page after exit notification cannot receive a stale Tab handoff
ok 193 - keyboard Done: a blurred page after exit notification cannot receive a stale Tab handoff
  ---
  duration_ms: 0.268541
  ...
# Subtest: reader modifier: full Shift down/Tab down-up/Shift up reaches Done in a modal
ok 194 - reader modifier: full Shift down/Tab down-up/Shift up reaches Done in a modal
  ---
  duration_ms: 0.501166
  ...
# Subtest: reader modifier: full Shift down/Tab down-up/Shift up reaches Done in a panel
ok 195 - reader modifier: full Shift down/Tab down-up/Shift up reaches Done in a panel
  ---
  duration_ms: 0.470625
  ...
# Subtest: reader modifier: Shift alone and held Shift preserve the current region without action
ok 196 - reader modifier: Shift alone and held Shift preserve the current region without action
  ---
  duration_ms: 0.228459
  ...
# Subtest: reader modifier: Shift alone and held Shift preserve the current done without action
ok 197 - reader modifier: Shift alone and held Shift preserve the current done without action
  ---
  duration_ms: 0.263291
  ...
# Subtest: reader modifier: hosts without keyboard navigation retain Shift relinquish
ok 198 - reader modifier: hosts without keyboard navigation retain Shift relinquish
  ---
  duration_ms: 0.14075
  ...
# Subtest: reader modifier: Shift cannot preserve hidden page
ok 199 - reader modifier: Shift cannot preserve hidden page
  ---
  duration_ms: 0.162583
  ...
# Subtest: reader modifier: Shift cannot preserve unfocused page
ok 200 - reader modifier: Shift cannot preserve unfocused page
  ---
  duration_ms: 0.932042
  ...
# Subtest: reader modifier: Shift cannot preserve replaced text
ok 201 - reader modifier: Shift cannot preserve replaced text
  ---
  duration_ms: 0.214917
  ...
# Subtest: reader modifier: Shift cannot preserve changed scope
ok 202 - reader modifier: Shift cannot preserve changed scope
  ---
  duration_ms: 0.168209
  ...
# Subtest: reader modifier: Shift cannot preserve changed root
ok 203 - reader modifier: Shift cannot preserve changed root
  ---
  duration_ms: 0.151083
  ...
# Subtest: reader modifier: Shift cannot preserve outside focus
ok 204 - reader modifier: Shift cannot preserve outside focus
  ---
  duration_ms: 0.149208
  ...
# Subtest: reader modifier: Shift with ctrlKey retains existing relinquish behavior
ok 205 - reader modifier: Shift with ctrlKey retains existing relinquish behavior
  ---
  duration_ms: 0.157708
  ...
# Subtest: reader modifier: Shift with altKey retains existing relinquish behavior
ok 206 - reader modifier: Shift with altKey retains existing relinquish behavior
  ---
  duration_ms: 0.149292
  ...
# Subtest: reader modifier: Shift with metaKey retains existing relinquish behavior
ok 207 - reader modifier: Shift with metaKey retains existing relinquish behavior
  ---
  duration_ms: 0.122667
  ...
# Subtest: reader modifier: Shift with defaultPrevented retains existing relinquish behavior
ok 208 - reader modifier: Shift with defaultPrevented retains existing relinquish behavior
  ---
  duration_ms: 0.251667
  ...
# Subtest: reader modifier: native-input callback may retire the reader without re-entry or focus transfer
ok 209 - reader modifier: native-input callback may retire the reader without re-entry or focus transfer
  ---
  duration_ms: 0.822
  ...
# Subtest: Large portrait selector is fully below the measured expanded heading
ok 210 - Large portrait selector is fully below the measured expanded heading
  ---
  duration_ms: 1.680209
  ...
# Subtest: Large landscape selector clears the measured bottom action bar
ok 211 - Large landscape selector clears the measured bottom action bar
  ---
  duration_ms: 0.157333
  ...
# Subtest: queued reflow reads current focus and leaves the heading action alone
ok 212 - queued reflow reads current focus and leaves the heading action alone
  ---
  duration_ms: 0.15125
  ...
# Subtest: large reading region retains its beginning and manual scrolling is not undone
ok 213 - large reading region retains its beginning and manual scrolling is not undone
  ---
  duration_ms: 0.085292
  ...
# Subtest: queued layout cannot alter a closed owner's scroll or focus
ok 214 - queued layout cannot alter a closed owner's scroll or focus
  ---
  duration_ms: 0.072417
  ...
# Subtest: queued layout cannot alter a hidden owner's scroll or focus
ok 215 - queued layout cannot alter a hidden owner's scroll or focus
  ---
  duration_ms: 0.044958
  ...
# Subtest: queued layout cannot alter a blurred owner's scroll or focus
ok 216 - queued layout cannot alter a blurred owner's scroll or focus
  ---
  duration_ms: 0.107875
  ...
# Subtest: queued layout cannot alter a outside owner's scroll or focus
ok 217 - queued layout cannot alter a outside owner's scroll or focus
  ---
  duration_ms: 0.124458
  ...
# Subtest: queued layout cannot alter a disposed owner's scroll or focus
ok 218 - queued layout cannot alter a disposed owner's scroll or focus
  ---
  duration_ms: 0.190209
  ...
# Subtest: opt-in label clearance keeps the field purpose visible with its focused control
ok 219 - opt-in label clearance keeps the field purpose visible with its focused control
  ---
  duration_ms: 0.192
  ...
# Subtest: other dialogs retain control-only clearance unless they opt into labels
ok 220 - other dialogs retain control-only clearance unless they opt into labels
  ---
  duration_ms: 0.070875
  ...
# Subtest: label clearance cannot target a label outside the current dialog
ok 221 - label clearance cannot target a label outside the current dialog
  ---
  duration_ms: 0.057334
  ...
# Subtest: short landscape keeps the focused control visible when its Large label cannot fit
ok 222 - short landscape keeps the focused control visible when its Large label cannot fit
  ---
  duration_ms: 0.060333
  ...
# Subtest: recorded Large portrait return keeps the entire picker outline inside a bordered scrollport
ok 223 - recorded Large portrait return keeps the entire picker outline inside a bordered scrollport
  ---
  duration_ms: 0.133625
  ...
# Subtest: bordered scrollport clearance also protects the top edge when no sticky heading covers it
ok 224 - bordered scrollport clearance also protects the top edge when no sticky heading covers it
  ---
  duration_ms: 0.092959
  ...
# Subtest: a legitimate zero-height client scrollport cannot scroll a focused form control
ok 225 - a legitimate zero-height client scrollport cannot scroll a focused form control
  ---
  duration_ms: 0.098208
  ...
# Subtest: classic ready cards name contact pickups, material hazards and claimed-ground threats
ok 226 - classic ready cards name contact pickups, material hazards and claimed-ground threats
  ---
  duration_ms: 1.045583
  ...
# Subtest: Homeward ready cards retain factual requirements without copying route paragraphs
ok 227 - Homeward ready cards retain factual requirements without copying route paragraphs
  ---
  duration_ms: 1.490083
  ...
# Subtest: required objectives and deadlines come from rules, not optional medals or stale prose
ok 228 - required objectives and deadlines come from rules, not optional medals or stale prose
  ---
  duration_ms: 0.143375
  ...
# Subtest: absent or zero hard limits never turn time medals into a mission deadline
ok 229 - absent or zero hard limits never turn time medals into a mission deadline
  ---
  duration_ms: 0.11175
  ...
# Subtest: intro guidance is opt-in, so first expansion maps retain their own title and facts
ok 230 - intro guidance is opt-in, so first expansion maps retain their own title and facts
  ---
  duration_ms: 0.135417
  ...
# Subtest: long imported prose and titles stay complete in the brief, with a bounded ready title
ok 231 - long imported prose and titles stay complete in the brief, with a bounded ready title
  ---
  duration_ms: 1.553333
  ...
# Subtest: a recommendation is not inferred from casual class mentions or unknown equipment
ok 232 - a recommendation is not inferred from casual class mentions or unknown equipment
  ---
  duration_ms: 0.488
  ...
# Subtest: all bundled pack ready cards remain compact while retaining the complete authored brief
ok 233 - all bundled pack ready cards remain compact while retaining the complete authored brief
  ---
  duration_ms: 17.272
  ...
# Subtest: pressure brief explains locked commitment while preserving the full authored routing lesson
ok 234 - pressure brief explains locked commitment while preserving the full authored routing lesson
  ---
  duration_ms: 0.43225
  ...
# Subtest: actual controls are moved once, native loadout edits and locked missions survive, and destroy restores original nodes
ok 235 - actual controls are moved once, native loadout edits and locked missions survive, and destroy restores original nodes
  ---
  duration_ms: 718.896916
  ...
# Subtest: chapter activation dispatches one real change; a pending install cannot receive a second card command
ok 236 - chapter activation dispatches one real change; a pending install cannot receive a second card command
  ---
  duration_ms: 680.46925
  ...
# Subtest: failed native install preserves the prior pack, mission and saved bytes and exposes the host error
ok 237 - failed native install preserves the prior pack, mission and saved bytes and exposes the host error
  ---
  duration_ms: 429.225542
  ...
# Subtest: sync follows native selection/options/disabled state without dispatching or reviving removed chapter controls
ok 238 - sync follows native selection/options/disabled state without dispatching or reviving removed chapter controls
  ---
  duration_ms: 376.290167
  ...
# Subtest: native summary and chapter cards use the existing controller adapter; current chapter selects missions without resetting
ok 239 - native summary and chapter cards use the existing controller adapter; current chapter selects missions without resetting
  ---
  duration_ms: 367.093166
  ...
# Subtest: source-only observation synchronizes status and options and cannot recreate controls after destroy
ok 240 - source-only observation synchronizes status and options and cannot recreate controls after destroy
  ---
  duration_ms: 368.674208
  ...
# Subtest: native panel prepares original bytes, saves exact theme assignment, reloads and unassigns without losing history
ok 241 - native panel prepares original bytes, saves exact theme assignment, reloads and unassigns without losing history
  ---
  duration_ms: 178.201375
  ...
# Subtest: failed candidate decode or preview leaves the prior preview and saved assignment intact
ok 242 - failed candidate decode or preview leaves the prior preview and saved assignment intact
  ---
  duration_ms: 61.282375
  ...
# Subtest: double commands, cancellation and stale completion cannot save or overwrite a newer preview
ok 243 - double commands, cancellation and stale completion cannot save or overwrite a newer preview
  ---
  duration_ms: 48.489875
  ...
# Subtest: stale installed context and concurrent media writer refuse the whole save
ok 244 - stale installed context and concurrent media writer refuse the whole save
  ---
  duration_ms: 48.576459
  ...
# Subtest: context switching discards an unsaved binding and close restores focus without late publication
ok 245 - context switching discards an unsaved binding and close restores focus without late publication
  ---
  duration_ms: 7.036875
  ...
# Subtest: transaction refusal keeps the previous preview/draft and stored bytes; notification failure cannot erase a successful save
ok 246 - transaction refusal keeps the previous preview/draft and stored bytes; notification failure cannot erase a successful save
  ---
  duration_ms: 67.078125
  ...
# Subtest: existing keyboard/controller navigation edits native selects and Back closes only the workshop
ok 247 - existing keyboard/controller navigation edits native selects and Back closes only the workshop
  ---
  duration_ms: 10.49525
  ...
# Subtest: file picker cancellation preserves the Still Media draft, focus and pending preview; dialog Escape still closes
ok 248 - file picker cancellation preserves the Still Media draft, focus and pending preview; dialog Escape still closes
  ---
  duration_ms: 8.668167
  ...
# Subtest: preview completion restores its initiating control after native disabled blur
ok 249 - preview completion restores its initiating control after native disabled blur
  ---
  duration_ms: 79.458958
  ...
# Subtest: preview failure restores its initiating control after native disabled blur
ok 250 - preview failure restores its initiating control after native disabled blur
  ---
  duration_ms: 62.445584
  ...
# Subtest: show-saved completion restores its initiating control after native disabled blur
ok 251 - show-saved completion restores its initiating control after native disabled blur
  ---
  duration_ms: 60.910667
  ...
# Subtest: show-saved failure restores its initiating control after native disabled blur
ok 252 - show-saved failure restores its initiating control after native disabled blur
  ---
  duration_ms: 54.101333
  ...
# Subtest: show-authored completion restores its initiating control after native disabled blur
ok 253 - show-authored completion restores its initiating control after native disabled blur
  ---
  duration_ms: 56.047
  ...
# Subtest: show-authored failure restores its initiating control after native disabled blur
ok 254 - show-authored failure restores its initiating control after native disabled blur
  ---
  duration_ms: 55.16475
  ...
# Subtest: chosen preview validation failure restores its opener without publishing a draft
ok 255 - chosen preview validation failure restores its opener without publishing a draft
  ---
  duration_ms: 5.707416
  ...
# Subtest: preview completion respects focus-away even when focus returns to BODY
ok 256 - preview completion respects focus-away even when focus returns to BODY
  ---
  duration_ms: 56.024834
  ...
# Subtest: preview completion respects body-key even when focus returns to BODY
ok 257 - preview completion respects body-key even when focus returns to BODY
  ---
  duration_ms: 53.862667
  ...
# Subtest: preview completion respects body-pointer even when focus returns to BODY
ok 258 - preview completion respects body-pointer even when focus returns to BODY
  ---
  duration_ms: 62.640834
  ...
# Subtest: preview completion respects window-blur even when focus returns to BODY
ok 259 - preview completion respects window-blur even when focus returns to BODY
  ---
  duration_ms: 59.893291
  ...
# Subtest: preview completion respects hidden even when focus returns to BODY
ok 260 - preview completion respects hidden even when focus returns to BODY
  ---
  duration_ms: 54.614209
  ...
# Subtest: preview completion respects pagehide even when focus returns to BODY
ok 261 - preview completion respects pagehide even when focus returns to BODY
  ---
  duration_ms: 52.087333
  ...
# Subtest: preview completion respects new-dialog even when focus returns to BODY
ok 262 - preview completion respects new-dialog even when focus returns to BODY
  ---
  duration_ms: 52.551291
  ...
# Subtest: programmatic preview does not capture an unrelated focused action
ok 263 - programmatic preview does not capture an unrelated focused action
  ---
  duration_ms: 5.95775
  ...
# Subtest: cancel retires a preview focus lease before its decoder settles
ok 264 - cancel retires a preview focus lease before its decoder settles
  ---
  duration_ms: 58.060458
  ...
# Subtest: invalidate retires a preview focus lease before its decoder settles
ok 265 - invalidate retires a preview focus lease before its decoder settles
  ---
  duration_ms: 51.790833
  ...
# Subtest: close retires a preview focus lease before its decoder settles
ok 266 - close retires a preview focus lease before its decoder settles
  ---
  duration_ms: 54.56625
  ...
# Subtest: dispose retires a preview focus lease before its decoder settles
ok 267 - dispose retires a preview focus lease before its decoder settles
  ---
  duration_ms: 51.184916
  ...
# Subtest: a cancelled preview cannot steal focus from the next accepted preview
ok 268 - a cancelled preview cannot steal focus from the next accepted preview
  ---
  duration_ms: 75.712125
  ...
# Subtest: close and reopen does not revive the earlier preview focus owner
ok 269 - close and reopen does not revive the earlier preview focus owner
  ---
  duration_ms: 66.834708
  ...
# Subtest: preview final enabling focus takes precedence over old focus
ok 270 - preview final enabling focus takes precedence over old focus
  ---
  duration_ms: 54.751834
  ...
# Subtest: preview final enabling invalidate takes precedence over old focus
ok 271 - preview final enabling invalidate takes precedence over old focus
  ---
  duration_ms: 54.272
  ...
# Subtest: settled chosen preview keeps the focused original picker and label below its sticky status rail
ok 272 - settled chosen preview keeps the focused original picker and label below its sticky status rail
  ---
  duration_ms: 6.897125
  ...
# Subtest: media clearance preserves the live operation rail and Cancel ownership
ok 273 - media clearance preserves the live operation rail and Cancel ownership
  ---
  duration_ms: 6.382917
  ...
# Subtest: closed and disposed media panels retire queued clearance without refocusing an old picker
ok 274 - closed and disposed media panels retire queued clearance without refocusing an old picker
  ---
  duration_ms: 4.513917
  ...
1..274
# tests 284
# suites 0
# pass 284
# fail 0
# cancelled 0
# skipped 0
# todo 0
# duration_ms 6027.852792
