TAP version 13
# Subtest: company startup requires no install dialog or controlling worker: controlled=false
ok 1 - company startup requires no install dialog or controlling worker: controlled=false
  ---
  duration_ms: 1.627459
  ...
# Subtest: company startup requires no install dialog or controlling worker: controlled=true
ok 2 - company startup requires no install dialog or controlling worker: controlled=true
  ---
  duration_ms: 0.216875
  ...
# Subtest: leaving company startup still cancels its ordinary asset loading
ok 3 - leaving company startup still cancels its ordinary asset loading
  ---
  duration_ms: 0.415542
  ...
# Subtest: provider admits exact current/retained identity before assets and bypasses standalone
ok 4 - provider admits exact current/retained identity before assets and bypasses standalone
  ---
  duration_ms: 245.185666
  ...
# Subtest: canceled or rejected provider admission performs zero asset verification
ok 5 - canceled or rejected provider admission performs zero asset verification
  ---
  duration_ms: 111.065125
  ...
# Subtest: menu remains lightweight until opened; closing restores focus without any resume action
ok 6 - menu remains lightweight until opened; closing restores focus without any resume action
  ---
  duration_ms: 3.826542
  ...
# Subtest: the open chooser and its menu label switch locale without remounting
ok 7 - the open chooser and its menu label switch locale without remounting
  ---
  duration_ms: 1.132791
  ...
# Subtest: a requested package resolves only for the exact embedded source after verified readiness
ok 8 - a requested package resolves only for the exact embedded source after verified readiness
  ---
  duration_ms: 0.923583
  ...
# Subtest: closing or aborting the chooser cancels the mission request without downloading
ok 9 - closing or aborting the chooser cancels the mission request without downloading
  ---
  duration_ms: 1.648333
  ...
# Subtest: install prompts require a deliberate request and dismissal does not loop
ok 10 - install prompts require a deliberate request and dismissal does not loop
  ---
  duration_ms: 0.388292
  ...
# Subtest: late native install opportunity is suggested once at a safe menu boundary
ok 11 - late native install opportunity is suggested once at a safe menu boundary
  ---
  duration_ms: 0.324458
  ...
# Subtest: cold menu reports saved metadata without treating it as verified readiness
ok 12 - cold menu reports saved metadata without treating it as verified readiness
  ---
  duration_ms: 13.432833
  ...
# Subtest: owned iframe focus keeps a pending package request; actual window loss still cancels it
ok 13 - owned iframe focus keeps a pending package request; actual window loss still cancels it
  ---
  duration_ms: 0.688708
  ...
# Subtest: untrusted frames, hidden pages and closed panels never suppress foreground-loss handling
ok 14 - untrusted frames, hidden pages and closed panels never suppress foreground-loss handling
  ---
  duration_ms: 0.52625
  ...
# Subtest: tool navigation waits for the exact approved package before leaving the host
ok 15 - tool navigation waits for the exact approved package before leaving the host
  ---
  duration_ms: 1.013333
  ...
# Subtest: cancelled consent, backgrounding and disposal cannot navigate later
ok 16 - cancelled consent, backgrounding and disposal cannot navigate later
  ---
  duration_ms: 0.230417
  ...
# Subtest: external links and mode-departure owners keep their original behavior
ok 17 - external links and mode-departure owners keep their original behavior
  ---
  duration_ms: 0.090167
  ...
# Subtest: plain mode links wait for their package while existing departure owners keep control
ok 18 - plain mode links wait for their package while existing departure owners keep control
  ---
  duration_ms: 0.17825
  ...
# Subtest: explicit offline recovery preserves selection, then opens verified bytes
ok 19 - explicit offline recovery preserves selection, then opens verified bytes
  ---
  duration_ms: 29.86925
  ...
# Subtest: ordinary mode navigation and artwork use the network without download redirects
ok 20 - ordinary mode navigation and artwork use the network without download redirects
  ---
  duration_ms: 1.48625
  ...
# Subtest: a cached Solo shell opens archived bookmarks without requiring an offline bootstrap
ok 21 - a cached Solo shell opens archived bookmarks without requiring an offline bootstrap
  ---
  duration_ms: 6.326417
  ...
# Subtest: package editions load unseen artwork online without installing it
ok 22 - package editions load unseen artwork online without installing it
  ---
  duration_ms: 2.041167
  ...
# Subtest: a downloaded chapter is served locally even when every outbound request fails
ok 23 - a downloaded chapter is served locally even when every outbound request fails
  ---
  duration_ms: 1.093958
  ...
# Subtest: denied browser storage cannot block online gameplay assets or the core shell
ok 24 - denied browser storage cannot block online gameplay assets or the core shell
  ---
  duration_ms: 2.32525
  ...
# Subtest: explicit verified repair bypasses a same-sized corrupt official cache entry
ok 25 - explicit verified repair bypasses a same-sized corrupt official cache entry
  ---
  duration_ms: 3.66825
  ...
# Subtest: offline source pages have no registration side effect and reject explicit preparation without build marker
ok 26 - offline source pages have no registration side effect and reject explicit preparation without build marker
  ---
  duration_ms: 1.086791
  ...
# Subtest: scope metadata rejects a remote worker or a sibling app
ok 27 - scope metadata rejects a remote worker or a sibling app
  ---
  duration_ms: 0.539875
  ...
# Subtest: install verifies all shipped bytes and activate removes only this exact scope previous versions
ok 28 - install verifies all shipped bytes and activate removes only this exact scope previous versions
  ---
  duration_ms: 4.257292
  ...
# Subtest: failed network or integrity prevents installation and preserves the active previous cache
ok 29 - failed network or integrity prevents installation and preserves the active previous cache
  ---
  duration_ms: 2.370667
  ...
# Subtest: a cached version supports nested navigations and sibling shipped assets with no network
ok 30 - a cached version supports nested navigations and sibling shipped assets with no network
  ---
  duration_ms: 4.155667
  ...
# Subtest: durable runtime resumes verified files after quota failure and worker replacement
ok 31 - durable runtime resumes verified files after quota failure and worker replacement
  ---
  duration_ms: 5.041667
  ...
# Subtest: an edition update reuses verified hashes and only downloads changed runtime files
ok 32 - an edition update reuses verified hashes and only downloads changed runtime files
  ---
  duration_ms: 7.622584
  ...
# Subtest: identical runtime bytes at different URLs download once but remain addressable offline
ok 33 - identical runtime bytes at different URLs download once but remain addressable offline
  ---
  duration_ms: 3.260416
  ...
# Subtest: explicit pause stops durable preparation after its atomic file checkpoint
ok 34 - explicit pause stops durable preparation after its atomic file checkpoint
  ---
  duration_ms: 3.454041
  ...
# Subtest: complete cached files serve audio byte ranges without caching a partial response
ok 35 - complete cached files serve audio byte ranges without caching a partial response
  ---
  duration_ms: 6.572166
  ...
# Subtest: worker never intercepts another release, remote URL, unknown route or mutating request
ok 36 - worker never intercepts another release, remote URL, unknown route or mutating request
  ---
  duration_ms: 3.980041
  ...
# Subtest: self-check detects corrupt and missing files without a network request
ok 37 - self-check detects corrupt and missing files without a network request
  ---
  duration_ms: 2.895459
  ...
# Subtest: a missing file may repair from its expected bytes but cannot mix another deployed version into active code
ok 38 - a missing file may repair from its expected bytes but cannot mix another deployed version into active code
  ---
  duration_ms: 5.790375
  ...
# Subtest: cached complete install is reused offline without redownloading resources
ok 39 - cached complete install is reused offline without redownloading resources
  ---
  duration_ms: 5.064541
  ...
# Subtest: explicit preparation and later verification expose a bounded worker report; waiting updates never skip waiting
ok 40 - explicit preparation and later verification expose a bounded worker report; waiting updates never skip waiting
  ---
  duration_ms: 2.536125
  ...
# Subtest: explicit prepare repairs an evicted file after reconnection without discarding other scopes
ok 41 - explicit prepare repairs an evicted file after reconnection without discarding other scopes
  ---
  duration_ms: 10.86275
  ...
# Subtest: network bodies are consumed once without cloning and reconstructed with decoded headers
ok 42 - network bodies are consumed once without cloning and reconstructed with decoded headers
  ---
  duration_ms: 3.989542
  ...
# Subtest: stream overruns are cancelled before copying and malformed bodies never create a cache
ok 43 - stream overruns are cancelled before copying and malformed bodies never create a cache
  ---
  duration_ms: 3.482875
  ...
# Subtest: generated byte and file budgets reject malformed inventory before body allocation or fetch
ok 44 - generated byte and file budgets reject malformed inventory before body allocation or fetch
  ---
  duration_ms: 4.952875
  ...
# Subtest: redirects, opaque/error and non-cacheable network responses remain rejected
ok 45 - redirects, opaque/error and non-cacheable network responses remain rejected
  ---
  duration_ms: 7.602708
  ...
# Subtest: valid empty 200, 204 and 205 bodies retain status and an accurate zero length
ok 46 - valid empty 200, 204 and 205 bodies retain status and an accurate zero length
  ---
  duration_ms: 3.662958
  ...
# Subtest: actual illustrated Workshop bytes survive both install and missing-file repair
ok 47 - actual illustrated Workshop bytes survive both install and missing-file repair
  ---
  duration_ms: 84.406417
  ...
# Subtest: native fetch gzip and brotli decoding produces cacheable owned payloads with preserved policy
ok 48 - native fetch gzip and brotli decoding produces cacheable owned payloads with preserved policy
  ---
  duration_ms: 16.937792
  ...
# Subtest: all downloads finish before a new cache exists and the older build stays exact until activation
ok 49 - all downloads finish before a new cache exists and the older build stays exact until activation
  ---
  duration_ms: 4.202375
  ...
# Subtest: installation overlaps at most four downloads and publishes in inventory order only after every body verifies
ok 50 - installation overlaps at most four downloads and publishes in inventory order only after every body verifies
  ---
  duration_ms: 5.204542
  ...
# Subtest: a failed parallel download aborts active requests, stops the queue and preserves the previous cache
ok 51 - a failed parallel download aborts active requests, stops the queue and preserves the previous cache
  ---
  duration_ms: 1.703917
  ...
# Subtest: simultaneous prepare requests share one install and can retry after a failed download
ok 52 - simultaneous prepare requests share one install and can retry after a failed download
  ---
  duration_ms: 2.581833
  ...
# Subtest: native streaming downloads abort after another file fails verification
ok 53 - native streaming downloads abort after another file fails verification
  ---
  duration_ms: 5.003541
  ...
# Subtest: asset and marker cache-write failures clean only the partial build and never claim clients
ok 54 - asset and marker cache-write failures clean only the partial build and never claim clients
  ---
  duration_ms: 3.432916
  ...
# Subtest: repair cache-write failure still serves verified online bytes and keeps existing entries
ok 55 - repair cache-write failure still serves verified online bytes and keeps existing entries
  ---
  duration_ms: 1.844708
  ...
# Subtest: optional pack preparation and verification explicitly distinguish core cache from already-installed device packs
ok 56 - optional pack preparation and verification explicitly distinguish core cache from already-installed device packs
  ---
  duration_ms: 1.401958
  ...
# (node:9545) ExperimentalWarning: The MockTimers API is an experimental feature and might change at any time
# (Use `node --trace-warnings ...` to show where the warning was created)
# Subtest: optional Journey artwork never receives a core-offline readiness claim
ok 57 - optional Journey artwork never receives a core-offline readiness claim
  ---
  duration_ms: 0.682917
  ...
# Subtest: a measured installing-worker download survives more than sixty seconds and separates downloaded, verified and saved work
ok 58 - a measured installing-worker download survives more than sixty seconds and separates downloaded, verified and saved work
  ---
  duration_ms: 24.165667
  ...
# Subtest: an installation observation timeout is recoverable; reopening and two tabs rejoin the same download
ok 59 - an installation observation timeout is recoverable; reopening and two tabs rejoin the same download
  ---
  duration_ms: 13.850291
  ...
# Subtest: closing an observer aborts only that caller; background installation completes and cached reopening does not fetch
ok 60 - closing an observer aborts only that caller; background installation completes and cached reopening does not fetch
  ---
  duration_ms: 7.800166
  ...
# Subtest: separate report timeout and cancellation during cached verification preserve storage and do not start preparation
ok 61 - separate report timeout and cancellation during cached verification preserve storage and do not start preparation
  ---
  duration_ms: 16.327917
  ...
# Subtest: a historical terminal-only worker remains compatible while a silent old install times out truthfully
ok 62 - a historical terminal-only worker remains compatible while a silent old install times out truthfully
  ---
  duration_ms: 7.240625
  ...
# Subtest: versioned progress rejects mismatched build or scope before downloads and ignores a stale request completion
ok 63 - versioned progress rejects mismatched build or scope before downloads and ignores a stale request completion
  ---
  duration_ms: 7.197334
  ...
# Subtest: a changed or redundant worker cannot publish success to an old observation
ok 64 - a changed or redundant worker cannot publish success to an old observation
  ---
  duration_ms: 18.434459
  ...
# Subtest: streamed integrity, missing-file and quota failures remain real failures with no ready claim
ok 65 - streamed integrity, missing-file and quota failures remain real failures with no ready claim
  ---
  duration_ms: 4.55275
  ...
# Subtest: versioned subscribers release on detach, completion, expiry and capacity while shared install keeps running
ok 66 - versioned subscribers release on detach, completion, expiry and capacity while shared install keeps running
  ---
  duration_ms: 9.2635
  ...
# Subtest: aborting while registration is pending detaches promptly and never unregisters the eventual worker
ok 67 - aborting while registration is pending detaches promptly and never unregisters the eventual worker
  ---
  duration_ms: 0.851084
  ...
# Subtest: prepare joins a pending cached inspection before repair and final verification uses the repaired bytes
ok 68 - prepare joins a pending cached inspection before repair and final verification uses the repaired bytes
  ---
  duration_ms: 9.838125
  ...
# Subtest: all modes play without a prepared package, including passive previews and navigation
ok 69 - all modes play without a prepared package, including passive previews and navigation
  ---
  duration_ms: 13.902375
  ...
# Subtest: no gameplay entry point requests a package even when a legacy host supplies a prompt callback
ok 70 - no gameplay entry point requests a package even when a legacy host supplies a prompt callback
  ---
  duration_ms: 1.881084
  ...
# Subtest: Versus current, shipped, imported and Creator entries need no offline package
ok 71 - Versus current, shipped, imported and Creator entries need no offline package
  ---
  duration_ms: 0.98175
  ...
# Subtest: prepared chapters retain exact dependencies without new transfers or dialogs
ok 72 - prepared chapters retain exact dependencies without new transfers or dialogs
  ---
  duration_ms: 0.595584
  ...
# Subtest: denied storage, missing local catalogue and failed retention cannot block play
ok 73 - denied storage, missing local catalogue and failed retention cannot block play
  ---
  duration_ms: 0.691208
  ...
# Subtest: stalled optional storage work is bounded and cancellation remains authoritative
ok 74 - stalled optional storage work is bounded and cancellation remains authoritative
  ---
  duration_ms: 6.116708
  ...
# Subtest: published Solo materializes only Horizon and preserves full navigation, cards and exact execution identity
ok 75 - published Solo materializes only Horizon and preserves full navigation, cards and exact execution identity
  ---
  duration_ms: 210.280208
  ...
# Subtest: published chapters load online without an offline preparation integration
ok 76 - published chapters load online without an offline preparation integration
  ---
  duration_ms: 1484.31975
  ...
# Subtest: chapter visual identity retains original whole-project authority for saved pins and replays
ok 77 - chapter visual identity retains original whole-project authority for saved pins and replays
  ---
  duration_ms: 1843.028875
  ...
# Subtest: published source admission rejects forged descriptors and cancels blocked snapshot reads
ok 78 - published source admission rejects forged descriptors and cancels blocked snapshot reads
  ---
  duration_ms: 3.085709
  ...
# Subtest: previous-edition display rows retain their original mission ordinal
ok 79 - previous-edition display rows retain their original mission ordinal
  ---
  duration_ms: 0.334917
  ...
# Subtest: published replay owner fetches only its exact chapter and keeps the historical full-project pin
ok 80 - published replay owner fetches only its exact chapter and keeps the historical full-project pin
  ---
  duration_ms: 1768.469333
  ...
# Subtest: a superseded preparation cannot cancel its replacement in the same materialized pack
ok 81 - a superseded preparation cannot cancel its replacement in the same materialized pack
  ---
  duration_ms: 166.172666
  ...
# Subtest: a re-entrant action from an abort callback keeps ownership over the action that cancelled it
ok 82 - a re-entrant action from an abort callback keeps ownership over the action that cancelled it
  ---
  duration_ms: 150.4525
  ...
# Subtest: Creator Versus keeps consent gating and retains only the shared runtime
ok 83 - Creator Versus keeps consent gating and retains only the shared runtime
  ---
  duration_ms: 0.920166
  ...
# Subtest: a missing Creator Versus runtime fails without consulting the official reader
ok 84 - a missing Creator Versus runtime fails without consulting the official reader
  ---
  duration_ms: 0.276667
  ...
# Subtest: an abort raised during Creator runtime preparation wins before ownership recheck
ok 85 - an abort raised during Creator runtime preparation wins before ownership recheck
  ---
  duration_ms: 0.114292
  ...
# Subtest: Creator ownership is rechecked after asynchronous runtime preparation
ok 86 - Creator ownership is rechecked after asynchronous runtime preparation
  ---
  duration_ms: 0.101542
  ...
1..86
# tests 86
# suites 0
# pass 86
# fail 0
# cancelled 0
# skipped 0
# todo 0
# duration_ms 16918.292458
