TAP version 13
# Subtest: Cancel then retry and confirm keeps visible status messages attached
not ok 1 - Cancel then retry and confirm keeps visible status messages attached
  ---
  duration_ms: 4.841792
  type: 'test'
  location: '/Users/oleksandr.mekhovov/work/my_projects/go_test/.cache/worktrees/external-media-recovery/game/test/external-chapters-panel.test.mjs:371:1'
  failureType: 'testCodeFailure'
  error: |-
    Cancel must not detach the owned live status label
    
    false !== true
    
  code: 'ERR_ASSERTION'
  name: 'AssertionError'
  expected: true
  actual: false
  operator: 'strictEqual'
  stack: |-
    TestContext.<anonymous> (file:///Users/oleksandr.mekhovov/work/my_projects/go_test/.cache/worktrees/external-media-recovery/game/test/external-chapters-panel.test.mjs:381:10)
    async Test.run (node:internal/test_runner/test:1054:7)
    async startSubtestAfterBootstrap (node:internal/test_runner/harness:296:3)
  ...
1..1
# tests 1
# suites 0
# pass 0
# fail 1
# cancelled 0
# skipped 0
# todo 0
# duration_ms 333.127667
