TAP version 13
# Subtest: only the chosen card supplies native files and shared busy blocks every other card until explicit Choose
ok 1 - only the chosen card supplies native files and shared busy blocks every other card until explicit Choose
  ---
  duration_ms: 4.720875
  type: 'test'
  ...
# Subtest: Back cancels old download; reopening then completing another card never publishes stale first-card readiness
ok 2 - Back cancels old download; reopening then completing another card never publishes stale first-card readiness
  ---
  duration_ms: 0.9135
  type: 'test'
  ...
# Subtest: late inspection from an old multi-card open cannot clear the new card readiness or busy owner
ok 3 - late inspection from an old multi-card open cannot clear the new card readiness or busy owner
  ---
  duration_ms: 12.936917
  type: 'test'
  ...
# Subtest: sixteen real choices stay reachable offline and an active Countercurrent owner survives filtering and retry
ok 4 - sixteen real choices stay reachable offline and an active Countercurrent owner survives filtering and retry
  ---
  duration_ms: 12.348125
  type: 'test'
  ...
# Subtest: picture conflict download-play requires explicit review and never auto-launches
ok 5 - picture conflict download-play requires explicit review and never auto-launches
  ---
  duration_ms: 1.38225
  type: 'test'
  ...
# Subtest: picture conflict download-install requires explicit review and never auto-launches
ok 6 - picture conflict download-install requires explicit review and never auto-launches
  ---
  duration_ms: 0.726375
  type: 'test'
  ...
# Subtest: picture conflict upload requires explicit review and never auto-launches
ok 7 - picture conflict upload requires explicit review and never auto-launches
  ---
  duration_ms: 0.625292
  type: 'test'
  ...
# Subtest: picture review discarded after cancel; hidden confirm cannot install
ok 8 - picture review discarded after cancel; hidden confirm cannot install
  ---
  duration_ms: 0.529291
  type: 'test'
  ...
# Subtest: picture review discarded after close; hidden confirm cannot install
ok 9 - picture review discarded after close; hidden confirm cannot install
  ---
  duration_ms: 1.217208
  type: 'test'
  ...
# Subtest: picture review discarded after files; hidden confirm cannot install
ok 10 - picture review discarded after files; hidden confirm cannot install
  ---
  duration_ms: 0.665792
  type: 'test'
  ...
# Subtest: picture review discarded after refresh; hidden confirm cannot install
ok 11 - picture review discarded after refresh; hidden confirm cannot install
  ---
  duration_ms: 0.4595
  type: 'test'
  ...
# Subtest: late conflict after Back never reopens review or steals focus
ok 12 - late conflict after Back never reopens review or steals focus
  ---
  duration_ms: 0.327083
  type: 'test'
  ...
# Subtest: confirmed installation reports committed originals when later inspection fails
ok 13 - confirmed installation reports committed originals when later inspection fails
  ---
  duration_ms: 0.347959
  type: 'test'
  ...
# Subtest: late inspection after confirmed install and Back cannot overwrite new readiness
ok 14 - late inspection after confirmed install and Back cannot overwrite new readiness
  ---
  duration_ms: 7.350125
  type: 'test'
  ...
# Subtest: Cancel then retry and confirm keeps visible status messages attached
ok 15 - Cancel then retry and confirm keeps visible status messages attached
  ---
  duration_ms: 0.587833
  type: 'test'
  ...
1..15
# tests 15
# suites 0
# pass 15
# fail 0
# cancelled 0
# skipped 0
# todo 0
# duration_ms 110.758
