TAP version 13
# Subtest: Large portrait selector is fully below the measured expanded heading
ok 1 - Large portrait selector is fully below the measured expanded heading
  ---
  duration_ms: 1.148125
  ...
# Subtest: Large landscape selector clears the measured bottom action bar
ok 2 - Large landscape selector clears the measured bottom action bar
  ---
  duration_ms: 0.240167
  ...
# Subtest: queued reflow reads current focus and leaves the heading action alone
ok 3 - queued reflow reads current focus and leaves the heading action alone
  ---
  duration_ms: 0.146458
  ...
# Subtest: large reading region retains its beginning and manual scrolling is not undone
ok 4 - large reading region retains its beginning and manual scrolling is not undone
  ---
  duration_ms: 0.087875
  ...
# Subtest: queued layout cannot alter a closed owner's scroll or focus
ok 5 - queued layout cannot alter a closed owner's scroll or focus
  ---
  duration_ms: 0.073208
  ...
# Subtest: queued layout cannot alter a hidden owner's scroll or focus
ok 6 - queued layout cannot alter a hidden owner's scroll or focus
  ---
  duration_ms: 0.061833
  ...
# Subtest: queued layout cannot alter a blurred owner's scroll or focus
ok 7 - queued layout cannot alter a blurred owner's scroll or focus
  ---
  duration_ms: 0.2895
  ...
# Subtest: queued layout cannot alter a outside owner's scroll or focus
ok 8 - queued layout cannot alter a outside owner's scroll or focus
  ---
  duration_ms: 0.205167
  ...
# Subtest: queued layout cannot alter a disposed owner's scroll or focus
ok 9 - queued layout cannot alter a disposed owner's scroll or focus
  ---
  duration_ms: 0.364209
  ...
# Subtest: opt-in label clearance keeps the field purpose visible with its focused control
ok 10 - opt-in label clearance keeps the field purpose visible with its focused control
  ---
  duration_ms: 0.245042
  ...
# Subtest: other dialogs retain control-only clearance unless they opt into labels
ok 11 - other dialogs retain control-only clearance unless they opt into labels
  ---
  duration_ms: 0.084209
  ...
# Subtest: label clearance cannot target a label outside the current dialog
ok 12 - label clearance cannot target a label outside the current dialog
  ---
  duration_ms: 0.0675
  ...
# Subtest: short landscape keeps the focused control visible when its Large label cannot fit
ok 13 - short landscape keeps the focused control visible when its Large label cannot fit
  ---
  duration_ms: 0.068417
  ...
# Subtest: recorded Large portrait return keeps the entire picker outline inside a bordered scrollport
ok 14 - recorded Large portrait return keeps the entire picker outline inside a bordered scrollport
  ---
  duration_ms: 0.13975
  ...
# Subtest: bordered scrollport clearance also protects the top edge when no sticky heading covers it
ok 15 - bordered scrollport clearance also protects the top edge when no sticky heading covers it
  ---
  duration_ms: 0.095208
  ...
# Subtest: a legitimate zero-height client scrollport cannot scroll a focused form control
ok 16 - a legitimate zero-height client scrollport cannot scroll a focused form control
  ---
  duration_ms: 0.101708
  ...
# Subtest: replacement Stay focus is revealed inside a short dialog without changing the unfinished flight
ok 17 - replacement Stay focus is revealed inside a short dialog without changing the unfinished flight
  ---
  duration_ms: 2115.83175
  ...
# Subtest: actual level selection asks once; Stay keeps the queued flight, Replace prepares without Resume
ok 18 - actual level selection asks once; Stay keeps the queued flight, Replace prepares without Resume
  ---
  duration_ms: 2150.848583
  ...
# Subtest: actual card selection asks once; Stay keeps the queued flight, Replace prepares without Resume
ok 19 - actual card selection asks once; Stay keeps the queued flight, Replace prepares without Resume
  ---
  duration_ms: 2228.814292
  ...
# Subtest: actual campaign selection asks once; Stay keeps the queued flight, Replace prepares without Resume
ok 20 - actual campaign selection asks once; Stay keeps the queued flight, Replace prepares without Resume
  ---
  duration_ms: 2963.937292
  ...
# Subtest: actual pack selection asks once; Stay keeps the queued flight, Replace prepares without Resume
ok 21 - actual pack selection asks once; Stay keeps the queued flight, Replace prepares without Resume
  ---
  duration_ms: 2280.912209
  ...
# Subtest: same mission card/level/campaign/base pack preserves a running attempt without pause, write or restart
ok 22 - same mission card/level/campaign/base pack preserves a running attempt without pause, write or restart
  ---
  duration_ms: 1475.809125
  ...
# Subtest: button Stay cancels a pending check and restores the exact opener without late save or Resume
ok 23 - button Stay cancels a pending check and restores the exact opener without late save or Resume
  ---
  duration_ms: 1973.752666
  ...
# Subtest: Escape Stay cancels a pending check and restores the exact opener without late save or Resume
ok 24 - Escape Stay cancels a pending check and restores the exact opener without late save or Resume
  ---
  duration_ms: 1897.962208
  ...
# Subtest: controller Stay cancels a pending check and restores the exact opener without late save or Resume
ok 25 - controller Stay cancels a pending check and restores the exact opener without late save or Resume
  ---
  duration_ms: 1974.227125
  ...
# Subtest: quota keeps truthful loss warning and the old attempt until explicit Replace
ok 26 - quota keeps truthful loss warning and the old attempt until explicit Replace
  ---
  duration_ms: 1957.753583
  ...
# Subtest: readback keeps truthful loss warning and the old attempt until explicit Replace
ok 27 - readback keeps truthful loss warning and the old attempt until explicit Replace
  ---
  duration_ms: 1993.872458
  ...
# Subtest: newer-before keeps truthful loss warning and the old attempt until explicit Replace
ok 28 - newer-before keeps truthful loss warning and the old attempt until explicit Replace
  ---
  duration_ms: 2011.238709
  ...
# Subtest: new saved slot after verification requires a second deliberate Replace and is never overwritten
ok 29 - new saved slot after verification requires a second deliberate Replace and is never overwritten
  ---
  duration_ms: 1953.333125
  ...
# Subtest: different pack download leaves an installed live run/recorder intact through pagehide
ok 30 - different pack download leaves an installed live run/recorder intact through pagehide
  ---
  duration_ms: 1933.269083
  ...
# Subtest: different pack save leaves an installed live run/recorder intact through pagehide
ok 31 - different pack save leaves an installed live run/recorder intact through pagehide
  ---
  duration_ms: 1942.963875
  ...
# Subtest: different pack cancel-download leaves an installed live run/recorder intact through pagehide
ok 32 - different pack cancel-download leaves an installed live run/recorder intact through pagehide
  ---
  duration_ms: 1879.809875
  ...
# Subtest: successful different-pack install adopts a fresh paused run and leaves the previous run unchanged
ok 33 - successful different-pack install adopts a fresh paused run and leaves the previous run unchanged
  ---
  duration_ms: 1518.94025
  ...
# Subtest: chapter card uses the existing pack change adapter but Stay returns to that visible card
ok 34 - chapter card uses the existing pack change adapter but Stay returns to that visible card
  ---
  duration_ms: 1815.139
  ...
# Subtest: restored paused unfinished flight is guarded and Stay preserves its exact saved continuation
    # Subtest: create a real saved queued turn
    ok 1 - create a real saved queued turn
      ---
      duration_ms: 1556.310958
      ...
    # Subtest: reload, explicitly Continue, Pause, then choose another mission
    ok 2 - reload, explicitly Continue, Pause, then choose another mission
      ---
      duration_ms: 1338.918084
      ...
    1..2
ok 35 - restored paused unfinished flight is guarded and Stay preserves its exact saved continuation
  ---
  duration_ms: 2897.90875
  ...
# Subtest: unavailable IDs and locked missions do not create prompts or adopt an arbitrary target
ok 36 - unavailable IDs and locked missions do not create prompts or adopt an arbitrary target
  ---
  duration_ms: 2427.758292
  ...
# Subtest: all 36 choices traverse exactly once in deterministic 4/2 card pages and every theme/mode intersection
ok 37 - all 36 choices traverse exactly once in deterministic 4/2 card pages and every theme/mode intersection
  ---
  duration_ms: 1.768333
  ...
# Subtest: world action stays inside a resized scrollport without changing focus or activating a choice
ok 38 - world action stays inside a resized scrollport without changing focus or activating a choice
  ---
  duration_ms: 8.749584
  ...
# Subtest: actual panel traverses every card, filters without work and resizes with reachable focus
ok 39 - actual panel traverses every card, filters without work and resizes with reachable focus
  ---
  duration_ms: 25.403375
  ...
# Subtest: filter and paging preserve exact pending work; failure remains on its visible card and retry acts once
ok 40 - filter and paging preserve exact pending work; failure remains on its visible card and retry acts once
  ---
  duration_ms: 5.930083
  ...
# Subtest: remote failure still inspects exact source cards and exposes remaining installed choices without installation
ok 41 - remote failure still inspects exact source cards and exposes remaining installed choices without installation
  ---
  duration_ms: 7.432333
  ...
# Subtest: native controller select preview and Back keep filters unchanged; Confirm commits without selecting a chapter
ok 42 - native controller select preview and Back keep filters unchanged; Confirm commits without selecting a chapter
  ---
  duration_ms: 73.627916
  ...
# Subtest: installed mode follows actual authored policies and a multi-theme pack is one reachable choice
ok 43 - installed mode follows actual authored policies and a multi-theme pack is one reachable choice
  ---
  duration_ms: 0.312917
  ...
# Subtest: cancelling an unavailable online list leaves inspected installed originals usable and late metadata cannot reopen the dialog
ok 44 - cancelling an unavailable online list leaves inspected installed originals usable and late metadata cannot reopen the dialog
  ---
  duration_ms: 10.595542
  ...
# Subtest: widening and releasing a retained card never leave focus on disabled page controls
ok 45 - widening and releasing a retained card never leave focus on disabled page controls
  ---
  duration_ms: 6.465209
  ...
# Subtest: file picker cancellation retains More Worlds recovery files and pending work; dialog Escape still closes
ok 46 - file picker cancellation retains More Worlds recovery files and pending work; dialog Escape still closes
  ---
  duration_ms: 4.985917
  ...
1..46
# tests 48
# suites 0
# pass 48
# fail 0
# cancelled 0
# skipped 0
# todo 0
# duration_ms 41483.767958
