TAP version 13
# node:internal/modules/esm/resolve:283
#     throw new ERR_MODULE_NOT_FOUND(
#           ^
# Error [ERR_MODULE_NOT_FOUND]: Cannot find module '/Users/oleksandr.mekhovov/work/my_projects/go_test/.cache/worktrees/external-media-recovery/game/ui/foundation-view.mjs' imported from /Users/oleksandr.mekhovov/work/my_projects/go_test/.cache/worktrees/external-media-recovery/game/ui/render.mjs
#     at finalizeResolution (node:internal/modules/esm/resolve:283:11)
#     at moduleResolve (node:internal/modules/esm/resolve:952:10)
#     at defaultResolve (node:internal/modules/esm/resolve:1188:11)
#     at ModuleLoader.defaultResolve (node:internal/modules/esm/loader:708:12)
#     at \#cachedDefaultResolve (node:internal/modules/esm/loader:657:25)
#     at ModuleLoader.resolve (node:internal/modules/esm/loader:640:38)
#     at ModuleLoader.getModuleJobForImport (node:internal/modules/esm/loader:264:38)
#     at ModuleJob._link (node:internal/modules/esm/module_job:168:49) {
#   code: 'ERR_MODULE_NOT_FOUND',
#   url: 'file:///Users/oleksandr.mekhovov/work/my_projects/go_test/.cache/worktrees/external-media-recovery/game/ui/foundation-view.mjs'
# }
# Node.js v20.19.5
# Subtest: /Users/oleksandr.mekhovov/work/my_projects/go_test/.cache/worktrees/external-media-recovery/game/test/external-chapter-app.test.mjs
not ok 1 - /Users/oleksandr.mekhovov/work/my_projects/go_test/.cache/worktrees/external-media-recovery/game/test/external-chapter-app.test.mjs
  ---
  duration_ms: 58.325208
  location: '/Users/oleksandr.mekhovov/work/my_projects/go_test/.cache/worktrees/external-media-recovery/game/test/external-chapter-app.test.mjs:1:1'
  failureType: 'testCodeFailure'
  exitCode: 1
  signal: ~
  error: 'test failed'
  code: 'ERR_TEST_FAILURE'
  ...
# node:internal/modules/esm/resolve:283
#     throw new ERR_MODULE_NOT_FOUND(
#           ^
# Error [ERR_MODULE_NOT_FOUND]: Cannot find module '/Users/oleksandr.mekhovov/work/my_projects/go_test/.cache/worktrees/external-media-recovery/game/core/foundations.mjs' imported from /Users/oleksandr.mekhovov/work/my_projects/go_test/.cache/worktrees/external-media-recovery/game/core/index.mjs
#     at finalizeResolution (node:internal/modules/esm/resolve:283:11)
#     at moduleResolve (node:internal/modules/esm/resolve:952:10)
#     at defaultResolve (node:internal/modules/esm/resolve:1188:11)
#     at ModuleLoader.defaultResolve (node:internal/modules/esm/loader:708:12)
#     at \#cachedDefaultResolve (node:internal/modules/esm/loader:657:25)
#     at ModuleLoader.resolve (node:internal/modules/esm/loader:640:38)
#     at ModuleLoader.getModuleJobForImport (node:internal/modules/esm/loader:264:38)
#     at ModuleJob._link (node:internal/modules/esm/module_job:168:49) {
#   code: 'ERR_MODULE_NOT_FOUND',
#   url: 'file:///Users/oleksandr.mekhovov/work/my_projects/go_test/.cache/worktrees/external-media-recovery/game/core/foundations.mjs'
# }
# Node.js v20.19.5
# Subtest: /Users/oleksandr.mekhovov/work/my_projects/go_test/.cache/worktrees/external-media-recovery/game/test/external-chapter-host.test.mjs
not ok 2 - /Users/oleksandr.mekhovov/work/my_projects/go_test/.cache/worktrees/external-media-recovery/game/test/external-chapter-host.test.mjs
  ---
  duration_ms: 52.993541
  location: '/Users/oleksandr.mekhovov/work/my_projects/go_test/.cache/worktrees/external-media-recovery/game/test/external-chapter-host.test.mjs:1:1'
  failureType: 'testCodeFailure'
  exitCode: 1
  signal: ~
  error: 'test failed'
  code: 'ERR_TEST_FAILURE'
  ...
# node:internal/modules/esm/resolve:283
#     throw new ERR_MODULE_NOT_FOUND(
#           ^
# Error [ERR_MODULE_NOT_FOUND]: Cannot find module '/Users/oleksandr.mekhovov/work/my_projects/go_test/.cache/worktrees/external-media-recovery/game/core/foundations.mjs' imported from /Users/oleksandr.mekhovov/work/my_projects/go_test/.cache/worktrees/external-media-recovery/game/core/index.mjs
#     at finalizeResolution (node:internal/modules/esm/resolve:283:11)
#     at moduleResolve (node:internal/modules/esm/resolve:952:10)
#     at defaultResolve (node:internal/modules/esm/resolve:1188:11)
#     at ModuleLoader.defaultResolve (node:internal/modules/esm/loader:708:12)
#     at \#cachedDefaultResolve (node:internal/modules/esm/loader:657:25)
#     at ModuleLoader.resolve (node:internal/modules/esm/loader:640:38)
#     at ModuleLoader.getModuleJobForImport (node:internal/modules/esm/loader:264:38)
#     at ModuleJob._link (node:internal/modules/esm/module_job:168:49) {
#   code: 'ERR_MODULE_NOT_FOUND',
#   url: 'file:///Users/oleksandr.mekhovov/work/my_projects/go_test/.cache/worktrees/external-media-recovery/game/core/foundations.mjs'
# }
# Node.js v20.19.5
# Subtest: /Users/oleksandr.mekhovov/work/my_projects/go_test/.cache/worktrees/external-media-recovery/game/test/external-chapter-install.test.mjs
not ok 3 - /Users/oleksandr.mekhovov/work/my_projects/go_test/.cache/worktrees/external-media-recovery/game/test/external-chapter-install.test.mjs
  ---
  duration_ms: 50.9855
  location: '/Users/oleksandr.mekhovov/work/my_projects/go_test/.cache/worktrees/external-media-recovery/game/test/external-chapter-install.test.mjs:1:1'
  failureType: 'testCodeFailure'
  exitCode: 1
  signal: ~
  error: 'test failed'
  code: 'ERR_TEST_FAILURE'
  ...
# node:internal/modules/esm/resolve:283
#     throw new ERR_MODULE_NOT_FOUND(
#           ^
# Error [ERR_MODULE_NOT_FOUND]: Cannot find module '/Users/oleksandr.mekhovov/work/my_projects/go_test/.cache/worktrees/external-media-recovery/game/ui/foundation-view.mjs' imported from /Users/oleksandr.mekhovov/work/my_projects/go_test/.cache/worktrees/external-media-recovery/game/ui/render.mjs
#     at finalizeResolution (node:internal/modules/esm/resolve:283:11)
#     at moduleResolve (node:internal/modules/esm/resolve:952:10)
#     at defaultResolve (node:internal/modules/esm/resolve:1188:11)
#     at ModuleLoader.defaultResolve (node:internal/modules/esm/loader:708:12)
#     at \#cachedDefaultResolve (node:internal/modules/esm/loader:657:25)
#     at ModuleLoader.resolve (node:internal/modules/esm/loader:640:38)
#     at ModuleLoader.getModuleJobForImport (node:internal/modules/esm/loader:264:38)
#     at ModuleJob._link (node:internal/modules/esm/module_job:168:49) {
#   code: 'ERR_MODULE_NOT_FOUND',
#   url: 'file:///Users/oleksandr.mekhovov/work/my_projects/go_test/.cache/worktrees/external-media-recovery/game/ui/foundation-view.mjs'
# }
# Node.js v20.19.5
# Subtest: /Users/oleksandr.mekhovov/work/my_projects/go_test/.cache/worktrees/external-media-recovery/game/test/external-chapters-panel.test.mjs
not ok 4 - /Users/oleksandr.mekhovov/work/my_projects/go_test/.cache/worktrees/external-media-recovery/game/test/external-chapters-panel.test.mjs
  ---
  duration_ms: 41.930208
  location: '/Users/oleksandr.mekhovov/work/my_projects/go_test/.cache/worktrees/external-media-recovery/game/test/external-chapters-panel.test.mjs:1:1'
  failureType: 'testCodeFailure'
  exitCode: 1
  signal: ~
  error: 'test failed'
  code: 'ERR_TEST_FAILURE'
  ...
1..4
# tests 4
# suites 0
# pass 0
# fail 4
# cancelled 0
# skipped 0
# todo 0
# duration_ms 60.672708
