TAP version 13
# Subtest: native Return remains available before loading and after theme failure: http://localhost:8000/authoring/enemy-catalog/
ok 1 - native Return remains available before loading and after theme failure: http://localhost:8000/authoring/enemy-catalog/
  ---
  duration_ms: 48.098042
  ...
# Subtest: native Return remains available before loading and after theme failure: https://example.test/revealline/releases/v0.60.8/site/authoring/enemy-catalog/
ok 2 - native Return remains available before loading and after theme failure: https://example.test/revealline/releases/v0.60.8/site/authoring/enemy-catalog/
  ---
  duration_ms: 8.539875
  ...
# Subtest: workshop modal Back keeps its draft before a separate keyboard Return to game
ok 3 - workshop modal Back keeps its draft before a separate keyboard Return to game
  ---
  duration_ms: 9.685958
  ...
# Subtest: ready controller navigation keeps modal ownership then activates the page Return link explicitly
ok 4 - ready controller navigation keeps modal ownership then activates the page Return link explicitly
  ---
  duration_ms: 23.509291
  ...
# Subtest: focused practice keeps parent controls idle and authenticated return restores the draft
ok 5 - focused practice keeps parent controls idle and authenticated return restores the draft
  ---
  duration_ms: 18.72875
  ...
1..5
# tests 5
# suites 0
# pass 5
# fail 0
# cancelled 0
# skipped 0
# todo 0
# duration_ms 153.155708
