TAP version 13
# Subtest: Countercurrent appends twelve exact picture cells and three proposed families without approving quality
ok 1 - Countercurrent appends twelve exact picture cells and three proposed families without approving quality
  ---
  duration_ms: 181.682959
  ...
# Subtest: finite data adapters authenticate twelve distinct Countercurrent originals and all retained source bodies
not ok 2 - finite data adapters authenticate twelve distinct Countercurrent originals and all retained source bodies
  ---
  duration_ms: 277.604084
  location: '/Users/oleksandr.mekhovov/work/my_projects/go_test/.cache/worktrees/soundtrack-v3-latest/scripts/test-production-countercurrent.mjs:114:1'
  failureType: 'testCodeFailure'
  error: "ENOENT: no such file or directory, lstat '/Users/oleksandr.mekhovov/work/my_projects/go_test/.cache/worktrees/soundtrack-v3-latest/docs/verification/round-44'"
  code: 'ENOENT'
  stack: |-
    async lstat (node:internal/fs/promises:1025:18)
    async ordinaryPath (file:///Users/oleksandr.mekhovov/work/my_projects/go_test/.cache/worktrees/soundtrack-v3-latest/authoring/production/sources.mjs:39:15)
    async boundedRead (file:///Users/oleksandr.mekhovov/work/my_projects/go_test/.cache/worktrees/soundtrack-v3-latest/authoring/production/sources.mjs:46:13)
    async file:///Users/oleksandr.mekhovov/work/my_projects/go_test/.cache/worktrees/soundtrack-v3-latest/authoring/production/sources.mjs:222:23
    async verifyPin (file:///Users/oleksandr.mekhovov/work/my_projects/go_test/.cache/worktrees/soundtrack-v3-latest/authoring/production/sources.mjs:235:15)
    async verifyProductionSources (file:///Users/oleksandr.mekhovov/work/my_projects/go_test/.cache/worktrees/soundtrack-v3-latest/authoring/production/sources.mjs:740:33)
    async TestContext.<anonymous> (file:///Users/oleksandr.mekhovov/work/my_projects/go_test/.cache/worktrees/soundtrack-v3-latest/scripts/test-production-countercurrent.mjs:115:18)
    async Test.run (node:internal/test_runner/test:797:9)
    async Test.processPendingSubtests (node:internal/test_runner/test:526:7)
  ...
# Subtest: the uniform adapter rejects borrowed source IDs, same-body wrong paths and invented dimensions
ok 3 - the uniform adapter rejects borrowed source IDs, same-body wrong paths and invented dimensions
  ---
  duration_ms: 1579.441375
  ...
# Subtest: crossed theme or mission bindings do not borrow an exact original from a different owner
ok 4 - crossed theme or mission bindings do not borrow an exact original from a different owner
  ---
  duration_ms: 36.646667
  ...
# Subtest: coherently edited register owner and layout still must match the authored descriptor
ok 5 - coherently edited register owner and layout still must match the authored descriptor
  ---
  duration_ms: 122.596208
  ...
# Subtest: freshly pinned authority cannot redirect an FPV original to another source path
not ok 6 - freshly pinned authority cannot redirect an FPV original to another source path
  ---
  duration_ms: 110.874833
  location: '/Users/oleksandr.mekhovov/work/my_projects/go_test/.cache/worktrees/soundtrack-v3-latest/scripts/test-production-countercurrent.mjs:182:1'
  failureType: 'testCodeFailure'
  error: "ENOENT: no such file or directory, copyfile '/Users/oleksandr.mekhovov/work/my_projects/go_test/.cache/worktrees/soundtrack-v3-latest/docs/verification/round-44/v034-delivery.md' -> '/Users/oleksandr.mekhovov/work/my_projects/go_test/.cache/worktrees/soundtrack-v3-latest/.cache/countercurrent-register-source-VxMhxH/docs/verification/round-44/v034-delivery.md'"
  code: 'ENOENT'
  stack: |-
    async copyFile (node:internal/fs/promises:623:10)
    async forgedSources (file:///Users/oleksandr.mekhovov/work/my_projects/go_test/.cache/worktrees/soundtrack-v3-latest/scripts/test-production-countercurrent.mjs:42:5)
    async TestContext.<anonymous> (file:///Users/oleksandr.mekhovov/work/my_projects/go_test/.cache/worktrees/soundtrack-v3-latest/scripts/test-production-countercurrent.mjs:183:29)
    async Test.run (node:internal/test_runner/test:797:9)
    async Test.processPendingSubtests (node:internal/test_runner/test:526:7)
  ...
# Subtest: freshly pinned theme descriptor cannot relabel an original as another mission
not ok 7 - freshly pinned theme descriptor cannot relabel an original as another mission
  ---
  duration_ms: 100.626458
  location: '/Users/oleksandr.mekhovov/work/my_projects/go_test/.cache/worktrees/soundtrack-v3-latest/scripts/test-production-countercurrent.mjs:194:1'
  failureType: 'testCodeFailure'
  error: "ENOENT: no such file or directory, copyfile '/Users/oleksandr.mekhovov/work/my_projects/go_test/.cache/worktrees/soundtrack-v3-latest/docs/verification/round-44/v034-delivery.md' -> '/Users/oleksandr.mekhovov/work/my_projects/go_test/.cache/worktrees/soundtrack-v3-latest/.cache/countercurrent-register-source-ZH7Mzn/docs/verification/round-44/v034-delivery.md'"
  code: 'ENOENT'
  stack: |-
    async copyFile (node:internal/fs/promises:623:10)
    async forgedSources (file:///Users/oleksandr.mekhovov/work/my_projects/go_test/.cache/worktrees/soundtrack-v3-latest/scripts/test-production-countercurrent.mjs:42:5)
    async TestContext.<anonymous> (file:///Users/oleksandr.mekhovov/work/my_projects/go_test/.cache/worktrees/soundtrack-v3-latest/scripts/test-production-countercurrent.mjs:195:29)
    async Test.run (node:internal/test_runner/test:797:9)
    async Test.processPendingSubtests (node:internal/test_runner/test:526:7)
  ...
# Subtest: old register history stays immutable and a Countercurrent family cannot count twice
ok 8 - old register history stays immutable and a Countercurrent family cannot count twice
  ---
  duration_ms: 94.972542
  ...
# Subtest: freshly pinned art manifest cannot invent dimensions beside unchanged provenance
not ok 9 - freshly pinned art manifest cannot invent dimensions beside unchanged provenance
  ---
  duration_ms: 146.204292
  location: '/Users/oleksandr.mekhovov/work/my_projects/go_test/.cache/worktrees/soundtrack-v3-latest/scripts/test-production-countercurrent.mjs:231:1'
  failureType: 'testCodeFailure'
  error: "ENOENT: no such file or directory, copyfile '/Users/oleksandr.mekhovov/work/my_projects/go_test/.cache/worktrees/soundtrack-v3-latest/docs/verification/round-44/v034-delivery.md' -> '/Users/oleksandr.mekhovov/work/my_projects/go_test/.cache/worktrees/soundtrack-v3-latest/.cache/countercurrent-register-source-ldLrIZ/docs/verification/round-44/v034-delivery.md'"
  code: 'ENOENT'
  stack: |-
    async copyFile (node:internal/fs/promises:623:10)
    async forgedSources (file:///Users/oleksandr.mekhovov/work/my_projects/go_test/.cache/worktrees/soundtrack-v3-latest/scripts/test-production-countercurrent.mjs:42:5)
    async TestContext.<anonymous> (file:///Users/oleksandr.mekhovov/work/my_projects/go_test/.cache/worktrees/soundtrack-v3-latest/scripts/test-production-countercurrent.mjs:232:29)
    async Test.run (node:internal/test_runner/test:797:9)
    async Test.processPendingSubtests (node:internal/test_runner/test:526:7)
  ...
# Subtest: freshly pinned cohort cannot duplicate a theme and hide another exact edition
not ok 10 - freshly pinned cohort cannot duplicate a theme and hide another exact edition
  ---
  duration_ms: 132.602833
  location: '/Users/oleksandr.mekhovov/work/my_projects/go_test/.cache/worktrees/soundtrack-v3-latest/scripts/test-production-countercurrent.mjs:243:1'
  failureType: 'testCodeFailure'
  error: "ENOENT: no such file or directory, copyfile '/Users/oleksandr.mekhovov/work/my_projects/go_test/.cache/worktrees/soundtrack-v3-latest/docs/verification/round-44/v034-delivery.md' -> '/Users/oleksandr.mekhovov/work/my_projects/go_test/.cache/worktrees/soundtrack-v3-latest/.cache/countercurrent-register-source-NeGs66/docs/verification/round-44/v034-delivery.md'"
  code: 'ENOENT'
  stack: |-
    async copyFile (node:internal/fs/promises:623:10)
    async forgedSources (file:///Users/oleksandr.mekhovov/work/my_projects/go_test/.cache/worktrees/soundtrack-v3-latest/scripts/test-production-countercurrent.mjs:42:5)
    async TestContext.<anonymous> (file:///Users/oleksandr.mekhovov/work/my_projects/go_test/.cache/worktrees/soundtrack-v3-latest/scripts/test-production-countercurrent.mjs:244:29)
    async Test.run (node:internal/test_runner/test:797:9)
    async Test.processPendingSubtests (node:internal/test_runner/test:526:7)
  ...
# Subtest: Fracture appends twelve exact picture cells and three proposed families without approving quality
ok 11 - Fracture appends twelve exact picture cells and three proposed families without approving quality
  ---
  duration_ms: 151.988709
  ...
# Subtest: finite data adapters authenticate twelve distinct Fracture originals and all retained source bodies
not ok 12 - finite data adapters authenticate twelve distinct Fracture originals and all retained source bodies
  ---
  duration_ms: 261.026333
  location: '/Users/oleksandr.mekhovov/work/my_projects/go_test/.cache/worktrees/soundtrack-v3-latest/scripts/test-production-fracture-themes.mjs:114:1'
  failureType: 'testCodeFailure'
  error: "ENOENT: no such file or directory, lstat '/Users/oleksandr.mekhovov/work/my_projects/go_test/.cache/worktrees/soundtrack-v3-latest/docs/verification/round-44'"
  code: 'ENOENT'
  stack: |-
    async lstat (node:internal/fs/promises:1025:18)
    async ordinaryPath (file:///Users/oleksandr.mekhovov/work/my_projects/go_test/.cache/worktrees/soundtrack-v3-latest/authoring/production/sources.mjs:39:15)
    async boundedRead (file:///Users/oleksandr.mekhovov/work/my_projects/go_test/.cache/worktrees/soundtrack-v3-latest/authoring/production/sources.mjs:46:13)
    async file:///Users/oleksandr.mekhovov/work/my_projects/go_test/.cache/worktrees/soundtrack-v3-latest/authoring/production/sources.mjs:222:23
    async verifyPin (file:///Users/oleksandr.mekhovov/work/my_projects/go_test/.cache/worktrees/soundtrack-v3-latest/authoring/production/sources.mjs:235:15)
    async verifyProductionSources (file:///Users/oleksandr.mekhovov/work/my_projects/go_test/.cache/worktrees/soundtrack-v3-latest/authoring/production/sources.mjs:740:33)
    async TestContext.<anonymous> (file:///Users/oleksandr.mekhovov/work/my_projects/go_test/.cache/worktrees/soundtrack-v3-latest/scripts/test-production-fracture-themes.mjs:115:18)
    async Test.run (node:internal/test_runner/test:797:9)
    async Test.processPendingSubtests (node:internal/test_runner/test:526:7)
  ...
# Subtest: both adapters reject borrowed source IDs, same-body wrong paths and invented dimensions
ok 13 - both adapters reject borrowed source IDs, same-body wrong paths and invented dimensions
  ---
  duration_ms: 758.495875
  ...
# Subtest: crossed theme or mission bindings do not borrow an exact original from a different owner
ok 14 - crossed theme or mission bindings do not borrow an exact original from a different owner
  ---
  duration_ms: 18.179
  ...
# Subtest: coherently edited register owner and layout still must match the authored descriptor
ok 15 - coherently edited register owner and layout still must match the authored descriptor
  ---
  duration_ms: 95.843583
  ...
# Subtest: freshly pinned authority cannot redirect an FPV original to another source path
not ok 16 - freshly pinned authority cannot redirect an FPV original to another source path
  ---
  duration_ms: 78.249792
  location: '/Users/oleksandr.mekhovov/work/my_projects/go_test/.cache/worktrees/soundtrack-v3-latest/scripts/test-production-fracture-themes.mjs:180:1'
  failureType: 'testCodeFailure'
  error: "ENOENT: no such file or directory, copyfile '/Users/oleksandr.mekhovov/work/my_projects/go_test/.cache/worktrees/soundtrack-v3-latest/docs/verification/round-44/v034-delivery.md' -> '/Users/oleksandr.mekhovov/work/my_projects/go_test/.cache/worktrees/soundtrack-v3-latest/.cache/fracture-register-source-pGMDey/docs/verification/round-44/v034-delivery.md'"
  code: 'ENOENT'
  stack: |-
    async copyFile (node:internal/fs/promises:623:10)
    async forgedSources (file:///Users/oleksandr.mekhovov/work/my_projects/go_test/.cache/worktrees/soundtrack-v3-latest/scripts/test-production-fracture-themes.mjs:42:5)
    async TestContext.<anonymous> (file:///Users/oleksandr.mekhovov/work/my_projects/go_test/.cache/worktrees/soundtrack-v3-latest/scripts/test-production-fracture-themes.mjs:181:29)
    async Test.run (node:internal/test_runner/test:797:9)
    async Test.processPendingSubtests (node:internal/test_runner/test:526:7)
  ...
# Subtest: freshly pinned theme descriptor cannot relabel an original as another mission
not ok 17 - freshly pinned theme descriptor cannot relabel an original as another mission
  ---
  duration_ms: 46.609917
  location: '/Users/oleksandr.mekhovov/work/my_projects/go_test/.cache/worktrees/soundtrack-v3-latest/scripts/test-production-fracture-themes.mjs:192:1'
  failureType: 'testCodeFailure'
  error: "ENOENT: no such file or directory, copyfile '/Users/oleksandr.mekhovov/work/my_projects/go_test/.cache/worktrees/soundtrack-v3-latest/docs/verification/round-44/v034-delivery.md' -> '/Users/oleksandr.mekhovov/work/my_projects/go_test/.cache/worktrees/soundtrack-v3-latest/.cache/fracture-register-source-TnTjOM/docs/verification/round-44/v034-delivery.md'"
  code: 'ENOENT'
  stack: |-
    async copyFile (node:internal/fs/promises:623:10)
    async forgedSources (file:///Users/oleksandr.mekhovov/work/my_projects/go_test/.cache/worktrees/soundtrack-v3-latest/scripts/test-production-fracture-themes.mjs:42:5)
    async TestContext.<anonymous> (file:///Users/oleksandr.mekhovov/work/my_projects/go_test/.cache/worktrees/soundtrack-v3-latest/scripts/test-production-fracture-themes.mjs:193:29)
    async Test.run (node:internal/test_runner/test:797:9)
    async Test.processPendingSubtests (node:internal/test_runner/test:526:7)
  ...
# Subtest: old register history stays immutable and a Fracture family cannot count twice
ok 18 - old register history stays immutable and a Fracture family cannot count twice
  ---
  duration_ms: 100.8365
  ...
# Subtest: the immutable Fracture register authenticates historical presets after runtime appearance expansion
not ok 19 - the immutable Fracture register authenticates historical presets after runtime appearance expansion
  ---
  duration_ms: 262.913542
  location: '/Users/oleksandr.mekhovov/work/my_projects/go_test/.cache/worktrees/soundtrack-v3-latest/scripts/test-production-metadata-history.mjs:54:1'
  failureType: 'testCodeFailure'
  error: "ENOENT: no such file or directory, lstat '/Users/oleksandr.mekhovov/work/my_projects/go_test/.cache/worktrees/soundtrack-v3-latest/docs/verification/round-44'"
  code: 'ENOENT'
  stack: |-
    async lstat (node:internal/fs/promises:1025:18)
    async ordinaryPath (file:///Users/oleksandr.mekhovov/work/my_projects/go_test/.cache/worktrees/soundtrack-v3-latest/authoring/production/sources.mjs:39:15)
    async boundedRead (file:///Users/oleksandr.mekhovov/work/my_projects/go_test/.cache/worktrees/soundtrack-v3-latest/authoring/production/sources.mjs:46:13)
    async file:///Users/oleksandr.mekhovov/work/my_projects/go_test/.cache/worktrees/soundtrack-v3-latest/authoring/production/sources.mjs:222:23
    async verifyPin (file:///Users/oleksandr.mekhovov/work/my_projects/go_test/.cache/worktrees/soundtrack-v3-latest/authoring/production/sources.mjs:235:15)
    async verifyProductionSources (file:///Users/oleksandr.mekhovov/work/my_projects/go_test/.cache/worktrees/soundtrack-v3-latest/authoring/production/sources.mjs:740:33)
    async TestContext.<anonymous> (file:///Users/oleksandr.mekhovov/work/my_projects/go_test/.cache/worktrees/soundtrack-v3-latest/scripts/test-production-metadata-history.mjs:59:18)
    async Test.run (node:internal/test_runner/test:797:9)
    async Test.processPendingSubtests (node:internal/test_runner/test:526:7)
  ...
# Subtest: an old checkout without history uses exact current metadata; missing snapshot never silently uses different runtime presets
not ok 20 - an old checkout without history uses exact current metadata; missing snapshot never silently uses different runtime presets
  ---
  duration_ms: 72.835125
  location: '/Users/oleksandr.mekhovov/work/my_projects/go_test/.cache/worktrees/soundtrack-v3-latest/scripts/test-production-metadata-history.mjs:69:1'
  failureType: 'testCodeFailure'
  error: "ENOENT: no such file or directory, open '/Users/oleksandr.mekhovov/work/my_projects/go_test/.cache/worktrees/soundtrack-v3-latest/docs/verification/round-44/v034-delivery.md'"
  code: 'ENOENT'
  stack: |-
    async open (node:internal/fs/promises:639:25)
    async readFile (node:internal/fs/promises:1246:14)
    async fixture (file:///Users/oleksandr.mekhovov/work/my_projects/go_test/.cache/worktrees/soundtrack-v3-latest/scripts/test-production-metadata-history.mjs:50:43)
    async TestContext.<anonymous> (file:///Users/oleksandr.mekhovov/work/my_projects/go_test/.cache/worktrees/soundtrack-v3-latest/scripts/test-production-metadata-history.mjs:70:15)
    async Test.run (node:internal/test_runner/test:797:9)
    async Test.processPendingSubtests (node:internal/test_runner/test:526:7)
  ...
# Subtest: changed or symlinked historical snapshots reject; an unrelated mapping cannot redirect a declared pin
not ok 21 - changed or symlinked historical snapshots reject; an unrelated mapping cannot redirect a declared pin
  ---
  duration_ms: 101.907417
  location: '/Users/oleksandr.mekhovov/work/my_projects/go_test/.cache/worktrees/soundtrack-v3-latest/scripts/test-production-metadata-history.mjs:90:1'
  failureType: 'testCodeFailure'
  error: "ENOENT: no such file or directory, open '/Users/oleksandr.mekhovov/work/my_projects/go_test/.cache/worktrees/soundtrack-v3-latest/docs/verification/round-44/v034-delivery.md'"
  code: 'ENOENT'
  stack: |-
    async open (node:internal/fs/promises:639:25)
    async readFile (node:internal/fs/promises:1246:14)
    async fixture (file:///Users/oleksandr.mekhovov/work/my_projects/go_test/.cache/worktrees/soundtrack-v3-latest/scripts/test-production-metadata-history.mjs:50:43)
    async TestContext.<anonymous> (file:///Users/oleksandr.mekhovov/work/my_projects/go_test/.cache/worktrees/soundtrack-v3-latest/scripts/test-production-metadata-history.mjs:91:15)
    async Test.run (node:internal/test_runner/test:797:9)
    async Test.processPendingSubtests (node:internal/test_runner/test:526:7)
  ...
# Subtest: history admits only finite complete JSON identities, with no arbitrary snapshot path or duplicate entry
not ok 22 - history admits only finite complete JSON identities, with no arbitrary snapshot path or duplicate entry
  ---
  duration_ms: 70.104458
  location: '/Users/oleksandr.mekhovov/work/my_projects/go_test/.cache/worktrees/soundtrack-v3-latest/scripts/test-production-metadata-history.mjs:103:1'
  failureType: 'testCodeFailure'
  error: "ENOENT: no such file or directory, open '/Users/oleksandr.mekhovov/work/my_projects/go_test/.cache/worktrees/soundtrack-v3-latest/docs/verification/round-44/v034-delivery.md'"
  code: 'ENOENT'
  stack: |-
    async open (node:internal/fs/promises:639:25)
    async readFile (node:internal/fs/promises:1246:14)
    async fixture (file:///Users/oleksandr.mekhovov/work/my_projects/go_test/.cache/worktrees/soundtrack-v3-latest/scripts/test-production-metadata-history.mjs:50:43)
    async TestContext.<anonymous> (file:///Users/oleksandr.mekhovov/work/my_projects/go_test/.cache/worktrees/soundtrack-v3-latest/scripts/test-production-metadata-history.mjs:104:15)
    async Test.run (node:internal/test_runner/test:797:9)
    async Test.processPendingSubtests (node:internal/test_runner/test:526:7)
  ...
# Subtest: the preserved FPV preset revision remains exact after a later runtime change
not ok 23 - the preserved FPV preset revision remains exact after a later runtime change
  ---
  duration_ms: 79.563042
  location: '/Users/oleksandr.mekhovov/work/my_projects/go_test/.cache/worktrees/soundtrack-v3-latest/scripts/test-production-metadata-history.mjs:119:1'
  failureType: 'testCodeFailure'
  error: "ENOENT: no such file or directory, open '/Users/oleksandr.mekhovov/work/my_projects/go_test/.cache/worktrees/soundtrack-v3-latest/docs/verification/round-44/v034-delivery.md'"
  code: 'ENOENT'
  stack: |-
    async open (node:internal/fs/promises:639:25)
    async readFile (node:internal/fs/promises:1246:14)
    async fixture (file:///Users/oleksandr.mekhovov/work/my_projects/go_test/.cache/worktrees/soundtrack-v3-latest/scripts/test-production-metadata-history.mjs:50:43)
    async TestContext.<anonymous> (file:///Users/oleksandr.mekhovov/work/my_projects/go_test/.cache/worktrees/soundtrack-v3-latest/scripts/test-production-metadata-history.mjs:131:15)
    async Test.run (node:internal/test_runner/test:797:9)
    async Test.processPendingSubtests (node:internal/test_runner/test:526:7)
  ...
# Subtest: a newly declared unarchived preset revision reads the current file and still refuses changed current bytes
not ok 24 - a newly declared unarchived preset revision reads the current file and still refuses changed current bytes
  ---
  duration_ms: 137.986833
  location: '/Users/oleksandr.mekhovov/work/my_projects/go_test/.cache/worktrees/soundtrack-v3-latest/scripts/test-production-metadata-history.mjs:142:1'
  failureType: 'testCodeFailure'
  error: "ENOENT: no such file or directory, open '/Users/oleksandr.mekhovov/work/my_projects/go_test/.cache/worktrees/soundtrack-v3-latest/docs/verification/round-44/v034-delivery.md'"
  code: 'ENOENT'
  stack: |-
    async open (node:internal/fs/promises:639:25)
    async readFile (node:internal/fs/promises:1246:14)
    async fixture (file:///Users/oleksandr.mekhovov/work/my_projects/go_test/.cache/worktrees/soundtrack-v3-latest/scripts/test-production-metadata-history.mjs:50:43)
    async TestContext.<anonymous> (file:///Users/oleksandr.mekhovov/work/my_projects/go_test/.cache/worktrees/soundtrack-v3-latest/scripts/test-production-metadata-history.mjs:143:15)
    async Test.run (node:internal/test_runner/test:797:9)
    async Test.processPendingSubtests (node:internal/test_runner/test:526:7)
  ...
# Subtest: v2 preserves the exact prior renderer as inert source bytes and v1 still accepts JSON-only history
not ok 25 - v2 preserves the exact prior renderer as inert source bytes and v1 still accepts JSON-only history
  ---
  duration_ms: 100.828542
  location: '/Users/oleksandr.mekhovov/work/my_projects/go_test/.cache/worktrees/soundtrack-v3-latest/scripts/test-production-metadata-history.mjs:156:1'
  failureType: 'testCodeFailure'
  error: "ENOENT: no such file or directory, open '/Users/oleksandr.mekhovov/work/my_projects/go_test/.cache/worktrees/soundtrack-v3-latest/docs/verification/round-44/v034-delivery.md'"
  code: 'ENOENT'
  stack: |-
    async open (node:internal/fs/promises:639:25)
    async readFile (node:internal/fs/promises:1246:14)
    async fixture (file:///Users/oleksandr.mekhovov/work/my_projects/go_test/.cache/worktrees/soundtrack-v3-latest/scripts/test-production-metadata-history.mjs:50:43)
    async TestContext.<anonymous> (file:///Users/oleksandr.mekhovov/work/my_projects/go_test/.cache/worktrees/soundtrack-v3-latest/scripts/test-production-metadata-history.mjs:167:15)
    async Test.run (node:internal/test_runner/test:797:9)
    async Test.processPendingSubtests (node:internal/test_runner/test:526:7)
  ...
# Subtest: v2 module history refuses absent, changed and symlinked snapshots without reading the changed live renderer
not ok 26 - v2 module history refuses absent, changed and symlinked snapshots without reading the changed live renderer
  ---
  duration_ms: 72.693792
  location: '/Users/oleksandr.mekhovov/work/my_projects/go_test/.cache/worktrees/soundtrack-v3-latest/scripts/test-production-metadata-history.mjs:183:1'
  failureType: 'testCodeFailure'
  error: "ENOENT: no such file or directory, open '/Users/oleksandr.mekhovov/work/my_projects/go_test/.cache/worktrees/soundtrack-v3-latest/docs/verification/round-44/v034-delivery.md'"
  code: 'ENOENT'
  stack: |-
    async open (node:internal/fs/promises:639:25)
    async readFile (node:internal/fs/promises:1246:14)
    async fixture (file:///Users/oleksandr.mekhovov/work/my_projects/go_test/.cache/worktrees/soundtrack-v3-latest/scripts/test-production-metadata-history.mjs:50:43)
    async TestContext.<anonymous> (file:///Users/oleksandr.mekhovov/work/my_projects/go_test/.cache/worktrees/soundtrack-v3-latest/scripts/test-production-metadata-history.mjs:184:15)
    async Test.run (node:internal/test_runner/test:797:9)
    async Test.processPendingSubtests (node:internal/test_runner/test:526:7)
  ...
# Subtest: a private exact module snapshot is authenticated as bytes and never executed
not ok 27 - a private exact module snapshot is authenticated as bytes and never executed
  ---
  duration_ms: 76.555208
  location: '/Users/oleksandr.mekhovov/work/my_projects/go_test/.cache/worktrees/soundtrack-v3-latest/scripts/test-production-metadata-history.mjs:208:1'
  failureType: 'testCodeFailure'
  error: "ENOENT: no such file or directory, open '/Users/oleksandr.mekhovov/work/my_projects/go_test/.cache/worktrees/soundtrack-v3-latest/docs/verification/round-44/v034-delivery.md'"
  code: 'ENOENT'
  stack: |-
    async open (node:internal/fs/promises:639:25)
    async readFile (node:internal/fs/promises:1246:14)
    async fixture (file:///Users/oleksandr.mekhovov/work/my_projects/go_test/.cache/worktrees/soundtrack-v3-latest/scripts/test-production-metadata-history.mjs:50:43)
    async TestContext.<anonymous> (file:///Users/oleksandr.mekhovov/work/my_projects/go_test/.cache/worktrees/soundtrack-v3-latest/scripts/test-production-metadata-history.mjs:209:15)
    async Test.run (node:internal/test_runner/test:797:9)
    async Test.processPendingSubtests (node:internal/test_runner/test:526:7)
  ...
# Subtest: one pure inventory preserves exact inspection and filters missing Sentinel themes without inflating rigs
ok 28 - one pure inventory preserves exact inspection and filters missing Sentinel themes without inflating rigs
  ---
  duration_ms: 31.048084
  ...
# Subtest: actual panel uses metadata only; native filters and Back retain focus, source text stays inert
ok 29 - actual panel uses metadata only; native filters and Back retain focus, source text stays inert
  ---
  duration_ms: 27.561375
  ...
# Subtest: explicit preview cancellation prevents late row completion, disposes URLs and never steals focus
ok 30 - explicit preview cancellation prevents late row completion, disposes URLs and never steals focus
  ---
  duration_ms: 109.814125
  ...
# Subtest: preview failure is visible; filter, reload and lifecycle cancel current requests without approvals
ok 31 - preview failure is visible; filter, reload and lifecycle cancel current requests without approvals
  ---
  duration_ms: 48.676416
  ...
# Subtest: late reload and invalid register preserve the current valid view and active filter
ok 32 - late reload and invalid register preserve the current valid view and active filter
  ---
  duration_ms: 20.57725
  ...
# Subtest: preview source URL rejects unsafe or remote roots before any body fetch
ok 33 - preview source URL rejects unsafe or remote roots before any body fetch
  ---
  duration_ms: 1.144
  ...
# Subtest: real PNG byte identity admits native decode once; mismatch and decode failure cannot leave a URL
ok 34 - real PNG byte identity admits native decode once; mismatch and decode failure cannot leave a URL
  ---
  duration_ms: 162.467834
  ...
# Subtest: bounded reader rejects redirect/oversized stream and cancellation before decode disposes its URL
ok 35 - bounded reader rejects redirect/oversized stream and cancellation before decode disposes its URL
  ---
  duration_ms: 12.457041
  ...
# Subtest: shared project workflow reaches all fourteen skills without duplicating or executing intake templates
ok 36 - shared project workflow reaches all fourteen skills without duplicating or executing intake templates
  ---
  duration_ms: 24.849291
  ...
# Subtest: inspected reserves use their terminal checklist and reused production pictures stay excluded from spare totals
ok 37 - inspected reserves use their terminal checklist and reused production pictures stay excluded from spare totals
  ---
  duration_ms: 18.958833
  ...
# Subtest: register timeout stops activity even when the underlying reader settles late
ok 38 - register timeout stops activity even when the underlying reader settles late
  ---
  duration_ms: 12.208917
  ...
# Subtest: real source cohort has 27 unique originals in nine proposed layout families, not 15 new external works
ok 39 - real source cohort has 27 unique originals in nine proposed layout families, not 15 new external works
  ---
  duration_ms: 20.996458
  ...
# Subtest: finite adapters validate all real original identities without rerunning producers or decoding
not ok 40 - finite adapters validate all real original identities without rerunning producers or decoding
  ---
  duration_ms: 227.166167
  location: '/Users/oleksandr.mekhovov/work/my_projects/go_test/.cache/worktrees/soundtrack-v3-latest/scripts/test-production-register.mjs:128:1'
  failureType: 'testCodeFailure'
  error: "ENOENT: no such file or directory, lstat '/Users/oleksandr.mekhovov/work/my_projects/go_test/.cache/worktrees/soundtrack-v3-latest/docs/verification/round-44'"
  code: 'ENOENT'
  stack: |-
    async lstat (node:internal/fs/promises:1025:18)
    async ordinaryPath (file:///Users/oleksandr.mekhovov/work/my_projects/go_test/.cache/worktrees/soundtrack-v3-latest/authoring/production/sources.mjs:39:15)
    async boundedRead (file:///Users/oleksandr.mekhovov/work/my_projects/go_test/.cache/worktrees/soundtrack-v3-latest/authoring/production/sources.mjs:46:13)
    async file:///Users/oleksandr.mekhovov/work/my_projects/go_test/.cache/worktrees/soundtrack-v3-latest/authoring/production/sources.mjs:222:23
    async verifyPin (file:///Users/oleksandr.mekhovov/work/my_projects/go_test/.cache/worktrees/soundtrack-v3-latest/authoring/production/sources.mjs:235:15)
    async verifyProductionSources (file:///Users/oleksandr.mekhovov/work/my_projects/go_test/.cache/worktrees/soundtrack-v3-latest/authoring/production/sources.mjs:740:33)
    async TestContext.<anonymous> (file:///Users/oleksandr.mekhovov/work/my_projects/go_test/.cache/worktrees/soundtrack-v3-latest/scripts/test-production-register.mjs:129:13)
    async Test.run (node:internal/test_runner/test:797:9)
    async Test.processPendingSubtests (node:internal/test_runner/test:526:7)
  ...
# Subtest: pure browser module runs from a data URL without Node, DOM or source imports
ok 41 - pure browser module runs from a data URL without Node, DOM or source imports
  ---
  duration_ms: 16.104209
  ...
# Subtest: strict metadata rejects unknown fields, unsafe paths, duplicate identities and invalid target basis
ok 42 - strict metadata rejects unknown fields, unsafe paths, duplicate identities and invalid target basis
  ---
  duration_ms: 11.744125
  ...
# Subtest: a distinct edition or explicitly declared variant cannot fill a second map slot
ok 43 - a distinct edition or explicitly declared variant cannot fill a second map slot
  ---
  duration_ms: 43.649208
  ...
# Subtest: picture owner is constrained to the actual planned layout and work, including theme
ok 44 - picture owner is constrained to the actual planned layout and work, including theme
  ---
  duration_ms: 44.1265
  ...
# Subtest: replacement preserves A history and reviews but B cannot inherit them or skip its own stages
ok 45 - replacement preserves A history and reviews but B cannot inherit them or skip its own stages
  ---
  duration_ms: 58.083916
  ...
# Subtest: append-only revision comparison refuses identity edits and removed history
ok 46 - append-only revision comparison refuses identity edits and removed history
  ---
  duration_ms: 59.905833
  ...
# Subtest: an unresolved failure blocks stage promotion even when another pass exists
ok 47 - an unresolved failure blocks stage promotion even when another pass exists
  ---
  duration_ms: 41.995791
  ...
# Subtest: shared original bytes and recompressed derivatives cannot inflate selected/reserve totals
ok 48 - shared original bytes and recompressed derivatives cannot inflate selected/reserve totals
  ---
  duration_ms: 180.036833
  ...
# Subtest: metadata remains inspectable when originals are missing; byte verification reports unavailable
not ok 49 - metadata remains inspectable when originals are missing; byte verification reports unavailable
  ---
  duration_ms: 89.571041
  location: '/Users/oleksandr.mekhovov/work/my_projects/go_test/.cache/worktrees/soundtrack-v3-latest/scripts/test-production-register.mjs:309:1'
  failureType: 'testCodeFailure'
  error: "ENOENT: no such file or directory, open '/Users/oleksandr.mekhovov/work/my_projects/go_test/.cache/worktrees/soundtrack-v3-latest/docs/verification/round-44/v034-delivery.md'"
  code: 'ENOENT'
  stack: |-
    async open (node:internal/fs/promises:639:25)
    async readFile (node:internal/fs/promises:1246:14)
    async fixture (file:///Users/oleksandr.mekhovov/work/my_projects/go_test/.cache/worktrees/soundtrack-v3-latest/scripts/test-production-register.mjs:72:43)
    async TestContext.<anonymous> (file:///Users/oleksandr.mekhovov/work/my_projects/go_test/.cache/worktrees/soundtrack-v3-latest/scripts/test-production-register.mjs:310:15)
    async Test.run (node:internal/test_runner/test:797:9)
    async Test.processPendingSubtests (node:internal/test_runner/test:526:7)
  ...
# Subtest: changed metadata, forged ownership and symlinked sources refuse without executing a module
not ok 50 - changed metadata, forged ownership and symlinked sources refuse without executing a module
  ---
  duration_ms: 54.942333
  location: '/Users/oleksandr.mekhovov/work/my_projects/go_test/.cache/worktrees/soundtrack-v3-latest/scripts/test-production-register.mjs:320:1'
  failureType: 'testCodeFailure'
  error: "ENOENT: no such file or directory, open '/Users/oleksandr.mekhovov/work/my_projects/go_test/.cache/worktrees/soundtrack-v3-latest/docs/verification/round-44/v034-delivery.md'"
  code: 'ENOENT'
  stack: |-
    async open (node:internal/fs/promises:639:25)
    async readFile (node:internal/fs/promises:1246:14)
    async fixture (file:///Users/oleksandr.mekhovov/work/my_projects/go_test/.cache/worktrees/soundtrack-v3-latest/scripts/test-production-register.mjs:72:43)
    async TestContext.<anonymous> (file:///Users/oleksandr.mekhovov/work/my_projects/go_test/.cache/worktrees/soundtrack-v3-latest/scripts/test-production-register.mjs:321:15)
    async Test.run (node:internal/test_runner/test:797:9)
    async Test.processPendingSubtests (node:internal/test_runner/test:526:7)
  ...
# Subtest: CLI produces one exclusive proposal, preserves input, and refuses overwrites and stale revisions
not ok 51 - CLI produces one exclusive proposal, preserves input, and refuses overwrites and stale revisions
  ---
  duration_ms: 64.376208
  location: '/Users/oleksandr.mekhovov/work/my_projects/go_test/.cache/worktrees/soundtrack-v3-latest/scripts/test-production-register.mjs:338:1'
  failureType: 'testCodeFailure'
  error: "ENOENT: no such file or directory, open '/Users/oleksandr.mekhovov/work/my_projects/go_test/.cache/worktrees/soundtrack-v3-latest/docs/verification/round-44/v034-delivery.md'"
  code: 'ENOENT'
  stack: |-
    async open (node:internal/fs/promises:639:25)
    async readFile (node:internal/fs/promises:1246:14)
    async fixture (file:///Users/oleksandr.mekhovov/work/my_projects/go_test/.cache/worktrees/soundtrack-v3-latest/scripts/test-production-register.mjs:72:43)
    async TestContext.<anonymous> (file:///Users/oleksandr.mekhovov/work/my_projects/go_test/.cache/worktrees/soundtrack-v3-latest/scripts/test-production-register.mjs:339:15)
    async Test.run (node:internal/test_runner/test:797:9)
    async Test.processPendingSubtests (node:internal/test_runner/test:526:7)
  ...
# Subtest: CLI report reads metadata only; traversal and wrong options never create output
not ok 52 - CLI report reads metadata only; traversal and wrong options never create output
  ---
  duration_ms: 144.838125
  location: '/Users/oleksandr.mekhovov/work/my_projects/go_test/.cache/worktrees/soundtrack-v3-latest/scripts/test-production-register.mjs:376:1'
  failureType: 'testCodeFailure'
  error: "ENOENT: no such file or directory, open '/Users/oleksandr.mekhovov/work/my_projects/go_test/.cache/worktrees/soundtrack-v3-latest/docs/verification/round-44/v034-delivery.md'"
  code: 'ENOENT'
  stack: |-
    async open (node:internal/fs/promises:639:25)
    async readFile (node:internal/fs/promises:1246:14)
    async fixture (file:///Users/oleksandr.mekhovov/work/my_projects/go_test/.cache/worktrees/soundtrack-v3-latest/scripts/test-production-register.mjs:72:43)
    async TestContext.<anonymous> (file:///Users/oleksandr.mekhovov/work/my_projects/go_test/.cache/worktrees/soundtrack-v3-latest/scripts/test-production-register.mjs:377:15)
    async Test.run (node:internal/test_runner/test:797:9)
    async Test.processPendingSubtests (node:internal/test_runner/test:526:7)
  ...
# Subtest: renamed shared recipes and another segment of one movie do not inflate unique works
ok 53 - renamed shared recipes and another segment of one movie do not inflate unique works
  ---
  duration_ms: 17.888917
  ...
# Subtest: movie facts and original dimensions cannot be changed under the same source identity
ok 54 - movie facts and original dimensions cannot be changed under the same source identity
  ---
  duration_ms: 95.390791
  ...
# Subtest: CLI previous-register comparison preserves exact prior work identity
not ok 55 - CLI previous-register comparison preserves exact prior work identity
  ---
  duration_ms: 50.173292
  location: '/Users/oleksandr.mekhovov/work/my_projects/go_test/.cache/worktrees/soundtrack-v3-latest/scripts/test-production-register.mjs:443:1'
  failureType: 'testCodeFailure'
  error: "ENOENT: no such file or directory, open '/Users/oleksandr.mekhovov/work/my_projects/go_test/.cache/worktrees/soundtrack-v3-latest/docs/verification/round-44/v034-delivery.md'"
  code: 'ENOENT'
  stack: |-
    async open (node:internal/fs/promises:639:25)
    async readFile (node:internal/fs/promises:1246:14)
    async fixture (file:///Users/oleksandr.mekhovov/work/my_projects/go_test/.cache/worktrees/soundtrack-v3-latest/scripts/test-production-register.mjs:72:43)
    async TestContext.<anonymous> (file:///Users/oleksandr.mekhovov/work/my_projects/go_test/.cache/worktrees/soundtrack-v3-latest/scripts/test-production-register.mjs:444:15)
    async Test.run (node:internal/test_runner/test:797:9)
    async Test.processPendingSubtests (node:internal/test_runner/test:526:7)
  ...
# Subtest: existing produced raster manifest works without a second media store and preserves derivative parent
not ok 56 - existing produced raster manifest works without a second media store and preserves derivative parent
  ---
  duration_ms: 57.615458
  location: '/Users/oleksandr.mekhovov/work/my_projects/go_test/.cache/worktrees/soundtrack-v3-latest/scripts/test-production-register.mjs:466:1'
  failureType: 'testCodeFailure'
  error: "ENOENT: no such file or directory, lstat '/Users/oleksandr.mekhovov/work/my_projects/go_test/.cache/worktrees/soundtrack-v3-latest/docs/verification/round-44'"
  code: 'ENOENT'
  stack: |-
    async lstat (node:internal/fs/promises:1025:18)
    async ordinaryPath (file:///Users/oleksandr.mekhovov/work/my_projects/go_test/.cache/worktrees/soundtrack-v3-latest/authoring/production/sources.mjs:39:15)
    async boundedRead (file:///Users/oleksandr.mekhovov/work/my_projects/go_test/.cache/worktrees/soundtrack-v3-latest/authoring/production/sources.mjs:46:13)
    async file:///Users/oleksandr.mekhovov/work/my_projects/go_test/.cache/worktrees/soundtrack-v3-latest/authoring/production/sources.mjs:222:23
    async verifyPin (file:///Users/oleksandr.mekhovov/work/my_projects/go_test/.cache/worktrees/soundtrack-v3-latest/authoring/production/sources.mjs:235:15)
    async verifyProductionSources (file:///Users/oleksandr.mekhovov/work/my_projects/go_test/.cache/worktrees/soundtrack-v3-latest/authoring/production/sources.mjs:740:33)
    async TestContext.<anonymous> (file:///Users/oleksandr.mekhovov/work/my_projects/go_test/.cache/worktrees/soundtrack-v3-latest/scripts/test-production-register.mjs:508:18)
    async Test.run (node:internal/test_runner/test:797:9)
    async Test.processPendingSubtests (node:internal/test_runner/test:526:7)
  ...
# Subtest: historical originals with conflicting identities at one path reject before inventory dedupe
not ok 57 - historical originals with conflicting identities at one path reject before inventory dedupe
  ---
  duration_ms: 78.981542
  location: '/Users/oleksandr.mekhovov/work/my_projects/go_test/.cache/worktrees/soundtrack-v3-latest/scripts/test-production-register.mjs:515:1'
  failureType: 'testCodeFailure'
  error: "ENOENT: no such file or directory, open '/Users/oleksandr.mekhovov/work/my_projects/go_test/.cache/worktrees/soundtrack-v3-latest/docs/verification/round-44/v034-delivery.md'"
  code: 'ENOENT'
  stack: |-
    async open (node:internal/fs/promises:639:25)
    async readFile (node:internal/fs/promises:1246:14)
    async fixture (file:///Users/oleksandr.mekhovov/work/my_projects/go_test/.cache/worktrees/soundtrack-v3-latest/scripts/test-production-register.mjs:72:43)
    async TestContext.<anonymous> (file:///Users/oleksandr.mekhovov/work/my_projects/go_test/.cache/worktrees/soundtrack-v3-latest/scripts/test-production-register.mjs:516:15)
    async Test.run (node:internal/test_runner/test:797:9)
    async Test.processPendingSubtests (node:internal/test_runner/test:526:7)
  ...
# Subtest: nine Sentinel themes append exact owners without changing old works, reviews or geometry totals
ok 58 - nine Sentinel themes append exact owners without changing old works, reviews or geometry totals
  ---
  duration_ms: 30.148416
  ...
# Subtest: new finite adapter verifies all exact originals without executing a game or producer
not ok 59 - new finite adapter verifies all exact originals without executing a game or producer
  ---
  duration_ms: 246.036583
  location: '/Users/oleksandr.mekhovov/work/my_projects/go_test/.cache/worktrees/soundtrack-v3-latest/scripts/test-production-sentinel-themes.mjs:46:1'
  failureType: 'testCodeFailure'
  error: "ENOENT: no such file or directory, lstat '/Users/oleksandr.mekhovov/work/my_projects/go_test/.cache/worktrees/soundtrack-v3-latest/docs/verification/round-44'"
  code: 'ENOENT'
  stack: |-
    async lstat (node:internal/fs/promises:1025:18)
    async ordinaryPath (file:///Users/oleksandr.mekhovov/work/my_projects/go_test/.cache/worktrees/soundtrack-v3-latest/authoring/production/sources.mjs:39:15)
    async boundedRead (file:///Users/oleksandr.mekhovov/work/my_projects/go_test/.cache/worktrees/soundtrack-v3-latest/authoring/production/sources.mjs:46:13)
    async file:///Users/oleksandr.mekhovov/work/my_projects/go_test/.cache/worktrees/soundtrack-v3-latest/authoring/production/sources.mjs:222:23
    async verifyPin (file:///Users/oleksandr.mekhovov/work/my_projects/go_test/.cache/worktrees/soundtrack-v3-latest/authoring/production/sources.mjs:235:15)
    async verifyProductionSources (file:///Users/oleksandr.mekhovov/work/my_projects/go_test/.cache/worktrees/soundtrack-v3-latest/authoring/production/sources.mjs:740:33)
    async TestContext.<anonymous> (file:///Users/oleksandr.mekhovov/work/my_projects/go_test/.cache/worktrees/soundtrack-v3-latest/scripts/test-production-sentinel-themes.mjs:47:18)
    async Test.run (node:internal/test_runner/test:797:9)
    async Test.processPendingSubtests (node:internal/test_runner/test:526:7)
  ...
# Subtest: a new theme cannot borrow another poster or original by changing only its declared source handle
ok 60 - a new theme cannot borrow another poster or original by changing only its declared source handle
  ---
  duration_ms: 219.380916
  ...
# Subtest: different-theme and different-mission owners cannot fill the intended slot
ok 61 - different-theme and different-mission owners cannot fill the intended slot
  ---
  duration_ms: 17.251333
  ...
# Subtest: register expansion preserves immutable history and cannot count reused layouts twice
ok 62 - register expansion preserves immutable history and cannot count reused layouts twice
  ---
  duration_ms: 18.162458
  ...
# Subtest: baseline remains readable and a new picture still has every production check open
not ok 63 - baseline remains readable and a new picture still has every production check open
  ---
  duration_ms: 215.529917
  location: '/Users/oleksandr.mekhovov/work/my_projects/go_test/.cache/worktrees/soundtrack-v3-latest/scripts/test-production-sentinel-themes.mjs:92:1'
  failureType: 'testCodeFailure'
  error: "ENOENT: no such file or directory, lstat '/Users/oleksandr.mekhovov/work/my_projects/go_test/.cache/worktrees/soundtrack-v3-latest/docs/verification/round-44'"
  code: 'ENOENT'
  stack: |-
    async lstat (node:internal/fs/promises:1025:18)
    async ordinaryPath (file:///Users/oleksandr.mekhovov/work/my_projects/go_test/.cache/worktrees/soundtrack-v3-latest/authoring/production/sources.mjs:39:15)
    async boundedRead (file:///Users/oleksandr.mekhovov/work/my_projects/go_test/.cache/worktrees/soundtrack-v3-latest/authoring/production/sources.mjs:46:13)
    async file:///Users/oleksandr.mekhovov/work/my_projects/go_test/.cache/worktrees/soundtrack-v3-latest/authoring/production/sources.mjs:222:23
    async verifyPin (file:///Users/oleksandr.mekhovov/work/my_projects/go_test/.cache/worktrees/soundtrack-v3-latest/authoring/production/sources.mjs:235:15)
    async verifyProductionSources (file:///Users/oleksandr.mekhovov/work/my_projects/go_test/.cache/worktrees/soundtrack-v3-latest/authoring/production/sources.mjs:740:33)
    async TestContext.<anonymous> (file:///Users/oleksandr.mekhovov/work/my_projects/go_test/.cache/worktrees/soundtrack-v3-latest/scripts/test-production-sentinel-themes.mjs:94:17)
    async Test.run (node:internal/test_runner/test:797:9)
    async Test.processPendingSubtests (node:internal/test_runner/test:526:7)
  ...
# Subtest: retained source bodies authenticate exact immutable recipe pins without approving production
not ok 64 - retained source bodies authenticate exact immutable recipe pins without approving production
  ---
  duration_ms: 292.950208
  location: '/Users/oleksandr.mekhovov/work/my_projects/go_test/.cache/worktrees/soundtrack-v3-latest/scripts/test-production-source-history.mjs:57:1'
  failureType: 'testCodeFailure'
  error: "ENOENT: no such file or directory, lstat '/Users/oleksandr.mekhovov/work/my_projects/go_test/.cache/worktrees/soundtrack-v3-latest/docs/verification/round-44'"
  code: 'ENOENT'
  stack: |-
    async lstat (node:internal/fs/promises:1025:18)
    async ordinaryPath (file:///Users/oleksandr.mekhovov/work/my_projects/go_test/.cache/worktrees/soundtrack-v3-latest/authoring/production/sources.mjs:39:15)
    async boundedRead (file:///Users/oleksandr.mekhovov/work/my_projects/go_test/.cache/worktrees/soundtrack-v3-latest/authoring/production/sources.mjs:46:13)
    async file:///Users/oleksandr.mekhovov/work/my_projects/go_test/.cache/worktrees/soundtrack-v3-latest/authoring/production/sources.mjs:222:23
    async verifyPin (file:///Users/oleksandr.mekhovov/work/my_projects/go_test/.cache/worktrees/soundtrack-v3-latest/authoring/production/sources.mjs:235:15)
    async verifyProductionSources (file:///Users/oleksandr.mekhovov/work/my_projects/go_test/.cache/worktrees/soundtrack-v3-latest/authoring/production/sources.mjs:740:33)
    async TestContext.<anonymous> (file:///Users/oleksandr.mekhovov/work/my_projects/go_test/.cache/worktrees/soundtrack-v3-latest/scripts/test-production-source-history.mjs:67:18)
    async Test.run (node:internal/test_runner/test:797:9)
    async Test.processPendingSubtests (node:internal/test_runner/test:526:7)
  ...
# Subtest: old source checkouts remain valid without the optional source index; changed current bytes refuse
not ok 65 - old source checkouts remain valid without the optional source index; changed current bytes refuse
  ---
  duration_ms: 132.744541
  location: '/Users/oleksandr.mekhovov/work/my_projects/go_test/.cache/worktrees/soundtrack-v3-latest/scripts/test-production-source-history.mjs:74:1'
  failureType: 'testCodeFailure'
  error: "ENOENT: no such file or directory, open '/Users/oleksandr.mekhovov/work/my_projects/go_test/.cache/worktrees/soundtrack-v3-latest/docs/verification/round-44/v034-delivery.md'"
  code: 'ENOENT'
  stack: |-
    async open (node:internal/fs/promises:639:25)
    async readFile (node:internal/fs/promises:1246:14)
    async fixture (file:///Users/oleksandr.mekhovov/work/my_projects/go_test/.cache/worktrees/soundtrack-v3-latest/scripts/test-production-source-history.mjs:52:43)
    async TestContext.<anonymous> (file:///Users/oleksandr.mekhovov/work/my_projects/go_test/.cache/worktrees/soundtrack-v3-latest/scripts/test-production-source-history.mjs:75:15)
    async Test.run (node:internal/test_runner/test:797:9)
    async Test.processPendingSubtests (node:internal/test_runner/test:526:7)
  ...
# Subtest: missing, modified or symlinked source snapshots fail instead of using the current recipe
not ok 66 - missing, modified or symlinked source snapshots fail instead of using the current recipe
  ---
  duration_ms: 80.531916
  location: '/Users/oleksandr.mekhovov/work/my_projects/go_test/.cache/worktrees/soundtrack-v3-latest/scripts/test-production-source-history.mjs:83:1'
  failureType: 'testCodeFailure'
  error: "ENOENT: no such file or directory, open '/Users/oleksandr.mekhovov/work/my_projects/go_test/.cache/worktrees/soundtrack-v3-latest/docs/verification/round-44/v034-delivery.md'"
  code: 'ENOENT'
  stack: |-
    async open (node:internal/fs/promises:639:25)
    async readFile (node:internal/fs/promises:1246:14)
    async fixture (file:///Users/oleksandr.mekhovov/work/my_projects/go_test/.cache/worktrees/soundtrack-v3-latest/scripts/test-production-source-history.mjs:52:43)
    async TestContext.<anonymous> (file:///Users/oleksandr.mekhovov/work/my_projects/go_test/.cache/worktrees/soundtrack-v3-latest/scripts/test-production-source-history.mjs:84:15)
    async Test.run (node:internal/test_runner/test:797:9)
    async Test.processPendingSubtests (node:internal/test_runner/test:526:7)
  ...
# Subtest: source history has finite exact identities and cannot choose arbitrary source or snapshot paths
not ok 67 - source history has finite exact identities and cannot choose arbitrary source or snapshot paths
  ---
  duration_ms: 88.834916
  location: '/Users/oleksandr.mekhovov/work/my_projects/go_test/.cache/worktrees/soundtrack-v3-latest/scripts/test-production-source-history.mjs:96:1'
  failureType: 'testCodeFailure'
  error: "ENOENT: no such file or directory, open '/Users/oleksandr.mekhovov/work/my_projects/go_test/.cache/worktrees/soundtrack-v3-latest/docs/verification/round-44/v034-delivery.md'"
  code: 'ENOENT'
  stack: |-
    async open (node:internal/fs/promises:639:25)
    async readFile (node:internal/fs/promises:1246:14)
    async fixture (file:///Users/oleksandr.mekhovov/work/my_projects/go_test/.cache/worktrees/soundtrack-v3-latest/scripts/test-production-source-history.mjs:52:43)
    async TestContext.<anonymous> (file:///Users/oleksandr.mekhovov/work/my_projects/go_test/.cache/worktrees/soundtrack-v3-latest/scripts/test-production-source-history.mjs:97:15)
    async Test.run (node:internal/test_runner/test:797:9)
    async Test.processPendingSubtests (node:internal/test_runner/test:526:7)
  ...
# Subtest: a new source pin reads current bytes while the retained old pin remains immutable
not ok 68 - a new source pin reads current bytes while the retained old pin remains immutable
  ---
  duration_ms: 145.9565
  location: '/Users/oleksandr.mekhovov/work/my_projects/go_test/.cache/worktrees/soundtrack-v3-latest/scripts/test-production-source-history.mjs:117:1'
  failureType: 'testCodeFailure'
  error: "ENOENT: no such file or directory, open '/Users/oleksandr.mekhovov/work/my_projects/go_test/.cache/worktrees/soundtrack-v3-latest/docs/verification/round-44/v034-delivery.md'"
  code: 'ENOENT'
  stack: |-
    async open (node:internal/fs/promises:639:25)
    async readFile (node:internal/fs/promises:1246:14)
    async fixture (file:///Users/oleksandr.mekhovov/work/my_projects/go_test/.cache/worktrees/soundtrack-v3-latest/scripts/test-production-source-history.mjs:52:43)
    async TestContext.<anonymous> (file:///Users/oleksandr.mekhovov/work/my_projects/go_test/.cache/worktrees/soundtrack-v3-latest/scripts/test-production-source-history.mjs:118:15)
    async Test.run (node:internal/test_runner/test:797:9)
    async Test.processPendingSubtests (node:internal/test_runner/test:526:7)
  ...
# Subtest: archived source bytes are authenticated but never imported or executed
not ok 69 - archived source bytes are authenticated but never imported or executed
  ---
  duration_ms: 108.1785
  location: '/Users/oleksandr.mekhovov/work/my_projects/go_test/.cache/worktrees/soundtrack-v3-latest/scripts/test-production-source-history.mjs:131:1'
  failureType: 'testCodeFailure'
  error: "ENOENT: no such file or directory, open '/Users/oleksandr.mekhovov/work/my_projects/go_test/.cache/worktrees/soundtrack-v3-latest/docs/verification/round-44/v034-delivery.md'"
  code: 'ENOENT'
  stack: |-
    async open (node:internal/fs/promises:639:25)
    async readFile (node:internal/fs/promises:1246:14)
    async fixture (file:///Users/oleksandr.mekhovov/work/my_projects/go_test/.cache/worktrees/soundtrack-v3-latest/scripts/test-production-source-history.mjs:52:43)
    async TestContext.<anonymous> (file:///Users/oleksandr.mekhovov/work/my_projects/go_test/.cache/worktrees/soundtrack-v3-latest/scripts/test-production-source-history.mjs:132:15)
    async Test.run (node:internal/test_runner/test:797:9)
    async Test.processPendingSubtests (node:internal/test_runner/test:526:7)
  ...
# Subtest: overlapping history identities require both exact snapshots without fallback to the other copy or live source
not ok 70 - overlapping history identities require both exact snapshots without fallback to the other copy or live source
  ---
  duration_ms: 91.632542
  location: '/Users/oleksandr.mekhovov/work/my_projects/go_test/.cache/worktrees/soundtrack-v3-latest/scripts/test-production-source-history.mjs:146:1'
  failureType: 'testCodeFailure'
  error: "ENOENT: no such file or directory, open '/Users/oleksandr.mekhovov/work/my_projects/go_test/.cache/worktrees/soundtrack-v3-latest/docs/verification/round-44/v034-delivery.md'"
  code: 'ENOENT'
  stack: |-
    async open (node:internal/fs/promises:639:25)
    async readFile (node:internal/fs/promises:1246:14)
    async fixture (file:///Users/oleksandr.mekhovov/work/my_projects/go_test/.cache/worktrees/soundtrack-v3-latest/scripts/test-production-source-history.mjs:52:43)
    async TestContext.<anonymous> (file:///Users/oleksandr.mekhovov/work/my_projects/go_test/.cache/worktrees/soundtrack-v3-latest/scripts/test-production-source-history.mjs:147:15)
    async Test.run (node:internal/test_runner/test:797:9)
    async Test.processPendingSubtests (node:internal/test_runner/test:526:7)
  ...
1..70
# tests 70
# suites 0
# pass 36
# fail 34
# cancelled 0
# skipped 0
# todo 0
# duration_ms 2921.823333
