TAP version 13
# Subtest: stick: both seats steer independently, release persists, recovery clears stale fingers
ok 1 - stick: both seats steer independently, release persists, recovery clears stale fingers
  ---
  duration_ms: 6.221208
  ...
# Subtest: swipe: both seats steer independently, release persists, recovery clears stale fingers
ok 2 - swipe: both seats steer independently, release persists, recovery clears stale fingers
  ---
  duration_ms: 0.57275
  ...
# Subtest: dpad: both seats steer independently, release persists, recovery clears stale fingers
ok 3 - dpad: both seats steer independently, release persists, recovery clears stale fingers
  ---
  duration_ms: 0.590792
  ...
# Subtest: Solo choices are read unchanged by each new mode; no profile is written
ok 4 - Solo choices are read unchanged by each new mode; no profile is written
  ---
  duration_ms: 2.340291
  ...
# Subtest: invalid storage is preserved; valid legacy touch settings are used until explicit change
ok 5 - invalid storage is preserved; valid legacy touch settings are used until explicit change
  ---
  duration_ms: 0.350167
  ...
# Subtest: denied writes retain session choice and expose truthful feedback
ok 6 - denied writes retain session choice and expose truthful feedback
  ---
  duration_ms: 0.825667
  ...
# Subtest: external explicit choices notify once and terminal disposal stops observation
ok 7 - external explicit choices notify once and terminal disposal stops observation
  ---
  duration_ms: 0.54875
  ...
1..7
# tests 7
# suites 0
# pass 7
# fail 0
# cancelled 0
# skipped 0
# todo 0
# duration_ms 74.611833
