2026-09-16T07:54:12.8649843Z Current runner version: '2.337.0'
2026-09-16T07:54:12.8684732Z ##[group]Runner Image Provisioner
2026-09-16T07:54:12.8686575Z Hosted Compute Agent
2026-09-16T07:54:12.8687567Z Version: 20260828.587
2026-09-16T07:54:12.8688669Z Commit: abac92662cab4cc7352de4f9f9d2e2419aad9c29
2026-09-16T07:54:12.8689988Z Build Date: 2026-08-28T16:44:25Z
2026-09-16T07:54:12.8691116Z Worker ID: {fe1c1d06-daef-4f0d-a04d-2eaeedf007ac}
2026-09-16T07:54:12.8692527Z Azure Region: eastus
2026-09-16T07:54:12.8693531Z ##[endgroup]
2026-09-16T07:54:12.8696069Z ##[group]Operating System
2026-09-16T07:54:12.8697158Z Ubuntu
2026-09-16T07:54:12.8698125Z 24.04.5
2026-09-16T07:54:12.8699009Z LTS
2026-09-16T07:54:12.8699913Z ##[endgroup]
2026-09-16T07:54:12.8700931Z ##[group]Runner Image
2026-09-16T07:54:12.8701903Z Image: ubuntu-24.04
2026-09-16T07:54:12.8702826Z Version: 20260907.300.1
2026-09-16T07:54:12.8705086Z Included Software: https://github.com/actions/runner-images/blob/ubuntu24/20260907.300/images/ubuntu/Ubuntu2404-Readme.md
2026-09-16T07:54:12.8708121Z Image Release: https://github.com/actions/runner-images/releases/tag/ubuntu24%2F20260907.300
2026-09-16T07:54:12.8709815Z ##[endgroup]
2026-09-16T07:54:12.8711713Z ##[group]GITHUB_TOKEN Permissions
2026-09-16T07:54:12.8714394Z Metadata: read
2026-09-16T07:54:12.8716198Z Pages: write
2026-09-16T07:54:12.8717166Z ##[endgroup]
2026-09-16T07:54:12.8720203Z Secret source: Actions
2026-09-16T07:54:12.8721935Z Cache mode: write
2026-09-16T07:54:12.8723318Z Prepare workflow directory
2026-09-16T07:54:12.9203280Z Prepare all required actions
2026-09-16T07:54:12.9251486Z Getting action download info
2026-09-16T07:54:13.0974299Z Download action repository 'actions/deploy-pages@v4' (SHA:d6db90164ac5ed86f2b6aed7e0febac5b3c0c03e)
2026-09-16T07:54:13.4542613Z Complete job name: deploy
2026-09-16T07:54:13.5364268Z Node 20 is being deprecated. This workflow is running with Node 24 by default. If you need to temporarily use Node 20, you can set the ACTIONS_ALLOW_USE_UNSECURE_NODE_VERSION=true environment variable. For more information see: https://github.blog/changelog/2025-09-19-deprecation-of-node-20-on-github-actions-runners/
2026-09-16T07:54:13.5373494Z ##[group]Run actions/deploy-pages@v4
2026-09-16T07:54:13.5374311Z with:
2026-09-16T07:54:13.5378341Z   token: ***
2026-09-16T07:54:13.5378800Z   timeout: 600000
2026-09-16T07:54:13.5379254Z   error_count: 10
2026-09-16T07:54:13.5379716Z   reporting_interval: 5000
2026-09-16T07:54:13.5380248Z   artifact_name: github-pages
2026-09-16T07:54:13.5380775Z   preview: false
2026-09-16T07:54:13.5381491Z ##[endgroup]
2026-09-16T07:54:13.7274462Z (node:2108) [DEP0040] DeprecationWarning: The `punycode` module is deprecated. Please use a userland alternative instead.
2026-09-16T07:54:13.7276413Z (Use `node --trace-deprecation ...` to show where the warning was created)
2026-09-16T07:54:13.7842396Z Fetching artifact metadata for "github-pages" in this workflow run
2026-09-16T07:54:13.8773933Z Found 2 artifact(s)
2026-09-16T07:54:13.8788015Z Creating Pages deployment with payload:
2026-09-16T07:54:13.8789175Z {
2026-09-16T07:54:13.8790016Z 	"artifact_id": 10436071668,
2026-09-16T07:54:13.8791317Z 	"pages_build_version": "eaaf9844f7294be17bd97672de3c5b483e7c1620",
2026-09-16T07:54:13.8903581Z 	"oidc_token": "***"
2026-09-16T07:54:13.8904415Z }
2026-09-16T07:54:14.1604584Z Created deployment for eaaf9844f7294be17bd97672de3c5b483e7c1620, ID: eaaf9844f7294be17bd97672de3c5b483e7c1620
2026-09-16T07:54:19.1619799Z Getting Pages deployment status...
2026-09-16T07:54:19.2973768Z Current status: deployment_in_progress
2026-09-16T07:54:24.2976776Z Getting Pages deployment status...
2026-09-16T07:54:24.4404356Z Current status: syncing_files
2026-09-16T07:54:29.4411729Z Getting Pages deployment status...
2026-09-16T07:54:29.5722874Z Reported success!
2026-09-16T07:54:29.6021392Z Evaluate and set environment url
2026-09-16T07:54:29.6026244Z Evaluated environment url: https://mekhovov.github.io/revealline-archive-18/
2026-09-16T07:54:29.6027424Z Cleaning up orphan processes
2026-09-16T07:54:29.6576017Z ##[warning]Node.js 20 is deprecated. The following actions target Node.js 20 but are being forced to run on Node.js 24: actions/deploy-pages@v4. For more information see: https://github.blog/changelog/2025-09-19-deprecation-of-node-20-on-github-actions-runners/
