TAP version 13
# Subtest: ten classes use only registered primitives and separate valid body/link references
ok 1 - ten classes use only registered primitives and separate valid body/link references
  ---
  duration_ms: 1.243333
  ...
# Subtest: unknown primitives, invalid resources, links, lanes and registry versions fail validation
ok 2 - unknown primitives, invalid resources, links, lanes and registry versions fail validation
  ---
  duration_ms: 1.362834
  ...
# Subtest: light carrier needs nearby pickup, spends one charge and cannot repeat or overdraw
ok 3 - light carrier needs nearby pickup, spends one charge and cannot repeat or overdraw
  ---
  duration_ms: 2.64
  ...
# Subtest: heavy carrier holds two charges and cooldown cannot consume an extra charge
ok 4 - heavy carrier holds two charges and cooldown cannot consume an extra charge
  ---
  duration_ms: 1.72225
  ...
# Subtest: courier delivery updates only its delivery marker, while drop-clear targets ground toys
ok 5 - courier delivery updates only its delivery marker, while drop-clear targets ground toys
  ---
  duration_ms: 0.449625
  ...
# Subtest: scan reveals notes temporarily and relay pulse restores only relay markers
ok 6 - scan reveals notes temporarily and relay pulse restores only relay markers
  ---
  duration_ms: 6.029834
  ...
# Subtest: strike uses authoritative cardinal direction, spends charge and returns on ground tag
ok 7 - strike uses authoritative cardinal direction, spends charge and returns on ground tag
  ---
  duration_ms: 0.339917
  ...
# Subtest: grid dash ends on a valid rail center; immediate keeps continuous end and both clamp bounds
ok 8 - grid dash ends on a valid rail center; immediate keeps continuous end and both clamp bounds
  ---
  duration_ms: 0.313833
  ...
# Subtest: a short grid dash cannot round backward or spend a charge without a reachable forward center
ok 9 - a short grid dash cannot round backward or spend a charge without a reachable forward center
  ---
  duration_ms: 0.806
  ...
# Subtest: fiber dash charges its outbound distance once and excludes the strike return teleport
ok 10 - fiber dash charges its outbound distance once and excludes the strike return teleport
  ---
  duration_ms: 0.282583
  ...
# Subtest: emitted dots use swept toy hits and deterministic fixed ticks across frame rates
ok 11 - emitted dots use swept toy hits and deterministic fixed ticks across frame rates
  ---
  duration_ms: 4.028666
  ...
# Subtest: net slows an airborne toy then captures it after dwell time
ok 12 - net slows an airborne toy then captures it after dwell time
  ---
  duration_ms: 2.615209
  ...
# Subtest: a net processes its full active interval including equal dwell/expiry and a partial final tick
ok 13 - a net processes its full active interval including equal dwell/expiry and a partial final tick
  ---
  duration_ms: 6.27725
  ...
# Subtest: projectiles resolve the first swept contact rather than the nearest target center
ok 14 - projectiles resolve the first swept contact rather than the nearest target center
  ---
  duration_ms: 0.513917
  ...
# Subtest: pause freezes cooldown and actors; rejected/duplicate actions cannot spend charges
ok 15 - pause freezes cooldown and actors; rejected/duplicate actions cannot spend charges
  ---
  duration_ms: 1.657875
  ...
# Subtest: fiber is modular, spends budget on travel, refills at pads and does not obstruct movement
ok 16 - fiber is modular, spends budget on travel, refills at pads and does not obstruct movement
  ---
  duration_ms: 0.242125
  ...
# Subtest: fiber charges authoritative reversal distance even when one frame returns to the same point
ok 17 - fiber charges authoritative reversal distance even when one frame returns to the same point
  ---
  duration_ms: 0.824958
  ...
# Subtest: only synthetic display haze differs between radio and fiber; source player stays untouched
ok 18 - only synthetic display haze differs between radio and fiber; source player stays untouched
  ---
  duration_ms: 0.446375
  ...
# Subtest: class/link change cancels transients, resets toy resources, preserves dedupe and avoids cosmetics
ok 19 - class/link change cancels transients, resets toy resources, preserves dedupe and avoids cosmetics
  ---
  duration_ms: 0.271584
  ...
# Subtest: every supplied cosmetic has a validated recipe; FPV defaults use three blades
ok 20 - every supplied cosmetic has a validated recipe; FPV defaults use three blades
  ---
  duration_ms: 1.092875
  ...
# Subtest: malformed count, radius, rate, recipe ref and source anchor fail before rendering
ok 21 - malformed count, radius, rate, recipe ref and source anchor fail before rendering
  ---
  duration_ms: 2.604458
  ...
# Subtest: two, three and four blades have complete evenly spaced geometry at any phase
ok 22 - two, three and four blades have complete evenly spaced geometry at any phase
  ---
  duration_ms: 0.272291
  ...
# Subtest: display sampling never jumps a quarter repeated blade pattern even on a slow frame
ok 23 - display sampling never jumps a quarter repeated blade pattern even on a slow frame
  ---
  duration_ms: 0.188958
  ...
# Subtest: spin responds to movement; slow inspection caps detail while preserving requested speed metadata
ok 24 - spin responds to movement; slow inspection caps detail while preserving requested speed metadata
  ---
  duration_ms: 0.602
  ...
# Subtest: pause and reduced motion freeze every animation layer, and reduced poses are time invariant
ok 25 - pause and reduced motion freeze every animation layer, and reduced poses are time invariant
  ---
  duration_ms: 0.426541
  ...
# Subtest: wing phase stays continuous when speed changes after a long-running preview
ok 26 - wing phase stays continuous when speed changes after a long-running preview
  ---
  duration_ms: 2.578542
  ...
# Subtest: all character recipes leave authoritative movement identical across a turn and boost
ok 27 - all character recipes leave authoritative movement identical across a turn and boost
  ---
  duration_ms: 25.399333
  ...
# Subtest: non-square source containment preserves body aspect and source-normalized anchor placement
ok 28 - non-square source containment preserves body aspect and source-normalized anchor placement
  ---
  duration_ms: 0.226417
  ...
# Subtest: authored collection validates against its visual IDs without permitting stats
ok 29 - authored collection validates against its visual IDs without permitting stats
  ---
  duration_ms: 1.319958
  ...
# Subtest: each family starts with an eligible default and unknown contexts use neutral
ok 30 - each family starts with an eligible default and unknown contexts use neutral
  ---
  duration_ms: 1.926209
  ...
# Subtest: locked cards expose unmet alternatives; availability and ownership are distinct
ok 31 - locked cards expose unmet alternatives; availability and ownership are distinct
  ---
  duration_ms: 0.237208
  ...
# Subtest: complete simulated results change only a new profile; all fixtures earn variants without auto-equipping
ok 32 - complete simulated results change only a new profile; all fixtures earn variants without auto-equipping
  ---
  duration_ms: 1.715166
  ...
# Subtest: same event is idempotent and conflicting event or run IDs cannot rewrite a reward
ok 33 - same event is idempotent and conflicting event or run IDs cannot rewrite a reward
  ---
  duration_ms: 0.191042
  ...
# Subtest: event identity ignores object property order and objective-set order
ok 34 - event identity ignores object property order and objective-set order
  ---
  duration_ms: 0.114917
  ...
# Subtest: replays and challenge/map variants of the same level never inflate level counts
ok 35 - replays and challenge/map variants of the same level never inflate level counts
  ---
  duration_ms: 0.403166
  ...
# Subtest: star totals use the best qualifying result of each distinct level
ok 36 - star totals use the best qualifying result of each distinct level
  ---
  duration_ms: 0.754208
  ...
# Subtest: wrong map, missing objective, life loss and a lost run cannot satisfy a clean-map unlock
ok 37 - wrong map, missing objective, life loss and a lost run cannot satisfy a clean-map unlock
  ---
  duration_ms: 0.516959
  ...
# Subtest: distinct-level alternative works without a perfect run or daily grind
ok 38 - distinct-level alternative works without a perfect run or daily grind
  ---
  duration_ms: 0.226625
  ...
# Subtest: AND groups and duration/star predicates require all conditions, while OR remains alternative
ok 39 - AND groups and duration/star predicates require all conditions, while OR remains alternative
  ---
  duration_ms: 0.324167
  ...
# Subtest: equipping rejects locked, wrong-theme and mismatched scope choices
ok 40 - equipping rejects locked, wrong-theme and mismatched scope choices
  ---
  duration_ms: 0.333
  ...
# Subtest: scope resolution is deterministic: more constraints, then map/level/challenge/case/theme/game
ok 41 - scope resolution is deterministic: more constraints, then map/level/challenge/case/theme/game
  ---
  duration_ms: 1.61875
  ...
# Subtest: removed or locked saved choices fall through safely; unequippable defaults do too
ok 42 - removed or locked saved choices fall through safely; unequippable defaults do too
  ---
  duration_ms: 0.299
  ...
# Subtest: lab and future game profiles cannot mix reward modes; fixtures never enter game mode
ok 43 - lab and future game profiles cannot mix reward modes; fixtures never enter game mode
  ---
  duration_ms: 0.105292
  ...
# Subtest: valid save round-trips; corruption, foreign identity and unknown versions recover visibly
ok 44 - valid save round-trips; corruption, foreign identity and unknown versions recover visibly
  ---
  duration_ms: 0.42325
  ...
# Subtest: malformed conditions, fallback, scopes and incomplete result events fail closed
ok 45 - malformed conditions, fallback, scopes and incomplete result events fail closed
  ---
  duration_ms: 0.737292
  ...
# Subtest: result arrival order does not change derived ownership or best totals
ok 46 - result arrival order does not change derived ownership or best totals
  ---
  duration_ms: 0.81675
  ...
# Subtest: policy configuration defaults to compatible immediate movement and validates unknown values
ok 47 - policy configuration defaults to compatible immediate movement and validates unknown values
  ---
  duration_ms: 1.9585
  ...
# Subtest: explicit grid reset starts at a true cell center without mutating authored route
ok 48 - explicit grid reset starts at a true cell center without mutating authored route
  ---
  duration_ms: 0.410417
  ...
# Subtest: perpendicular turns consume at the next center with unchanged speed and leftover distance
ok 49 - perpendicular turns consume at the next center with unchanged speed and leftover distance
  ---
  duration_ms: 0.541375
  ...
# Subtest: opposite command waits for the center and reverses at the same speed
ok 50 - opposite command waits for the center and reverses at the same speed
  ---
  duration_ms: 0.178542
  ...
# Subtest: one buffer uses the latest held command, including cancellation by the current direction
ok 51 - one buffer uses the latest held command, including cancellation by the current direction
  ---
  duration_ms: 0.323667
  ...
# Subtest: release stops immediately, clears queued turn and does not retain a tap for restart
ok 52 - release stops immediately, clears queued turn and does not retain a tap for restart
  ---
  duration_ms: 0.087
  ...
# Subtest: pause clears queued intent without moving or changing the frozen cosmetic pose
ok 53 - pause clears queued intent without moving or changing the frozen cosmetic pose
  ---
  duration_ms: 0.066375
  ...
# Subtest: large and boosted frame intervals cannot skip a turn center or lose remaining distance
ok 54 - large and boosted frame intervals cannot skip a turn center or lose remaining distance
  ---
  duration_ms: 0.108667
  ...
# Subtest: grid travel and turns are invariant at 10,20,30,60,120fps
ok 55 - grid travel and turns are invariant at 10,20,30,60,120fps
  ---
  duration_ms: 1.978708
  ...
# Subtest: grid autoplay uses center-aligned route with empty manual buffer at every frame rate
ok 56 - grid autoplay uses center-aligned route with empty manual buffer at every frame rate
  ---
  duration_ms: 6.185583
  ...
# Subtest: all four edges are reachable centers and support held turns and reversals
ok 57 - all four edges are reachable centers and support held turns and reversals
  ---
  duration_ms: 0.297958
  ...
# Subtest: body scale, turn response and reduced motion cannot alter buffered travel
ok 58 - body scale, turn response and reduced motion cannot alter buffered travel
  ---
  duration_ms: 0.452625
  ...
# Subtest: defaults are fixed 48×36, hybrid, and a compact 1.25-cell body
ok 59 - defaults are fixed 48×36, hybrid, and a compact 1.25-cell body
  ---
  duration_ms: 1.329083
  ...
# Subtest: malformed terrain pitch and opacities fail before any render loop
ok 60 - malformed terrain pitch and opacities fail before any render loop
  ---
  duration_ms: 3.875667
  ...
# Subtest: invalid geometry, short integration step and diagonal route fail visibly
ok 61 - invalid geometry, short integration step and diagonal route fail visibly
  ---
  duration_ms: 0.461959
  ...
# Subtest: cardinal direction and travel speed change immediately while facing lags
ok 62 - cardinal direction and travel speed change immediately while facing lags
  ---
  duration_ms: 0.33725
  ...
# Subtest: releasing movement stops immediately, with only visual response allowed to settle
ok 63 - releasing movement stops immediately, with only visual response allowed to settle
  ---
  duration_ms: 0.154167
  ...
# Subtest: boost and slow change speed without steering
ok 64 - boost and slow change speed without steering
  ---
  duration_ms: 0.188791
  ...
# Subtest: 10, 20 and 60 fps preserve the same real-time manual travel
ok 65 - 10, 20 and 60 fps preserve the same real-time manual travel
  ---
  duration_ms: 0.384125
  ...
# Subtest: autoplay carries distance through corners consistently across frame rates
ok 66 - autoplay carries distance through corners consistently across frame rates
  ---
  duration_ms: 3.484959
  ...
# Subtest: body turn rate and reduced motion cannot alter authoritative positions
ok 67 - body turn rate and reduced motion cannot alter authoritative positions
  ---
  duration_ms: 1.258458
  ...
# Subtest: pause preserves the complete presentation state and does not consume elapsed time
ok 68 - pause preserves the complete presentation state and does not consume elapsed time
  ---
  duration_ms: 0.183208
  ...
# Subtest: true stalls cap catch-up, and board limits remain fixed
ok 69 - true stalls cap catch-up, and board limits remain fixed
  ---
  duration_ms: 0.08625
  ...
# Subtest: four palettes and three terrain treatments share the same footprint data
ok 70 - four palettes and three terrain treatments share the same footprint data
  ---
  duration_ms: 0.458084
  ...
# Subtest: latest fresh key or pointer wins; release, repeats and an older hold cannot reclaim direction
ok 71 - latest fresh key or pointer wins; release, repeats and an older hold cannot reclaim direction
  ---
  duration_ms: 0.641875
  ...
# Subtest: pause keeps unstepped intent, ignores inactive holds and reset requires a fresh press
ok 72 - pause keeps unstepped intent, ignores inactive holds and reset requires a fresh press
  ---
  duration_ms: 0.121833
  ...
# Subtest: immediate: real motion continues after release and explicit resume retains the complete turn
ok 73 - immediate: real motion continues after release and explicit resume retains the complete turn
  ---
  duration_ms: 0.908916
  ...
# Subtest: immediate: explicit autoplay remains the same route and does not consume manual intent
ok 74 - immediate: explicit autoplay remains the same route and does not consume manual intent
  ---
  duration_ms: 0.221708
  ...
# Subtest: grid-center: real motion continues after release and explicit resume retains the complete turn
ok 75 - grid-center: real motion continues after release and explicit resume retains the complete turn
  ---
  duration_ms: 0.682084
  ...
# Subtest: grid-center: explicit autoplay remains the same route and does not consume manual intent
ok 76 - grid-center: explicit autoplay remains the same route and does not consume manual intent
  ---
  duration_ms: 0.173666
  ...
# (node:72276) ExperimentalWarning: vm.USE_MAIN_CONTEXT_DEFAULT_LOADER is an experimental feature and might change at any time
# (Use `node --trace-warnings ...` to show where the warning was created)
# Subtest: a missing static dependency reports module failure and leaves a same-page Reload link
ok 77 - a missing static dependency reports module failure and leaves a same-page Reload link
  ---
  duration_ms: 13.58925
  ...
# Subtest: slow module observation is truthful and cannot overwrite a later attached host
ok 78 - slow module observation is truthful and cannot overwrite a later attached host
  ---
  duration_ms: 3.445875
  ...
# Subtest: reserve catalog labels delayed metadata and fences stale selected image completion
ok 79 - reserve catalog labels delayed metadata and fences stale selected image completion
  ---
  duration_ms: 6.108584
  ...
# Subtest: atlas font, optional reference and clipboard waits remain independently scoped
ok 80 - atlas font, optional reference and clipboard waits remain independently scoped
  ---
  duration_ms: 4.81675
  ...
# Subtest: motion study reports initial dependency wait and a retryable startup failure
ok 81 - motion study reports initial dependency wait and a retryable startup failure
  ---
  duration_ms: 21.908167
  ...
# Subtest: shared display record overrides legacy synchronously and startup never writes
ok 82 - shared display record overrides legacy synchronously and startup never writes
  ---
  duration_ms: 1.068333
  ...
# Subtest: invalid stored value preserves original bytes and legacy fallback: not json
ok 83 - invalid stored value preserves original bytes and legacy fallback: not json
  ---
  duration_ms: 0.164917
  ...
# Subtest: invalid stored value preserves original bytes and legacy fallback: null
ok 84 - invalid stored value preserves original bytes and legacy fallback: null
  ---
  duration_ms: 0.080958
  ...
# Subtest: invalid stored value preserves original bytes and legacy fallback: []
ok 85 - invalid stored value preserves original bytes and legacy fallback: []
  ---
  duration_ms: 0.069667
  ...
# Subtest: invalid stored value preserves original bytes and legacy fallback: {"textFace":"plain","textSize":"large"}
ok 86 - invalid stored value preserves original bytes and legacy fallback: {"textFace":"plain","textSize":"large"}
  ---
  duration_ms: 0.165375
  ...
# Subtest: invalid stored value preserves original bytes and legacy fallback: {"textFace":"serif","textSize":"standard","reducedEffec
ok 87 - invalid stored value preserves original bytes and legacy fallback: {"textFace":"serif","textSize":"standard","reducedEffec
  ---
  duration_ms: 0.069917
  ...
# Subtest: invalid stored value preserves original bytes and legacy fallback: {"textFace":"pixel","textSize":"huge","reducedEffects":
ok 88 - invalid stored value preserves original bytes and legacy fallback: {"textFace":"pixel","textSize":"huge","reducedEffects":
  ---
  duration_ms: 0.070583
  ...
# Subtest: invalid stored value preserves original bytes and legacy fallback: {"textFace":"pixel","textSize":"standard","reducedEffec
ok 89 - invalid stored value preserves original bytes and legacy fallback: {"textFace":"pixel","textSize":"standard","reducedEffec
  ---
  duration_ms: 0.624583
  ...
# Subtest: invalid stored value preserves original bytes and legacy fallback: {"textFace":"pixel","textSize":"standard","reducedEffec
ok 90 - invalid stored value preserves original bytes and legacy fallback: {"textFace":"pixel","textSize":"standard","reducedEffec
  ---
  duration_ms: 0.284209
  ...
# Subtest: invalid stored value preserves original bytes and legacy fallback: {"textFace":"pixel","textSize":"standard","reducedEffec
ok 91 - invalid stored value preserves original bytes and legacy fallback: {"textFace":"pixel","textSize":"standard","reducedEffec
  ---
  duration_ms: 0.131708
  ...
# Subtest: invalid stored value preserves original bytes and legacy fallback:                                                        
ok 92 - invalid stored value preserves original bytes and legacy fallback:                                                        
  ---
  duration_ms: 0.105417
  ...
# Subtest: legacy seed reads only display fields; explicit change saves three fields before navigation
ok 93 - legacy seed reads only display fields; explicit change saves three fields before navigation
  ---
  duration_ms: 0.266167
  ...
# Subtest: late legacy snapshots cannot replace explicit same-value intent or a newer seed
ok 94 - late legacy snapshots cannot replace explicit same-value intent or a newer seed
  ---
  duration_ms: 0.125791
  ...
# Subtest: a current shared record wins a delayed legacy read even before its storage event
ok 95 - a current shared record wins a delayed legacy read even before its storage event
  ---
  duration_ms: 0.090833
  ...
# Subtest: system reduction combines conservatively without changing raw intent or saving
ok 96 - system reduction combines conservatively without changing raw intent or saving
  ---
  duration_ms: 0.153208
  ...
# Subtest: injected and legacy media query APIs use current matches and detach on disposal
ok 97 - injected and legacy media query APIs use current matches and detach on disposal
  ---
  duration_ms: 0.0825
  ...
# Subtest: missing media query capability still permits explicit reduction
ok 98 - missing media query capability still permits explicit reduction
  ---
  duration_ms: 0.07525
  ...
# Subtest: storage events require exact key, area and still-current bounded raw bytes
ok 99 - storage events require exact key, area and still-current bounded raw bytes
  ---
  duration_ms: 0.283667
  ...
# Subtest: practice mode changes memory with a warning and protects unsaved intent
ok 100 - practice mode changes memory with a warning and protects unsaved intent
  ---
  duration_ms: 0.169667
  ...
# Subtest: quota failures preserve memory, and a later successful save restores sharing
ok 101 - quota failures preserve memory, and a later successful save restores sharing
  ---
  duration_ms: 0.105667
  ...
# Subtest: unavailable storage and throwing warning callbacks cannot undo display intent
ok 102 - unavailable storage and throwing warning callbacks cannot undo display intent
  ---
  duration_ms: 0.072458
  ...
# Subtest: patch validation is atomic and rejects accessors, symbols and hidden or unknown fields
ok 103 - patch validation is atomic and rejects accessors, symbols and hidden or unknown fields
  ---
  duration_ms: 0.228292
  ...
# Subtest: subscribers see immutable current state and newer reentrant intent reaches storage
ok 104 - subscribers see immutable current state and newer reentrant intent reaches storage
  ---
  duration_ms: 0.261959
  ...
# Subtest: a failed observer does not block other observers or persistence
ok 105 - a failed observer does not block other observers or persistence
  ---
  duration_ms: 0.142833
  ...
# Subtest: reentrant explicit intent during legacy adoption wins and reports the seed superseded
ok 106 - reentrant explicit intent during legacy adoption wins and reports the seed superseded
  ---
  duration_ms: 0.088958
  ...
# Subtest: disposal detaches both event sources and rejects later mutation or subscription
ok 107 - disposal detaches both event sources and rejects later mutation or subscription
  ---
  duration_ms: 0.1185
  ...
# Subtest: persisted return reads current shared state and cap without resaving or duplicate notifications
ok 108 - persisted return reads current shared state and cap without resaving or duplicate notifications
  ---
  duration_ms: 0.133709
  ...
# Subtest: persisted return preserves unsaved intent while refreshing current system reduction
ok 109 - persisted return preserves unsaved intent while refreshing current system reduction
  ---
  duration_ms: 0.082542
  ...
# Subtest: persisted return ignores malformed and deleted shared data while updating only the effective cap
ok 110 - persisted return ignores malformed and deleted shared data while updating only the effective cap
  ---
  duration_ms: 0.095167
  ...
# Subtest: ordinary pageshow and a disposed authority cannot consume restored-page changes
ok 111 - ordinary pageshow and a disposed authority cannot consume restored-page changes
  ---
  duration_ms: 0.046625
  ...
# Subtest: persisted return respects a newer explicit choice made by an observer
ok 112 - persisted return respects a newer explicit choice made by an observer
  ---
  duration_ms: 0.111667
  ...
# Subtest: Motion HTML adopts reading policy before held app startup with one explicit size writer
ok 113 - Motion HTML adopts reading policy before held app startup with one explicit size writer
  ---
  duration_ms: 44.889458
  ...
# Subtest: Motion failed app startup retains independent size controls and failed-save intent
ok 114 - Motion failed app startup retains independent size controls and failed-save intent
  ---
  duration_ms: 7.405042
  ...
# Subtest: Motion saved and system reduction cap local choice without changing live run or authored values
ok 115 - Motion saved and system reduction cap local choice without changing live run or authored values
  ---
  duration_ms: 57.634375
  ...
# Subtest: Motion local reduced choice survives shared caps and paused preference edits do not resume
ok 116 - Motion local reduced choice survives shared caps and paused preference edits do not resume
  ---
  duration_ms: 34.899541
  ...
# Subtest: Motion loaded body and local background survive reading changes and cached return
ok 117 - Motion loaded body and local background survive reading changes and cached return
  ---
  duration_ms: 43.008458
  ...
# Subtest: Motion interruption before pending startup prevents automatic start and stale frames cannot return
ok 118 - Motion interruption before pending startup prevents automatic start and stale frames cannot return
  ---
  duration_ms: 42.914916
  ...
# Subtest: Motion terminal departure fences held initialization and leaves no authority or app listeners
ok 119 - Motion terminal departure fences held initialization and leaves no authority or app listeners
  ---
  duration_ms: 10.54475
  ...
# Subtest: Motion hidden and terminal loaded lifecycle cancels images, releases input and disconnects observer
ok 120 - Motion hidden and terminal loaded lifecycle cancels images, releases input and disconnects observer
  ---
  duration_ms: 31.690208
  ...
# Subtest: Motion unavailable inspection image is described in ordinary DOM and storage denial remains session-only
ok 121 - Motion unavailable inspection image is described in ordinary DOM and storage denial remains session-only
  ---
  duration_ms: 24.956666
  ...
# Subtest: Motion application graph completing after terminal departure cannot remount or fetch
ok 122 - Motion application graph completing after terminal departure cannot remount or fetch
  ---
  duration_ms: 5.160625
  ...
# Subtest: Motion graph first arriving in an unfocused document starts paused until explicit Play
ok 123 - Motion graph first arriving in an unfocused document starts paused until explicit Play
  ---
  duration_ms: 21.955833
  ...
# Subtest: Motion cached interruption before first application delivery cannot autoplay before or after return
ok 124 - Motion cached interruption before first application delivery cannot autoplay before or after return
  ---
  duration_ms: 25.010375
  ...
# (node:72279) ExperimentalWarning: vm.USE_MAIN_CONTEXT_DEFAULT_LOADER is an experimental feature and might change at any time
# (Use `node --trace-warnings ...` to show where the warning was created)
# Subtest: Motion real launcher retires Reload into independent reading controls while presets stay locked (anchor focus model)
ok 125 - Motion real launcher retires Reload into independent reading controls while presets stay locked (anchor focus model)
  ---
  duration_ms: 39.132417
  ...
# Subtest: Motion real launcher retires Reload into independent reading controls while presets stay locked (body focus model)
ok 126 - Motion real launcher retires Reload into independent reading controls while presets stay locked (body focus model)
  ---
  duration_ms: 36.823625
  ...
# Subtest: Motion real launcher graph failure retains locked study, Reload, navigation and the independent size writer
ok 127 - Motion real launcher graph failure retains locked study, Reload, navigation and the independent size writer
  ---
  duration_ms: 18.361667
  ...
# Subtest: Motion network failure after actual delivery provides retry without taking current focus
ok 128 - Motion network failure after actual delivery provides retry without taking current focus
  ---
  duration_ms: 15.610792
  ...
# Subtest: Motion validation failure after actual delivery provides retry without taking current focus
ok 129 - Motion validation failure after actual delivery provides retry without taking current focus
  ---
  duration_ms: 18.282833
  ...
# Subtest: Motion terminal departure ignores a late failed preset read without exposing retry
ok 130 - Motion terminal departure ignores a late failed preset read without exposing retry
  ---
  duration_ms: 21.416667
  ...
# Subtest: Motion real launcher does not take Reload focus in an hidden document or defer it until return
ok 131 - Motion real launcher does not take Reload focus in an hidden document or defer it until return
  ---
  duration_ms: 35.185958
  ...
# Subtest: Motion real launcher does not take Reload focus in an unfocused document or defer it until return
ok 132 - Motion real launcher does not take Reload focus in an unfocused document or defer it until return
  ---
  duration_ms: 30.455958
  ...
# Subtest: Motion actual Reload retirement preserves navigation focus acquired before attachment
ok 133 - Motion actual Reload retirement preserves navigation focus acquired before attachment
  ---
  duration_ms: 30.311708
  ...
# Subtest: Motion actual Reload retirement preserves navigation focus acquired during attachment
ok 134 - Motion actual Reload retirement preserves navigation focus acquired during attachment
  ---
  duration_ms: 29.851708
  ...
# Subtest: Motion successful startup gate preserves Clear, locked Equip and disabled ability ownership
ok 135 - Motion successful startup gate preserves Clear, locked Equip and disabled ability ownership
  ---
  duration_ms: 37.1115
  ...
# Subtest: Motion real launcher late application delivery after terminal departure cannot unlock or focus the departed study
ok 136 - Motion real launcher late application delivery after terminal departure cannot unlock or focus the departed study
  ---
  duration_ms: 18.24625
  ...
# Subtest: Motion full stage labels survive shortened canvas captions and reading changes without moving focus or replacing rows
ok 137 - Motion full stage labels survive shortened canvas captions and reading changes without moving focus or replacing rows
  ---
  duration_ms: 30.923416
  ...
# Subtest: Motion real scan reveals and expires DOM note text on the rendering frame before the general readout refresh
ok 138 - Motion real scan reveals and expires DOM note text on the rendering frame before the general readout refresh
  ---
  duration_ms: 31.889833
  ...
# Subtest: Motion APNG upload derives exact static PNG bytes while retaining the original File
ok 139 - Motion APNG upload derives exact static PNG bytes while retaining the original File
  ---
  duration_ms: 25.2555
  ...
# Subtest: Motion GIF and WebP keep the original File source and native-image path
ok 140 - Motion GIF and WebP keep the original File source and native-image path
  ---
  duration_ms: 20.077084
  ...
# Subtest: Motion superseded PNG byte read cannot allocate a URL or replace the newer preview
ok 141 - Motion superseded PNG byte read cannot allocate a URL or replace the newer preview
  ---
  duration_ms: 21.418625
  ...
# Subtest: Motion Clear while reading PNG bytes prevents late URL, image and status resurrection
ok 142 - Motion Clear while reading PNG bytes prevents late URL, image and status resurrection
  ---
  duration_ms: 35.216834
  ...
# Subtest: Motion cached departure invalidates the pending PNG byte read
ok 143 - Motion cached departure invalidates the pending PNG byte read
  ---
  duration_ms: 27.882625
  ...
# Subtest: Motion terminal departure invalidates the pending PNG byte read
ok 144 - Motion terminal departure invalidates the pending PNG byte read
  ---
  duration_ms: 25.949417
  ...
# Subtest: Motion rejected or malformed PNG preparation retains accepted art, current focus and Clear
ok 145 - Motion rejected or malformed PNG preparation retains accepted art, current focus and Clear
  ---
  duration_ms: 25.13975
  ...
# Subtest: Motion prepared replacement native decode failure preserves prior image and retires derivative URL
ok 146 - Motion prepared replacement native decode failure preserves prior image and retires derivative URL
  ---
  duration_ms: 31.033333
  ...
# Subtest: Motion late PNG preparation rejection after a new image cannot overwrite current success
ok 147 - Motion late PNG preparation rejection after a new image cannot overwrite current success
  ---
  duration_ms: 24.853
  ...
# Subtest: Motion history-restored selector follows current owner after pageshow (persisted=false)
ok 148 - Motion history-restored selector follows current owner after pageshow (persisted=false)
  ---
  duration_ms: 1.712333
  ...
# Subtest: Motion history-restored selector follows current owner after pageshow (persisted=true)
ok 149 - Motion history-restored selector follows current owner after pageshow (persisted=true)
  ---
  duration_ms: 0.337875
  ...
# Subtest: Motion persisted return first refreshes shared authority, then corrects late stale form state
ok 150 - Motion persisted return first refreshes shared authority, then corrects late stale form state
  ---
  duration_ms: 0.7475
  ...
# Subtest: Motion history repair retains unsaved local intent and its persistence warning
ok 151 - Motion history repair retains unsaved local intent and its persistence warning
  ---
  duration_ms: 0.540333
  ...
# Subtest: Motion deferred repair reads newer explicit intent instead of replaying the earlier snapshot
ok 152 - Motion deferred repair reads newer explicit intent instead of replaying the earlier snapshot
  ---
  duration_ms: 0.37825
  ...
# Subtest: Motion a second pageshow replaces its pending task and a frozen departure cancels it
ok 153 - Motion a second pageshow replaces its pending task and a frozen departure cancels it
  ---
  duration_ms: 0.267
  ...
# Subtest: Motion terminal disposal cancels deferred repair and stale callbacks cannot rewrite controls
ok 154 - Motion terminal disposal cancels deferred repair and stale callbacks cannot rewrite controls
  ---
  duration_ms: 0.311583
  ...
# Subtest: Motion label descriptors cover actual stage roles without changing authored or toy state
ok 155 - Motion label descriptors cover actual stage roles without changing authored or toy state
  ---
  duration_ms: 1.464
  ...
# Subtest: Motion note descriptors conceal before first scan and exactly at expiry without leaking authored text
ok 156 - Motion note descriptors conceal before first scan and exactly at expiry without leaking authored text
  ---
  duration_ms: 7.1615
  ...
# Subtest: Motion short labels and exact-fit text retain text and minimum size without compression
ok 157 - Motion short labels and exact-fit text retain text and minimum size without compression
  ---
  duration_ms: 0.282542
  ...
# Subtest: Motion long-label fitting keeps complete graphemes: A long sentence wi
ok 158 - Motion long-label fitting keeps complete graphemes: A long sentence wi
  ---
  duration_ms: 0.847959
  ...
# Subtest: Motion long-label fitting keeps complete graphemes: Ґанок Єдність Імпу
ok 159 - Motion long-label fitting keeps complete graphemes: Ґанок Єдність Імпу
  ---
  duration_ms: 0.243667
  ...
# Subtest: Motion long-label fitting keeps complete graphemes: UnbrokenWordUnbrok
ok 160 - Motion long-label fitting keeps complete graphemes: UnbrokenWordUnbrok
  ---
  duration_ms: 0.762583
  ...
# Subtest: Motion long-label fitting keeps complete graphemes: ї́ʼп’ятьї́ʼп’ятьї́
ok 161 - Motion long-label fitting keeps complete graphemes: ї́ʼп’ятьї́ʼп’ятьї́
  ---
  duration_ms: 0.288458
  ...
# Subtest: Motion fitting clamps ink at all stage edges and relocates bottom-pad captions inside the board
ok 162 - Motion fitting clamps ink at all stage edges and relocates bottom-pad captions inside the board
  ---
  duration_ms: 0.529666
  ...
# Subtest: Motion invalid or tiny board scale never paints invalid or undersized labels
ok 163 - Motion invalid or tiny board scale never paints invalid or undersized labels
  ---
  duration_ms: 0.193416
  ...
# Subtest: Motion safely uses an ellipsis when no grapheme segmenter is available
ok 164 - Motion safely uses an ellipsis when no grapheme segmenter is available
  ---
  duration_ms: 0.137583
  ...
# Subtest: Motion fitting remeasures font metrics after a font changes instead of retaining stale bounds
ok 165 - Motion fitting remeasures font metrics after a font changes instead of retaining stale bounds
  ---
  duration_ms: 0.128542
  ...
# Subtest: Motion grapheme cache is reused and bounded; oversized labels still fit safely
ok 166 - Motion grapheme cache is reused and bounded; oversized labels still fit safely
  ---
  duration_ms: 10.57575
  ...
# Subtest: Separate-default APNG produces the exact static control and does not mutate original bytes
ok 167 - Separate-default APNG produces the exact static control and does not mutate original bytes
  ---
  duration_ms: 1.689209
  ...
# Subtest: Ordinary PNG is validated then returned byte-identically without an allocation
ok 168 - Ordinary PNG is validated then returned byte-identically without an allocation
  ---
  duration_ms: 0.120417
  ...
# Subtest: Default-as-first APNG retains IDAT and ordinary metadata
ok 169 - Default-as-first APNG retains IDAT and ordinary metadata
  ---
  duration_ms: 0.309791
  ...
# Subtest: Split contiguous IDAT chunks are retained exactly including a zero-length chunk
ok 170 - Split contiguous IDAT chunks are retained exactly including a zero-length chunk
  ---
  duration_ms: 0.138625
  ...
# Subtest: PNG signature, truncation, chunk length and CRC failures reject
ok 171 - PNG signature, truncation, chunk length and CRC failures reject
  ---
  duration_ms: 0.40325
  ...
# Subtest: Missing, duplicate and misplaced required chunks reject
ok 172 - Missing, duplicate and misplaced required chunks reject
  ---
  duration_ms: 0.462666
  ...
# Subtest: Interrupted IDAT, unknown critical chunk and invalid chunk name reject
ok 173 - Interrupted IDAT, unknown critical chunk and invalid chunk name reject
  ---
  duration_ms: 0.195125
  ...
# Subtest: Invalid PNG dimensions, color-depth, filter, compression and interlace reject
ok 174 - Invalid PNG dimensions, color-depth, filter, compression and interlace reject
  ---
  duration_ms: 0.368
  ...
# Subtest: Indexed palette and transparency structure is validated without decoding pixel data
ok 175 - Indexed palette and transparency structure is validated without decoding pixel data
  ---
  duration_ms: 0.386584
  ...
# Subtest: APNG ordering, frame counts, sequence and absent frame data reject
ok 176 - APNG ordering, frame counts, sequence and absent frame data reject
  ---
  duration_ms: 0.432416
  ...
# Subtest: APNG out-of-bounds dimensions and unsupported frame operations reject
ok 177 - APNG out-of-bounds dimensions and unsupported frame operations reject
  ---
  duration_ms: 0.39475
  ...
# Subtest: Encoded byte and chunk count limits reject before producing a derivative
ok 178 - Encoded byte and chunk count limits reject before producing a derivative
  ---
  duration_ms: 21.637333
  ...
# Subtest: Motion loop owns one request, clamps/reset clocks and fences a cancelled callback after a new run
ok 179 - Motion loop owns one request, clamps/reset clocks and fences a cancelled callback after a new run
  ---
  duration_ms: 1.729584
  ...
# Subtest: Motion loop respects reentrant interruption and cached restore requires an explicit running action
ok 180 - Motion loop respects reentrant interruption and cached restore requires an explicit running action
  ---
  duration_ms: 0.24275
  ...
# Subtest: Motion ability labels retain historical defaults and support Standard/Large Theme/Plain without changing stage commands
ok 181 - Motion ability labels retain historical defaults and support Standard/Large Theme/Plain without changing stage commands
  ---
  duration_ms: 6.323084
  ...
# Subtest: Motion label policy preserves concealed and revealed note content and does not advance the toy state
ok 182 - Motion label policy preserves concealed and revealed note content and does not advance the toy state
  ---
  duration_ms: 0.370625
  ...
# Subtest: Motion long canvas labels fit without changing stage geometry, effects or toy state
ok 183 - Motion long canvas labels fit without changing stage geometry, effects or toy state
  ---
  duration_ms: 1.437792
  ...
1..183
# tests 183
# suites 0
# pass 183
# fail 0
# cancelled 0
# skipped 0
# todo 0
# duration_ms 1971.533542
