TAP version 13
# Subtest: versioned collection policy defaults to pixel art; photographic reveals are explicit and limited to reveals
ok 1 - versioned collection policy defaults to pixel art; photographic reveals are explicit and limited to reveals
  ---
  duration_ms: 4.290042
  type: 'test'
  ...
# Subtest: reference-only is not reuse authority; incorporated material and derivatives require explicit provenance
ok 2 - reference-only is not reuse authority; incorporated material and derivatives require explicit provenance
  ---
  duration_ms: 1.301792
  type: 'test'
  ...
# Subtest: strict packet boundary rejects extra authority, remote payloads, invalid URLs and quotas without evaluating getters
ok 3 - strict packet boundary rejects extra authority, remote payloads, invalid URLs and quotas without evaluating getters
  ---
  duration_ms: 1.837583
  type: 'test'
  ...
# Subtest: all byte hashes and static headers pass before any decode; metadata and original files are owned before awaiting
ok 4 - all byte hashes and static headers pass before any decode; metadata and original files are owned before awaiting
  ---
  duration_ms: 2.137917
  type: 'test'
  ...
# Subtest: portable .rlart round-trip preserves originals/provenance, rejects malformed framing and never enters historical readers
ok 5 - portable .rlart round-trip preserves originals/provenance, rejects malformed framing and never enters historical readers
  ---
  duration_ms: 100.730625
  type: 'test'
  ...
# Subtest: cancellation prevents late decode adoption; stale/failed imports preserve the accepted draft and disposal closes it
ok 6 - cancellation prevents late decode adoption; stale/failed imports preserve the accepted draft and disposal closes it
  ---
  duration_ms: 1.540084
  type: 'test'
  ...
# Subtest: native decode adapter releases temporary URLs on success, failure and cancellation
ok 7 - native decode adapter releases temporary URLs on success, failure and cancellation
  ---
  duration_ms: 0.599417
  type: 'test'
  ...
# Subtest: Asset Studio exposes the real packet panel and disposes its handlers on departure
ok 8 - Asset Studio exposes the real packet panel and disposes its handlers on departure
  ---
  duration_ms: 1.937083
  type: 'test'
  ...
# Subtest: actual panel imports JSON with originals, previews declarations, exports unchanged payloads and retains the prior view on failure
ok 9 - actual panel imports JSON with originals, previews declarations, exports unchanged payloads and retains the prior view on failure
  ---
  duration_ms: 22.216333
  type: 'test'
  ...
# Subtest: actual board preparation snapshots parent/options and cancelled late work retains accepted preview and export
ok 10 - actual board preparation snapshots parent/options and cancelled late work retains accepted preview and export
  ---
  duration_ms: 5.82225
  type: 'test'
  ...
# Subtest: actual board preparation adopts one verified derivative, selects it and exports every unchanged original
ok 11 - actual board preparation adopts one verified derivative, selects it and exports every unchanged original
  ---
  duration_ms: 5.811375
  type: 'test'
  ...
# Subtest: actual board preparation preflight rejection preserves the accepted draft, preview and usable download
ok 12 - actual board preparation preflight rejection preserves the accepted draft, preview and usable download
  ---
  duration_ms: 5.608166
  type: 'test'
  ...
# Subtest: actual board preparation cannot replace a newer import or revive a BFCache-retired/disposed panel
ok 13 - actual board preparation cannot replace a newer import or revive a BFCache-retired/disposed panel
  ---
  duration_ms: 6.507625
  type: 'test'
  ...
# Subtest: real revision7 cohort resolves immediate retained parents by identity, including revised Poltava
ok 14 - real revision7 cohort resolves immediate retained parents by identity, including revised Poltava
  ---
  duration_ms: 7.441458
  type: 'test'
  ...
# Subtest: only an explicit relationship permits mixed-medium comparison; filenames infer no parent
ok 15 - only an explicit relationship permits mixed-medium comparison; filenames infer no parent
  ---
  duration_ms: 1.932291
  type: 'test'
  ...
# Subtest: one optional parent decode retains exact bytes and releases its URL on replacement and disposal
ok 16 - one optional parent decode retains exact bytes and releases its URL on replacement and disposal
  ---
  duration_ms: 1.059416
  type: 'test'
  ...
# Subtest: cancel, replacement and departure reject late decode completion without displaying stale parents
ok 17 - cancel, replacement and departure reject late decode completion without displaying stale parents
  ---
  duration_ms: 0.948792
  type: 'test'
  ...
# Subtest: decode error, dimension mismatch and bounded timeout leave no parent resources
ok 18 - decode error, dimension mismatch and bounded timeout leave no parent resources
  ---
  duration_ms: 0.719916
  type: 'test'
  ...
# Subtest: mounted comparison shows exact localized identities, uses native scroll markup and exports unchanged packet bytes
ok 19 - mounted comparison shows exact localized identities, uses native scroll markup and exports unchanged packet bytes
  ---
  duration_ms: 22.954833
  type: 'test'
  ...
# Subtest: mounted selection and cancelled import cannot reveal a parent from a previous pending decode
ok 20 - mounted selection and cancelled import cannot reveal a parent from a previous pending decode
  ---
  duration_ms: 10.169209
  type: 'test'
  ...
# Subtest: board preparation preserves aspect ratio and records whole-image or explicit centre-crop geometry
ok 21 - board preparation preserves aspect ratio and records whole-image or explicit centre-crop geometry
  ---
  duration_ms: 1.925042
  type: 'test'
  ...
# Subtest: derivative round trip retains originals, exact provenance and maximum-length creator without approval
ok 22 - derivative round trip retains originals, exact provenance and maximum-length creator without approval
  ---
  duration_ms: 22.652417
  type: 'test'
  ...
# Subtest: photographic choice uses smooth sampling and retains explicit collection policy
ok 23 - photographic choice uses smooth sampling and retains explicit collection policy
  ---
  duration_ms: 13.9355
  type: 'test'
  ...
# Subtest: source corruption fails before rasterization and invalid output never replaces retained input
ok 24 - source corruption fails before rasterization and invalid output never replaces retained input
  ---
  duration_ms: 16.502125
  type: 'test'
  ...
# Subtest: caller map mutation and ignored abort cannot adopt late derivative work
ok 25 - caller map mutation and ignored abort cannot adopt late derivative work
  ---
  duration_ms: 25.230333
  type: 'test'
  ...
# Subtest: native drawing chooses explicit sampling and exact fit, releasing resources after encoding
ok 26 - native drawing chooses explicit sampling and exact fit, releasing resources after encoding
  ---
  duration_ms: 0.538375
  type: 'test'
  ...
# Subtest: native decode/encode failures, timeout and abort release buffers and ignore late completion
ok 27 - native decode/encode failures, timeout and abort release buffers and ignore late completion
  ---
  duration_ms: 0.933792
  type: 'test'
  ...
# Subtest: actual panel offers exact PNG/JPEG/WebP originals and selected derivative, separately from unchanged .rlart
ok 28 - actual panel offers exact PNG/JPEG/WebP originals and selected derivative, separately from unchanged .rlart
  ---
  duration_ms: 36.936459
  type: 'test'
  ...
# Subtest: handoff stays disabled during import and cannot compete with pending verification
ok 29 - handoff stays disabled during import and cannot compete with pending verification
  ---
  duration_ms: 5.886083
  type: 'test'
  ...
# Subtest: cancel, selection, import, revision and lifecycle changes cannot offer a stale selected file
    # Subtest: cancel
    ok 1 - cancel
      ---
      duration_ms: 5.182666
      type: 'test'
      ...
    # Subtest: selection
    ok 2 - selection
      ---
      duration_ms: 5.393459
      type: 'test'
      ...
    # Subtest: selection-without-event
    ok 3 - selection-without-event
      ---
      duration_ms: 4.75925
      type: 'test'
      ...
    # Subtest: import
    ok 4 - import
      ---
      duration_ms: 6.389917
      type: 'test'
      ...
    # Subtest: revision
    ok 5 - revision
      ---
      duration_ms: 6.569333
      type: 'test'
      ...
    # Subtest: hide
    ok 6 - hide
      ---
      duration_ms: 5.5505
      type: 'test'
      ...
    # Subtest: dispose
    ok 7 - dispose
      ---
      duration_ms: 5.701667
      type: 'test'
      ...
    1..7
ok 30 - cancel, selection, import, revision and lifecycle changes cannot offer a stale selected file
  ---
  duration_ms: 40.60575
  type: 'test'
  ...
# Subtest: decode failure and unsafe or mismatched names cannot masquerade as a new accepted file
ok 31 - decode failure and unsafe or mismatched names cannot masquerade as a new accepted file
  ---
  duration_ms: 13.279917
  type: 'test'
  ...
1..31
# tests 38
# suites 0
# pass 38
# fail 0
# cancelled 0
# skipped 0
# todo 0
# duration_ms 354.725625
