TAP version 13
# (node:41716) ExperimentalWarning: `--experimental-loader` may be removed in the future; instead use `register()`:
# --import 'data:text/javascript,import { register } from "node:module"; import { pathToFileURL } from "node:url"; register("/tmp/versus-reading-diagnostic-loader.mjs", pathToFileURL("./"));'
# (Use `node --trace-warnings ...` to show where the warning was created)
# Subtest: Versus fresh input changes reading copy while an idle pad preserves keyboard ownership
not ok 1 - Versus fresh input changes reading copy while an idle pad preserves keyboard ownership
  ---
  duration_ms: 1814.643791
  type: 'test'
  location: '/Users/oleksandr.mekhovov/.codex/worktrees/actor-loader-regression/go_test/game/test/couch-reading.test.mjs:236:3'
  failureType: 'testCodeFailure'
  error: |-
    Diagnostic uses unique DOM IDs to avoid huge circular assertion output.
    + actual - expected
    
    + 'race-start'
    - 'race-help-reading'
            ^
    
  code: 'ERR_ASSERTION'
  name: 'AssertionError'
  expected: 'race-help-reading'
  actual: 'race-start'
  operator: 'strictEqual'
  stack: |-
    TestContext.<anonymous> (file:///Users/oleksandr.mekhovov/.codex/worktrees/actor-loader-regression/go_test/game/test/couch-reading.test.mjs:242:12)
    async Test.run (node:internal/test_runner/test:1054:7)
    async startSubtestAfterBootstrap (node:internal/test_runner/harness:296:3)
  ...
1..1
# tests 1
# suites 0
# pass 0
# fail 1
# cancelled 0
# skipped 0
# todo 0
# duration_ms 2051.074583
