TAP version 13
# Subtest: practice page keeps virtual holds, releases and import failures isolated from player storage
    # Subtest: boot prepares actual practice and exposes every authored map without profile writes
    ok 1 - boot prepares actual practice and exposes every authored map without profile writes
      ---
      duration_ms: 0.798208
      type: 'test'
      ...
    # Subtest: canonical staged practice retains its descriptor, selected class and steering without installation
    ok 2 - canonical staged practice retains its descriptor, selected class and steering without installation
      ---
      duration_ms: 2.57425
      type: 'test'
      ...
    # Subtest: long original reading fixture uses the normal validated practice handoff and preserves its final paragraph
    ok 3 - long original reading fixture uses the normal validated practice handoff and preserves its final paragraph
      ---
      duration_ms: 0.890959
      type: 'test'
      ...
    # Subtest: all three course choices preserve the authored handoff and bind a fresh controller session in both policies
    ok 4 - all three course choices preserve the authored handoff and bind a fresh controller session in both policies
      ---
      duration_ms: 2.471625
      type: 'test'
      ...
    # Subtest: invalid course steering retains the current child and returning to ordinary practice restores class choice
    ok 5 - invalid course steering retains the current child and returning to ordinary practice restores class choice
      ---
      duration_ms: 0.429208
      type: 'test'
      ...
    # Subtest: iframe load does not enable controls before a matching child readiness report
    ok 6 - iframe load does not enable controls before a matching child readiness report
      ---
      duration_ms: 0.203292
      type: 'test'
      ...
    # Subtest: connect focuses the iframe and sends neutral before any deliberate button
    ok 7 - connect focuses the iframe and sends neutral before any deliberate button
      ---
      duration_ms: 0.126416
      type: 'test'
      ...
    # Subtest: pulse uses one press and releases after200ms, ignoring the following pointer click
    ok 8 - pulse uses one press and releases after200ms, ignoring the following pointer click
      ---
      duration_ms: 0.248334
      type: 'test'
      ...
    # Subtest: hold mode combines physical direction+Boost buttons; release all releases both without disconnecting
    ok 9 - hold mode combines physical direction+Boost buttons; release all releases both without disconnecting
      ---
      duration_ms: 0.198417
      type: 'test'
      ...
    # Subtest: accepted keyboard exit releases actual virtual holds and pending stick application without storage writes
    ok 10 - accepted keyboard exit releases actual virtual holds and pending stick application without storage writes
      ---
      duration_ms: 0.964042
      type: 'test'
      ...
    # Subtest: only exact bounded status from the current same-origin iframe reaches labels
    ok 11 - only exact bounded status from the current same-origin iframe reaches labels
      ---
      duration_ms: 0.167708
      type: 'test'
      ...
    # Subtest: storage failure preserves the old frame and validated handoff
    ok 12 - storage failure preserves the old frame and validated handoff
      ---
      duration_ms: 0.304084
      type: 'test'
      ...
    # Subtest: four draft sliders only send neutral until Apply receives a fresh sampled-neutral acknowledgement
    ok 13 - four draft sliders only send neutral until Apply receives a fresh sampled-neutral acknowledgement
      ---
      duration_ms: 0.223917
      type: 'test'
      ...
    # Subtest: Release all centers live and draft axes and cancels pending application
    ok 14 - Release all centers live and draft axes and cancels pending application
      ---
      duration_ms: 0.076041
      type: 'test'
      ...
    # Subtest: a pending stick application times out safely and ignores late acknowledgement
    ok 15 - a pending stick application times out safely and ignores late acknowledgement
      ---
      duration_ms: 0.092333
      type: 'test'
      ...
    # Subtest: editing again or pressing a physical button cancels a pending stick handoff
    ok 16 - editing again or pressing a physical button cancels a pending stick handoff
      ---
      duration_ms: 0.2
      type: 'test'
      ...
    # Subtest: disconnect cancels pending stick application and stale feedback cannot restart it
    ok 17 - disconnect cancels pending stick application and stale feedback cannot restart it
      ---
      duration_ms: 0.072792
      type: 'test'
      ...
    # Subtest: reload cancels pending stick application and stale feedback cannot restart it
    ok 18 - reload cancels pending stick application and stale feedback cannot restart it
      ---
      duration_ms: 0.636042
      type: 'test'
      ...
    # Subtest: hidden cancels pending stick application and stale feedback cannot restart it
    ok 19 - hidden cancels pending stick application and stale feedback cannot restart it
      ---
      duration_ms: 0.385125
      type: 'test'
      ...
    # Subtest: history-cache cancels pending stick application and stale feedback cannot restart it
    ok 20 - history-cache cancels pending stick application and stale feedback cannot restart it
      ---
      duration_ms: 0.081875
      type: 'test'
      ...
    # Subtest: reload rotates the document session so queued high-sequence status cannot starve new feedback
    ok 21 - reload rotates the document session so queued high-sequence status cannot starve new feedback
      ---
      duration_ms: 0.411792
      type: 'test'
      ...
    # Subtest: every physical button 0 through 15 is operable without fixed-action assumptions
    ok 22 - every physical button 0 through 15 is operable without fixed-action assumptions
      ---
      duration_ms: 0.304167
      type: 'test'
      ...
    # Subtest: visibility loss disconnects while iframe-focus parent blur does not
    ok 23 - visibility loss disconnects while iframe-focus parent blur does not
      ---
      duration_ms: 0.0505
      type: 'test'
      ...
    # Subtest: history-cache return remains usable but never resumes a previous hold
    ok 24 - history-cache return remains usable but never resumes a previous hold
      ---
      duration_ms: 0.064458
      type: 'test'
      ...
    # Subtest: every emitted snapshot validates and pagehide disposes timers
    ok 25 - every emitted snapshot validates and pagehide disposes timers
      ---
      duration_ms: 0.53875
      type: 'test'
      ...
    1..25
ok 1 - practice page keeps virtual holds, releases and import failures isolated from player storage
  ---
  duration_ms: 41.184084
  type: 'test'
  ...
# Subtest: actual lab markup exposes all physical indices and four accessible numeric axis controls
ok 2 - actual lab markup exposes all physical indices and four accessible numeric axis controls
  ---
  duration_ms: 3.539583
  type: 'test'
  ...
# Subtest: repeated forced Pause keeps the chosen menu action after Settings closes
ok 3 - repeated forced Pause keeps the chosen menu action after Settings closes
  ---
  duration_ms: 627.841375
  type: 'test'
  ...
# Subtest: paused Controller practice exits both boundaries through the real app blur handler
ok 4 - paused Controller practice exits both boundaries through the real app blur handler
  ---
  duration_ms: 583.229417
  type: 'test'
  ...
# Subtest: first iframe blur pauses a moving cut without focusing its new Resume action
ok 5 - first iframe blur pauses a moving cut without focusing its new Resume action
  ---
  duration_ms: 428.079167
  type: 'test'
  ...
# Subtest: reserve catalog labels delayed metadata and fences stale selected image completion
ok 6 - reserve catalog labels delayed metadata and fences stale selected image completion
  ---
  duration_ms: 4.554834
  type: 'test'
  ...
# Subtest: atlas font, optional reference and clipboard waits remain independently scoped
ok 7 - atlas font, optional reference and clipboard waits remain independently scoped
  ---
  duration_ms: 2.560166
  type: 'test'
  ...
# Subtest: motion study reports initial dependency wait and a retryable startup failure
ok 8 - motion study reports initial dependency wait and a retryable startup failure
  ---
  duration_ms: 3.91375
  type: 'test'
  ...
# Subtest: shared display record overrides legacy synchronously and startup never writes
ok 9 - shared display record overrides legacy synchronously and startup never writes
  ---
  duration_ms: 1.118167
  type: 'test'
  ...
# Subtest: invalid stored value preserves original bytes and legacy fallback: not json
ok 10 - invalid stored value preserves original bytes and legacy fallback: not json
  ---
  duration_ms: 0.152125
  type: 'test'
  ...
# Subtest: invalid stored value preserves original bytes and legacy fallback: null
ok 11 - invalid stored value preserves original bytes and legacy fallback: null
  ---
  duration_ms: 0.132458
  type: 'test'
  ...
# Subtest: invalid stored value preserves original bytes and legacy fallback: []
ok 12 - invalid stored value preserves original bytes and legacy fallback: []
  ---
  duration_ms: 0.086291
  type: 'test'
  ...
# Subtest: invalid stored value preserves original bytes and legacy fallback: {"textFace":"plain","textSize":"large"}
ok 13 - invalid stored value preserves original bytes and legacy fallback: {"textFace":"plain","textSize":"large"}
  ---
  duration_ms: 0.081708
  type: 'test'
  ...
# Subtest: invalid stored value preserves original bytes and legacy fallback: {"textFace":"serif","textSize":"standard","reducedEffec
ok 14 - invalid stored value preserves original bytes and legacy fallback: {"textFace":"serif","textSize":"standard","reducedEffec
  ---
  duration_ms: 0.087542
  type: 'test'
  ...
# Subtest: invalid stored value preserves original bytes and legacy fallback: {"textFace":"pixel","textSize":"huge","reducedEffects":
ok 15 - invalid stored value preserves original bytes and legacy fallback: {"textFace":"pixel","textSize":"huge","reducedEffects":
  ---
  duration_ms: 0.044583
  type: 'test'
  ...
# Subtest: invalid stored value preserves original bytes and legacy fallback: {"textFace":"pixel","textSize":"standard","reducedEffec
ok 16 - invalid stored value preserves original bytes and legacy fallback: {"textFace":"pixel","textSize":"standard","reducedEffec
  ---
  duration_ms: 0.074167
  type: 'test'
  ...
# Subtest: invalid stored value preserves original bytes and legacy fallback: {"textFace":"pixel","textSize":"standard","reducedEffec
ok 17 - invalid stored value preserves original bytes and legacy fallback: {"textFace":"pixel","textSize":"standard","reducedEffec
  ---
  duration_ms: 0.257625
  type: 'test'
  ...
# Subtest: invalid stored value preserves original bytes and legacy fallback: {"textFace":"pixel","textSize":"standard","reducedEffec
ok 18 - invalid stored value preserves original bytes and legacy fallback: {"textFace":"pixel","textSize":"standard","reducedEffec
  ---
  duration_ms: 1.43675
  type: 'test'
  ...
# Subtest: invalid stored value preserves original bytes and legacy fallback:                                                        
ok 19 - invalid stored value preserves original bytes and legacy fallback:                                                        
  ---
  duration_ms: 0.050666
  type: 'test'
  ...
# Subtest: legacy seed reads only display fields; explicit change saves three fields before navigation
ok 20 - legacy seed reads only display fields; explicit change saves three fields before navigation
  ---
  duration_ms: 0.21275
  type: 'test'
  ...
# Subtest: late legacy snapshots cannot replace explicit same-value intent or a newer seed
ok 21 - late legacy snapshots cannot replace explicit same-value intent or a newer seed
  ---
  duration_ms: 0.058708
  type: 'test'
  ...
# Subtest: a current shared record wins a delayed legacy read even before its storage event
ok 22 - a current shared record wins a delayed legacy read even before its storage event
  ---
  duration_ms: 0.039625
  type: 'test'
  ...
# Subtest: system reduction combines conservatively without changing raw intent or saving
ok 23 - system reduction combines conservatively without changing raw intent or saving
  ---
  duration_ms: 0.148333
  type: 'test'
  ...
# Subtest: injected and legacy media query APIs use current matches and detach on disposal
ok 24 - injected and legacy media query APIs use current matches and detach on disposal
  ---
  duration_ms: 0.062125
  type: 'test'
  ...
# Subtest: missing media query capability still permits explicit reduction
ok 25 - missing media query capability still permits explicit reduction
  ---
  duration_ms: 0.062667
  type: 'test'
  ...
# Subtest: storage events require exact key, area and still-current bounded raw bytes
ok 26 - storage events require exact key, area and still-current bounded raw bytes
  ---
  duration_ms: 0.14175
  type: 'test'
  ...
# Subtest: practice mode changes memory with a warning and protects unsaved intent
ok 27 - practice mode changes memory with a warning and protects unsaved intent
  ---
  duration_ms: 0.088708
  type: 'test'
  ...
# Subtest: quota failures preserve memory, and a later successful save restores sharing
ok 28 - quota failures preserve memory, and a later successful save restores sharing
  ---
  duration_ms: 0.06325
  type: 'test'
  ...
# Subtest: unavailable storage and throwing warning callbacks cannot undo display intent
ok 29 - unavailable storage and throwing warning callbacks cannot undo display intent
  ---
  duration_ms: 0.05225
  type: 'test'
  ...
# Subtest: patch validation is atomic and rejects accessors, symbols and hidden or unknown fields
ok 30 - patch validation is atomic and rejects accessors, symbols and hidden or unknown fields
  ---
  duration_ms: 0.254583
  type: 'test'
  ...
# Subtest: subscribers see immutable current state and newer reentrant intent reaches storage
ok 31 - subscribers see immutable current state and newer reentrant intent reaches storage
  ---
  duration_ms: 0.064709
  type: 'test'
  ...
# Subtest: a failed observer does not block other observers or persistence
ok 32 - a failed observer does not block other observers or persistence
  ---
  duration_ms: 0.061125
  type: 'test'
  ...
# Subtest: reentrant explicit intent during legacy adoption wins and reports the seed superseded
ok 33 - reentrant explicit intent during legacy adoption wins and reports the seed superseded
  ---
  duration_ms: 0.037542
  type: 'test'
  ...
# Subtest: disposal detaches both event sources and rejects later mutation or subscription
ok 34 - disposal detaches both event sources and rejects later mutation or subscription
  ---
  duration_ms: 0.068792
  type: 'test'
  ...
# Subtest: persisted return reads current shared state and cap without resaving or duplicate notifications
ok 35 - persisted return reads current shared state and cap without resaving or duplicate notifications
  ---
  duration_ms: 0.086625
  type: 'test'
  ...
# Subtest: persisted return preserves unsaved intent while refreshing current system reduction
ok 36 - persisted return preserves unsaved intent while refreshing current system reduction
  ---
  duration_ms: 0.125458
  type: 'test'
  ...
# Subtest: persisted return ignores malformed and deleted shared data while updating only the effective cap
ok 37 - persisted return ignores malformed and deleted shared data while updating only the effective cap
  ---
  duration_ms: 0.053
  type: 'test'
  ...
# Subtest: ordinary pageshow and a disposed authority cannot consume restored-page changes
ok 38 - ordinary pageshow and a disposed authority cannot consume restored-page changes
  ---
  duration_ms: 0.031916
  type: 'test'
  ...
# Subtest: persisted return respects a newer explicit choice made by an observer
ok 39 - persisted return respects a newer explicit choice made by an observer
  ---
  duration_ms: 0.044833
  type: 'test'
  ...
# Subtest: Workshop destinations ship their actual authoring runtime and return paths
ok 40 - Workshop destinations ship their actual authoring runtime and return paths
  ---
  duration_ms: 198.1275
  type: 'test'
  ...
# Subtest: settings categories keep the real controls and preferences without starting the flight
ok 41 - settings categories keep the real controls and preferences without starting the flight
  ---
  duration_ms: 311.619375
  type: 'test'
  ...
# Subtest: leaving Controls cancels a pending physical-key capture through its native cancel action
ok 42 - leaving Controls cancels a pending physical-key capture through its native cancel action
  ---
  duration_ms: 216.809333
  type: 'test'
  ...
# Subtest: settings tabs support arrow and end navigation without leaking the key to the game
ok 43 - settings tabs support arrow and end navigation without leaking the key to the game
  ---
  duration_ms: 233.414292
  type: 'test'
  ...
# Subtest: data and collection shortcuts reuse the existing nested Library sections without changing saved data
ok 44 - data and collection shortcuts reuse the existing nested Library sections without changing saved data
  ---
  duration_ms: 295.109083
  type: 'test'
  ...
# Subtest: supporting page text size remains presentation only and listeners are released
ok 45 - supporting page text size remains presentation only and listeners are released
  ---
  duration_ms: 0.257583
  type: 'test'
  ...
# Subtest: surface copy has stable English fallback keys and preserves native controls
ok 46 - surface copy has stable English fallback keys and preserves native controls
  ---
  duration_ms: 0.082917
  type: 'test'
  ...
# Subtest: actual Playground entry blocks Play/open/mode launch during chosen pack decode, then paints and launches Classic Lab
ok 47 - actual Playground entry blocks Play/open/mode launch during chosen pack decode, then paints and launches Classic Lab
  ---
  duration_ms: 61.64975
  type: 'test'
  ...
# Subtest: three native teaching buttons adopt exact scenarios only through import and explicit practice launch
ok 48 - three native teaching buttons adopt exact scenarios only through import and explicit practice launch
  ---
  duration_ms: 51.459292
  type: 'test'
  ...
# Subtest: teaching requests retain the import gate across stale responses and preserve prior content on failure
ok 49 - teaching requests retain the import gate across stale responses and preserve prior content on failure
  ---
  duration_ms: 19.354709
  type: 'test'
  ...
# Subtest: older decode completion cannot release a newer import; failed reads release the gate and preserve current content
ok 50 - older decode completion cannot release a newer import; failed reads release the gate and preserve current content
  ---
  duration_ms: 46.999708
  type: 'test'
  ...
# Subtest: explicit cancellation preserves the current map and preview while a late decode releases
ok 51 - explicit cancellation preserves the current map and preview while a late decode releases
  ---
  duration_ms: 33.022375
  type: 'test'
  ...
# Subtest: actual classic JSON edit retains descriptors; explicit generator replacement returns to its legacy edition
ok 52 - actual classic JSON edit retains descriptors; explicit generator replacement returns to its legacy edition
  ---
  duration_ms: 45.521583
  type: 'test'
  ...
# Subtest: preview iframe load waits for the child readiness marker and does not reuse the previous child state
ok 53 - preview iframe load waits for the child readiness marker and does not reuse the previous child state
  ---
  duration_ms: 15.759708
  type: 'test'
  ...
# Subtest: replay file reading acknowledges immediately, cancellation preserves the result, and a fresh real recording verifies
ok 54 - replay file reading acknowledges immediately, cancellation preserves the result, and a fresh real recording verifies
  ---
  duration_ms: 32.581291
  type: 'test'
  ...
# Subtest: the original editor status and Cancel share one bounded sticky region through decode, cancel, failure and Undo
ok 55 - the original editor status and Cancel share one bounded sticky region through decode, cancel, failure and Undo
  ---
  duration_ms: 36.860542
  type: 'test'
  ...
# Subtest: page feedback clears only an obscured focused control and releases listeners on pagehide
ok 56 - page feedback clears only an obscured focused control and releases listeners on pagehide
  ---
  duration_ms: 12.391666
  type: 'test'
  ...
# Subtest: editor and replay owners share one visible region without hiding either pending Cancel or accepting stale verification
ok 57 - editor and replay owners share one visible region without hiding either pending Cancel or accepting stale verification
  ---
  duration_ms: 45.272709
  type: 'test'
  ...
# Subtest: map inspection distinguishes an implicit start hangar from explicitly disabled switching
ok 58 - map inspection distinguishes an implicit start hangar from explicitly disabled switching
  ---
  duration_ms: 0.83825
  type: 'test'
  ...
# Subtest: map inspection exposes every zone and authored hangar with their independent mechanics
ok 59 - map inspection exposes every zone and authored hangar with their independent mechanics
  ---
  duration_ms: 0.568125
  type: 'test'
  ...
# Subtest: diagnostic renderer creates text-only rows in the existing host list
ok 60 - diagnostic renderer creates text-only rows in the existing host list
  ---
  duration_ms: 0.178958
  type: 'test'
  ...
# Subtest: scenario, loose level, expansion and expansion-library imports share one prepared workflow
ok 61 - scenario, loose level, expansion and expansion-library imports share one prepared workflow
  ---
  duration_ms: 13.201292
  type: 'test'
  ...
# Subtest: campaign selection retains per-map theme, recipe roster, music and image roles
ok 62 - campaign selection retains per-map theme, recipe roster, music and image roles
  ---
  duration_ms: 4.781416
  type: 'test'
  ...
# Subtest: failed decode and malformed library imports cannot replace current scenario or prepared catalog
ok 63 - failed decode and malformed library imports cannot replace current scenario or prepared catalog
  ---
  duration_ms: 2.804209
  type: 'test'
  ...
# Subtest: import snapshots candidate data before decoding and returns an entire previous-state-independent replacement
ok 64 - import snapshots candidate data before decoding and returns an entire previous-state-independent replacement
  ---
  duration_ms: 3.479333
  type: 'test'
  ...
# Subtest: signal and hangar brushes preserve unrelated authored arrays and reject invalid painting atomically
ok 65 - signal and hangar brushes preserve unrelated authored arrays and reject invalid painting atomically
  ---
  duration_ms: 0.728459
  type: 'test'
  ...
# Subtest: interaction presets validate under both steering policies and retain the current art and theme
ok 66 - interaction presets validate under both steering policies and retain the current art and theme
  ---
  duration_ms: 2.139292
  type: 'test'
  ...
# Subtest: fiber preset demonstrates actual resistance while a scout suffers the same field
ok 67 - fiber preset demonstrates actual resistance while a scout suffers the same field
  ---
  duration_ms: 5.527625
  type: 'test'
  ...
# Subtest: bomber and impact presets expose their real supply, stun and redeployment interactions
ok 68 - bomber and impact presets expose their real supply, stun and redeployment interactions
  ---
  duration_ms: 1.609167
  type: 'test'
  ...
# Subtest: edited scenario exports as a complete installable expansion with its exact optional procedural track
ok 69 - edited scenario exports as a complete installable expansion with its exact optional procedural track
  ---
  duration_ms: 6.311709
  type: 'test'
  ...
# Subtest: custom preview accepts exact integer boundaries, presets and short-window breakpoints
ok 70 - custom preview accepts exact integer boundaries, presets and short-window breakpoints
  ---
  duration_ms: 0.84275
  type: 'test'
  ...
# Subtest: invalid or partially valid custom dimensions never produce an adopted size
ok 71 - invalid or partially valid custom dimensions never produce an adopted size
  ---
  duration_ms: 0.2745
  type: 'test'
  ...
# Subtest: dimension validation never coerces objects and returns independent plain values
ok 72 - dimension validation never coerces objects and returns independent plain values
  ---
  duration_ms: 0.083916
  type: 'test'
  ...
# Subtest: ordinary solo mode installs no navigation listeners and leaves links untouched
ok 73 - ordinary solo mode installs no navigation listeners and leaves links untouched
  ---
  duration_ms: 0.871666
  type: 'test'
  ...
# Subtest: nested and text targets are blocked in capture before an anchor target handler
ok 74 - nested and text targets are blocked in capture before an anchor target handler
  ---
  duration_ms: 0.202375
  type: 'test'
  ...
# Subtest: controller-style synthetic clicks, keyboard clicks and modified auxiliary clicks cannot leave practice
ok 75 - controller-style synthetic clicks, keyboard clicks and modified auxiliary clicks cannot leave practice
  ---
  duration_ms: 0.0905
  type: 'test'
  ...
# Subtest: only fragments resolving to the current document retain their default behavior
ok 76 - only fragments resolving to the current document retain their default behavior
  ---
  duration_ms: 0.106042
  type: 'test'
  ...
# Subtest: downloads remain available while malformed, empty and non-http navigation is blocked
ok 77 - downloads remain available while malformed, empty and non-http navigation is blocked
  ---
  duration_ms: 0.054125
  type: 'test'
  ...
# Subtest: non-anchor controls remain active and teardown is idempotent
ok 78 - non-anchor controls remain active and teardown is idempotent
  ---
  duration_ms: 0.065667
  type: 'test'
  ...
# Subtest: every actual solo-page navigation link is contained in preview mode
ok 79 - every actual solo-page navigation link is contained in preview mode
  ---
  duration_ms: 3.004
  type: 'test'
  ...
# Subtest: enabled guard rejects unusable host adapters instead of pretending containment
ok 80 - enabled guard rejects unusable host adapters instead of pretending containment
  ---
  duration_ms: 0.151667
  type: 'test'
  ...
# Subtest: controller-lab: saved policy applies while the actual boot fetch is pending
ok 81 - controller-lab: saved policy applies while the actual boot fetch is pending
  ---
  duration_ms: 26.133292
  type: 'test'
  ...
# Subtest: playground: saved policy applies while the actual boot fetch is pending
ok 82 - playground: saved policy applies while the actual boot fetch is pending
  ---
  duration_ms: 19.506375
  type: 'test'
  ...
# Subtest: Controller: modeled reading-control change is one writer and does not release held input or replace fields
ok 83 - Controller: modeled reading-control change is one writer and does not release held input or replace fields
  ---
  duration_ms: 15.335584
  type: 'test'
  ...
# Subtest: Controller: failed persistence retains accepted intent and a terminal late change cannot write
ok 84 - Controller: failed persistence retains accepted intent and a terminal late change cannot write
  ---
  duration_ms: 16.196458
  type: 'test'
  ...
# Subtest: Controller: persisted return converges policy but never reconnects or reloads practice
ok 85 - Controller: persisted return converges policy but never reconnects or reloads practice
  ---
  duration_ms: 12.112834
  type: 'test'
  ...
# Subtest: Playground: live policy retains focused JSON, undo owner, map, frame and queued work
ok 86 - Playground: live policy retains focused JSON, undo owner, map, frame and queued work
  ---
  duration_ms: 12.815375
  type: 'test'
  ...
# Subtest: Playground: a real pending import keeps its ticket and running preview across display changes
ok 87 - Playground: a real pending import keeps its ticket and running preview across display changes
  ---
  duration_ms: 23.203167
  type: 'test'
  ...
# Subtest: Playground: persisted return retains display owner and terminal disposal stops only its bindings
ok 88 - Playground: persisted return retains display owner and terminal disposal stops only its bindings
  ---
  duration_ms: 14.127375
  type: 'test'
  ...
# Subtest: controller-lab: denied storage uses defaults and system motion without touching player records
ok 89 - controller-lab: denied storage uses defaults and system motion without touching player records
  ---
  duration_ms: 11.512208
  type: 'test'
  ...
# Subtest: controller-lab: actual HTML independently wires exactly one reading owner before the app launcher
ok 90 - controller-lab: actual HTML independently wires exactly one reading owner before the app launcher
  ---
  duration_ms: 2.450583
  type: 'test'
  ...
# Subtest: playground: denied storage uses defaults and system motion without touching player records
ok 91 - playground: denied storage uses defaults and system motion without touching player records
  ---
  duration_ms: 12.81425
  type: 'test'
  ...
# Subtest: playground: actual HTML independently wires exactly one reading owner before the app launcher
ok 92 - playground: actual HTML independently wires exactly one reading owner before the app launcher
  ---
  duration_ms: 1.260292
  type: 'test'
  ...
# Subtest: Playground: readable map diagnostics follow actual edits and Undo without changing pixel or cell geometry
ok 93 - Playground: readable map diagnostics follow actual edits and Undo without changing pixel or cell geometry
  ---
  duration_ms: 21.657458
  type: 'test'
  ...
# Subtest: Playground: last focused Undo returns to the selected brush and preserves the running preview
ok 94 - Playground: last focused Undo returns to the selected brush and preserves the running preview
  ---
  duration_ms: 19.023042
  type: 'test'
  ...
# Subtest: Playground: an Undo with more history keeps focus on Undo
ok 95 - Playground: an Undo with more history keeps focus on Undo
  ---
  duration_ms: 19.131834
  type: 'test'
  ...
# Subtest: Playground: last Undo does not steal unrelated editor focus
ok 96 - Playground: last Undo does not steal unrelated editor focus
  ---
  duration_ms: 15.358917
  type: 'test'
  ...
# Subtest: Playground: last Undo does not steal newer focus focus
ok 97 - Playground: last Undo does not steal newer focus focus
  ---
  duration_ms: 15.005959
  type: 'test'
  ...
# Subtest: Playground: last Undo does not steal hidden document focus
ok 98 - Playground: last Undo does not steal hidden document focus
  ---
  duration_ms: 15.128666
  type: 'test'
  ...
# Subtest: Playground: last Undo does not steal unfocused document focus
ok 99 - Playground: last Undo does not steal unfocused document focus
  ---
  duration_ms: 17.823125
  type: 'test'
  ...
# Subtest: Playground: last Undo skips an unavailable selected brush for an existing editor action
ok 100 - Playground: last Undo skips an unavailable selected brush for an existing editor action
  ---
  duration_ms: 15.132708
  type: 'test'
  ...
# Subtest: Playground: live measurement handles empty and nonfinite controls without a vacuous visibility claim
ok 101 - Playground: live measurement handles empty and nonfinite controls without a vacuous visibility claim
  ---
  duration_ms: 14.093209
  type: 'test'
  ...
# Subtest: Playground: new preview clears live measurements immediately while retaining the explicit snapshot
ok 102 - Playground: new preview clears live measurements immediately while retaining the explicit snapshot
  ---
  duration_ms: 17.542167
  type: 'test'
  ...
# Subtest: Playground: unavailable current document, arena or viewport clears only live measurement state
ok 103 - Playground: unavailable current document, arena or viewport clears only live measurement state
  ---
  duration_ms: 17.201375
  type: 'test'
  ...
1..103
# tests 128
# suites 0
# pass 128
# fail 0
# cancelled 0
# skipped 0
# todo 0
# duration_ms 4842.912625
