TAP version 13
# Subtest: automatic menu choice preserves another authored theme and explicit Ukrainian never alters its canvas inputs
ok 1 - automatic menu choice preserves another authored theme and explicit Ukrainian never alters its canvas inputs
  ---
  duration_ms: 5.137583
  ...
# Subtest: automatic FPV and declared unavailable-snapshot fallback select the approved menu palette only
ok 2 - automatic FPV and declared unavailable-snapshot fallback select the approved menu palette only
  ---
  duration_ms: 0.333625
  ...
# Subtest: invalid menu choices and unaccepted theme identifiers leave the current appearance intact
ok 3 - invalid menu choices and unaccepted theme identifiers leave the current appearance intact
  ---
  duration_ms: 0.508959
  ...
# Subtest: ornaments add no focus stops, leave existing anchor order intact and never enter arena or HUD
ok 4 - ornaments add no focus stops, leave existing anchor order intact and never enter arena or HUD
  ---
  duration_ms: 0.506125
  ...
# Subtest: replacement ownership removes old decorations and a stale completion cannot overwrite the new choice
ok 5 - replacement ownership removes old decorations and a stale completion cannot overwrite the new choice
  ---
  duration_ms: 0.308917
  ...
# Subtest: cleanup restores previous values but preserves a later external writer
ok 6 - cleanup restores previous values but preserves a later external writer
  ---
  duration_ms: 0.165541
  ...
# Subtest: approved token pairs preserve functional text and cue contrast on the menu panels
ok 7 - approved token pairs preserve functional text and cue contrast on the menu panels
  ---
  duration_ms: 0.414584
  ...
# Subtest: the static menu stylesheet does not animate decorations or style canvas, HUD, fonts or theme image variables
ok 8 - the static menu stylesheet does not animate decorations or style canvas, HUD, fonts or theme image variables
  ---
  duration_ms: 4.582125
  ...
# Subtest: a late player dialog and a rerendered dialog gain one decoration without adding input stops
ok 9 - a late player dialog and a rerendered dialog gain one decoration without adding input stops
  ---
  duration_ms: 0.66575
  ...
# Subtest: detached player dialogs release their decoration and reattachment remains owned; generic HUD additions are ignored
ok 10 - detached player dialogs release their decoration and reattachment remains owned; generic HUD additions are ignored
  ---
  duration_ms: 0.321375
  ...
# Subtest: queued mutation callbacks after disposal or ownership replacement cannot redecorate the page
ok 11 - queued mutation callbacks after disposal or ownership replacement cannot redecorate the page
  ---
  duration_ms: 3.639959
  ...
# Subtest: Couch ornament source rules reserve content and focus space without clipping
ok 12 - Couch ornament source rules reserve content and focus space without clipping
  ---
  duration_ms: 1.97125
  ...
# Subtest: real theater adopts shared text/cap before boot and changes presentation without changing verified playback
ok 13 - real theater adopts shared text/cap before boot and changes presentation without changing verified playback
  ---
  duration_ms: 63.092625
  ...
# Subtest: real theater preserves denied-save intent and its recording across a persisted return
ok 14 - real theater preserves denied-save intent and its recording across a persisted return
  ---
  duration_ms: 14.889333
  ...
# Subtest: real theater boot failure retains usable shared reading controls without playback
ok 15 - real theater boot failure retains usable shared reading controls without playback
  ---
  duration_ms: 5.218541
  ...
# Subtest: terminal exit during delayed boot retires authority and fences late replay startup
ok 16 - terminal exit during delayed boot retires authority and fences late replay startup
  ---
  duration_ms: 4.657917
  ...
# Subtest: native fragment Jump hands off to playback and the next Tab reaches Restart without changing the recording
ok 17 - native fragment Jump hands off to playback and the next Tab reaches Restart without changing the recording
  ---
  duration_ms: 73.786917
  ...
# Subtest: Jump chooses Cancel for a held import and preserves the prior recording after rejection
ok 18 - Jump chooses Cancel for a held import and preserves the prior recording after rejection
  ---
  duration_ms: 27.903333
  ...
# Subtest: Jump with no loaded recording reaches Load example without retrying the failed import
ok 19 - Jump with no loaded recording reaches Load example without retrying the failed import
  ---
  duration_ms: 7.306125
  ...
# Subtest: Jump preserves modified clicks and yields to newer focus, input, background and terminal disposal
ok 20 - Jump preserves modified clicks and yields to newer focus, input, background and terminal disposal
  ---
  duration_ms: 48.471708
  ...
# Subtest: completed Play and Step hand off to Restart with exact final checkpoints and local next Tab
ok 21 - completed Play and Step hand off to Restart with exact final checkpoints and local next Tab
  ---
  duration_ms: 138.56425
  ...
# Subtest: completion preserves unrelated editor focus and does not steal background focus
ok 22 - completion preserves unrelated editor focus and does not steal background focus
  ---
  duration_ms: 38.68175
  ...
# Subtest: immediate: keyboard transport, focus and Back preserve the real recorded cut through completion
ok 23 - immediate: keyboard transport, focus and Back preserve the real recorded cut through completion
  ---
  duration_ms: 36.761333
  ...
# Subtest: grid-center: keyboard transport, focus and Back preserve the real recorded cut through completion
ok 24 - grid-center: keyboard transport, focus and Back preserve the real recorded cut through completion
  ---
  duration_ms: 38.808208
  ...
# Subtest: controller joins without activation, previews native speed, cancels once and pauses before leaving
ok 25 - controller joins without activation, previews native speed, cancels once and pauses before leaving
  ---
  duration_ms: 56.440375
  ...
# Subtest: Back cancels a deferred import without adoption; native text editing and file choice remain native
ok 26 - Back cancels a deferred import without adoption; native text editing and file choice remain native
  ---
  duration_ms: 33.273041
  ...
# Subtest: blur, controller loss and page disposal pause exact playback and reject a late import
ok 27 - blur, controller loss and page disposal pause exact playback and reject a late import
  ---
  duration_ms: 29.833334
  ...
# Subtest: real replay verification reports exact ticks and a cancelled artwork decode cannot adopt its candidate
ok 28 - real replay verification reports exact ticks and a cancelled artwork decode cannot adopt its candidate
  ---
  duration_ms: 33.006792
  ...
# Subtest: Classic replay import stays paused and controller completion checks the exact v6 checkpoint
ok 29 - Classic replay import stays paused and controller completion checks the exact v6 checkpoint
  ---
  duration_ms: 70.231541
  ...
1..29
# tests 29
# suites 0
# pass 29
# fail 0
# cancelled 0
# skipped 0
# todo 0
# duration_ms 942.858333
