TAP version 13
# Subtest: shared display record overrides legacy synchronously and startup never writes
ok 1 - shared display record overrides legacy synchronously and startup never writes
  ---
  duration_ms: 1.002666
  type: 'test'
  ...
# Subtest: invalid stored value preserves original bytes and legacy fallback: not json
ok 2 - invalid stored value preserves original bytes and legacy fallback: not json
  ---
  duration_ms: 0.169084
  type: 'test'
  ...
# Subtest: invalid stored value preserves original bytes and legacy fallback: null
ok 3 - invalid stored value preserves original bytes and legacy fallback: null
  ---
  duration_ms: 0.1505
  type: 'test'
  ...
# Subtest: invalid stored value preserves original bytes and legacy fallback: []
ok 4 - invalid stored value preserves original bytes and legacy fallback: []
  ---
  duration_ms: 0.094459
  type: 'test'
  ...
# Subtest: invalid stored value preserves original bytes and legacy fallback: {"textFace":"plain","textSize":"large"}
ok 5 - invalid stored value preserves original bytes and legacy fallback: {"textFace":"plain","textSize":"large"}
  ---
  duration_ms: 0.091208
  type: 'test'
  ...
# Subtest: invalid stored value preserves original bytes and legacy fallback: {"textFace":"serif","textSize":"standard","reducedEffec
ok 6 - invalid stored value preserves original bytes and legacy fallback: {"textFace":"serif","textSize":"standard","reducedEffec
  ---
  duration_ms: 0.096584
  type: 'test'
  ...
# Subtest: invalid stored value preserves original bytes and legacy fallback: {"textFace":"pixel","textSize":"huge","reducedEffects":
ok 7 - invalid stored value preserves original bytes and legacy fallback: {"textFace":"pixel","textSize":"huge","reducedEffects":
  ---
  duration_ms: 0.056625
  type: 'test'
  ...
# Subtest: invalid stored value preserves original bytes and legacy fallback: {"textFace":"pixel","textSize":"standard","reducedEffec
ok 8 - invalid stored value preserves original bytes and legacy fallback: {"textFace":"pixel","textSize":"standard","reducedEffec
  ---
  duration_ms: 0.087333
  type: 'test'
  ...
# Subtest: invalid stored value preserves original bytes and legacy fallback: {"textFace":"pixel","textSize":"standard","reducedEffec
ok 9 - invalid stored value preserves original bytes and legacy fallback: {"textFace":"pixel","textSize":"standard","reducedEffec
  ---
  duration_ms: 0.270375
  type: 'test'
  ...
# Subtest: invalid stored value preserves original bytes and legacy fallback: {"textFace":"pixel","textSize":"standard","reducedEffec
ok 10 - invalid stored value preserves original bytes and legacy fallback: {"textFace":"pixel","textSize":"standard","reducedEffec
  ---
  duration_ms: 0.939125
  type: 'test'
  ...
# Subtest: invalid stored value preserves original bytes and legacy fallback:                                                        
ok 11 - invalid stored value preserves original bytes and legacy fallback:                                                        
  ---
  duration_ms: 0.057209
  type: 'test'
  ...
# Subtest: legacy seed reads only display fields; explicit change saves three fields before navigation
ok 12 - legacy seed reads only display fields; explicit change saves three fields before navigation
  ---
  duration_ms: 0.235
  type: 'test'
  ...
# Subtest: late legacy snapshots cannot replace explicit same-value intent or a newer seed
ok 13 - late legacy snapshots cannot replace explicit same-value intent or a newer seed
  ---
  duration_ms: 0.059666
  type: 'test'
  ...
# Subtest: a current shared record wins a delayed legacy read even before its storage event
ok 14 - a current shared record wins a delayed legacy read even before its storage event
  ---
  duration_ms: 0.041583
  type: 'test'
  ...
# Subtest: system reduction combines conservatively without changing raw intent or saving
ok 15 - system reduction combines conservatively without changing raw intent or saving
  ---
  duration_ms: 0.150917
  type: 'test'
  ...
# Subtest: injected and legacy media query APIs use current matches and detach on disposal
ok 16 - injected and legacy media query APIs use current matches and detach on disposal
  ---
  duration_ms: 0.070083
  type: 'test'
  ...
# Subtest: missing media query capability still permits explicit reduction
ok 17 - missing media query capability still permits explicit reduction
  ---
  duration_ms: 0.07075
  type: 'test'
  ...
# Subtest: storage events require exact key, area and still-current bounded raw bytes
ok 18 - storage events require exact key, area and still-current bounded raw bytes
  ---
  duration_ms: 0.159083
  type: 'test'
  ...
# Subtest: practice mode changes memory with a warning and protects unsaved intent
ok 19 - practice mode changes memory with a warning and protects unsaved intent
  ---
  duration_ms: 0.094708
  type: 'test'
  ...
# Subtest: quota failures preserve memory, and a later successful save restores sharing
ok 20 - quota failures preserve memory, and a later successful save restores sharing
  ---
  duration_ms: 0.294125
  type: 'test'
  ...
# Subtest: unavailable storage and throwing warning callbacks cannot undo display intent
ok 21 - unavailable storage and throwing warning callbacks cannot undo display intent
  ---
  duration_ms: 0.112708
  type: 'test'
  ...
# Subtest: patch validation is atomic and rejects accessors, symbols and hidden or unknown fields
ok 22 - patch validation is atomic and rejects accessors, symbols and hidden or unknown fields
  ---
  duration_ms: 1.086583
  type: 'test'
  ...
# Subtest: subscribers see immutable current state and newer reentrant intent reaches storage
ok 23 - subscribers see immutable current state and newer reentrant intent reaches storage
  ---
  duration_ms: 0.363291
  type: 'test'
  ...
# Subtest: a failed observer does not block other observers or persistence
ok 24 - a failed observer does not block other observers or persistence
  ---
  duration_ms: 0.45175
  type: 'test'
  ...
# Subtest: reentrant explicit intent during legacy adoption wins and reports the seed superseded
ok 25 - reentrant explicit intent during legacy adoption wins and reports the seed superseded
  ---
  duration_ms: 0.130416
  type: 'test'
  ...
# Subtest: disposal detaches both event sources and rejects later mutation or subscription
ok 26 - disposal detaches both event sources and rejects later mutation or subscription
  ---
  duration_ms: 0.122666
  type: 'test'
  ...
# Subtest: persisted return reads current shared state and cap without resaving or duplicate notifications
ok 27 - persisted return reads current shared state and cap without resaving or duplicate notifications
  ---
  duration_ms: 0.137708
  type: 'test'
  ...
# Subtest: persisted return preserves unsaved intent while refreshing current system reduction
ok 28 - persisted return preserves unsaved intent while refreshing current system reduction
  ---
  duration_ms: 0.185042
  type: 'test'
  ...
# Subtest: persisted return ignores malformed and deleted shared data while updating only the effective cap
ok 29 - persisted return ignores malformed and deleted shared data while updating only the effective cap
  ---
  duration_ms: 0.073833
  type: 'test'
  ...
# Subtest: ordinary pageshow and a disposed authority cannot consume restored-page changes
ok 30 - ordinary pageshow and a disposed authority cannot consume restored-page changes
  ---
  duration_ms: 0.039708
  type: 'test'
  ...
# Subtest: persisted return respects a newer explicit choice made by an observer
ok 31 - persisted return respects a newer explicit choice made by an observer
  ---
  duration_ms: 0.061167
  type: 'test'
  ...
# Subtest: Large portrait selector is fully below the measured expanded heading
ok 32 - Large portrait selector is fully below the measured expanded heading
  ---
  duration_ms: 1.27525
  type: 'test'
  ...
# Subtest: Large landscape selector clears the measured bottom action bar
ok 33 - Large landscape selector clears the measured bottom action bar
  ---
  duration_ms: 0.161792
  type: 'test'
  ...
# Subtest: queued reflow reads current focus and leaves the heading action alone
ok 34 - queued reflow reads current focus and leaves the heading action alone
  ---
  duration_ms: 0.066125
  type: 'test'
  ...
# Subtest: large reading region retains its beginning and manual scrolling is not undone
ok 35 - large reading region retains its beginning and manual scrolling is not undone
  ---
  duration_ms: 0.070583
  type: 'test'
  ...
# Subtest: queued layout cannot alter a closed owner's scroll or focus
ok 36 - queued layout cannot alter a closed owner's scroll or focus
  ---
  duration_ms: 0.135417
  type: 'test'
  ...
# Subtest: queued layout cannot alter a hidden owner's scroll or focus
ok 37 - queued layout cannot alter a hidden owner's scroll or focus
  ---
  duration_ms: 0.045333
  type: 'test'
  ...
# Subtest: queued layout cannot alter a blurred owner's scroll or focus
ok 38 - queued layout cannot alter a blurred owner's scroll or focus
  ---
  duration_ms: 0.100917
  type: 'test'
  ...
# Subtest: queued layout cannot alter a outside owner's scroll or focus
ok 39 - queued layout cannot alter a outside owner's scroll or focus
  ---
  duration_ms: 0.048166
  type: 'test'
  ...
# Subtest: queued layout cannot alter a disposed owner's scroll or focus
ok 40 - queued layout cannot alter a disposed owner's scroll or focus
  ---
  duration_ms: 0.2685
  type: 'test'
  ...
# Subtest: opt-in label clearance keeps the field purpose visible with its focused control
ok 41 - opt-in label clearance keeps the field purpose visible with its focused control
  ---
  duration_ms: 0.297917
  type: 'test'
  ...
# Subtest: other dialogs retain control-only clearance unless they opt into labels
ok 42 - other dialogs retain control-only clearance unless they opt into labels
  ---
  duration_ms: 0.096667
  type: 'test'
  ...
# Subtest: label clearance cannot target a label outside the current dialog
ok 43 - label clearance cannot target a label outside the current dialog
  ---
  duration_ms: 0.04775
  type: 'test'
  ...
# Subtest: short landscape keeps the focused control visible when its Large label cannot fit
ok 44 - short landscape keeps the focused control visible when its Large label cannot fit
  ---
  duration_ms: 0.076083
  type: 'test'
  ...
# Subtest: Still Media actual entry adopts shared Large/Plain before local media is opened
ok 45 - Still Media actual entry adopts shared Large/Plain before local media is opened
  ---
  duration_ms: 16.877583
  type: 'test'
  ...
# Subtest: shared reading updates preserve the open Still Media draft, original, preview and focus
ok 46 - shared reading updates preserve the open Still Media draft, original, preview and focus
  ---
  duration_ms: 24.951375
  type: 'test'
  ...
# Subtest: Still Media cached return refreshes missed reading changes without reopening media
ok 47 - Still Media cached return refreshes missed reading changes without reopening media
  ---
  duration_ms: 11.809042
  type: 'test'
  ...
# Subtest: terminal Still Media departure releases reading listeners and ignores retained callbacks
ok 48 - terminal Still Media departure releases reading listeners and ignores retained callbacks
  ---
  duration_ms: 5.193292
  type: 'test'
  ...
# Subtest: actual classic entry gives file-URL guidance before module/storage access
ok 49 - actual classic entry gives file-URL guidance before module/storage access
  ---
  duration_ms: 3.224833
  type: 'test'
  ...
# Subtest: actual authoring entry opens no DB until explicit activation and shares one real manager for audio and media
ok 50 - actual authoring entry opens no DB until explicit activation and shares one real manager for audio and media
  ---
  duration_ms: 107.908042
  type: 'test'
  ...
# Subtest: cold workshop Escape restores the invoker blurred by its disabled loading state
ok 51 - cold workshop Escape restores the invoker blurred by its disabled loading state
  ---
  duration_ms: 14.917833
  type: 'test'
  ...
# Subtest: closing a pending workshop read restores the invoker before settling and preserves later focus
ok 52 - closing a pending workshop read restores the invoker before settling and preserves later focus
  ---
  duration_ms: 5.562708
  type: 'test'
  ...
# Subtest: v1 MP3 bytes remain exact through shared v4 upgrade and explicit native backup preparation
ok 53 - v1 MP3 bytes remain exact through shared v4 upgrade and explicit native backup preparation
  ---
  duration_ms: 89.311167
  type: 'test'
  ...
# Subtest: file URL and cancelled late source load do not open or upgrade media
ok 54 - file URL and cancelled late source load do not open or upgrade media
  ---
  duration_ms: 7.958833
  type: 'test'
  ...
# Subtest: rejected shared-store access remains visible and cannot become an empty media save
ok 55 - rejected shared-store access remains visible and cannot become an empty media save
  ---
  duration_ms: 5.921125
  type: 'test'
  ...
# Subtest: persisted pagehide cancels a pending first Open before it can create or upgrade a manager
ok 56 - persisted pagehide cancels a pending first Open before it can create or upgrade a manager
  ---
  duration_ms: 10.037417
  type: 'test'
  ...
# Subtest: existing host navigation owns Back and neutralizes native handoff; hidden page cancels the edit context
ok 57 - existing host navigation owns Back and neutralizes native handoff; hidden page cancels the edit context
  ---
  duration_ms: 16.616375
  type: 'test'
  ...
# Subtest: actual shared router prevents held Confirm across modal close and native pointer handoff
ok 58 - actual shared router prevents held Confirm across modal close and native pointer handoff
  ---
  duration_ms: 21.645667
  type: 'test'
  ...
# Subtest: opening announces the held catalogue read and Close fences its late failure
ok 59 - opening announces the held catalogue read and Close fences its late failure
  ---
  duration_ms: 2.865208
  type: 'test'
  ...
# Subtest: classic picture workshop exposes loading and Back before storage explanation
ok 60 - classic picture workshop exposes loading and Back before storage explanation
  ---
  duration_ms: 0.543625
  type: 'test'
  ...
# Subtest: native panel prepares original bytes, saves exact theme assignment, reloads and unassigns without losing history
ok 61 - native panel prepares original bytes, saves exact theme assignment, reloads and unassigns without losing history
  ---
  duration_ms: 161.652833
  type: 'test'
  ...
# Subtest: failed candidate decode or preview leaves the prior preview and saved assignment intact
ok 62 - failed candidate decode or preview leaves the prior preview and saved assignment intact
  ---
  duration_ms: 58.001625
  type: 'test'
  ...
# Subtest: double commands, cancellation and stale completion cannot save or overwrite a newer preview
ok 63 - double commands, cancellation and stale completion cannot save or overwrite a newer preview
  ---
  duration_ms: 47.769541
  type: 'test'
  ...
# Subtest: stale installed context and concurrent media writer refuse the whole save
ok 64 - stale installed context and concurrent media writer refuse the whole save
  ---
  duration_ms: 38.972458
  type: 'test'
  ...
# Subtest: context switching discards an unsaved binding and close restores focus without late publication
ok 65 - context switching discards an unsaved binding and close restores focus without late publication
  ---
  duration_ms: 6.096875
  type: 'test'
  ...
# Subtest: transaction refusal keeps the previous preview/draft and stored bytes; notification failure cannot erase a successful save
ok 66 - transaction refusal keeps the previous preview/draft and stored bytes; notification failure cannot erase a successful save
  ---
  duration_ms: 56.267792
  type: 'test'
  ...
# Subtest: existing keyboard/controller navigation edits native selects and Back closes only the workshop
ok 67 - existing keyboard/controller navigation edits native selects and Back closes only the workshop
  ---
  duration_ms: 8.006833
  type: 'test'
  ...
# Subtest: file picker cancellation preserves the Still Media draft, focus and pending preview; dialog Escape still closes
ok 68 - file picker cancellation preserves the Still Media draft, focus and pending preview; dialog Escape still closes
  ---
  duration_ms: 5.777167
  type: 'test'
  ...
# Subtest: preview completion restores its initiating control after native disabled blur
ok 69 - preview completion restores its initiating control after native disabled blur
  ---
  duration_ms: 48.977958
  type: 'test'
  ...
# Subtest: preview failure restores its initiating control after native disabled blur
ok 70 - preview failure restores its initiating control after native disabled blur
  ---
  duration_ms: 48.509833
  type: 'test'
  ...
# Subtest: show-saved completion restores its initiating control after native disabled blur
ok 71 - show-saved completion restores its initiating control after native disabled blur
  ---
  duration_ms: 46.866708
  type: 'test'
  ...
# Subtest: show-saved failure restores its initiating control after native disabled blur
ok 72 - show-saved failure restores its initiating control after native disabled blur
  ---
  duration_ms: 46.260125
  type: 'test'
  ...
# Subtest: show-authored completion restores its initiating control after native disabled blur
ok 73 - show-authored completion restores its initiating control after native disabled blur
  ---
  duration_ms: 47.285125
  type: 'test'
  ...
# Subtest: show-authored failure restores its initiating control after native disabled blur
ok 74 - show-authored failure restores its initiating control after native disabled blur
  ---
  duration_ms: 45.374083
  type: 'test'
  ...
# Subtest: chosen preview validation failure restores its opener without publishing a draft
ok 75 - chosen preview validation failure restores its opener without publishing a draft
  ---
  duration_ms: 4.110375
  type: 'test'
  ...
# Subtest: preview completion respects focus-away even when focus returns to BODY
ok 76 - preview completion respects focus-away even when focus returns to BODY
  ---
  duration_ms: 47.68025
  type: 'test'
  ...
# Subtest: preview completion respects body-key even when focus returns to BODY
ok 77 - preview completion respects body-key even when focus returns to BODY
  ---
  duration_ms: 45.894875
  type: 'test'
  ...
# Subtest: preview completion respects body-pointer even when focus returns to BODY
ok 78 - preview completion respects body-pointer even when focus returns to BODY
  ---
  duration_ms: 47.032125
  type: 'test'
  ...
# Subtest: preview completion respects window-blur even when focus returns to BODY
ok 79 - preview completion respects window-blur even when focus returns to BODY
  ---
  duration_ms: 45.8555
  type: 'test'
  ...
# Subtest: preview completion respects hidden even when focus returns to BODY
ok 80 - preview completion respects hidden even when focus returns to BODY
  ---
  duration_ms: 47.361416
  type: 'test'
  ...
# Subtest: preview completion respects pagehide even when focus returns to BODY
ok 81 - preview completion respects pagehide even when focus returns to BODY
  ---
  duration_ms: 50.198792
  type: 'test'
  ...
# Subtest: preview completion respects new-dialog even when focus returns to BODY
ok 82 - preview completion respects new-dialog even when focus returns to BODY
  ---
  duration_ms: 49.891334
  type: 'test'
  ...
# Subtest: programmatic preview does not capture an unrelated focused action
ok 83 - programmatic preview does not capture an unrelated focused action
  ---
  duration_ms: 3.280875
  type: 'test'
  ...
# Subtest: cancel retires a preview focus lease before its decoder settles
ok 84 - cancel retires a preview focus lease before its decoder settles
  ---
  duration_ms: 45.741416
  type: 'test'
  ...
# Subtest: invalidate retires a preview focus lease before its decoder settles
ok 85 - invalidate retires a preview focus lease before its decoder settles
  ---
  duration_ms: 43.275291
  type: 'test'
  ...
# Subtest: close retires a preview focus lease before its decoder settles
ok 86 - close retires a preview focus lease before its decoder settles
  ---
  duration_ms: 45.809167
  type: 'test'
  ...
# Subtest: dispose retires a preview focus lease before its decoder settles
ok 87 - dispose retires a preview focus lease before its decoder settles
  ---
  duration_ms: 44.687333
  type: 'test'
  ...
# Subtest: a cancelled preview cannot steal focus from the next accepted preview
ok 88 - a cancelled preview cannot steal focus from the next accepted preview
  ---
  duration_ms: 58.459417
  type: 'test'
  ...
# Subtest: close and reopen does not revive the earlier preview focus owner
ok 89 - close and reopen does not revive the earlier preview focus owner
  ---
  duration_ms: 57.105625
  type: 'test'
  ...
# Subtest: preview final enabling focus takes precedence over old focus
ok 90 - preview final enabling focus takes precedence over old focus
  ---
  duration_ms: 44.461083
  type: 'test'
  ...
# Subtest: preview final enabling invalidate takes precedence over old focus
ok 91 - preview final enabling invalidate takes precedence over old focus
  ---
  duration_ms: 44.545459
  type: 'test'
  ...
# Subtest: settled chosen preview keeps the focused original picker and label below its sticky status rail
ok 92 - settled chosen preview keeps the focused original picker and label below its sticky status rail
  ---
  duration_ms: 4.973542
  type: 'test'
  ...
# Subtest: media clearance preserves the live operation rail and Cancel ownership
ok 93 - media clearance preserves the live operation rail and Cancel ownership
  ---
  duration_ms: 4.623
  type: 'test'
  ...
# Subtest: closed and disposed media panels retire queued clearance without refocusing an old picker
ok 94 - closed and disposed media panels retire queued clearance without refocusing an old picker
  ---
  duration_ms: 5.16325
  type: 'test'
  ...
# Subtest: history-restored selector follows current owner after pageshow (persisted=false)
ok 95 - history-restored selector follows current owner after pageshow (persisted=false)
  ---
  duration_ms: 1.784417
  type: 'test'
  ...
# Subtest: history-restored selector follows current owner after pageshow (persisted=true)
ok 96 - history-restored selector follows current owner after pageshow (persisted=true)
  ---
  duration_ms: 0.314542
  type: 'test'
  ...
# Subtest: persisted return first refreshes shared authority, then corrects late stale form state
ok 97 - persisted return first refreshes shared authority, then corrects late stale form state
  ---
  duration_ms: 0.659834
  type: 'test'
  ...
# Subtest: history repair retains unsaved local intent and its persistence warning
ok 98 - history repair retains unsaved local intent and its persistence warning
  ---
  duration_ms: 0.394708
  type: 'test'
  ...
# Subtest: deferred repair reads newer explicit intent instead of replaying the earlier snapshot
ok 99 - deferred repair reads newer explicit intent instead of replaying the earlier snapshot
  ---
  duration_ms: 1.202625
  type: 'test'
  ...
# Subtest: a second pageshow replaces its pending task and a frozen departure cancels it
ok 100 - a second pageshow replaces its pending task and a frozen departure cancels it
  ---
  duration_ms: 0.303958
  type: 'test'
  ...
# Subtest: terminal disposal cancels deferred repair and stale callbacks cannot rewrite controls
ok 101 - terminal disposal cancels deferred repair and stale callbacks cannot rewrite controls
  ---
  duration_ms: 0.194458
  type: 'test'
  ...
1..101
# tests 101
# suites 0
# pass 101
# fail 0
# cancelled 0
# skipped 0
# todo 0
# duration_ms 2214.488625
