TAP version 13
# Subtest: shared display record overrides legacy synchronously and startup never writes
ok 1 - shared display record overrides legacy synchronously and startup never writes
  ---
  duration_ms: 2.682167
  ...
# Subtest: invalid stored value preserves original bytes and legacy fallback: not json
ok 2 - invalid stored value preserves original bytes and legacy fallback: not json
  ---
  duration_ms: 0.204334
  ...
# Subtest: invalid stored value preserves original bytes and legacy fallback: null
ok 3 - invalid stored value preserves original bytes and legacy fallback: null
  ---
  duration_ms: 0.0875
  ...
# Subtest: invalid stored value preserves original bytes and legacy fallback: []
ok 4 - invalid stored value preserves original bytes and legacy fallback: []
  ---
  duration_ms: 0.071583
  ...
# Subtest: invalid stored value preserves original bytes and legacy fallback: {"textFace":"plain","textSize":"large"}
ok 5 - invalid stored value preserves original bytes and legacy fallback: {"textFace":"plain","textSize":"large"}
  ---
  duration_ms: 0.174459
  ...
# Subtest: invalid stored value preserves original bytes and legacy fallback: {"textFace":"serif","textSize":"standard","reducedEffec
ok 6 - invalid stored value preserves original bytes and legacy fallback: {"textFace":"serif","textSize":"standard","reducedEffec
  ---
  duration_ms: 0.08
  ...
# Subtest: invalid stored value preserves original bytes and legacy fallback: {"textFace":"pixel","textSize":"huge","reducedEffects":
ok 7 - invalid stored value preserves original bytes and legacy fallback: {"textFace":"pixel","textSize":"huge","reducedEffects":
  ---
  duration_ms: 0.072041
  ...
# Subtest: invalid stored value preserves original bytes and legacy fallback: {"textFace":"pixel","textSize":"standard","reducedEffec
ok 8 - invalid stored value preserves original bytes and legacy fallback: {"textFace":"pixel","textSize":"standard","reducedEffec
  ---
  duration_ms: 0.560458
  ...
# Subtest: invalid stored value preserves original bytes and legacy fallback: {"textFace":"pixel","textSize":"standard","reducedEffec
ok 9 - invalid stored value preserves original bytes and legacy fallback: {"textFace":"pixel","textSize":"standard","reducedEffec
  ---
  duration_ms: 0.284542
  ...
# Subtest: invalid stored value preserves original bytes and legacy fallback: {"textFace":"pixel","textSize":"standard","reducedEffec
ok 10 - invalid stored value preserves original bytes and legacy fallback: {"textFace":"pixel","textSize":"standard","reducedEffec
  ---
  duration_ms: 0.149916
  ...
# Subtest: invalid stored value preserves original bytes and legacy fallback:                                                        
ok 11 - invalid stored value preserves original bytes and legacy fallback:                                                        
  ---
  duration_ms: 0.106459
  ...
# Subtest: legacy seed reads only display fields; explicit change saves three fields before navigation
ok 12 - legacy seed reads only display fields; explicit change saves three fields before navigation
  ---
  duration_ms: 0.259417
  ...
# Subtest: late legacy snapshots cannot replace explicit same-value intent or a newer seed
ok 13 - late legacy snapshots cannot replace explicit same-value intent or a newer seed
  ---
  duration_ms: 0.134417
  ...
# Subtest: a current shared record wins a delayed legacy read even before its storage event
ok 14 - a current shared record wins a delayed legacy read even before its storage event
  ---
  duration_ms: 0.091
  ...
# Subtest: system reduction combines conservatively without changing raw intent or saving
ok 15 - system reduction combines conservatively without changing raw intent or saving
  ---
  duration_ms: 0.155875
  ...
# Subtest: injected and legacy media query APIs use current matches and detach on disposal
ok 16 - injected and legacy media query APIs use current matches and detach on disposal
  ---
  duration_ms: 0.087625
  ...
# Subtest: missing media query capability still permits explicit reduction
ok 17 - missing media query capability still permits explicit reduction
  ---
  duration_ms: 0.074666
  ...
# Subtest: storage events require exact key, area and still-current bounded raw bytes
ok 18 - storage events require exact key, area and still-current bounded raw bytes
  ---
  duration_ms: 0.293708
  ...
# Subtest: practice mode changes memory with a warning and protects unsaved intent
ok 19 - practice mode changes memory with a warning and protects unsaved intent
  ---
  duration_ms: 0.231667
  ...
# Subtest: quota failures preserve memory, and a later successful save restores sharing
ok 20 - quota failures preserve memory, and a later successful save restores sharing
  ---
  duration_ms: 0.158833
  ...
# Subtest: unavailable storage and throwing warning callbacks cannot undo display intent
ok 21 - unavailable storage and throwing warning callbacks cannot undo display intent
  ---
  duration_ms: 0.09475
  ...
# Subtest: patch validation is atomic and rejects accessors, symbols and hidden or unknown fields
ok 22 - patch validation is atomic and rejects accessors, symbols and hidden or unknown fields
  ---
  duration_ms: 0.269
  ...
# Subtest: subscribers see immutable current state and newer reentrant intent reaches storage
ok 23 - subscribers see immutable current state and newer reentrant intent reaches storage
  ---
  duration_ms: 0.2175
  ...
# Subtest: a failed observer does not block other observers or persistence
ok 24 - a failed observer does not block other observers or persistence
  ---
  duration_ms: 0.09075
  ...
# Subtest: reentrant explicit intent during legacy adoption wins and reports the seed superseded
ok 25 - reentrant explicit intent during legacy adoption wins and reports the seed superseded
  ---
  duration_ms: 0.058708
  ...
# Subtest: disposal detaches both event sources and rejects later mutation or subscription
ok 26 - disposal detaches both event sources and rejects later mutation or subscription
  ---
  duration_ms: 0.097875
  ...
# Subtest: persisted return reads current shared state and cap without resaving or duplicate notifications
ok 27 - persisted return reads current shared state and cap without resaving or duplicate notifications
  ---
  duration_ms: 0.125208
  ...
# Subtest: persisted return preserves unsaved intent while refreshing current system reduction
ok 28 - persisted return preserves unsaved intent while refreshing current system reduction
  ---
  duration_ms: 0.077708
  ...
# Subtest: persisted return ignores malformed and deleted shared data while updating only the effective cap
ok 29 - persisted return ignores malformed and deleted shared data while updating only the effective cap
  ---
  duration_ms: 0.06425
  ...
# Subtest: ordinary pageshow and a disposed authority cannot consume restored-page changes
ok 30 - ordinary pageshow and a disposed authority cannot consume restored-page changes
  ---
  duration_ms: 0.043292
  ...
# Subtest: persisted return respects a newer explicit choice made by an observer
ok 31 - persisted return respects a newer explicit choice made by an observer
  ---
  duration_ms: 0.111208
  ...
# Subtest: Large portrait selector is fully below the measured expanded heading
ok 32 - Large portrait selector is fully below the measured expanded heading
  ---
  duration_ms: 1.070167
  ...
# Subtest: Large landscape selector clears the measured bottom action bar
ok 33 - Large landscape selector clears the measured bottom action bar
  ---
  duration_ms: 0.099542
  ...
# Subtest: queued reflow reads current focus and leaves the heading action alone
ok 34 - queued reflow reads current focus and leaves the heading action alone
  ---
  duration_ms: 0.478625
  ...
# Subtest: large reading region retains its beginning and manual scrolling is not undone
ok 35 - large reading region retains its beginning and manual scrolling is not undone
  ---
  duration_ms: 0.213042
  ...
# Subtest: queued layout cannot alter a closed owner's scroll or focus
ok 36 - queued layout cannot alter a closed owner's scroll or focus
  ---
  duration_ms: 0.099584
  ...
# Subtest: queued layout cannot alter a hidden owner's scroll or focus
ok 37 - queued layout cannot alter a hidden owner's scroll or focus
  ---
  duration_ms: 0.049458
  ...
# Subtest: queued layout cannot alter a blurred owner's scroll or focus
ok 38 - queued layout cannot alter a blurred owner's scroll or focus
  ---
  duration_ms: 0.054458
  ...
# Subtest: queued layout cannot alter a outside owner's scroll or focus
ok 39 - queued layout cannot alter a outside owner's scroll or focus
  ---
  duration_ms: 0.130791
  ...
# Subtest: queued layout cannot alter a disposed owner's scroll or focus
ok 40 - queued layout cannot alter a disposed owner's scroll or focus
  ---
  duration_ms: 0.244708
  ...
# Subtest: opt-in label clearance keeps the field purpose visible with its focused control
ok 41 - opt-in label clearance keeps the field purpose visible with its focused control
  ---
  duration_ms: 0.347125
  ...
# Subtest: other dialogs retain control-only clearance unless they opt into labels
ok 42 - other dialogs retain control-only clearance unless they opt into labels
  ---
  duration_ms: 0.128959
  ...
# Subtest: label clearance cannot target a label outside the current dialog
ok 43 - label clearance cannot target a label outside the current dialog
  ---
  duration_ms: 0.151458
  ...
# Subtest: short landscape keeps the focused control visible when its Large label cannot fit
ok 44 - short landscape keeps the focused control visible when its Large label cannot fit
  ---
  duration_ms: 0.150458
  ...
# Subtest: Still Media actual entry adopts shared Large/Plain before local media is opened
ok 45 - Still Media actual entry adopts shared Large/Plain before local media is opened
  ---
  duration_ms: 16.896209
  ...
# Subtest: shared reading updates preserve the open Still Media draft, original, preview and focus
ok 46 - shared reading updates preserve the open Still Media draft, original, preview and focus
  ---
  duration_ms: 23.395792
  ...
# Subtest: Still Media cached return refreshes missed reading changes without reopening media
ok 47 - Still Media cached return refreshes missed reading changes without reopening media
  ---
  duration_ms: 13.097541
  ...
# Subtest: terminal Still Media departure releases reading listeners and ignores retained callbacks
ok 48 - terminal Still Media departure releases reading listeners and ignores retained callbacks
  ---
  duration_ms: 15.893417
  ...
# Subtest: actual classic entry gives file-URL guidance before module/storage access
ok 49 - actual classic entry gives file-URL guidance before module/storage access
  ---
  duration_ms: 2.834875
  ...
# Subtest: actual authoring entry opens no DB until explicit activation and shares one real manager for audio and media
ok 50 - actual authoring entry opens no DB until explicit activation and shares one real manager for audio and media
  ---
  duration_ms: 123.6725
  ...
# Subtest: cold workshop Escape restores the invoker blurred by its disabled loading state
ok 51 - cold workshop Escape restores the invoker blurred by its disabled loading state
  ---
  duration_ms: 22.016375
  ...
# Subtest: closing a pending workshop read restores the invoker before settling and preserves later focus
ok 52 - closing a pending workshop read restores the invoker before settling and preserves later focus
  ---
  duration_ms: 7.929708
  ...
# Subtest: v1 MP3 bytes remain exact through shared v4 upgrade and explicit native backup preparation
ok 53 - v1 MP3 bytes remain exact through shared v4 upgrade and explicit native backup preparation
  ---
  duration_ms: 82.659041
  ...
# Subtest: file URL and cancelled late source load do not open or upgrade media
ok 54 - file URL and cancelled late source load do not open or upgrade media
  ---
  duration_ms: 6.759333
  ...
# Subtest: rejected shared-store access remains visible and cannot become an empty media save
ok 55 - rejected shared-store access remains visible and cannot become an empty media save
  ---
  duration_ms: 5.623334
  ...
# Subtest: persisted pagehide cancels a pending first Open before it can create or upgrade a manager
ok 56 - persisted pagehide cancels a pending first Open before it can create or upgrade a manager
  ---
  duration_ms: 11.454042
  ...
# Subtest: existing host navigation owns Back and neutralizes native handoff; hidden page cancels the edit context
ok 57 - existing host navigation owns Back and neutralizes native handoff; hidden page cancels the edit context
  ---
  duration_ms: 18.872708
  ...
# Subtest: actual shared router prevents held Confirm across modal close and native pointer handoff
ok 58 - actual shared router prevents held Confirm across modal close and native pointer handoff
  ---
  duration_ms: 24.431875
  ...
# Subtest: opening announces the held catalogue read and Close fences its late failure
ok 59 - opening announces the held catalogue read and Close fences its late failure
  ---
  duration_ms: 3.010917
  ...
# Subtest: classic picture workshop exposes loading and Back before storage explanation
ok 60 - classic picture workshop exposes loading and Back before storage explanation
  ---
  duration_ms: 0.575
  ...
# Subtest: native panel prepares original bytes, saves exact theme assignment, reloads and unassigns without losing history
ok 61 - native panel prepares original bytes, saves exact theme assignment, reloads and unassigns without losing history
  ---
  duration_ms: 183.42225
  ...
# Subtest: failed candidate decode or preview leaves the prior preview and saved assignment intact
ok 62 - failed candidate decode or preview leaves the prior preview and saved assignment intact
  ---
  duration_ms: 72.910458
  ...
# Subtest: double commands, cancellation and stale completion cannot save or overwrite a newer preview
ok 63 - double commands, cancellation and stale completion cannot save or overwrite a newer preview
  ---
  duration_ms: 44.6775
  ...
# Subtest: stale installed context and concurrent media writer refuse the whole save
ok 64 - stale installed context and concurrent media writer refuse the whole save
  ---
  duration_ms: 43.692917
  ...
# Subtest: context switching discards an unsaved binding and close restores focus without late publication
ok 65 - context switching discards an unsaved binding and close restores focus without late publication
  ---
  duration_ms: 6.176167
  ...
# Subtest: transaction refusal keeps the previous preview/draft and stored bytes; notification failure cannot erase a successful save
ok 66 - transaction refusal keeps the previous preview/draft and stored bytes; notification failure cannot erase a successful save
  ---
  duration_ms: 62.384958
  ...
# Subtest: existing keyboard/controller navigation edits native selects and Back closes only the workshop
ok 67 - existing keyboard/controller navigation edits native selects and Back closes only the workshop
  ---
  duration_ms: 9.170167
  ...
# Subtest: file picker cancellation preserves the Still Media draft, focus and pending preview; dialog Escape still closes
ok 68 - file picker cancellation preserves the Still Media draft, focus and pending preview; dialog Escape still closes
  ---
  duration_ms: 6.850667
  ...
# Subtest: preview completion restores its initiating control after native disabled blur
ok 69 - preview completion restores its initiating control after native disabled blur
  ---
  duration_ms: 58.177
  ...
# Subtest: preview failure restores its initiating control after native disabled blur
ok 70 - preview failure restores its initiating control after native disabled blur
  ---
  duration_ms: 50.713667
  ...
# Subtest: show-saved completion restores its initiating control after native disabled blur
ok 71 - show-saved completion restores its initiating control after native disabled blur
  ---
  duration_ms: 53.184084
  ...
# Subtest: show-saved failure restores its initiating control after native disabled blur
ok 72 - show-saved failure restores its initiating control after native disabled blur
  ---
  duration_ms: 49.763167
  ...
# Subtest: show-authored completion restores its initiating control after native disabled blur
ok 73 - show-authored completion restores its initiating control after native disabled blur
  ---
  duration_ms: 50.188625
  ...
# Subtest: show-authored failure restores its initiating control after native disabled blur
ok 74 - show-authored failure restores its initiating control after native disabled blur
  ---
  duration_ms: 50.364167
  ...
# Subtest: chosen preview validation failure restores its opener without publishing a draft
ok 75 - chosen preview validation failure restores its opener without publishing a draft
  ---
  duration_ms: 5.448916
  ...
# Subtest: preview completion respects focus-away even when focus returns to BODY
ok 76 - preview completion respects focus-away even when focus returns to BODY
  ---
  duration_ms: 49.874875
  ...
# Subtest: preview completion respects body-key even when focus returns to BODY
ok 77 - preview completion respects body-key even when focus returns to BODY
  ---
  duration_ms: 49.763584
  ...
# Subtest: preview completion respects body-pointer even when focus returns to BODY
ok 78 - preview completion respects body-pointer even when focus returns to BODY
  ---
  duration_ms: 48.979416
  ...
# Subtest: preview completion respects window-blur even when focus returns to BODY
ok 79 - preview completion respects window-blur even when focus returns to BODY
  ---
  duration_ms: 50.063041
  ...
# Subtest: preview completion respects hidden even when focus returns to BODY
ok 80 - preview completion respects hidden even when focus returns to BODY
  ---
  duration_ms: 49.863166
  ...
# Subtest: preview completion respects pagehide even when focus returns to BODY
ok 81 - preview completion respects pagehide even when focus returns to BODY
  ---
  duration_ms: 51.910083
  ...
# Subtest: preview completion respects new-dialog even when focus returns to BODY
ok 82 - preview completion respects new-dialog even when focus returns to BODY
  ---
  duration_ms: 55.323792
  ...
# Subtest: programmatic preview does not capture an unrelated focused action
ok 83 - programmatic preview does not capture an unrelated focused action
  ---
  duration_ms: 4.307667
  ...
# Subtest: cancel retires a preview focus lease before its decoder settles
ok 84 - cancel retires a preview focus lease before its decoder settles
  ---
  duration_ms: 50.917291
  ...
# Subtest: invalidate retires a preview focus lease before its decoder settles
ok 85 - invalidate retires a preview focus lease before its decoder settles
  ---
  duration_ms: 50.325292
  ...
# Subtest: close retires a preview focus lease before its decoder settles
ok 86 - close retires a preview focus lease before its decoder settles
  ---
  duration_ms: 48.212458
  ...
# Subtest: dispose retires a preview focus lease before its decoder settles
ok 87 - dispose retires a preview focus lease before its decoder settles
  ---
  duration_ms: 48.215541
  ...
# Subtest: a cancelled preview cannot steal focus from the next accepted preview
ok 88 - a cancelled preview cannot steal focus from the next accepted preview
  ---
  duration_ms: 62.120084
  ...
# Subtest: close and reopen does not revive the earlier preview focus owner
ok 89 - close and reopen does not revive the earlier preview focus owner
  ---
  duration_ms: 63.401292
  ...
# Subtest: preview final enabling focus takes precedence over old focus
ok 90 - preview final enabling focus takes precedence over old focus
  ---
  duration_ms: 48.807791
  ...
# Subtest: preview final enabling invalidate takes precedence over old focus
ok 91 - preview final enabling invalidate takes precedence over old focus
  ---
  duration_ms: 49.238833
  ...
# Subtest: settled chosen preview keeps the focused original picker and label below its sticky status rail
ok 92 - settled chosen preview keeps the focused original picker and label below its sticky status rail
  ---
  duration_ms: 4.625167
  ...
# Subtest: media clearance preserves the live operation rail and Cancel ownership
ok 93 - media clearance preserves the live operation rail and Cancel ownership
  ---
  duration_ms: 5.658042
  ...
# Subtest: closed and disposed media panels retire queued clearance without refocusing an old picker
ok 94 - closed and disposed media panels retire queued clearance without refocusing an old picker
  ---
  duration_ms: 6.823
  ...
# Subtest: history-restored selector follows current owner after pageshow (persisted=false)
ok 95 - history-restored selector follows current owner after pageshow (persisted=false)
  ---
  duration_ms: 2.596333
  ...
# Subtest: history-restored selector follows current owner after pageshow (persisted=true)
ok 96 - history-restored selector follows current owner after pageshow (persisted=true)
  ---
  duration_ms: 0.48625
  ...
# Subtest: persisted return first refreshes shared authority, then corrects late stale form state
ok 97 - persisted return first refreshes shared authority, then corrects late stale form state
  ---
  duration_ms: 0.496667
  ...
# Subtest: history repair retains unsaved local intent and its persistence warning
ok 98 - history repair retains unsaved local intent and its persistence warning
  ---
  duration_ms: 0.885625
  ...
# Subtest: deferred repair reads newer explicit intent instead of replaying the earlier snapshot
ok 99 - deferred repair reads newer explicit intent instead of replaying the earlier snapshot
  ---
  duration_ms: 0.4295
  ...
# Subtest: a second pageshow replaces its pending task and a frozen departure cancels it
ok 100 - a second pageshow replaces its pending task and a frozen departure cancels it
  ---
  duration_ms: 0.212625
  ...
# Subtest: terminal disposal cancels deferred repair and stale callbacks cannot rewrite controls
ok 101 - terminal disposal cancels deferred repair and stale callbacks cannot rewrite controls
  ---
  duration_ms: 0.316417
  ...
1..101
# tests 101
# suites 0
# pass 101
# fail 0
# cancelled 0
# skipped 0
# todo 0
# duration_ms 2238.269416
