TAP version 13
# Subtest: Large portrait selector is fully below the measured expanded heading
ok 1 - Large portrait selector is fully below the measured expanded heading
  ---
  duration_ms: 0.771958
  ...
# Subtest: Large landscape selector clears the measured bottom action bar
ok 2 - Large landscape selector clears the measured bottom action bar
  ---
  duration_ms: 0.082375
  ...
# Subtest: queued reflow reads current focus and leaves the heading action alone
ok 3 - queued reflow reads current focus and leaves the heading action alone
  ---
  duration_ms: 0.062625
  ...
# Subtest: large reading region retains its beginning and manual scrolling is not undone
ok 4 - large reading region retains its beginning and manual scrolling is not undone
  ---
  duration_ms: 0.524041
  ...
# Subtest: queued layout cannot alter a closed owner's scroll or focus
ok 5 - queued layout cannot alter a closed owner's scroll or focus
  ---
  duration_ms: 0.137542
  ...
# Subtest: queued layout cannot alter a hidden owner's scroll or focus
ok 6 - queued layout cannot alter a hidden owner's scroll or focus
  ---
  duration_ms: 0.055458
  ...
# Subtest: queued layout cannot alter a blurred owner's scroll or focus
ok 7 - queued layout cannot alter a blurred owner's scroll or focus
  ---
  duration_ms: 0.138917
  ...
# Subtest: queued layout cannot alter a outside owner's scroll or focus
ok 8 - queued layout cannot alter a outside owner's scroll or focus
  ---
  duration_ms: 0.103958
  ...
# Subtest: queued layout cannot alter a disposed owner's scroll or focus
ok 9 - queued layout cannot alter a disposed owner's scroll or focus
  ---
  duration_ms: 0.179917
  ...
# Subtest: chapter completion restores its still-owned actual button after native disable
ok 10 - chapter completion restores its still-owned actual button after native disable
  ---
  duration_ms: 827.560625
  ...
# Subtest: chapter error restores its still-owned actual button after native disable
ok 11 - chapter error restores its still-owned actual button after native disable
  ---
  duration_ms: 432.242167
  ...
# Subtest: chapter completion does not reclaim focus after focus, even after returning to BODY
ok 12 - chapter completion does not reclaim focus after focus, even after returning to BODY
  ---
  duration_ms: 665.820917
  ...
# Subtest: chapter completion does not reclaim focus after blur, even after returning to BODY
ok 13 - chapter completion does not reclaim focus after blur, even after returning to BODY
  ---
  duration_ms: 532.106166
  ...
# Subtest: chapter completion does not reclaim focus after hidden, even after returning to BODY
ok 14 - chapter completion does not reclaim focus after hidden, even after returning to BODY
  ---
  duration_ms: 401.306083
  ...
# Subtest: chapter completion does not reclaim focus after pagehide, even after returning to BODY
ok 15 - chapter completion does not reclaim focus after pagehide, even after returning to BODY
  ---
  duration_ms: 380.661416
  ...
# Subtest: chapter completion does not reclaim focus after close, even after returning to BODY
ok 16 - chapter completion does not reclaim focus after close, even after returning to BODY
  ---
  duration_ms: 626.142917
  ...
# Subtest: chapter completion does not reclaim focus after new-dialog, even after returning to BODY
ok 17 - chapter completion does not reclaim focus after new-dialog, even after returning to BODY
  ---
  duration_ms: 692.837208
  ...
# Subtest: chapter completion does not reclaim focus after body-key, even after returning to BODY
ok 18 - chapter completion does not reclaim focus after body-key, even after returning to BODY
  ---
  duration_ms: 591.944625
  ...
# Subtest: chapter enable callback choosing another control is not overwritten
ok 19 - chapter enable callback choosing another control is not overwritten
  ---
  duration_ms: 574.00125
  ...
# Subtest: install completion restores its still-owned actual button after native disable
ok 20 - install completion restores its still-owned actual button after native disable
  ---
  duration_ms: 523.983583
  ...
# Subtest: install error restores its still-owned actual button after native disable
ok 21 - install error restores its still-owned actual button after native disable
  ---
  duration_ms: 392.273166
  ...
# Subtest: install completion does not reclaim focus after focus, even after returning to BODY
ok 22 - install completion does not reclaim focus after focus, even after returning to BODY
  ---
  duration_ms: 519.330667
  ...
# Subtest: install completion does not reclaim focus after blur, even after returning to BODY
ok 23 - install completion does not reclaim focus after blur, even after returning to BODY
  ---
  duration_ms: 510.628375
  ...
# Subtest: install completion does not reclaim focus after hidden, even after returning to BODY
ok 24 - install completion does not reclaim focus after hidden, even after returning to BODY
  ---
  duration_ms: 503.648708
  ...
# Subtest: install completion does not reclaim focus after pagehide, even after returning to BODY
ok 25 - install completion does not reclaim focus after pagehide, even after returning to BODY
  ---
  duration_ms: 399.166959
  ...
# Subtest: install completion does not reclaim focus after close, even after returning to BODY
ok 26 - install completion does not reclaim focus after close, even after returning to BODY
  ---
  duration_ms: 385.903834
  ...
# Subtest: install completion does not reclaim focus after new-dialog, even after returning to BODY
ok 27 - install completion does not reclaim focus after new-dialog, even after returning to BODY
  ---
  duration_ms: 494.989292
  ...
# Subtest: install completion does not reclaim focus after body-key, even after returning to BODY
ok 28 - install completion does not reclaim focus after body-key, even after returning to BODY
  ---
  duration_ms: 511.559292
  ...
# Subtest: install enable callback choosing another control is not overwritten
ok 29 - install enable callback choosing another control is not overwritten
  ---
  duration_ms: 524.998542
  ...
# Subtest: explicit Library Cancel after three native Tabs renews return to the actual Install action
ok 30 - explicit Library Cancel after three native Tabs renews return to the actual Install action
  ---
  duration_ms: 448.765791
  ...
# Subtest: fresh explicit Cancel cannot restore after background
ok 31 - fresh explicit Cancel cannot restore after background
  ---
  duration_ms: 391.456416
  ...
# Subtest: fresh explicit Cancel cannot restore after closed-root
ok 32 - fresh explicit Cancel cannot restore after closed-root
  ---
  duration_ms: 395.263375
  ...
# Subtest: fresh explicit Cancel cannot restore after cleanup-focus
ok 33 - fresh explicit Cancel cannot restore after cleanup-focus
  ---
  duration_ms: 412.18625
  ...
# Subtest: fresh explicit Cancel cannot restore after cleanup-blur
ok 34 - fresh explicit Cancel cannot restore after cleanup-blur
  ---
  duration_ms: 402.965334
  ...
# Subtest: Cancel while actual pack commit is finishing remains detached and cannot restore focus
ok 35 - Cancel while actual pack commit is finishing remains detached and cannot restore focus
  ---
  duration_ms: 489.891292
  ...
# Subtest: fresh return intent refuses a target outside its captured dialog
ok 36 - fresh return intent refuses a target outside its captured dialog
  ---
  duration_ms: 385.219
  ...
# Subtest: actual workshop reviews without writes, explicitly restores all originals, and prepares a separate native download
ok 37 - actual workshop reviews without writes, explicitly restores all originals, and prepares a separate native download
  ---
  duration_ms: 296.315125
  ...
# Subtest: actual preserve review distinguishes assignments while retaining current and incoming history
ok 38 - actual preserve review distinguishes assignments while retaining current and incoming history
  ---
  duration_ms: 329.620541
  ...
# Subtest: actual restore review distinguishes assignments while retaining current and incoming history
ok 39 - actual restore review distinguishes assignments while retaining current and incoming history
  ---
  duration_ms: 335.783916
  ...
# Subtest: corrupt bundle, quota refusal, and stale writer keep exact prior storage and preview
ok 40 - corrupt bundle, quota refusal, and stale writer keep exact prior storage and preview
  ---
  duration_ms: 552.5455
  ...
# Subtest: review binds the exact installed catalog, selected file and explicit assignment policy
ok 41 - review binds the exact installed catalog, selected file and explicit assignment policy
  ---
  duration_ms: 120.976875
  ...
# Subtest: cancelled late review and double commands cannot publish stale restore or download
ok 42 - cancelled late review and double commands cannot publish stale restore or download
  ---
  duration_ms: 131.476166
  ...
# Subtest: allocation-time cancellation and hidden lifecycle release prepared download without late artifacts
ok 43 - allocation-time cancellation and hidden lifecycle release prepared download without late artifacts
  ---
  duration_ms: 11.243125
  ...
# Subtest: shared v3 MP3 recovery is byte-identical after originals restore
ok 44 - shared v3 MP3 recovery is byte-identical after originals restore
  ---
  duration_ms: 125.739292
  ...
# Subtest: actual controller router reaches download/review/restore and held Confirm cannot apply the newly reviewed file
ok 45 - actual controller router reaches download/review/restore and held Confirm cannot apply the newly reviewed file
  ---
  duration_ms: 225.269792
  ...
# Subtest: actual classic entry gives file-URL guidance before module/storage access
ok 46 - actual classic entry gives file-URL guidance before module/storage access
  ---
  duration_ms: 3.063042
  ...
# Subtest: actual authoring entry opens no DB until explicit activation and shares one real manager for audio and media
ok 47 - actual authoring entry opens no DB until explicit activation and shares one real manager for audio and media
  ---
  duration_ms: 119.414417
  ...
# Subtest: cold workshop Escape restores the invoker blurred by its disabled loading state
ok 48 - cold workshop Escape restores the invoker blurred by its disabled loading state
  ---
  duration_ms: 20.016459
  ...
# Subtest: closing a pending workshop read restores the invoker before settling and preserves later focus
ok 49 - closing a pending workshop read restores the invoker before settling and preserves later focus
  ---
  duration_ms: 10.956875
  ...
# Subtest: v1 MP3 bytes remain exact through shared v4 upgrade and explicit native backup preparation
ok 50 - v1 MP3 bytes remain exact through shared v4 upgrade and explicit native backup preparation
  ---
  duration_ms: 89.373292
  ...
# Subtest: file URL and cancelled late source load do not open or upgrade media
ok 51 - file URL and cancelled late source load do not open or upgrade media
  ---
  duration_ms: 8.236916
  ...
# Subtest: rejected shared-store access remains visible and cannot become an empty media save
ok 52 - rejected shared-store access remains visible and cannot become an empty media save
  ---
  duration_ms: 5.429875
  ...
# Subtest: persisted pagehide cancels a pending first Open before it can create or upgrade a manager
ok 53 - persisted pagehide cancels a pending first Open before it can create or upgrade a manager
  ---
  duration_ms: 11.665292
  ...
# Subtest: existing host navigation owns Back and neutralizes native handoff; hidden page cancels the edit context
ok 54 - existing host navigation owns Back and neutralizes native handoff; hidden page cancels the edit context
  ---
  duration_ms: 22.182583
  ...
# Subtest: actual shared router prevents held Confirm across modal close and native pointer handoff
ok 55 - actual shared router prevents held Confirm across modal close and native pointer handoff
  ---
  duration_ms: 27.685708
  ...
# Subtest: opening announces the held catalogue read and Close fences its late failure
ok 56 - opening announces the held catalogue read and Close fences its late failure
  ---
  duration_ms: 3.787583
  ...
# Subtest: classic picture workshop exposes loading and Back before storage explanation
ok 57 - classic picture workshop exposes loading and Back before storage explanation
  ---
  duration_ms: 2.033209
  ...
# Subtest: native panel prepares original bytes, saves exact theme assignment, reloads and unassigns without losing history
ok 58 - native panel prepares original bytes, saves exact theme assignment, reloads and unassigns without losing history
  ---
  duration_ms: 185.433042
  ...
# Subtest: failed candidate decode or preview leaves the prior preview and saved assignment intact
ok 59 - failed candidate decode or preview leaves the prior preview and saved assignment intact
  ---
  duration_ms: 75.276333
  ...
# Subtest: double commands, cancellation and stale completion cannot save or overwrite a newer preview
ok 60 - double commands, cancellation and stale completion cannot save or overwrite a newer preview
  ---
  duration_ms: 49.722583
  ...
# Subtest: stale installed context and concurrent media writer refuse the whole save
ok 61 - stale installed context and concurrent media writer refuse the whole save
  ---
  duration_ms: 49.10125
  ...
# Subtest: context switching discards an unsaved binding and close restores focus without late publication
ok 62 - context switching discards an unsaved binding and close restores focus without late publication
  ---
  duration_ms: 5.905667
  ...
# Subtest: transaction refusal keeps the previous preview/draft and stored bytes; notification failure cannot erase a successful save
ok 63 - transaction refusal keeps the previous preview/draft and stored bytes; notification failure cannot erase a successful save
  ---
  duration_ms: 67.283709
  ...
# Subtest: existing keyboard/controller navigation edits native selects and Back closes only the workshop
ok 64 - existing keyboard/controller navigation edits native selects and Back closes only the workshop
  ---
  duration_ms: 9.18325
  ...
# Subtest: file picker cancellation preserves the Still Media draft, focus and pending preview; dialog Escape still closes
ok 65 - file picker cancellation preserves the Still Media draft, focus and pending preview; dialog Escape still closes
  ---
  duration_ms: 8.011625
  ...
# Subtest: preview completion restores its initiating control after native disabled blur
ok 66 - preview completion restores its initiating control after native disabled blur
  ---
  duration_ms: 66.575417
  ...
# Subtest: preview failure restores its initiating control after native disabled blur
ok 67 - preview failure restores its initiating control after native disabled blur
  ---
  duration_ms: 60.401666
  ...
# Subtest: show-saved completion restores its initiating control after native disabled blur
ok 68 - show-saved completion restores its initiating control after native disabled blur
  ---
  duration_ms: 57.373666
  ...
# Subtest: show-saved failure restores its initiating control after native disabled blur
ok 69 - show-saved failure restores its initiating control after native disabled blur
  ---
  duration_ms: 57.855917
  ...
# Subtest: show-authored completion restores its initiating control after native disabled blur
ok 70 - show-authored completion restores its initiating control after native disabled blur
  ---
  duration_ms: 58.911792
  ...
# Subtest: show-authored failure restores its initiating control after native disabled blur
ok 71 - show-authored failure restores its initiating control after native disabled blur
  ---
  duration_ms: 59.650709
  ...
# Subtest: chosen preview validation failure restores its opener without publishing a draft
ok 72 - chosen preview validation failure restores its opener without publishing a draft
  ---
  duration_ms: 7.135375
  ...
# Subtest: preview completion respects focus-away even when focus returns to BODY
ok 73 - preview completion respects focus-away even when focus returns to BODY
  ---
  duration_ms: 60.744208
  ...
# Subtest: preview completion respects body-key even when focus returns to BODY
ok 74 - preview completion respects body-key even when focus returns to BODY
  ---
  duration_ms: 55.395125
  ...
# Subtest: preview completion respects body-pointer even when focus returns to BODY
ok 75 - preview completion respects body-pointer even when focus returns to BODY
  ---
  duration_ms: 60.018875
  ...
# Subtest: preview completion respects window-blur even when focus returns to BODY
ok 76 - preview completion respects window-blur even when focus returns to BODY
  ---
  duration_ms: 55.188333
  ...
# Subtest: preview completion respects hidden even when focus returns to BODY
ok 77 - preview completion respects hidden even when focus returns to BODY
  ---
  duration_ms: 56.960208
  ...
# Subtest: preview completion respects pagehide even when focus returns to BODY
ok 78 - preview completion respects pagehide even when focus returns to BODY
  ---
  duration_ms: 60.183542
  ...
# Subtest: preview completion respects new-dialog even when focus returns to BODY
ok 79 - preview completion respects new-dialog even when focus returns to BODY
  ---
  duration_ms: 57.060708
  ...
# Subtest: programmatic preview does not capture an unrelated focused action
ok 80 - programmatic preview does not capture an unrelated focused action
  ---
  duration_ms: 4.157875
  ...
# Subtest: cancel retires a preview focus lease before its decoder settles
ok 81 - cancel retires a preview focus lease before its decoder settles
  ---
  duration_ms: 61.415833
  ...
# Subtest: invalidate retires a preview focus lease before its decoder settles
ok 82 - invalidate retires a preview focus lease before its decoder settles
  ---
  duration_ms: 56.420792
  ...
# Subtest: close retires a preview focus lease before its decoder settles
ok 83 - close retires a preview focus lease before its decoder settles
  ---
  duration_ms: 58.350958
  ...
# Subtest: dispose retires a preview focus lease before its decoder settles
ok 84 - dispose retires a preview focus lease before its decoder settles
  ---
  duration_ms: 58.47975
  ...
# Subtest: a cancelled preview cannot steal focus from the next accepted preview
ok 85 - a cancelled preview cannot steal focus from the next accepted preview
  ---
  duration_ms: 74.285208
  ...
# Subtest: close and reopen does not revive the earlier preview focus owner
ok 86 - close and reopen does not revive the earlier preview focus owner
  ---
  duration_ms: 64.569917
  ...
# Subtest: preview final enabling focus takes precedence over old focus
ok 87 - preview final enabling focus takes precedence over old focus
  ---
  duration_ms: 50.934084
  ...
# Subtest: preview final enabling invalidate takes precedence over old focus
ok 88 - preview final enabling invalidate takes precedence over old focus
  ---
  duration_ms: 54.355042
  ...
# Subtest: settled chosen preview keeps the focused original picker below its sticky status rail
ok 89 - settled chosen preview keeps the focused original picker below its sticky status rail
  ---
  duration_ms: 4.715833
  ...
# Subtest: media clearance preserves the live operation rail and Cancel ownership
ok 90 - media clearance preserves the live operation rail and Cancel ownership
  ---
  duration_ms: 5.898541
  ...
# Subtest: closed and disposed media panels retire queued clearance without refocusing an old picker
ok 91 - closed and disposed media panels retire queued clearance without refocusing an old picker
  ---
  duration_ms: 6.247625
  ...
# Subtest: no optional capability keeps the actual still-only panel and rich-v3 store unchanged
ok 92 - no optional capability keeps the actual still-only panel and rich-v3 store unchanged
  ---
  duration_ms: 71.717625
  ...
# Subtest: Prepare writes neither descriptor nor binding, Save commits both once and rejected notification retains the new generation
ok 93 - Prepare writes neither descriptor nor binding, Save commits both once and rejected notification retains the new generation
  ---
  duration_ms: 846.667208
  ...
# Subtest: historical poster A can be selected after current B; clear saves explicit null and exact saved history can be rebound
ok 94 - historical poster A can be selected after current B; clear saves explicit null and exact saved history can be rebound
  ---
  duration_ms: 1325.5795
  ...
# Subtest: unsaved poster and invalid segment cannot produce a reviewed story; picture revision change invalidates a prepared save
ok 95 - unsaved poster and invalid segment cannot produce a reviewed story; picture revision change invalidates a prepared save
  ---
  duration_ms: 267.792375
  ...
# Subtest: stale installed context, concurrent story generation and transaction refusal preserve the entire prior inventory
ok 96 - stale installed context, concurrent story generation and transaction refusal preserve the entire prior inventory
  ---
  duration_ms: 1638.51675
  ...
# Subtest: native prepared download transfers exact v2 bytes; keep-current preserves null and explicit restore restores only reviewed incoming bindings
ok 97 - native prepared download transfers exact v2 bytes; keep-current preserves null and explicit restore restores only reviewed incoming bindings
  ---
  duration_ms: 1578.180291
  ...
# Subtest: fresh restore requires actual paired poster originals, corrupt source refuses completely, and correct pairs restore exact video
ok 98 - fresh restore requires actual paired poster originals, corrupt source refuses completely, and correct pairs restore exact video
  ---
  duration_ms: 771.964625
  ...
# Subtest: Back cancels a late returned reservation without publishing Save; current source remains usable after reload
ok 99 - Back cancels a late returned reservation without publishing Save; current source remains usable after reload
  ---
  duration_ms: 281.741791
  ...
# Subtest: the existing router requires released Confirm between Prepare and Save and native Enter remains a browser action
ok 100 - the existing router requires released Confirm between Prepare and Save and native Enter remains a browser action
  ---
  duration_ms: 378.784167
  ...
1..100
# tests 100
# suites 0
# pass 100
# fail 0
# cancelled 0
# skipped 0
# todo 0
# duration_ms 14010.86125
