TAP version 13
# Subtest: chapter completion restores its still-owned actual button after native disable
ok 1 - chapter completion restores its still-owned actual button after native disable
  ---
  duration_ms: 611.07425
  type: 'test'
  ...
# Subtest: chapter error restores its still-owned actual button after native disable
ok 2 - chapter error restores its still-owned actual button after native disable
  ---
  duration_ms: 287.95925
  type: 'test'
  ...
# Subtest: chapter completion does not reclaim focus after focus, even after returning to BODY
ok 3 - chapter completion does not reclaim focus after focus, even after returning to BODY
  ---
  duration_ms: 465.974208
  type: 'test'
  ...
# Subtest: chapter completion does not reclaim focus after blur, even after returning to BODY
ok 4 - chapter completion does not reclaim focus after blur, even after returning to BODY
  ---
  duration_ms: 271.790875
  type: 'test'
  ...
# Subtest: chapter completion does not reclaim focus after hidden, even after returning to BODY
ok 5 - chapter completion does not reclaim focus after hidden, even after returning to BODY
  ---
  duration_ms: 272.893416
  type: 'test'
  ...
# Subtest: chapter completion does not reclaim focus after pagehide, even after returning to BODY
ok 6 - chapter completion does not reclaim focus after pagehide, even after returning to BODY
  ---
  duration_ms: 288.849958
  type: 'test'
  ...
# Subtest: chapter completion does not reclaim focus after close, even after returning to BODY
ok 7 - chapter completion does not reclaim focus after close, even after returning to BODY
  ---
  duration_ms: 451.638083
  type: 'test'
  ...
# Subtest: chapter completion does not reclaim focus after new-dialog, even after returning to BODY
ok 8 - chapter completion does not reclaim focus after new-dialog, even after returning to BODY
  ---
  duration_ms: 535.455833
  type: 'test'
  ...
# Subtest: chapter completion does not reclaim focus after body-key, even after returning to BODY
ok 9 - chapter completion does not reclaim focus after body-key, even after returning to BODY
  ---
  duration_ms: 457.709292
  type: 'test'
  ...
# Subtest: chapter enable callback choosing another control is not overwritten
ok 10 - chapter enable callback choosing another control is not overwritten
  ---
  duration_ms: 463.714792
  type: 'test'
  ...
# Subtest: install completion restores its still-owned actual button after native disable
ok 11 - install completion restores its still-owned actual button after native disable
  ---
  duration_ms: 404.678917
  type: 'test'
  ...
# Subtest: install error restores its still-owned actual button after native disable
ok 12 - install error restores its still-owned actual button after native disable
  ---
  duration_ms: 298.757
  type: 'test'
  ...
# Subtest: install completion does not reclaim focus after focus, even after returning to BODY
ok 13 - install completion does not reclaim focus after focus, even after returning to BODY
  ---
  duration_ms: 462.983125
  type: 'test'
  ...
# Subtest: install completion does not reclaim focus after blur, even after returning to BODY
ok 14 - install completion does not reclaim focus after blur, even after returning to BODY
  ---
  duration_ms: 403.848334
  type: 'test'
  ...
# Subtest: install completion does not reclaim focus after hidden, even after returning to BODY
ok 15 - install completion does not reclaim focus after hidden, even after returning to BODY
  ---
  duration_ms: 393.727708
  type: 'test'
  ...
# Subtest: install completion does not reclaim focus after pagehide, even after returning to BODY
ok 16 - install completion does not reclaim focus after pagehide, even after returning to BODY
  ---
  duration_ms: 311.776125
  type: 'test'
  ...
# Subtest: install completion does not reclaim focus after close, even after returning to BODY
ok 17 - install completion does not reclaim focus after close, even after returning to BODY
  ---
  duration_ms: 302.290375
  type: 'test'
  ...
# Subtest: install completion does not reclaim focus after new-dialog, even after returning to BODY
ok 18 - install completion does not reclaim focus after new-dialog, even after returning to BODY
  ---
  duration_ms: 406.3315
  type: 'test'
  ...
# Subtest: install completion does not reclaim focus after body-key, even after returning to BODY
ok 19 - install completion does not reclaim focus after body-key, even after returning to BODY
  ---
  duration_ms: 496.371541
  type: 'test'
  ...
# Subtest: install enable callback choosing another control is not overwritten
ok 20 - install enable callback choosing another control is not overwritten
  ---
  duration_ms: 483.316958
  type: 'test'
  ...
# Subtest: explicit Library Cancel after three native Tabs renews return to the actual Install action
ok 21 - explicit Library Cancel after three native Tabs renews return to the actual Install action
  ---
  duration_ms: 313.277875
  type: 'test'
  ...
# Subtest: fresh explicit Cancel cannot restore after background
ok 22 - fresh explicit Cancel cannot restore after background
  ---
  duration_ms: 301.744791
  type: 'test'
  ...
# Subtest: fresh explicit Cancel cannot restore after closed-root
ok 23 - fresh explicit Cancel cannot restore after closed-root
  ---
  duration_ms: 321.518166
  type: 'test'
  ...
# Subtest: fresh explicit Cancel cannot restore after cleanup-focus
ok 24 - fresh explicit Cancel cannot restore after cleanup-focus
  ---
  duration_ms: 306.914541
  type: 'test'
  ...
# Subtest: fresh explicit Cancel cannot restore after cleanup-blur
ok 25 - fresh explicit Cancel cannot restore after cleanup-blur
  ---
  duration_ms: 327.761709
  type: 'test'
  ...
# Subtest: Cancel while actual pack commit is finishing remains detached and cannot restore focus
ok 26 - Cancel while actual pack commit is finishing remains detached and cannot restore focus
  ---
  duration_ms: 402.310958
  type: 'test'
  ...
# Subtest: fresh return intent refuses a target outside its captured dialog
ok 27 - fresh return intent refuses a target outside its captured dialog
  ---
  duration_ms: 311.348541
  type: 'test'
  ...
1..27
# tests 27
# suites 0
# pass 27
# fail 0
# cancelled 0
# skipped 0
# todo 0
# duration_ms 10692.801125
