TAP version 13
# Subtest: settled chosen preview keeps the focused original picker below its sticky status rail
not ok 1 - settled chosen preview keeps the focused original picker below its sticky status rail
  ---
  duration_ms: 22.617833
  type: 'test'
  location: '/Users/oleksandr.mekhovov/work/my_projects/go_test/.cache/worktrees/p05-picker-clearance-next/game/test/still-media-panel.test.mjs:560:1'
  failureType: 'testCodeFailure'
  error: |-
    Expected values to be strictly equal:
    + actual - expected
    
    + 881.5
    - 682.28125
    
  code: 'ERR_ASSERTION'
  name: 'AssertionError'
  expected: 682.28125
  actual: 881.5
  operator: 'strictEqual'
  stack: |-
    TestContext.<anonymous> (file:///Users/oleksandr.mekhovov/work/my_projects/go_test/.cache/worktrees/p05-picker-clearance-next/game/test/still-media-panel.test.mjs:572:10)
    async Test.run (node:internal/test_runner/test:1054:7)
    async startSubtestAfterBootstrap (node:internal/test_runner/harness:296:3)
  ...
# Subtest: media clearance preserves the live operation rail and Cancel ownership
not ok 2 - media clearance preserves the live operation rail and Cancel ownership
  ---
  duration_ms: 9.070625
  type: 'test'
  location: '/Users/oleksandr.mekhovov/work/my_projects/go_test/.cache/worktrees/p05-picker-clearance-next/game/test/still-media-panel.test.mjs:598:1'
  failureType: 'testCodeFailure'
  error: |-
    Expected values to be strictly equal:
    
    0 !== 1
    
  code: 'ERR_ASSERTION'
  name: 'AssertionError'
  expected: 1
  actual: 0
  operator: 'strictEqual'
  stack: |-
    TestContext.<anonymous> (file:///Users/oleksandr.mekhovov/work/my_projects/go_test/.cache/worktrees/p05-picker-clearance-next/game/test/still-media-panel.test.mjs:620:10)
    async Test.run (node:internal/test_runner/test:1054:7)
    async Test.processPendingSubtests (node:internal/test_runner/test:744:7)
  ...
# Subtest: closed and disposed media panels retire queued clearance without refocusing an old picker
not ok 3 - closed and disposed media panels retire queued clearance without refocusing an old picker
  ---
  duration_ms: 7.189125
  type: 'test'
  location: '/Users/oleksandr.mekhovov/work/my_projects/go_test/.cache/worktrees/p05-picker-clearance-next/game/test/still-media-panel.test.mjs:631:1'
  failureType: 'testCodeFailure'
  error: |-
    Reopening retains exactly one live clearance owner.
    + actual - expected
    
    + 881.5
    - 682.28125
    
  code: 'ERR_ASSERTION'
  name: 'AssertionError'
  expected: 682.28125
  actual: 881.5
  operator: 'strictEqual'
  stack: |-
    TestContext.<anonymous> (file:///Users/oleksandr.mekhovov/work/my_projects/go_test/.cache/worktrees/p05-picker-clearance-next/game/test/still-media-panel.test.mjs:644:10)
    async Test.run (node:internal/test_runner/test:1054:7)
    async Test.processPendingSubtests (node:internal/test_runner/test:744:7)
  ...
1..3
# tests 3
# suites 0
# pass 0
# fail 3
# cancelled 0
# skipped 0
# todo 0
# duration_ms 318.344583
