TAP version 13
# Subtest: fresh couch uses exact wide Pressure Lines originals, authored Arcade controls and independent continuations
ok 1 - fresh couch uses exact wide Pressure Lines originals, authored Arcade controls and independent continuations
  ---
  duration_ms: 1503.401167
  type: 'test'
  ...
# Subtest: an offline optional featured download leaves base Couch maps playable and solo storage untouched
ok 2 - an offline optional featured download leaves base Couch maps playable and solo storage untouched
  ---
  duration_ms: 80.451167
  type: 'test'
  ...
# Subtest: all three exact map pictures change together; explicit Tactical legacy choice clears the original binding
ok 3 - all three exact map pictures change together; explicit Tactical legacy choice clears the original binding
  ---
  duration_ms: 1317.0895
  type: 'test'
  ...
# Subtest: wrong decoded dimensions and complete decode failure release every allocated original
ok 4 - wrong decoded dimensions and complete decode failure release every allocated original
  ---
  duration_ms: 1651.701042
  type: 'test'
  ...
# Subtest: shipped artwork requires explicit contain fit and an original for each exact known level
ok 5 - shipped artwork requires explicit contain fit and an original for each exact known level
  ---
  duration_ms: 1439.979792
  type: 'test'
  ...
# Subtest: cancellation during complete decode rejects promptly, disposes earlier images and ignores a late result
ok 6 - cancellation during complete decode rejects promptly, disposes earlier images and ignores a late result
  ---
  duration_ms: 821.775042
  type: 'test'
  ...
# Subtest: failed original preparation leaves the real lobby Start disabled with its explicit error
ok 7 - failed original preparation leaves the real lobby Start disabled with its explicit error
  ---
  duration_ms: 849.228583
  type: 'test'
  ...
# Subtest: terminal pagehide during installed authority opening cannot publish released pictures or start a race
ok 8 - terminal pagehide during installed authority opening cannot publish released pictures or start a race
  ---
  duration_ms: 954.978833
  type: 'test'
  ...
# Subtest: immediate: actual couch inputs keep both phase cues independent and freeze them on pause/finish
ok 9 - immediate: actual couch inputs keep both phase cues independent and freeze them on pause/finish
  ---
  duration_ms: 3973.564209
  type: 'test'
  ...
# Subtest: grid-center: actual couch inputs keep both phase cues independent and freeze them on pause/finish
ok 10 - grid-center: actual couch inputs keep both phase cues independent and freeze them on pause/finish
  ---
  duration_ms: 3850.772208
  type: 'test'
  ...
# Subtest: ordinary couch boards hide both empty encounter groups before and during a round
ok 11 - ordinary couch boards hide both empty encounter groups before and during a round
  ---
  duration_ms: 1692.780834
  type: 'test'
  ...
# Subtest: interrupted async Start confirmation stays ready after blur and return until a fresh Start
ok 12 - interrupted async Start confirmation stays ready after blur and return until a fresh Start
  ---
  duration_ms: 8622.680708
  type: 'test'
  ...
# Subtest: cancelled Start confirmation cannot overwrite Retry for the same untouched attempt
ok 13 - cancelled Start confirmation cannot overwrite Retry for the same untouched attempt
  ---
  duration_ms: 10387.999
  type: 'test'
  ...
# Subtest: installed couch reader authenticates the same three originals without acquiring a writer or changing solo data
ok 14 - installed couch reader authenticates the same three originals without acquiring a writer or changing solo data
  ---
  duration_ms: 10655.547417
  type: 'test'
  ...
# Subtest: publication rejects a changed original generation after actual decode and a changed pointer before Start
ok 15 - publication rejects a changed original generation after actual decode and a changed pointer before Start
  ---
  duration_ms: 11306.04875
  type: 'test'
  ...
# Subtest: cancelled decode is joined before replacement and cannot publish a late image
ok 16 - cancelled decode is joined before replacement and cannot publish a late image
  ---
  duration_ms: 8805.771333
  type: 'test'
  ...
# Subtest: pending journals, missing descriptors and absent original bytes refuse instead of displaying generic artwork
ok 17 - pending journals, missing descriptors and absent original bytes refuse instead of displaying generic artwork
  ---
  duration_ms: 5366.455958
  type: 'test'
  ...
# Subtest: Couch recovers installed R5 originals when its optional shipped URL is unavailable
ok 18 - Couch recovers installed R5 originals when its optional shipped URL is unavailable
  ---
  duration_ms: 4283.316292
  type: 'test'
  ...
# Subtest: actual Couch selection shares the exact installed image, keeps separate motion and restores asynchronous action focus
ok 19 - actual Couch selection shares the exact installed image, keeps separate motion and restores asynchronous action focus
  ---
  duration_ms: 18417.636875
  type: 'test'
  ...
# Subtest: superseding embedded inspection cancels the old decoder between images and retains the exact legacy fit
ok 20 - superseding embedded inspection cancels the old decoder between images and retains the exact legacy fit
  ---
  duration_ms: 3371.14575
  type: 'test'
  ...
# Subtest: main-lobby Back cancels an explicitly pending Retry and never enables Start after the late decode
ok 21 - main-lobby Back cancels an explicitly pending Retry and never enables Start after the late decode
  ---
  duration_ms: 25498.835
  type: 'test'
  ...
# Subtest: new Fracture owner keeps exact installed originals through the reader and shared Couch boards without solo writes
ok 22 - new Fracture owner keeps exact installed originals through the reader and shared Couch boards without solo writes
  ---
  duration_ms: 18951.736333
  type: 'test'
  ...
# Subtest: new Countercurrent owner keeps exact installed originals through the reader and shared Couch boards without solo writes
ok 23 - new Countercurrent owner keeps exact installed originals through the reader and shared Couch boards without solo writes
  ---
  duration_ms: 17629.000458
  type: 'test'
  ...
# Subtest: two sparse pads deliberately claim one menu; join/held Confirm cannot start or leak flight actions
ok 24 - two sparse pads deliberately claim one menu; join/held Confirm cannot start or leak flight actions
  ---
  duration_ms: 1628.936708
  type: 'test'
  ...
# Subtest: actual select previews cancel without replacing the duel and commit once through onchange
ok 25 - actual select previews cancel without replacing the duel and commit once through onchange
  ---
  duration_ms: 1455.529917
  type: 'test'
  ...
# Subtest: Back and Menu cancel previews or focus the primary action without starting or resetting
ok 26 - Back and Menu cancel previews or focus the primary action without starting or resetting
  ---
  duration_ms: 1411.901708
  type: 'test'
  ...
# Subtest: native menu focus cancels a held D-pad repeat until neutral without clearing either flight keyboard
ok 27 - native menu focus cancels a held D-pad repeat until neutral without clearing either flight keyboard
  ---
  duration_ms: 1380.248791
  type: 'test'
  ...
# Subtest: Ready slot loss consumes another pad Confirm; the surviving player keeps its slot
ok 28 - Ready slot loss consumes another pad Confirm; the surviving player keeps its slot
  ---
  duration_ms: 1325.368667
  type: 'test'
  ...
# Subtest: descriptor change at the same index pauses flight and requires neutral plus a new menu join
ok 29 - descriptor change at the same index pauses flight and requires neutral plus a new menu join
  ---
  duration_ms: 1358.590833
  type: 'test'
  ...
# Subtest: disconnect event at the same index pauses flight and requires neutral plus a new menu join
ok 30 - disconnect event at the same index pauses flight and requires neutral plus a new menu join
  ---
  duration_ms: 1371.216
  type: 'test'
  ...
# Subtest: explicit menu release permits the other player to join, never transfers a held edge
ok 31 - explicit menu release permits the other player to join, never transfers a held edge
  ---
  duration_ms: 1315.932208
  type: 'test'
  ...
# Subtest: one hardware read per visible frame and no reads or ticks while unfocused, hidden or disposed
ok 32 - one hardware read per visible frame and no reads or ticks while unfocused, hidden or disposed
  ---
  duration_ms: 1343.497958
  type: 'test'
  ...
# Subtest: persisted return and Ready Escape preserve the true state and cancel a pending edit
ok 33 - persisted return and Ready Escape preserve the true state and cancel a pending edit
  ---
  duration_ms: 1328.464208
  type: 'test'
  ...
# Subtest: API errors and unsupported pads remain usable with keyboard and truthful Ready status
ok 34 - API errors and unsupported pads remain usable with keyboard and truthful Ready status
  ---
  duration_ms: 1373.010292
  type: 'test'
  ...
# Subtest: immediate: actual Sentinel round win and best-of-three rematch retain legal core route results
ok 35 - immediate: actual Sentinel round win and best-of-three rematch retain legal core route results
  ---
  duration_ms: 6530.9775
  type: 'test'
  ...
# Subtest: grid-center: actual Sentinel round win and best-of-three rematch retain legal core route results
ok 36 - grid-center: actual Sentinel round win and best-of-three rematch retain legal core route results
  ---
  duration_ms: 6365.690083
  type: 'test'
  ...
# Subtest: one lost craft does not expose shared menu; both ended draws retain explicit Next
ok 37 - one lost craft does not expose shared menu; both ended draws retain explicit Next
  ---
  duration_ms: 1380.634541
  type: 'test'
  ...
# Subtest: native checkboxes and both held touch pads stay independent after leaving controller navigation
ok 38 - native checkboxes and both held touch pads stay independent after leaving controller navigation
  ---
  duration_ms: 1426.411792
  type: 'test'
  ...
# Subtest: immediate: actual Pause retains two different requested turns and explicit Resume continues both
ok 39 - immediate: actual Pause retains two different requested turns and explicit Resume continues both
  ---
  duration_ms: 1373.006459
  type: 'test'
  ...
# Subtest: immediate: real recovery clears only that player's continuous intent before later substeps
ok 40 - immediate: real recovery clears only that player's continuous intent before later substeps
  ---
  duration_ms: 1353.265708
  type: 'test'
  ...
# Subtest: grid-center: actual Pause retains two different requested turns and explicit Resume continues both
ok 41 - grid-center: actual Pause retains two different requested turns and explicit Resume continues both
  ---
  duration_ms: 1417.891666
  type: 'test'
  ...
# Subtest: grid-center: real recovery clears only that player's continuous intent before later substeps
ok 42 - grid-center: real recovery clears only that player's continuous intent before later substeps
  ---
  duration_ms: 1321.380625
  type: 'test'
  ...
# Subtest: timeout draw keeps series at zero and needs a fresh explicit Next gesture
ok 43 - timeout draw keeps series at zero and needs a fresh explicit Next gesture
  ---
  duration_ms: 1702.317875
  type: 'test'
  ...
# Subtest: immediate, keyboard: real cut closure stops only its player across substeps and held input
ok 44 - immediate, keyboard: real cut closure stops only its player across substeps and held input
  ---
  duration_ms: 1769.593125
  type: 'test'
  ...
# Subtest: immediate, controller: real cut closure stops only its player across substeps and held input
ok 45 - immediate, controller: real cut closure stops only its player across substeps and held input
  ---
  duration_ms: 1854.124542
  type: 'test'
  ...
# Subtest: grid-center, keyboard: real cut closure stops only its player across substeps and held input
ok 46 - grid-center, keyboard: real cut closure stops only its player across substeps and held input
  ---
  duration_ms: 1807.823667
  type: 'test'
  ...
# Subtest: grid-center, controller: real cut closure stops only its player across substeps and held input
ok 47 - grid-center, controller: real cut closure stops only its player across substeps and held input
  ---
  duration_ms: 1817.78225
  type: 'test'
  ...
# Subtest: lobby, setup and children use reachable native controls and Back restores the actual opener
ok 48 - lobby, setup and children use reachable native controls and Back restores the actual opener
  ---
  duration_ms: 1407.726625
  type: 'test'
  ...
# Subtest: an embedded Couch route stays loading until its actual setup is prepared
ok 49 - an embedded Couch route stays loading until its actual setup is prepared
  ---
  duration_ms: 1394.406417
  type: 'test'
  ...
# Subtest: pause children and cancelled new match preserve two different continuations; reset is explicit
ok 50 - pause children and cancelled new match preserve two different continuations; reset is explicit
  ---
  duration_ms: 1530.191333
  type: 'test'
  ...
# Subtest: per-seat Auto expands on touch and defers collapse until pause without changing movement
ok 51 - per-seat Auto expands on touch and defers collapse until pause without changing movement
  ---
  duration_ms: 1331.06125
  type: 'test'
  ...
# Subtest: Always supports independent pointer players; Off wins over coarse and later touch
ok 52 - Always supports independent pointer players; Off wins over coarse and later touch
  ---
  duration_ms: 1306.361041
  type: 'test'
  ...
# Subtest: authored Arcade removes equipment controls and hints; Tactical reflects the equipped recipe
ok 53 - authored Arcade removes equipment controls and hints; Tactical reflects the equipped recipe
  ---
  duration_ms: 1269.922875
  type: 'test'
  ...
# Subtest: controller setup/help and repeated keyboard Confirm cannot leak through the flight boundary
ok 54 - controller setup/help and repeated keyboard Confirm cannot leak through the flight boundary
  ---
  duration_ms: 1336.514167
  type: 'test'
  ...
# Subtest: markup keeps touch crosses outside both arenas and uses separate screen roots
ok 55 - markup keeps touch crosses outside both arenas and uses separate screen roots
  ---
  duration_ms: 1.235792
  type: 'test'
  ...
# Subtest: controller can read and scroll Help without starting; Back exits reading then the child
ok 56 - controller can read and scroll Help without starting; Back exits reading then the child
  ---
  duration_ms: 1357.662459
  type: 'test'
  ...
# Subtest: a real finished draw exposes both frozen boards, Results returns without a new round
ok 57 - a real finished draw exposes both frozen boards, Results returns without a new round
  ---
  duration_ms: 1395.815625
  type: 'test'
  ...
# Subtest: an old held controller cannot reclaim a seat from accepted touch across pause and resume
ok 58 - an old held controller cannot reclaim a seat from accepted touch across pause and resume
  ---
  duration_ms: 1336.876625
  type: 'test'
  ...
# Subtest: blocked pad input and held keyboard repeats never replace newer touch modality
ok 59 - blocked pad input and held keyboard repeats never replace newer touch modality
  ---
  duration_ms: 1294.26775
  type: 'test'
  ...
# Subtest: accepted-input observer is optional and observer failures cannot reject or replay commands
ok 60 - accepted-input observer is optional and observer failures cannot reject or replay commands
  ---
  duration_ms: 1.939
  type: 'test'
  ...
# Subtest: actual Versus signal-01 shares one exact approved picture and fit through Start and paused continuation
ok 61 - actual Versus signal-01 shares one exact approved picture and fit through Start and paused continuation
  ---
  duration_ms: 153.735625
  type: 'test'
  ...
# Subtest: actual Versus orchard-crossing shares one exact approved picture and fit through Start and paused continuation
ok 62 - actual Versus orchard-crossing shares one exact approved picture and fit through Start and paused continuation
  ---
  duration_ms: 1399.853
  type: 'test'
  ...
# Subtest: required decode failure blocks Start; Retry retains the same attempt and chosen original
ok 63 - required decode failure blocks Start; Retry retains the same attempt and chosen original
  ---
  duration_ms: 56.453291
  type: 'test'
  ...
# Subtest: pending Retry owns Cancel and respects ready
ok 64 - pending Retry owns Cancel and respects ready
  ---
  duration_ms: 53.334709
  type: 'test'
  ...
# Subtest: pending Retry owns Cancel and respects error
ok 65 - pending Retry owns Cancel and respects error
  ---
  duration_ms: 52.735417
  type: 'test'
  ...
# Subtest: pending Retry owns Cancel and respects deliberate focus
ok 66 - pending Retry owns Cancel and respects deliberate focus
  ---
  duration_ms: 49.4335
  type: 'test'
  ...
# Subtest: pending Retry owns Cancel and respects background return
ok 67 - pending Retry owns Cancel and respects background return
  ---
  duration_ms: 49.609083
  type: 'test'
  ...
# Subtest: pending Retry owns Cancel and respects scope return
ok 68 - pending Retry owns Cancel and respects scope return
  ---
  duration_ms: 49.274041
  type: 'test'
  ...
# Subtest: interrupted async Next stays ready after blur and return until a fresh Start
ok 69 - interrupted async Next stays ready after blur and return until a fresh Start
  ---
  duration_ms: 330.309791
  type: 'test'
  ...
# Subtest: whole optional snapshot failure retains explicit authored fallback with a visible notice
ok 70 - whole optional snapshot failure retains explicit authored fallback with a visible notice
  ---
  duration_ms: 1337.590416
  type: 'test'
  ...
# Subtest: Back cancels a pending required picture and late completion cannot resume or replace the accepted attempt
ok 71 - Back cancels a pending required picture and late completion cannot resume or replace the accepted attempt
  ---
  duration_ms: 52.817
  type: 'test'
  ...
# Subtest: page disposal releases the owned picture URL once and preserves the original bytes
ok 72 - page disposal releases the owned picture URL once and preserves the original bytes
  ---
  duration_ms: 36.813459
  type: 'test'
  ...
# Subtest: initial required-picture loading leaves the actual lobby Cancel keyboard reachable
ok 73 - initial required-picture loading leaves the actual lobby Cancel keyboard reachable
  ---
  duration_ms: 31.604833
  type: 'test'
  ...
# Subtest: exact published original has one decoded lease for both boards and no storage API fallback is explicit
ok 74 - exact published original has one decoded lease for both boards and no storage API fallback is explicit
  ---
  duration_ms: 32.369625
  type: 'test'
  ...
# Subtest: whole optional snapshot failure keeps explicit borrowed authored art, without releasing its owner
ok 75 - whole optional snapshot failure keeps explicit borrowed authored art, without releasing its owner
  ---
  duration_ms: 28.096917
  type: 'test'
  ...
# Subtest: valid empty media store selects release art without any media/progress writes
ok 76 - valid empty media store selects release art without any media/progress writes
  ---
  duration_ms: 33.998625
  type: 'test'
  ...
# Subtest: available but failing storage blocks Start and never guesses an unassigned picture
ok 77 - available but failing storage blocks Start and never guesses an unassigned picture
  ---
  duration_ms: 15.643833
  type: 'test'
  ...
# Subtest: explicit saved still assignment wins over current release art without any library mutation
ok 78 - explicit saved still assignment wins over current release art without any library mutation
  ---
  duration_ms: 349.886084
  type: 'test'
  ...
# Subtest: manual authored replacement does not borrow a release original just because gameplay identity matches
ok 79 - manual authored replacement does not borrow a release original just because gameplay identity matches
  ---
  duration_ms: 15.808292
  type: 'test'
  ...
# Subtest: unknown same-ID owner, changed level revision and crossed theme cannot request release bytes
ok 80 - unknown same-ID owner, changed level revision and crossed theme cannot request release bytes
  ---
  duration_ms: 15.674333
  type: 'test'
  ...
# Subtest: selected release read failure blocks Start and never silently falls back
ok 81 - selected release read failure blocks Start and never silently falls back
  ---
  duration_ms: 13.464958
  type: 'test'
  ...
# Subtest: selected release hash failure blocks Start and never silently falls back
ok 82 - selected release hash failure blocks Start and never silently falls back
  ---
  duration_ms: 14.683542
  type: 'test'
  ...
# Subtest: selected release decode failure blocks Start and never silently falls back
ok 83 - selected release decode failure blocks Start and never silently falls back
  ---
  duration_ms: 16.153667
  type: 'test'
  ...
# Subtest: selected release dimensions failure blocks Start and never silently falls back
ok 84 - selected release dimensions failure blocks Start and never silently falls back
  ---
  duration_ms: 16.334375
  type: 'test'
  ...
# Subtest: same-race retry retains exact saved pin and refuses changed metadata instead of selecting the replacement
ok 85 - same-race retry retains exact saved pin and refuses changed metadata instead of selecting the replacement
  ---
  duration_ms: 732.353833
  type: 'test'
  ...
# Subtest: confirm refuses a changed saved generation and a changed release snapshot without replacement reads
ok 86 - confirm refuses a changed saved generation and a changed release snapshot without replacement reads
  ---
  duration_ms: 30.12475
  type: 'test'
  ...
# Subtest: cancelling after an unassigned choice is captured cannot make Retry adopt a new saved assignment
ok 87 - cancelling after an unassigned choice is captured cannot make Retry adopt a new saved assignment
  ---
  duration_ms: 270.317709
  type: 'test'
  ...
# Subtest: failed replacement retains the prior accepted lease until a new picture succeeds
ok 88 - failed replacement retains the prior accepted lease until a new picture succeeds
  ---
  duration_ms: 30.072333
  type: 'test'
  ...
# Subtest: cancel during full decode promptly releases its URL and late completion cannot replace accepted art
ok 89 - cancel during full decode promptly releases its URL and late completion cannot replace accepted art
  ---
  duration_ms: 23.360584
  type: 'test'
  ...
# Subtest: dispose during pending bytes suppresses late status/decode and closes only its owned resource
ok 90 - dispose during pending bytes suppresses late status/decode and closes only its owned resource
  ---
  duration_ms: 13.023042
  type: 'test'
  ...
# Subtest: corrupt selected saved bytes fail before decoder and do not borrow the published default
ok 91 - corrupt selected saved bytes fail before decoder and do not borrow the published default
  ---
  duration_ms: 198.368541
  type: 'test'
  ...
# Subtest: stale pending release cannot replace a newer selection and its later original is ignored
ok 92 - stale pending release cannot replace a newer selection and its later original is ignored
  ---
  duration_ms: 20.382333
  type: 'test'
  ...
# Subtest: a changed borrowed backdrop is refused after capture rather than silently replacing the prepared original
ok 93 - a changed borrowed backdrop is refused after capture rather than silently replacing the prepared original
  ---
  duration_ms: 16.302
  type: 'test'
  ...
# Subtest: a reentrant status selection joins the published operation promise before starting a newer race
ok 94 - a reentrant status selection joins the published operation promise before starting a newer race
  ---
  duration_ms: 19.027
  type: 'test'
  ...
# Subtest: the 51 existing static combinations resolve exact authored owners without touching gameplay records
ok 95 - the 51 existing static combinations resolve exact authored owners without touching gameplay records
  ---
  duration_ms: 3078.275916
  type: 'test'
  ...
# Subtest: two Couch painters and repeated page mounts share one load, while leases retain independent cleanup
ok 96 - two Couch painters and repeated page mounts share one load, while leases retain independent cleanup
  ---
  duration_ms: 0.94725
  type: 'test'
  ...
# Subtest: Replay replacement restores only its previous painter and never overwrites an independently pinned snapshot
ok 97 - Replay replacement restores only its previous painter and never overwrites an independently pinned snapshot
  ---
  duration_ms: 0.130625
  type: 'test'
  ...
# Subtest: a late compiled load cannot replace a painter chosen while loading, or publish after page disposal
ok 98 - a late compiled load cannot replace a painter chosen while loading, or publish after page disposal
  ---
  duration_ms: 0.159333
  type: 'test'
  ...
# Subtest: BFCache suspension retains the host and boards until actual disposal, then a new mount can reload
ok 99 - BFCache suspension retains the host and boards until actual disposal, then a new mount can reload
  ---
  duration_ms: 0.097
  type: 'test'
  ...
# Subtest: missing or rejected release resources preserve source look and notify without rejecting page readiness
ok 100 - missing or rejected release resources preserve source look and notify without rejecting page readiness
  ---
  duration_ms: 0.439
  type: 'test'
  ...
# Subtest: cosmetic page status is immediate, shared without duplicate work, and fenced per closed lease
ok 101 - cosmetic page status is immediate, shared without duplicate work, and fenced per closed lease
  ---
  duration_ms: 0.175125
  type: 'test'
  ...
# Subtest: picture reads keep exact snapshot and original bytes while leases cancel independently
ok 102 - picture reads keep exact snapshot and original bytes while leases cancel independently
  ---
  duration_ms: 1.220375
  type: 'test'
  ...
# Subtest: external cancellation and final page disposal fence late picture results
ok 103 - external cancellation and final page disposal fence late picture results
  ---
  duration_ms: 0.633458
  type: 'test'
  ...
# Subtest: new attempts durably pin an exact release original without changing assignments or campaign identity
ok 104 - new attempts durably pin an exact release original without changing assignments or campaign identity
  ---
  duration_ms: 478.60025
  type: 'test'
  ...
# Subtest: a newer release appends history while an existing saved pin and restored attempt keep exact bytes
ok 105 - a newer release appends history while an existing saved pin and restored attempt keep exact bytes
  ---
  duration_ms: 1127.096625
  type: 'test'
  ...
# Subtest: explicit assignments win and old unpinned, practice, and explicit legacy attempts never mint defaults
ok 106 - explicit assignments win and old unpinned, practice, and explicit legacy attempts never mint defaults
  ---
  duration_ms: 994.51725
  type: 'test'
  ...
# Subtest: cancelled original download cannot mint a pin or persist provisional history
ok 107 - cancelled original download cannot mint a pin or persist provisional history
  ---
  duration_ms: 1.415709
  type: 'test'
  ...
# Subtest: a concurrent media writer defeats CAS atomically and preserves its accepted library
ok 108 - a concurrent media writer defeats CAS atomically and preserves its accepted library
  ---
  duration_ms: 60.67075
  type: 'test'
  ...
# Subtest: unknown owners, other themes, and recipes never become inferred picture defaults
ok 109 - unknown owners, other themes, and recipes never become inferred picture defaults
  ---
  duration_ms: 0.641875
  type: 'test'
  ...
# Subtest: transient default selection remains a validated immutable library without publishing assignments
ok 110 - transient default selection remains a validated immutable library without publishing assignments
  ---
  duration_ms: 230.591917
  type: 'test'
  ...
# Subtest: adding a default retains archived media owners that are absent from the current playable catalog
ok 111 - adding a default retains archived media owners that are absent from the current playable catalog
  ---
  duration_ms: 601.471959
  type: 'test'
  ...
# Subtest: invalid original bytes and stale fresh-install proof cannot publish assets or assignments
ok 112 - invalid original bytes and stale fresh-install proof cannot publish assets or assignments
  ---
  duration_ms: 51.859166
  type: 'test'
  ...
# Subtest: source fingerprints stay exact and manually replaced embedded pictures or fitting keep priority
ok 113 - source fingerprints stay exact and manually replaced embedded pictures or fitting keep priority
  ---
  duration_ms: 273.424167
  type: 'test'
  ...
# Subtest: generic reveal defaults are dimension-matched and exact FPV owners always take precedence
ok 114 - generic reveal defaults are dimension-matched and exact FPV owners always take precedence
  ---
  duration_ms: 1.598916
  type: 'test'
  ...
# Subtest: a generic original uses the same durable new-attempt pins and preserves manual and saved choices
ok 115 - a generic original uses the same durable new-attempt pins and preserves manual and saved choices
  ---
  duration_ms: 1008.101292
  type: 'test'
  ...
# Subtest: picture feedback keeps Finishing save through an actual commit and cancellation preserves completed history without adopting pins
ok 116 - picture feedback keeps Finishing save through an actual commit and cancellation preserves completed history without adopting pins
  ---
  duration_ms: 568.851416
  type: 'test'
  ...
1..116
# tests 116
# suites 0
# pass 116
# fail 0
# cancelled 0
# skipped 0
# todo 0
# duration_ms 159585.099667
