TAP version 13
# Subtest: cancelled Start confirmation cannot overwrite Retry for the same untouched attempt
ok 1 - cancelled Start confirmation cannot overwrite Retry for the same untouched attempt
  ---
  duration_ms: 12967.4245
  type: 'test'
  ...
# Subtest: pending Retry owns Cancel and respects ready
ok 2 - pending Retry owns Cancel and respects ready
  ---
  duration_ms: 175.061958
  type: 'test'
  ...
# Subtest: pending Retry owns Cancel and respects error
ok 3 - pending Retry owns Cancel and respects error
  ---
  duration_ms: 77.125458
  type: 'test'
  ...
# Subtest: pending Retry owns Cancel and respects deliberate focus
ok 4 - pending Retry owns Cancel and respects deliberate focus
  ---
  duration_ms: 67.366708
  type: 'test'
  ...
# Subtest: pending Retry owns Cancel and respects background return
ok 5 - pending Retry owns Cancel and respects background return
  ---
  duration_ms: 72.167792
  type: 'test'
  ...
# Subtest: pending Retry owns Cancel and respects scope return
ok 6 - pending Retry owns Cancel and respects scope return
  ---
  duration_ms: 61.197625
  type: 'test'
  ...
1..6
# tests 6
# suites 0
# pass 6
# fail 0
# cancelled 0
# skipped 0
# todo 0
# duration_ms 20794.02325
