TAP version 13
# Subtest: interrupted async Start confirmation stays ready after blur and return until a fresh Start
not ok 1 - interrupted async Start confirmation stays ready after blur and return until a fresh Start
  ---
  duration_ms: 8275.205584
  type: 'test'
  location: '/Users/oleksandr.mekhovov/work/my_projects/go_test/.cache/worktrees/p08a-static-pictures/game/test/couch-installed-chapters.test.mjs:199:1'
  failureType: 'testCodeFailure'
  error: |-
    The interrupted Start gesture cannot resume on return.

    'running' !== 'ready'

  code: 'ERR_ASSERTION'
  name: 'AssertionError'
  expected: 'ready'
  actual: 'running'
  operator: 'strictEqual'
  stack: |-
    TestContext.<anonymous> (file:///Users/oleksandr.mekhovov/work/my_projects/go_test/.cache/worktrees/p08a-static-pictures/game/test/couch-installed-chapters.test.mjs:244:10)
    async Test.run (node:internal/test_runner/test:1054:7)
    async startSubtestAfterBootstrap (node:internal/test_runner/harness:296:3)
  ...
# Subtest: interrupted async Next stays ready after blur and return until a fresh Start
not ok 2 - interrupted async Next stays ready after blur and return until a fresh Start
  ---
  duration_ms: 406.66975
  type: 'test'
  location: '/Users/oleksandr.mekhovov/work/my_projects/go_test/.cache/worktrees/p08a-static-pictures/game/test/couch-static-picture-host.test.mjs:285:1'
  failureType: 'testCodeFailure'
  error: |-
    The interrupted Next gesture cannot start on return.

    'running' !== 'ready'

  code: 'ERR_ASSERTION'
  name: 'AssertionError'
  expected: 'ready'
  actual: 'running'
  operator: 'strictEqual'
  stack: |-
    TestContext.<anonymous> (file:///Users/oleksandr.mekhovov/work/my_projects/go_test/.cache/worktrees/p08a-static-pictures/game/test/couch-static-picture-host.test.mjs:310:10)
    async Test.run (node:internal/test_runner/test:1054:7)
    async startSubtestAfterBootstrap (node:internal/test_runner/harness:296:3)
  ...
1..2
# tests 2
# suites 0
# pass 0
# fail 2
# cancelled 0
# skipped 0
# todo 0
# duration_ms 15445.703708
