TAP version 13
# Subtest: actual Versus signal-01 shares one exact approved picture and fit through Start and paused continuation
ok 1 - actual Versus signal-01 shares one exact approved picture and fit through Start and paused continuation
  ---
  duration_ms: 231.59575
  ...
# Subtest: actual Versus orchard-crossing shares one exact approved picture and fit through Start and paused continuation
ok 2 - actual Versus orchard-crossing shares one exact approved picture and fit through Start and paused continuation
  ---
  duration_ms: 1523.886458
  ...
# Subtest: required decode failure blocks Start; Retry retains the same attempt and chosen original
ok 3 - required decode failure blocks Start; Retry retains the same attempt and chosen original
  ---
  duration_ms: 103.024041
  ...
# Subtest: pending Retry owns Cancel and respects ready
ok 4 - pending Retry owns Cancel and respects ready
  ---
  duration_ms: 94.784042
  ...
# Subtest: pending Retry owns Cancel and respects error
ok 5 - pending Retry owns Cancel and respects error
  ---
  duration_ms: 89.783542
  ...
# Subtest: pending Retry owns Cancel and respects deliberate focus
ok 6 - pending Retry owns Cancel and respects deliberate focus
  ---
  duration_ms: 129.903041
  ...
# Subtest: pending Retry owns Cancel and respects background return
ok 7 - pending Retry owns Cancel and respects background return
  ---
  duration_ms: 100.273875
  ...
# Subtest: pending Retry owns Cancel and respects scope return
ok 8 - pending Retry owns Cancel and respects scope return
  ---
  duration_ms: 88.037417
  ...
# Subtest: interrupted async Next stays ready after blur and return until a fresh Start
ok 9 - interrupted async Next stays ready after blur and return until a fresh Start
  ---
  duration_ms: 1006.515834
  ...
# Next picture preparation failed. Error: Injected complete image decode refusal.
#     at Image.decode (file:///Users/oleksandr.mekhovov/work/my_projects/go_test/.cache/worktrees/soundtrack-v3-latest/game/test/couch-static-picture-host.test.mjs:78:15)
#     at async image.onload (file:///Users/oleksandr.mekhovov/work/my_projects/go_test/.cache/worktrees/soundtrack-v3-latest/game/couch/couch-static-pictures.mjs:166:11)
# Subtest: failed Next retains the completed round and its displayed original
ok 10 - failed Next retains the completed round and its displayed original
  ---
  duration_ms: 786.021708
  ...
# Subtest: whole optional snapshot failure retains explicit authored fallback with a visible notice
ok 11 - whole optional snapshot failure retains explicit authored fallback with a visible notice
  ---
  duration_ms: 1581.398291
  ...
# Subtest: Back cancels a pending required picture and late completion cannot resume or replace the accepted attempt
ok 12 - Back cancels a pending required picture and late completion cannot resume or replace the accepted attempt
  ---
  duration_ms: 112.65925
  ...
# Subtest: page disposal releases the owned picture URL once and preserves the original bytes
ok 13 - page disposal releases the owned picture URL once and preserves the original bytes
  ---
  duration_ms: 71.830042
  ...
# Subtest: initial required-picture loading leaves the actual lobby Cancel keyboard reachable
ok 14 - initial required-picture loading leaves the actual lobby Cancel keyboard reachable
  ---
  duration_ms: 63.020625
  ...
# Subtest: combined ready focus after a required picture respects untouched
ok 15 - combined ready focus after a required picture respects untouched
  ---
  duration_ms: 65.341584
  ...
# Subtest: combined ready focus after a required picture respects deliberate mode link
ok 16 - combined ready focus after a required picture respects deliberate mode link
  ---
  duration_ms: 65.192583
  ...
# Subtest: combined ready focus after a required picture respects blur and return
ok 17 - combined ready focus after a required picture respects blur and return
  ---
  duration_ms: 71.555792
  ...
# Subtest: combined ready focus after a required picture respects decode failure
ok 18 - combined ready focus after a required picture respects decode failure
  ---
  duration_ms: 62.0905
  ...
# Subtest: failed Next original read keeps Results and keyboard View, then retry adopts one new round
ok 19 - failed Next original read keeps Results and keyboard View, then retry adopts one new round
  ---
  duration_ms: 852.793958
  ...
# Subtest: pending completed Next preserves Results through Cancel
ok 20 - pending completed Next preserves Results through Cancel
  ---
  duration_ms: 824.939166
  ...
# Subtest: pending completed Next preserves Results through Help
ok 21 - pending completed Next preserves Results through Help
  ---
  duration_ms: 823.301875
  ...
# Subtest: pending completed Next preserves Results through View
ok 22 - pending completed Next preserves Results through View
  ---
  duration_ms: 814.0535
  ...
# Subtest: pending completed Next preserves Results through Setup confirmation
ok 23 - pending completed Next preserves Results through Setup confirmation
  ---
  duration_ms: 828.120958
  ...
# Subtest: pending completed Next preserves Results through dispose
ok 24 - pending completed Next preserves Results through dispose
  ---
  duration_ms: 812.040875
  ...
# Subtest: successful Next retires its original only after the new duel and picture are published
ok 25 - successful Next retires its original only after the new duel and picture are published
  ---
  duration_ms: 823.923958
  ...
# Next picture preparation failed. Error: Injected complete image decode refusal.
#     at Image.decode (file:///Users/oleksandr.mekhovov/work/my_projects/go_test/.cache/worktrees/soundtrack-v3-latest/game/test/couch-static-picture-host.test.mjs:78:15)
#     at async image.onload (file:///Users/oleksandr.mekhovov/work/my_projects/go_test/.cache/worktrees/soundtrack-v3-latest/game/couch/couch-static-pictures.mjs:166:11)
# Next picture preparation failed. Error: Injected complete image decode refusal.
#     at Image.decode (file:///Users/oleksandr.mekhovov/work/my_projects/go_test/.cache/worktrees/soundtrack-v3-latest/game/test/couch-static-picture-host.test.mjs:78:15)
#     at async image.onload (file:///Users/oleksandr.mekhovov/work/my_projects/go_test/.cache/worktrees/soundtrack-v3-latest/game/couch/couch-static-pictures.mjs:166:11)
# Subtest: completed match wins reset only when an explicitly retried Next commits
ok 26 - completed match wins reset only when an explicitly retried Next commits
  ---
  duration_ms: 3529.542875
  ...
# Next picture preparation failed. Error: Injected complete image decode refusal.
#     at Image.decode (file:///Users/oleksandr.mekhovov/work/my_projects/go_test/.cache/worktrees/soundtrack-v3-latest/game/test/couch-static-picture-host.test.mjs:78:15)
#     at async image.onload (file:///Users/oleksandr.mekhovov/work/my_projects/go_test/.cache/worktrees/soundtrack-v3-latest/game/couch/couch-static-pictures.mjs:166:11)
# Subtest: default One race win settles once, retains Review and ignores a hidden format draft
ok 27 - default One race win settles once, retains Review and ignores a hidden format draft
  ---
  duration_ms: 2972.113417
  ...
# Subtest: default One race draw settles once, retains Review and ignores a hidden format draft
ok 28 - default One race draw settles once, retains Review and ignores a hidden format draft
  ---
  duration_ms: 1098.520958
  ...
# Subtest: a direct Rematch click from BODY focus owns preparation without an extra Start
ok 29 - a direct Rematch click from BODY focus owns preparation without an extra Start
  ---
  duration_ms: 1339.598083
  ...
# Subtest: a direct Rematch click from race-help focus owns preparation without an extra Start
ok 30 - a direct Rematch click from race-help focus owns preparation without an extra Start
  ---
  duration_ms: 1308.089958
  ...
# Subtest: controller format draft can cancel or commit while preserving selector focus and never starting a round
ok 31 - controller format draft can cancel or commit while preserving selector focus and never starting a round
  ---
  duration_ms: 319.139375
  ...
# Subtest: pending Next respects a newer deliberate action focus when its picture completes
ok 32 - pending Next respects a newer deliberate action focus when its picture completes
  ---
  duration_ms: 801.940833
  ...
# Subtest: Next restoration cannot revive its intent after a queued newer focus choice returns to BODY
ok 33 - Next restoration cannot revive its intent after a queued newer focus choice returns to BODY
  ---
  duration_ms: 794.493167
  ...
# Subtest: confirmed new setup owns a fresh race after a cancelled Next decoder settles late
ok 34 - confirmed new setup owns a fresh race after a cancelled Next decoder settles late
  ---
  duration_ms: 940.390083
  ...
# Subtest: muted music and completed Results survive Next cancel, Help reading and a fresh retry
ok 35 - muted music and completed Results survive Next cancel, Help reading and a fresh retry
  ---
  duration_ms: 12107.578417
  ...
# Subtest: muted music and completed Results survive Next decode refusal, Help reading and a fresh retry
ok 36 - muted music and completed Results survive Next decode refusal, Help reading and a fresh retry
  ---
  duration_ms: 13730.230208
  ...
1..36
# tests 36
# suites 0
# pass 36
# fail 0
# cancelled 0
# skipped 0
# todo 0
# duration_ms 51054.132708
