TAP version 13
# Subtest: Versus keyboard master controls persist only the shared record; Team and another Versus restore without autoplay
    # Subtest: actual Versus controls
    ok 1 - actual Versus controls
      ---
      duration_ms: 343.689834
      ...
    # Subtest: fresh Team receives settings, not music or progress
    ok 2 - fresh Team receives settings, not music or progress
      ---
      duration_ms: 41.143125
      ...
    # Subtest: fresh Versus restores without context creation or playing
    ok 3 - fresh Versus restores without context creation or playing
      ---
      duration_ms: 235.92375
      ...
    1..3
ok 1 - Versus keyboard master controls persist only the shared record; Team and another Versus restore without autoplay
  ---
  duration_ms: 621.395416
  ...
# Subtest: Versus starts muted, then master edits preserve active music intent and a paused duel checkpoint
ok 2 - Versus starts muted, then master edits preserve active music intent and a paused duel checkpoint
  ---
  duration_ms: 1093.540792
  ...
# Subtest: Versus controller edits the actual master slider without starting either board
ok 3 - Versus controller edits the actual master slider without starting either board
  ---
  duration_ms: 216.164958
  ...
# Subtest: Team keyboard master edits remain accessible while paused and preserve its live board and unrelated feedback
ok 4 - Team keyboard master edits remain accessible while paused and preserve its live board and unrelated feedback
  ---
  duration_ms: 312.680292
  ...
# Subtest: Team keeps its sound explanation through saved edits, storage failure and recovery without starting play
ok 5 - Team keeps its sound explanation through saved edits, storage failure and recovery without starting play
  ---
  duration_ms: 183.373208
  ...
# Subtest: Versus sound edits survive paused Help pan and keyboard return without replacing audio feedback
ok 6 - Versus sound edits survive paused Help pan and keyboard return without replacing audio feedback
  ---
  duration_ms: 1348.663042
  ...
# Subtest: Team sound edits survive paused Help pan and keyboard return without replacing audio feedback
ok 7 - Team sound edits survive paused Help pan and keyboard return without replacing audio feedback
  ---
  duration_ms: 211.611042
  ...
# Subtest: Team: actual music library returns through Audio Settings and Pause survives first Start
ok 8 - Team: actual music library returns through Audio Settings and Pause survives first Start
  ---
  duration_ms: 1518.776417
  ...
# Subtest: Team: actual Music Play stays muted and session volume does not rewrite master or Solo profile
ok 9 - Team: actual Music Play stays muted and session volume does not rewrite master or Solo profile
  ---
  duration_ms: 2978.245875
  ...
# Subtest: Versus: actual music library returns through Audio Settings and Pause survives first Start
ok 10 - Versus: actual music library returns through Audio Settings and Pause survives first Start
  ---
  duration_ms: 2085.562375
  ...
# Subtest: Versus: actual Music Play stays muted and session volume does not rewrite master or Solo profile
ok 11 - Versus: actual Music Play stays muted and session volume does not rewrite master or Solo profile
  ---
  duration_ms: 3609.839792
  ...
# Subtest: Team: saved shared MP3 loads silently and foreground restoration retains explicit Pause
ok 12 - Team: saved shared MP3 loads silently and foreground restoration retains explicit Pause
  ---
  duration_ms: 2306.966
  ...
# Subtest: Team: modeled controller owns the nested music library and Back returns to its opener
ok 13 - Team: modeled controller owns the nested music library and Back returns to its opener
  ---
  duration_ms: 7020.848291
  ...
# Subtest: Versus: saved shared MP3 loads silently and foreground restoration retains explicit Pause
ok 14 - Versus: saved shared MP3 loads silently and foreground restoration retains explicit Pause
  ---
  duration_ms: 3143.643791
  ...
# Subtest: Versus: modeled controller owns the nested music library and Back returns to its opener
ok 15 - Versus: modeled controller owns the nested music library and Back returns to its opener
  ---
  duration_ms: 7767.848833
  ...
# Subtest: Versus: Pause music before Start preserves actual cut sound effects without starting music
ok 16 - Versus: Pause music before Start preserves actual cut sound effects without starting music
  ---
  duration_ms: 1799.920834
  ...
# Subtest: Couch music credits follow audible MP3 metadata without live position announcements
ok 17 - Couch music credits follow audible MP3 metadata without live position announcements
  ---
  duration_ms: 6521.1885
  ...
# Subtest: Versus menu music source is reachable with Tab and controller without starting either board
ok 18 - Versus menu music source is reachable with Tab and controller without starting either board
  ---
  duration_ms: 2849.741042
  ...
# Subtest: a failed music assignment replaces pending status with its actionable error
ok 19 - a failed music assignment replaces pending status with its actionable error
  ---
  duration_ms: 598.87075
  ...
# Subtest: Journey music library keeps keyboard Back, paused boards and chooser ownership
ok 20 - Journey music library keeps keyboard Back, paused boards and chooser ownership
  ---
  duration_ms: 2347.10125
  ...
# Subtest: Couch explicit scene keeps level music across inactive Pause, Settings, results and retry until setup
ok 21 - Couch explicit scene keeps level music across inactive Pause, Settings, results and retry until setup
  ---
  duration_ms: 1067.925834
  ...
# Subtest: loading prepares accepted MP3 silently; a ready first Start plays in its gesture turn
ok 22 - loading prepares accepted MP3 silently; a ready first Start plays in its gesture turn
  ---
  duration_ms: 6.896875
  ...
# Subtest: explicit Pause before first Start survives preparation, Retry and Resume
ok 23 - explicit Pause before first Start survives preparation, Retry and Resume
  ---
  duration_ms: 2.580209
  ...
# Subtest: slow library readiness never blocks Start or performs a late autoplay
ok 24 - slow library readiness never blocks Start or performs a late autoplay
  ---
  duration_ms: 2.496
  ...
# Subtest: Pause during a pending load clears deferred Play intent
ok 25 - Pause during a pending load clears deferred Play intent
  ---
  duration_ms: 1.299791
  ...
# Subtest: gameplay Pause, Retry and accepted context change retain the MP3 node, position and listening choice
ok 26 - gameplay Pause, Retry and accepted context change retain the MP3 node, position and listening choice
  ---
  duration_ms: 2.1465
  ...
# Subtest: lifecycle return restores prior listening but cannot request gameplay Resume
ok 27 - lifecycle return restores prior listening but cannot request gameplay Resume
  ---
  duration_ms: 2.294792
  ...
# Subtest: blocked browser Play is reported from its actual promise and keeps master muted
ok 28 - blocked browser Play is reported from its actual promise and keeps master muted
  ---
  duration_ms: 1.834125
  ...
# Subtest: session music volume is independent of shared master and never uses profile storage
ok 29 - session music volume is independent of shared master and never uses profile storage
  ---
  duration_ms: 0.7925
  ...
# Subtest: storage denial leaves a visible error and permits a deliberate built-in music start
ok 30 - storage denial leaves a visible error and permits a deliberate built-in music start
  ---
  duration_ms: 0.790792
  ...
# Subtest: inactive menu update still pumps the existing player; suspension/disposal gate the pump
ok 31 - inactive menu update still pumps the existing player; suspension/disposal gate the pump
  ---
  duration_ms: 0.182333
  ...
# Subtest: disposal fences a late library completion without closing borrowed owners
ok 32 - disposal fences a late library completion without closing borrowed owners
  ---
  duration_ms: 0.796125
  ...
# Subtest: library save updates accepted bytes without requesting playback
ok 33 - library save updates accepted bytes without requesting playback
  ---
  duration_ms: 1.903041
  ...
# Subtest: a playing session remains ready across a slow library refresh without another Play request
ok 34 - a playing session remains ready across a slow library refresh without another Play request
  ---
  duration_ms: 1.72425
  ...
# Subtest: repeated Start during a delayed browser play promise makes one request and waits for reality
ok 35 - repeated Start during a delayed browser play promise makes one request and waits for reality
  ---
  duration_ms: 1.840916
  ...
# Subtest: Pause wins against a delayed browser play resolution and cannot regain listening intent
ok 36 - Pause wins against a delayed browser play resolution and cannot regain listening intent
  ---
  duration_ms: 1.468916
  ...
# Subtest: repeated foreground notifications coalesce resume permission and do not restart settled playback
ok 37 - repeated foreground notifications coalesce resume permission and do not restart settled playback
  ---
  duration_ms: 1.705917
  ...
# Subtest: an accepted paused track can resume while a new library refresh is still pending
ok 38 - an accepted paused track can resume while a new library refresh is still pending
  ---
  duration_ms: 2.294542
  ...
# Subtest: muted fresh Solo menu and Studio do not acquire admitted hosted recordings before Play
not ok 39 - muted fresh Solo menu and Studio do not acquire admitted hosted recordings before Play
  ---
  duration_ms: 66.508791
  location: '/Users/oleksandr.mekhovov/work/my_projects/go_test/.cache/worktrees/soundtrack-v3-latest/game/test/soundtrack-host.test.mjs:90:1'
  failureType: 'testCodeFailure'
  error: |-
    The game could not load.: ENOENT: no such file or directory, open '/Users/oleksandr.mekhovov/work/my_projects/go_test/.cache/worktrees/soundtrack-v3-latest/game/content/packs/catalog.json'
    Error: ENOENT: no such file or directory, open '/Users/oleksandr.mekhovov/work/my_projects/go_test/.cache/worktrees/soundtrack-v3-latest/game/content/packs/catalog.json'
        at async open (node:internal/fs/promises:639:25)
        at async readFile (node:internal/fs/promises:1246:14)
        at async Object.json (file:///Users/oleksandr.mekhovov/work/my_projects/go_test/.cache/worktrees/soundtrack-v3-latest/game/test/helpers/solo-dom.mjs:288:26)
        at async Promise.all (index 4)
        at async file:///Users/oleksandr.mekhovov/work/my_projects/go_test/.cache/worktrees/soundtrack-v3-latest/game/app.mjs?difficultyHost=1:224:5
  code: 'ERR_ASSERTION'
  name: 'AssertionError'
  expected: true
  operator: '=='
  stack: |-
    async open (node:internal/fs/promises:639:25)
    async readFile (node:internal/fs/promises:1246:14)
    async Object.json (file:///Users/oleksandr.mekhovov/work/my_projects/go_test/.cache/worktrees/soundtrack-v3-latest/game/test/helpers/solo-dom.mjs:288:26)
    async Promise.all (index 4)
    async file:///Users/oleksandr.mekhovov/work/my_projects/go_test/.cache/worktrees/soundtrack-v3-latest/game/app.mjs?difficultyHost=1:224:5
    soloPage (file:///Users/oleksandr.mekhovov/work/my_projects/go_test/.cache/worktrees/soundtrack-v3-latest/game/test/helpers/solo-dom.mjs:406:10)
    async setup (file:///Users/oleksandr.mekhovov/work/my_projects/go_test/.cache/worktrees/soundtrack-v3-latest/game/test/soundtrack-host.test.mjs:78:16)
    async TestContext.<anonymous> (file:///Users/oleksandr.mekhovov/work/my_projects/go_test/.cache/worktrees/soundtrack-v3-latest/game/test/soundtrack-host.test.mjs:96:20)
    async Test.run (node:internal/test_runner/test:797:9)
    async Test.processPendingSubtests (node:internal/test_runner/test:526:7)
  ...
# Subtest: Settings music text follows master immediately and remains coherent after transport notifications
not ok 40 - Settings music text follows master immediately and remains coherent after transport notifications
  ---
  duration_ms: 17.590958
  location: '/Users/oleksandr.mekhovov/work/my_projects/go_test/.cache/worktrees/soundtrack-v3-latest/game/test/soundtrack-host.test.mjs:142:1'
  failureType: 'testCodeFailure'
  error: |-
    The game could not load.: ENOENT: no such file or directory, open '/Users/oleksandr.mekhovov/work/my_projects/go_test/.cache/worktrees/soundtrack-v3-latest/game/content/packs/catalog.json'
    Error: ENOENT: no such file or directory, open '/Users/oleksandr.mekhovov/work/my_projects/go_test/.cache/worktrees/soundtrack-v3-latest/game/content/packs/catalog.json'
        at async open (node:internal/fs/promises:639:25)
        at async readFile (node:internal/fs/promises:1246:14)
        at async Object.json (file:///Users/oleksandr.mekhovov/work/my_projects/go_test/.cache/worktrees/soundtrack-v3-latest/game/test/helpers/solo-dom.mjs:288:26)
        at async Promise.all (index 4)
        at async file:///Users/oleksandr.mekhovov/work/my_projects/go_test/.cache/worktrees/soundtrack-v3-latest/game/app.mjs?difficultyHost=2:224:5
  code: 'ERR_ASSERTION'
  name: 'AssertionError'
  expected: true
  operator: '=='
  stack: |-
    async open (node:internal/fs/promises:639:25)
    async readFile (node:internal/fs/promises:1246:14)
    async Object.json (file:///Users/oleksandr.mekhovov/work/my_projects/go_test/.cache/worktrees/soundtrack-v3-latest/game/test/helpers/solo-dom.mjs:288:26)
    async Promise.all (index 4)
    async file:///Users/oleksandr.mekhovov/work/my_projects/go_test/.cache/worktrees/soundtrack-v3-latest/game/app.mjs?difficultyHost=2:224:5
    soloPage (file:///Users/oleksandr.mekhovov/work/my_projects/go_test/.cache/worktrees/soundtrack-v3-latest/game/test/helpers/solo-dom.mjs:406:10)
    async setup (file:///Users/oleksandr.mekhovov/work/my_projects/go_test/.cache/worktrees/soundtrack-v3-latest/game/test/soundtrack-host.test.mjs:78:16)
    async TestContext.<anonymous> (file:///Users/oleksandr.mekhovov/work/my_projects/go_test/.cache/worktrees/soundtrack-v3-latest/game/test/soundtrack-host.test.mjs:143:20)
    async Test.run (node:internal/test_runner/test:797:9)
    async Test.processPendingSubtests (node:internal/test_runner/test:526:7)
  ...
# Subtest: late Settings Play cancellation cannot replace a newer Library Pause label
not ok 41 - late Settings Play cancellation cannot replace a newer Library Pause label
  ---
  duration_ms: 14.772
  location: '/Users/oleksandr.mekhovov/work/my_projects/go_test/.cache/worktrees/soundtrack-v3-latest/game/test/soundtrack-host.test.mjs:166:1'
  failureType: 'testCodeFailure'
  error: |-
    The game could not load.: ENOENT: no such file or directory, open '/Users/oleksandr.mekhovov/work/my_projects/go_test/.cache/worktrees/soundtrack-v3-latest/game/content/packs/catalog.json'
    Error: ENOENT: no such file or directory, open '/Users/oleksandr.mekhovov/work/my_projects/go_test/.cache/worktrees/soundtrack-v3-latest/game/content/packs/catalog.json'
        at async open (node:internal/fs/promises:639:25)
        at async readFile (node:internal/fs/promises:1246:14)
        at async Object.json (file:///Users/oleksandr.mekhovov/work/my_projects/go_test/.cache/worktrees/soundtrack-v3-latest/game/test/helpers/solo-dom.mjs:288:26)
        at async Promise.all (index 4)
        at async file:///Users/oleksandr.mekhovov/work/my_projects/go_test/.cache/worktrees/soundtrack-v3-latest/game/app.mjs?difficultyHost=3:224:5
  code: 'ERR_ASSERTION'
  name: 'AssertionError'
  expected: true
  operator: '=='
  stack: |-
    async open (node:internal/fs/promises:639:25)
    async readFile (node:internal/fs/promises:1246:14)
    async Object.json (file:///Users/oleksandr.mekhovov/work/my_projects/go_test/.cache/worktrees/soundtrack-v3-latest/game/test/helpers/solo-dom.mjs:288:26)
    async Promise.all (index 4)
    async file:///Users/oleksandr.mekhovov/work/my_projects/go_test/.cache/worktrees/soundtrack-v3-latest/game/app.mjs?difficultyHost=3:224:5
    soloPage (file:///Users/oleksandr.mekhovov/work/my_projects/go_test/.cache/worktrees/soundtrack-v3-latest/game/test/helpers/solo-dom.mjs:406:10)
    async setup (file:///Users/oleksandr.mekhovov/work/my_projects/go_test/.cache/worktrees/soundtrack-v3-latest/game/test/soundtrack-host.test.mjs:78:16)
    async TestContext.<anonymous> (file:///Users/oleksandr.mekhovov/work/my_projects/go_test/.cache/worktrees/soundtrack-v3-latest/game/test/soundtrack-host.test.mjs:167:20)
    async Test.run (node:internal/test_runner/test:797:9)
    async Test.processPendingSubtests (node:internal/test_runner/test:526:7)
  ...
# Subtest: blocked Settings Play feedback survives master edits until a real transport retry
not ok 42 - blocked Settings Play feedback survives master edits until a real transport retry
  ---
  duration_ms: 14.531916
  location: '/Users/oleksandr.mekhovov/work/my_projects/go_test/.cache/worktrees/soundtrack-v3-latest/game/test/soundtrack-host.test.mjs:195:1'
  failureType: 'testCodeFailure'
  error: |-
    The game could not load.: ENOENT: no such file or directory, open '/Users/oleksandr.mekhovov/work/my_projects/go_test/.cache/worktrees/soundtrack-v3-latest/game/content/packs/catalog.json'
    Error: ENOENT: no such file or directory, open '/Users/oleksandr.mekhovov/work/my_projects/go_test/.cache/worktrees/soundtrack-v3-latest/game/content/packs/catalog.json'
        at async open (node:internal/fs/promises:639:25)
        at async readFile (node:internal/fs/promises:1246:14)
        at async Object.json (file:///Users/oleksandr.mekhovov/work/my_projects/go_test/.cache/worktrees/soundtrack-v3-latest/game/test/helpers/solo-dom.mjs:288:26)
        at async Promise.all (index 4)
        at async file:///Users/oleksandr.mekhovov/work/my_projects/go_test/.cache/worktrees/soundtrack-v3-latest/game/app.mjs?difficultyHost=4:224:5
  code: 'ERR_ASSERTION'
  name: 'AssertionError'
  expected: true
  operator: '=='
  stack: |-
    async open (node:internal/fs/promises:639:25)
    async readFile (node:internal/fs/promises:1246:14)
    async Object.json (file:///Users/oleksandr.mekhovov/work/my_projects/go_test/.cache/worktrees/soundtrack-v3-latest/game/test/helpers/solo-dom.mjs:288:26)
    async Promise.all (index 4)
    async file:///Users/oleksandr.mekhovov/work/my_projects/go_test/.cache/worktrees/soundtrack-v3-latest/game/app.mjs?difficultyHost=4:224:5
    soloPage (file:///Users/oleksandr.mekhovov/work/my_projects/go_test/.cache/worktrees/soundtrack-v3-latest/game/test/helpers/solo-dom.mjs:406:10)
    async setup (file:///Users/oleksandr.mekhovov/work/my_projects/go_test/.cache/worktrees/soundtrack-v3-latest/game/test/soundtrack-host.test.mjs:78:16)
    async TestContext.<anonymous> (file:///Users/oleksandr.mekhovov/work/my_projects/go_test/.cache/worktrees/soundtrack-v3-latest/game/test/soundtrack-host.test.mjs:196:20)
    async Test.run (node:internal/test_runner/test:797:9)
    async Test.processPendingSubtests (node:internal/test_runner/test:526:7)
  ...
# Subtest: actual Settings → Studio uses stored MP3 selection, Next/Pause/Play and returns to a paused flight
not ok 43 - actual Settings → Studio uses stored MP3 selection, Next/Pause/Play and returns to a paused flight
  ---
  duration_ms: 12.867333
  location: '/Users/oleksandr.mekhovov/work/my_projects/go_test/.cache/worktrees/soundtrack-v3-latest/game/test/soundtrack-host.test.mjs:217:1'
  failureType: 'testCodeFailure'
  error: |-
    The game could not load.: ENOENT: no such file or directory, open '/Users/oleksandr.mekhovov/work/my_projects/go_test/.cache/worktrees/soundtrack-v3-latest/game/content/packs/catalog.json'
    Error: ENOENT: no such file or directory, open '/Users/oleksandr.mekhovov/work/my_projects/go_test/.cache/worktrees/soundtrack-v3-latest/game/content/packs/catalog.json'
        at async open (node:internal/fs/promises:639:25)
        at async readFile (node:internal/fs/promises:1246:14)
        at async Object.json (file:///Users/oleksandr.mekhovov/work/my_projects/go_test/.cache/worktrees/soundtrack-v3-latest/game/test/helpers/solo-dom.mjs:288:26)
        at async Promise.all (index 4)
        at async file:///Users/oleksandr.mekhovov/work/my_projects/go_test/.cache/worktrees/soundtrack-v3-latest/game/app.mjs?difficultyHost=5:224:5
  code: 'ERR_ASSERTION'
  name: 'AssertionError'
  expected: true
  operator: '=='
  stack: |-
    async open (node:internal/fs/promises:639:25)
    async readFile (node:internal/fs/promises:1246:14)
    async Object.json (file:///Users/oleksandr.mekhovov/work/my_projects/go_test/.cache/worktrees/soundtrack-v3-latest/game/test/helpers/solo-dom.mjs:288:26)
    async Promise.all (index 4)
    async file:///Users/oleksandr.mekhovov/work/my_projects/go_test/.cache/worktrees/soundtrack-v3-latest/game/app.mjs?difficultyHost=5:224:5
    soloPage (file:///Users/oleksandr.mekhovov/work/my_projects/go_test/.cache/worktrees/soundtrack-v3-latest/game/test/helpers/solo-dom.mjs:406:10)
    async setup (file:///Users/oleksandr.mekhovov/work/my_projects/go_test/.cache/worktrees/soundtrack-v3-latest/game/test/soundtrack-host.test.mjs:78:16)
    async TestContext.<anonymous> (file:///Users/oleksandr.mekhovov/work/my_projects/go_test/.cache/worktrees/soundtrack-v3-latest/game/test/soundtrack-host.test.mjs:218:27)
    async Test.run (node:internal/test_runner/test:797:9)
    async Test.processPendingSubtests (node:internal/test_runner/test:526:7)
  ...
# Subtest: actual MP3 keeps its stream and position through menus, a real victory, results, next level and collection
not ok 44 - actual MP3 keeps its stream and position through menus, a real victory, results, next level and collection
  ---
  duration_ms: 12.781708
  location: '/Users/oleksandr.mekhovov/work/my_projects/go_test/.cache/worktrees/soundtrack-v3-latest/game/test/soundtrack-host.test.mjs:264:1'
  failureType: 'testCodeFailure'
  error: |-
    The game could not load.: ENOENT: no such file or directory, open '/Users/oleksandr.mekhovov/work/my_projects/go_test/.cache/worktrees/soundtrack-v3-latest/game/content/packs/archive-catalog.json'
    Error: ENOENT: no such file or directory, open '/Users/oleksandr.mekhovov/work/my_projects/go_test/.cache/worktrees/soundtrack-v3-latest/game/content/packs/archive-catalog.json'
        at async open (node:internal/fs/promises:639:25)
        at async readFile (node:internal/fs/promises:1246:14)
        at async Object.json (file:///Users/oleksandr.mekhovov/work/my_projects/go_test/.cache/worktrees/soundtrack-v3-latest/game/test/helpers/solo-dom.mjs:288:26)
        at async Promise.all (index 5)
        at async file:///Users/oleksandr.mekhovov/work/my_projects/go_test/.cache/worktrees/soundtrack-v3-latest/game/app.mjs?difficultyHost=6:224:5
  code: 'ERR_ASSERTION'
  name: 'AssertionError'
  expected: true
  operator: '=='
  stack: |-
    async open (node:internal/fs/promises:639:25)
    async readFile (node:internal/fs/promises:1246:14)
    async Object.json (file:///Users/oleksandr.mekhovov/work/my_projects/go_test/.cache/worktrees/soundtrack-v3-latest/game/test/helpers/solo-dom.mjs:288:26)
    async Promise.all (index 5)
    async file:///Users/oleksandr.mekhovov/work/my_projects/go_test/.cache/worktrees/soundtrack-v3-latest/game/app.mjs?difficultyHost=6:224:5
    soloPage (file:///Users/oleksandr.mekhovov/work/my_projects/go_test/.cache/worktrees/soundtrack-v3-latest/game/test/helpers/solo-dom.mjs:406:10)
    async setup (file:///Users/oleksandr.mekhovov/work/my_projects/go_test/.cache/worktrees/soundtrack-v3-latest/game/test/soundtrack-host.test.mjs:78:16)
    async TestContext.<anonymous> (file:///Users/oleksandr.mekhovov/work/my_projects/go_test/.cache/worktrees/soundtrack-v3-latest/game/test/soundtrack-host.test.mjs:265:27)
    async Test.run (node:internal/test_runner/test:797:9)
    async Test.processPendingSubtests (node:internal/test_runner/test:526:7)
  ...
# Subtest: actual master, music and SFX controls remain independent and the studio fader persists to game settings
not ok 45 - actual master, music and SFX controls remain independent and the studio fader persists to game settings
  ---
  duration_ms: 16.743792
  location: '/Users/oleksandr.mekhovov/work/my_projects/go_test/.cache/worktrees/soundtrack-v3-latest/game/test/soundtrack-host.test.mjs:298:1'
  failureType: 'testCodeFailure'
  error: |-
    The game could not load.: ENOENT: no such file or directory, open '/Users/oleksandr.mekhovov/work/my_projects/go_test/.cache/worktrees/soundtrack-v3-latest/game/content/packs/catalog.json'
    Error: ENOENT: no such file or directory, open '/Users/oleksandr.mekhovov/work/my_projects/go_test/.cache/worktrees/soundtrack-v3-latest/game/content/packs/catalog.json'
        at async open (node:internal/fs/promises:639:25)
        at async readFile (node:internal/fs/promises:1246:14)
        at async Object.json (file:///Users/oleksandr.mekhovov/work/my_projects/go_test/.cache/worktrees/soundtrack-v3-latest/game/test/helpers/solo-dom.mjs:288:26)
        at async Promise.all (index 4)
        at async file:///Users/oleksandr.mekhovov/work/my_projects/go_test/.cache/worktrees/soundtrack-v3-latest/game/app.mjs?difficultyHost=7:224:5
  code: 'ERR_ASSERTION'
  name: 'AssertionError'
  expected: true
  operator: '=='
  stack: |-
    async open (node:internal/fs/promises:639:25)
    async readFile (node:internal/fs/promises:1246:14)
    async Object.json (file:///Users/oleksandr.mekhovov/work/my_projects/go_test/.cache/worktrees/soundtrack-v3-latest/game/test/helpers/solo-dom.mjs:288:26)
    async Promise.all (index 4)
    async file:///Users/oleksandr.mekhovov/work/my_projects/go_test/.cache/worktrees/soundtrack-v3-latest/game/app.mjs?difficultyHost=7:224:5
    soloPage (file:///Users/oleksandr.mekhovov/work/my_projects/go_test/.cache/worktrees/soundtrack-v3-latest/game/test/helpers/solo-dom.mjs:406:10)
    async setup (file:///Users/oleksandr.mekhovov/work/my_projects/go_test/.cache/worktrees/soundtrack-v3-latest/game/test/soundtrack-host.test.mjs:78:16)
    async TestContext.<anonymous> (file:///Users/oleksandr.mekhovov/work/my_projects/go_test/.cache/worktrees/soundtrack-v3-latest/game/test/soundtrack-host.test.mjs:299:20)
    async Test.run (node:internal/test_runner/test:797:9)
    async Test.processPendingSubtests (node:internal/test_runner/test:526:7)
  ...
# Subtest: Studio master controls preserve a paused MP3 and persist the shared setting without advancing flight
not ok 46 - Studio master controls preserve a paused MP3 and persist the shared setting without advancing flight
  ---
  duration_ms: 11.384625
  location: '/Users/oleksandr.mekhovov/work/my_projects/go_test/.cache/worktrees/soundtrack-v3-latest/game/test/soundtrack-host.test.mjs:322:1'
  failureType: 'testCodeFailure'
  error: |-
    The game could not load.: ENOENT: no such file or directory, open '/Users/oleksandr.mekhovov/work/my_projects/go_test/.cache/worktrees/soundtrack-v3-latest/game/content/packs/catalog.json'
    Error: ENOENT: no such file or directory, open '/Users/oleksandr.mekhovov/work/my_projects/go_test/.cache/worktrees/soundtrack-v3-latest/game/content/packs/catalog.json'
        at async open (node:internal/fs/promises:639:25)
        at async readFile (node:internal/fs/promises:1246:14)
        at async Object.json (file:///Users/oleksandr.mekhovov/work/my_projects/go_test/.cache/worktrees/soundtrack-v3-latest/game/test/helpers/solo-dom.mjs:288:26)
        at async Promise.all (index 4)
        at async file:///Users/oleksandr.mekhovov/work/my_projects/go_test/.cache/worktrees/soundtrack-v3-latest/game/app.mjs?difficultyHost=8:224:5
  code: 'ERR_ASSERTION'
  name: 'AssertionError'
  expected: true
  operator: '=='
  stack: |-
    async open (node:internal/fs/promises:639:25)
    async readFile (node:internal/fs/promises:1246:14)
    async Object.json (file:///Users/oleksandr.mekhovov/work/my_projects/go_test/.cache/worktrees/soundtrack-v3-latest/game/test/helpers/solo-dom.mjs:288:26)
    async Promise.all (index 4)
    async file:///Users/oleksandr.mekhovov/work/my_projects/go_test/.cache/worktrees/soundtrack-v3-latest/game/app.mjs?difficultyHost=8:224:5
    soloPage (file:///Users/oleksandr.mekhovov/work/my_projects/go_test/.cache/worktrees/soundtrack-v3-latest/game/test/helpers/solo-dom.mjs:406:10)
    async setup (file:///Users/oleksandr.mekhovov/work/my_projects/go_test/.cache/worktrees/soundtrack-v3-latest/game/test/soundtrack-host.test.mjs:78:16)
    async TestContext.<anonymous> (file:///Users/oleksandr.mekhovov/work/my_projects/go_test/.cache/worktrees/soundtrack-v3-latest/game/test/soundtrack-host.test.mjs:323:20)
    async Test.run (node:internal/test_runner/test:797:9)
    async Test.processPendingSubtests (node:internal/test_runner/test:526:7)
  ...
# Subtest: actual hide/focus restores listening on the same stream while flight stays paused until explicit Resume
not ok 47 - actual hide/focus restores listening on the same stream while flight stays paused until explicit Resume
  ---
  duration_ms: 12.434375
  location: '/Users/oleksandr.mekhovov/work/my_projects/go_test/.cache/worktrees/soundtrack-v3-latest/game/test/soundtrack-host.test.mjs:354:1'
  failureType: 'testCodeFailure'
  error: |-
    The game could not load.: ENOENT: no such file or directory, open '/Users/oleksandr.mekhovov/work/my_projects/go_test/.cache/worktrees/soundtrack-v3-latest/game/content/packs/catalog.json'
    Error: ENOENT: no such file or directory, open '/Users/oleksandr.mekhovov/work/my_projects/go_test/.cache/worktrees/soundtrack-v3-latest/game/content/packs/catalog.json'
        at async open (node:internal/fs/promises:639:25)
        at async readFile (node:internal/fs/promises:1246:14)
        at async Object.json (file:///Users/oleksandr.mekhovov/work/my_projects/go_test/.cache/worktrees/soundtrack-v3-latest/game/test/helpers/solo-dom.mjs:288:26)
        at async Promise.all (index 4)
        at async file:///Users/oleksandr.mekhovov/work/my_projects/go_test/.cache/worktrees/soundtrack-v3-latest/game/app.mjs?difficultyHost=9:224:5
  code: 'ERR_ASSERTION'
  name: 'AssertionError'
  expected: true
  operator: '=='
  stack: |-
    async open (node:internal/fs/promises:639:25)
    async readFile (node:internal/fs/promises:1246:14)
    async Object.json (file:///Users/oleksandr.mekhovov/work/my_projects/go_test/.cache/worktrees/soundtrack-v3-latest/game/test/helpers/solo-dom.mjs:288:26)
    async Promise.all (index 4)
    async file:///Users/oleksandr.mekhovov/work/my_projects/go_test/.cache/worktrees/soundtrack-v3-latest/game/app.mjs?difficultyHost=9:224:5
    soloPage (file:///Users/oleksandr.mekhovov/work/my_projects/go_test/.cache/worktrees/soundtrack-v3-latest/game/test/helpers/solo-dom.mjs:406:10)
    async setup (file:///Users/oleksandr.mekhovov/work/my_projects/go_test/.cache/worktrees/soundtrack-v3-latest/game/test/soundtrack-host.test.mjs:78:16)
    async TestContext.<anonymous> (file:///Users/oleksandr.mekhovov/work/my_projects/go_test/.cache/worktrees/soundtrack-v3-latest/game/test/soundtrack-host.test.mjs:355:20)
    async Test.run (node:internal/test_runner/test:797:9)
    async Test.processPendingSubtests (node:internal/test_runner/test:526:7)
  ...
# Subtest: missing file-audio API disables Studio and leaves the original synth fallback usable
not ok 48 - missing file-audio API disables Studio and leaves the original synth fallback usable
  ---
  duration_ms: 13.727209
  location: '/Users/oleksandr.mekhovov/work/my_projects/go_test/.cache/worktrees/soundtrack-v3-latest/game/test/soundtrack-host.test.mjs:388:1'
  failureType: 'testCodeFailure'
  error: |-
    The game could not load.: ENOENT: no such file or directory, open '/Users/oleksandr.mekhovov/work/my_projects/go_test/.cache/worktrees/soundtrack-v3-latest/game/content/packs/catalog.json'
    Error: ENOENT: no such file or directory, open '/Users/oleksandr.mekhovov/work/my_projects/go_test/.cache/worktrees/soundtrack-v3-latest/game/content/packs/catalog.json'
        at async open (node:internal/fs/promises:639:25)
        at async readFile (node:internal/fs/promises:1246:14)
        at async Object.json (file:///Users/oleksandr.mekhovov/work/my_projects/go_test/.cache/worktrees/soundtrack-v3-latest/game/test/helpers/solo-dom.mjs:288:26)
        at async Promise.all (index 4)
        at async file:///Users/oleksandr.mekhovov/work/my_projects/go_test/.cache/worktrees/soundtrack-v3-latest/game/app.mjs?difficultyHost=10:224:5
  code: 'ERR_ASSERTION'
  name: 'AssertionError'
  expected: true
  operator: '=='
  stack: |-
    async open (node:internal/fs/promises:639:25)
    async readFile (node:internal/fs/promises:1246:14)
    async Object.json (file:///Users/oleksandr.mekhovov/work/my_projects/go_test/.cache/worktrees/soundtrack-v3-latest/game/test/helpers/solo-dom.mjs:288:26)
    async Promise.all (index 4)
    async file:///Users/oleksandr.mekhovov/work/my_projects/go_test/.cache/worktrees/soundtrack-v3-latest/game/app.mjs?difficultyHost=10:224:5
    soloPage (file:///Users/oleksandr.mekhovov/work/my_projects/go_test/.cache/worktrees/soundtrack-v3-latest/game/test/helpers/solo-dom.mjs:406:10)
    async setup (file:///Users/oleksandr.mekhovov/work/my_projects/go_test/.cache/worktrees/soundtrack-v3-latest/game/test/soundtrack-host.test.mjs:78:16)
    async TestContext.<anonymous> (file:///Users/oleksandr.mekhovov/work/my_projects/go_test/.cache/worktrees/soundtrack-v3-latest/game/test/soundtrack-host.test.mjs:389:27)
    async Test.run (node:internal/test_runner/test:797:9)
    async Test.processPendingSubtests (node:internal/test_runner/test:526:7)
  ...
# Subtest: actual audition hide/focus releases the preview and restores prior MP3 listening without resuming flight
not ok 49 - actual audition hide/focus releases the preview and restores prior MP3 listening without resuming flight
  ---
  duration_ms: 10.98075
  location: '/Users/oleksandr.mekhovov/work/my_projects/go_test/.cache/worktrees/soundtrack-v3-latest/game/test/soundtrack-host.test.mjs:405:1'
  failureType: 'testCodeFailure'
  error: |-
    The game could not load.: ENOENT: no such file or directory, open '/Users/oleksandr.mekhovov/work/my_projects/go_test/.cache/worktrees/soundtrack-v3-latest/game/content/packs/catalog.json'
    Error: ENOENT: no such file or directory, open '/Users/oleksandr.mekhovov/work/my_projects/go_test/.cache/worktrees/soundtrack-v3-latest/game/content/packs/catalog.json'
        at async open (node:internal/fs/promises:639:25)
        at async readFile (node:internal/fs/promises:1246:14)
        at async Object.json (file:///Users/oleksandr.mekhovov/work/my_projects/go_test/.cache/worktrees/soundtrack-v3-latest/game/test/helpers/solo-dom.mjs:288:26)
        at async Promise.all (index 4)
        at async file:///Users/oleksandr.mekhovov/work/my_projects/go_test/.cache/worktrees/soundtrack-v3-latest/game/app.mjs?difficultyHost=11:224:5
  code: 'ERR_ASSERTION'
  name: 'AssertionError'
  expected: true
  operator: '=='
  stack: |-
    async open (node:internal/fs/promises:639:25)
    async readFile (node:internal/fs/promises:1246:14)
    async Object.json (file:///Users/oleksandr.mekhovov/work/my_projects/go_test/.cache/worktrees/soundtrack-v3-latest/game/test/helpers/solo-dom.mjs:288:26)
    async Promise.all (index 4)
    async file:///Users/oleksandr.mekhovov/work/my_projects/go_test/.cache/worktrees/soundtrack-v3-latest/game/app.mjs?difficultyHost=11:224:5
    soloPage (file:///Users/oleksandr.mekhovov/work/my_projects/go_test/.cache/worktrees/soundtrack-v3-latest/game/test/helpers/solo-dom.mjs:406:10)
    async setup (file:///Users/oleksandr.mekhovov/work/my_projects/go_test/.cache/worktrees/soundtrack-v3-latest/game/test/soundtrack-host.test.mjs:78:16)
    async TestContext.<anonymous> (file:///Users/oleksandr.mekhovov/work/my_projects/go_test/.cache/worktrees/soundtrack-v3-latest/game/test/soundtrack-host.test.mjs:406:37)
    async Test.run (node:internal/test_runner/test:797:9)
    async Test.processPendingSubtests (node:internal/test_runner/test:526:7)
  ...
# Subtest: a visible back/forward-cache pageshow restores music without requiring an extra focus event or resuming flight
not ok 50 - a visible back/forward-cache pageshow restores music without requiring an extra focus event or resuming flight
  ---
  duration_ms: 12.063208
  location: '/Users/oleksandr.mekhovov/work/my_projects/go_test/.cache/worktrees/soundtrack-v3-latest/game/test/soundtrack-host.test.mjs:440:1'
  failureType: 'testCodeFailure'
  error: |-
    The game could not load.: ENOENT: no such file or directory, open '/Users/oleksandr.mekhovov/work/my_projects/go_test/.cache/worktrees/soundtrack-v3-latest/game/content/packs/catalog.json'
    Error: ENOENT: no such file or directory, open '/Users/oleksandr.mekhovov/work/my_projects/go_test/.cache/worktrees/soundtrack-v3-latest/game/content/packs/catalog.json'
        at async open (node:internal/fs/promises:639:25)
        at async readFile (node:internal/fs/promises:1246:14)
        at async Object.json (file:///Users/oleksandr.mekhovov/work/my_projects/go_test/.cache/worktrees/soundtrack-v3-latest/game/test/helpers/solo-dom.mjs:288:26)
        at async Promise.all (index 4)
        at async file:///Users/oleksandr.mekhovov/work/my_projects/go_test/.cache/worktrees/soundtrack-v3-latest/game/app.mjs?difficultyHost=12:224:5
  code: 'ERR_ASSERTION'
  name: 'AssertionError'
  expected: true
  operator: '=='
  stack: |-
    async open (node:internal/fs/promises:639:25)
    async readFile (node:internal/fs/promises:1246:14)
    async Object.json (file:///Users/oleksandr.mekhovov/work/my_projects/go_test/.cache/worktrees/soundtrack-v3-latest/game/test/helpers/solo-dom.mjs:288:26)
    async Promise.all (index 4)
    async file:///Users/oleksandr.mekhovov/work/my_projects/go_test/.cache/worktrees/soundtrack-v3-latest/game/app.mjs?difficultyHost=12:224:5
    soloPage (file:///Users/oleksandr.mekhovov/work/my_projects/go_test/.cache/worktrees/soundtrack-v3-latest/game/test/helpers/solo-dom.mjs:406:10)
    async setup (file:///Users/oleksandr.mekhovov/work/my_projects/go_test/.cache/worktrees/soundtrack-v3-latest/game/test/soundtrack-host.test.mjs:78:16)
    async TestContext.<anonymous> (file:///Users/oleksandr.mekhovov/work/my_projects/go_test/.cache/worktrees/soundtrack-v3-latest/game/test/soundtrack-host.test.mjs:441:20)
    async Test.run (node:internal/test_runner/test:797:9)
    async Test.processPendingSubtests (node:internal/test_runner/test:526:7)
  ...
# Subtest: actual Studio prepares without downloading; controller, keyboard and touch request its retained link without resuming flight
not ok 51 - actual Studio prepares without downloading; controller, keyboard and touch request its retained link without resuming flight
  ---
  duration_ms: 15.923875
  location: '/Users/oleksandr.mekhovov/work/my_projects/go_test/.cache/worktrees/soundtrack-v3-latest/game/test/soundtrack-host.test.mjs:468:1'
  failureType: 'testCodeFailure'
  error: |-
    The game could not load.: ENOENT: no such file or directory, open '/Users/oleksandr.mekhovov/work/my_projects/go_test/.cache/worktrees/soundtrack-v3-latest/game/content/packs/catalog.json'
    Error: ENOENT: no such file or directory, open '/Users/oleksandr.mekhovov/work/my_projects/go_test/.cache/worktrees/soundtrack-v3-latest/game/content/packs/catalog.json'
        at async open (node:internal/fs/promises:639:25)
        at async readFile (node:internal/fs/promises:1246:14)
        at async Object.json (file:///Users/oleksandr.mekhovov/work/my_projects/go_test/.cache/worktrees/soundtrack-v3-latest/game/test/helpers/solo-dom.mjs:288:26)
        at async Promise.all (index 4)
        at async file:///Users/oleksandr.mekhovov/work/my_projects/go_test/.cache/worktrees/soundtrack-v3-latest/game/app.mjs?difficultyHost=13:224:5
  code: 'ERR_ASSERTION'
  name: 'AssertionError'
  expected: true
  operator: '=='
  stack: |-
    async open (node:internal/fs/promises:639:25)
    async readFile (node:internal/fs/promises:1246:14)
    async Object.json (file:///Users/oleksandr.mekhovov/work/my_projects/go_test/.cache/worktrees/soundtrack-v3-latest/game/test/helpers/solo-dom.mjs:288:26)
    async Promise.all (index 4)
    async file:///Users/oleksandr.mekhovov/work/my_projects/go_test/.cache/worktrees/soundtrack-v3-latest/game/app.mjs?difficultyHost=13:224:5
    soloPage (file:///Users/oleksandr.mekhovov/work/my_projects/go_test/.cache/worktrees/soundtrack-v3-latest/game/test/helpers/solo-dom.mjs:406:10)
    async setup (file:///Users/oleksandr.mekhovov/work/my_projects/go_test/.cache/worktrees/soundtrack-v3-latest/game/test/soundtrack-host.test.mjs:78:16)
    async TestContext.<anonymous> (file:///Users/oleksandr.mekhovov/work/my_projects/go_test/.cache/worktrees/soundtrack-v3-latest/game/test/soundtrack-host.test.mjs:469:41)
    async Test.run (node:internal/test_runner/test:797:9)
    async Test.processPendingSubtests (node:internal/test_runner/test:526:7)
  ...
# Subtest: closing Studio during pending Play respects play with saved audio disabled when flight starts
not ok 52 - closing Studio during pending Play respects play with saved audio disabled when flight starts
  ---
  duration_ms: 10.798916
  location: '/Users/oleksandr.mekhovov/work/my_projects/go_test/.cache/worktrees/soundtrack-v3-latest/game/test/soundtrack-host.test.mjs:587:3'
  failureType: 'testCodeFailure'
  error: |-
    The game could not load.: ENOENT: no such file or directory, open '/Users/oleksandr.mekhovov/work/my_projects/go_test/.cache/worktrees/soundtrack-v3-latest/game/content/packs/catalog.json'
    Error: ENOENT: no such file or directory, open '/Users/oleksandr.mekhovov/work/my_projects/go_test/.cache/worktrees/soundtrack-v3-latest/game/content/packs/catalog.json'
        at async open (node:internal/fs/promises:639:25)
        at async readFile (node:internal/fs/promises:1246:14)
        at async Object.json (file:///Users/oleksandr.mekhovov/work/my_projects/go_test/.cache/worktrees/soundtrack-v3-latest/game/test/helpers/solo-dom.mjs:288:26)
        at async Promise.all (index 4)
        at async file:///Users/oleksandr.mekhovov/work/my_projects/go_test/.cache/worktrees/soundtrack-v3-latest/game/app.mjs?difficultyHost=14:224:5
  code: 'ERR_ASSERTION'
  name: 'AssertionError'
  expected: true
  operator: '=='
  stack: |-
    async open (node:internal/fs/promises:639:25)
    async readFile (node:internal/fs/promises:1246:14)
    async Object.json (file:///Users/oleksandr.mekhovov/work/my_projects/go_test/.cache/worktrees/soundtrack-v3-latest/game/test/helpers/solo-dom.mjs:288:26)
    async Promise.all (index 4)
    async file:///Users/oleksandr.mekhovov/work/my_projects/go_test/.cache/worktrees/soundtrack-v3-latest/game/app.mjs?difficultyHost=14:224:5
    soloPage (file:///Users/oleksandr.mekhovov/work/my_projects/go_test/.cache/worktrees/soundtrack-v3-latest/game/test/helpers/solo-dom.mjs:406:10)
    async setup (file:///Users/oleksandr.mekhovov/work/my_projects/go_test/.cache/worktrees/soundtrack-v3-latest/game/test/soundtrack-host.test.mjs:78:16)
    async TestContext.<anonymous> (file:///Users/oleksandr.mekhovov/work/my_projects/go_test/.cache/worktrees/soundtrack-v3-latest/game/test/soundtrack-host.test.mjs:588:22)
    async Test.run (node:internal/test_runner/test:797:9)
    async Test.processPendingSubtests (node:internal/test_runner/test:526:7)
  ...
# Subtest: closing Studio during pending Play respects pause with saved audio disabled when flight starts
not ok 53 - closing Studio during pending Play respects pause with saved audio disabled when flight starts
  ---
  duration_ms: 11.266125
  location: '/Users/oleksandr.mekhovov/work/my_projects/go_test/.cache/worktrees/soundtrack-v3-latest/game/test/soundtrack-host.test.mjs:587:3'
  failureType: 'testCodeFailure'
  error: |-
    The game could not load.: ENOENT: no such file or directory, open '/Users/oleksandr.mekhovov/work/my_projects/go_test/.cache/worktrees/soundtrack-v3-latest/game/content/packs/catalog.json'
    Error: ENOENT: no such file or directory, open '/Users/oleksandr.mekhovov/work/my_projects/go_test/.cache/worktrees/soundtrack-v3-latest/game/content/packs/catalog.json'
        at async open (node:internal/fs/promises:639:25)
        at async readFile (node:internal/fs/promises:1246:14)
        at async Object.json (file:///Users/oleksandr.mekhovov/work/my_projects/go_test/.cache/worktrees/soundtrack-v3-latest/game/test/helpers/solo-dom.mjs:288:26)
        at async Promise.all (index 4)
        at async file:///Users/oleksandr.mekhovov/work/my_projects/go_test/.cache/worktrees/soundtrack-v3-latest/game/app.mjs?difficultyHost=15:224:5
  code: 'ERR_ASSERTION'
  name: 'AssertionError'
  expected: true
  operator: '=='
  stack: |-
    async open (node:internal/fs/promises:639:25)
    async readFile (node:internal/fs/promises:1246:14)
    async Object.json (file:///Users/oleksandr.mekhovov/work/my_projects/go_test/.cache/worktrees/soundtrack-v3-latest/game/test/helpers/solo-dom.mjs:288:26)
    async Promise.all (index 4)
    async file:///Users/oleksandr.mekhovov/work/my_projects/go_test/.cache/worktrees/soundtrack-v3-latest/game/app.mjs?difficultyHost=15:224:5
    soloPage (file:///Users/oleksandr.mekhovov/work/my_projects/go_test/.cache/worktrees/soundtrack-v3-latest/game/test/helpers/solo-dom.mjs:406:10)
    async setup (file:///Users/oleksandr.mekhovov/work/my_projects/go_test/.cache/worktrees/soundtrack-v3-latest/game/test/soundtrack-host.test.mjs:78:16)
    async TestContext.<anonymous> (file:///Users/oleksandr.mekhovov/work/my_projects/go_test/.cache/worktrees/soundtrack-v3-latest/game/test/soundtrack-host.test.mjs:588:22)
    async Test.run (node:internal/test_runner/test:797:9)
    async Test.processPendingSubtests (node:internal/test_runner/test:526:7)
  ...
# Subtest: closing Studio during pending Play respects pause with saved audio enabled when flight starts
not ok 54 - closing Studio during pending Play respects pause with saved audio enabled when flight starts
  ---
  duration_ms: 13.225958
  location: '/Users/oleksandr.mekhovov/work/my_projects/go_test/.cache/worktrees/soundtrack-v3-latest/game/test/soundtrack-host.test.mjs:587:3'
  failureType: 'testCodeFailure'
  error: |-
    The game could not load.: ENOENT: no such file or directory, open '/Users/oleksandr.mekhovov/work/my_projects/go_test/.cache/worktrees/soundtrack-v3-latest/game/content/packs/catalog.json'
    Error: ENOENT: no such file or directory, open '/Users/oleksandr.mekhovov/work/my_projects/go_test/.cache/worktrees/soundtrack-v3-latest/game/content/packs/catalog.json'
        at async open (node:internal/fs/promises:639:25)
        at async readFile (node:internal/fs/promises:1246:14)
        at async Object.json (file:///Users/oleksandr.mekhovov/work/my_projects/go_test/.cache/worktrees/soundtrack-v3-latest/game/test/helpers/solo-dom.mjs:288:26)
        at async Promise.all (index 4)
        at async file:///Users/oleksandr.mekhovov/work/my_projects/go_test/.cache/worktrees/soundtrack-v3-latest/game/app.mjs?difficultyHost=16:224:5
  code: 'ERR_ASSERTION'
  name: 'AssertionError'
  expected: true
  operator: '=='
  stack: |-
    async open (node:internal/fs/promises:639:25)
    async readFile (node:internal/fs/promises:1246:14)
    async Object.json (file:///Users/oleksandr.mekhovov/work/my_projects/go_test/.cache/worktrees/soundtrack-v3-latest/game/test/helpers/solo-dom.mjs:288:26)
    async Promise.all (index 4)
    async file:///Users/oleksandr.mekhovov/work/my_projects/go_test/.cache/worktrees/soundtrack-v3-latest/game/app.mjs?difficultyHost=16:224:5
    soloPage (file:///Users/oleksandr.mekhovov/work/my_projects/go_test/.cache/worktrees/soundtrack-v3-latest/game/test/helpers/solo-dom.mjs:406:10)
    async setup (file:///Users/oleksandr.mekhovov/work/my_projects/go_test/.cache/worktrees/soundtrack-v3-latest/game/test/soundtrack-host.test.mjs:78:16)
    async TestContext.<anonymous> (file:///Users/oleksandr.mekhovov/work/my_projects/go_test/.cache/worktrees/soundtrack-v3-latest/game/test/soundtrack-host.test.mjs:588:22)
    async Test.run (node:internal/test_runner/test:797:9)
    async Test.processPendingSubtests (node:internal/test_runner/test:526:7)
  ...
# Subtest: closing Studio during pending Play respects mute with saved audio enabled when flight starts
not ok 55 - closing Studio during pending Play respects mute with saved audio enabled when flight starts
  ---
  duration_ms: 9.834583
  location: '/Users/oleksandr.mekhovov/work/my_projects/go_test/.cache/worktrees/soundtrack-v3-latest/game/test/soundtrack-host.test.mjs:587:3'
  failureType: 'testCodeFailure'
  error: |-
    The game could not load.: ENOENT: no such file or directory, open '/Users/oleksandr.mekhovov/work/my_projects/go_test/.cache/worktrees/soundtrack-v3-latest/game/content/packs/catalog.json'
    Error: ENOENT: no such file or directory, open '/Users/oleksandr.mekhovov/work/my_projects/go_test/.cache/worktrees/soundtrack-v3-latest/game/content/packs/catalog.json'
        at async open (node:internal/fs/promises:639:25)
        at async readFile (node:internal/fs/promises:1246:14)
        at async Object.json (file:///Users/oleksandr.mekhovov/work/my_projects/go_test/.cache/worktrees/soundtrack-v3-latest/game/test/helpers/solo-dom.mjs:288:26)
        at async Promise.all (index 4)
        at async file:///Users/oleksandr.mekhovov/work/my_projects/go_test/.cache/worktrees/soundtrack-v3-latest/game/app.mjs?difficultyHost=17:224:5
  code: 'ERR_ASSERTION'
  name: 'AssertionError'
  expected: true
  operator: '=='
  stack: |-
    async open (node:internal/fs/promises:639:25)
    async readFile (node:internal/fs/promises:1246:14)
    async Object.json (file:///Users/oleksandr.mekhovov/work/my_projects/go_test/.cache/worktrees/soundtrack-v3-latest/game/test/helpers/solo-dom.mjs:288:26)
    async Promise.all (index 4)
    async file:///Users/oleksandr.mekhovov/work/my_projects/go_test/.cache/worktrees/soundtrack-v3-latest/game/app.mjs?difficultyHost=17:224:5
    soloPage (file:///Users/oleksandr.mekhovov/work/my_projects/go_test/.cache/worktrees/soundtrack-v3-latest/game/test/helpers/solo-dom.mjs:406:10)
    async setup (file:///Users/oleksandr.mekhovov/work/my_projects/go_test/.cache/worktrees/soundtrack-v3-latest/game/test/soundtrack-host.test.mjs:78:16)
    async TestContext.<anonymous> (file:///Users/oleksandr.mekhovov/work/my_projects/go_test/.cache/worktrees/soundtrack-v3-latest/game/test/soundtrack-host.test.mjs:588:22)
    async Test.run (node:internal/test_runner/test:797:9)
    async Test.processPendingSubtests (node:internal/test_runner/test:526:7)
  ...
# Subtest: Solo Audio exposes full current credits while compact Pause remains an ordinary Pause owner
not ok 56 - Solo Audio exposes full current credits while compact Pause remains an ordinary Pause owner
  ---
  duration_ms: 10.867416
  location: '/Users/oleksandr.mekhovov/work/my_projects/go_test/.cache/worktrees/soundtrack-v3-latest/game/test/soundtrack-host.test.mjs:639:1'
  failureType: 'testCodeFailure'
  error: |-
    The game could not load.: ENOENT: no such file or directory, open '/Users/oleksandr.mekhovov/work/my_projects/go_test/.cache/worktrees/soundtrack-v3-latest/game/content/packs/catalog.json'
    Error: ENOENT: no such file or directory, open '/Users/oleksandr.mekhovov/work/my_projects/go_test/.cache/worktrees/soundtrack-v3-latest/game/content/packs/catalog.json'
        at async open (node:internal/fs/promises:639:25)
        at async readFile (node:internal/fs/promises:1246:14)
        at async Object.json (file:///Users/oleksandr.mekhovov/work/my_projects/go_test/.cache/worktrees/soundtrack-v3-latest/game/test/helpers/solo-dom.mjs:288:26)
        at async Promise.all (index 4)
        at async file:///Users/oleksandr.mekhovov/work/my_projects/go_test/.cache/worktrees/soundtrack-v3-latest/game/app.mjs?difficultyHost=18:224:5
  code: 'ERR_ASSERTION'
  name: 'AssertionError'
  expected: true
  operator: '=='
  stack: |-
    async open (node:internal/fs/promises:639:25)
    async readFile (node:internal/fs/promises:1246:14)
    async Object.json (file:///Users/oleksandr.mekhovov/work/my_projects/go_test/.cache/worktrees/soundtrack-v3-latest/game/test/helpers/solo-dom.mjs:288:26)
    async Promise.all (index 4)
    async file:///Users/oleksandr.mekhovov/work/my_projects/go_test/.cache/worktrees/soundtrack-v3-latest/game/app.mjs?difficultyHost=18:224:5
    soloPage (file:///Users/oleksandr.mekhovov/work/my_projects/go_test/.cache/worktrees/soundtrack-v3-latest/game/test/helpers/solo-dom.mjs:406:10)
    async setup (file:///Users/oleksandr.mekhovov/work/my_projects/go_test/.cache/worktrees/soundtrack-v3-latest/game/test/soundtrack-host.test.mjs:78:16)
    async TestContext.<anonymous> (file:///Users/oleksandr.mekhovov/work/my_projects/go_test/.cache/worktrees/soundtrack-v3-latest/game/test/soundtrack-host.test.mjs:640:30)
    async Test.run (node:internal/test_runner/test:797:9)
    async Test.processPendingSubtests (node:internal/test_runner/test:526:7)
  ...
1..56
# tests 59
# suites 0
# pass 41
# fail 18
# cancelled 0
# skipped 0
# todo 0
# duration_ms 49716.335208
