TAP version 13
# Subtest: silent missing-local preparation preserves selection and explicit Play acquires only current and next
ok 1 - silent missing-local preparation preserves selection and explicit Play acquires only current and next
  ---
  duration_ms: 58.002167
  ...
# Subtest: silent menu-to-practice context changes do not fetch the selected online original
ok 2 - silent menu-to-practice context changes do not fetch the selected online original
  ---
  duration_ms: 21.484792
  ...
# Subtest: master mute and deliberate Pause prevent a host opt-in from speculatively acquiring audio
ok 3 - master mute and deliberate Pause prevent a host opt-in from speculatively acquiring audio
  ---
  duration_ms: 22.285584
  ...
# Subtest: muting aborts next-track acquisition and late bytes cannot allocate a silent deck
ok 4 - muting aborts next-track acquisition and late bytes cannot allocate a silent deck
  ---
  duration_ms: 30.629417
  ...
# Subtest: local preparation retains direct gesture playback before an asynchronous context wake
ok 5 - local preparation retains direct gesture playback before an asynchronous context wake
  ---
  duration_ms: 9.718375
  ...
# Subtest: a generated album selection stays local until Play and then acquires current plus next only
ok 6 - a generated album selection stays local until Play and then acquires current plus next only
  ---
  duration_ms: 29.113375
  ...
# Subtest: a late local-only miss cannot overwrite a newer dispose operation
ok 7 - a late local-only miss cannot overwrite a newer dispose operation
  ---
  duration_ms: 6.379458
  ...
# Subtest: a late local-only miss cannot overwrite a newer play operation
ok 8 - a late local-only miss cannot overwrite a newer play operation
  ---
  duration_ms: 11.963708
  ...
1..8
# tests 8
# suites 0
# pass 8
# fail 0
# cancelled 0
# skipped 0
# todo 0
# duration_ms 241.160375
