TAP version 13
# Subtest: functional helper changes invalidate only their explicit recipe group
ok 1 - functional helper changes invalidate only their explicit recipe group
  ---
  duration_ms: 2.048542
  ...
# Subtest: missing helper bytes cannot produce a supposedly valid fingerprint
ok 2 - missing helper bytes cannot produce a supposedly valid fingerprint
  ---
  duration_ms: 0.308708
  ...
# Subtest: 70 exact hosted recordings and15 albums compile reproducibly without local MP3s
ok 3 - 70 exact hosted recordings and15 albums compile reproducibly without local MP3s
  ---
  duration_ms: 105.5115
  ...
# Subtest: hosted admission rejects invented listening approval
ok 4 - hosted admission rejects invented listening approval
  ---
  duration_ms: 14.623958
  ...
# Subtest: hosted admission rejects changed hash
ok 5 - hosted admission rejects changed hash
  ---
  duration_ms: 29.0335
  ...
# Subtest: hosted admission rejects forged policy
ok 6 - hosted admission rejects forged policy
  ---
  duration_ms: 34.502458
  ...
# Subtest: hosted admission rejects removed attribution
ok 7 - hosted admission rejects removed attribution
  ---
  duration_ms: 34.223458
  ...
# Subtest: hosted admission rejects foreign URL
ok 8 - hosted admission rejects foreign URL
  ---
  duration_ms: 31.737167
  ...
# Subtest: hosted admission rejects missing source evidence
ok 9 - hosted admission rejects missing source evidence
  ---
  duration_ms: 13.131292
  ...
# Subtest: hosted admission rejects stale inventory
ok 10 - hosted admission rejects stale inventory
  ---
  duration_ms: 36.23125
  ...
# Subtest: hosted admission rejects duplicate album membership
ok 11 - hosted admission rejects duplicate album membership
  ---
  duration_ms: 39.295541
  ...
# Subtest: hosted admission rejects unapproved extra recording
ok 12 - hosted admission rejects unapproved extra recording
  ---
  duration_ms: 46.760334
  ...
# Subtest: changed evidence bytes fail the pinned source check
ok 13 - changed evidence bytes fail the pinned source check
  ---
  duration_ms: 17.492709
  ...
# Subtest: runtime includes hosted metadata while source production never fabricates absent audio
ok 14 - runtime includes hosted metadata while source production never fabricates absent audio
  ---
  duration_ms: 58.188291
  ...
# Subtest: publication writer preserves catalogue values and emits reproducible repository-formatted JavaScript
ok 15 - publication writer preserves catalogue values and emits reproducible repository-formatted JavaScript
  ---
  duration_ms: 79.664375
  ...
# Subtest: real archived CLI builds reviewed soundtrack metadata without installed formatter dependencies
ok 16 - real archived CLI builds reviewed soundtrack metadata without installed formatter dependencies
  ---
  duration_ms: 370.459
  ...
# Subtest: absent album opt-in preserves output bytes and does not read the audio producer
ok 17 - absent album opt-in preserves output bytes and does not read the audio producer
  ---
  duration_ms: 104.145791
  ...
# Subtest: opt-in album bytes join loose, ZIP and manifest once, excluded from core and legacy pack metadata
ok 18 - opt-in album bytes join loose, ZIP and manifest once, excluded from core and legacy pack metadata
  ---
  duration_ms: 59.730666
  ...
# Subtest: incorrect compiled body, symbolic source or automatic binary inclusion refuses without replacing old output
ok 19 - incorrect compiled body, symbolic source or automatic binary inclusion refuses without replacing old output
  ---
  duration_ms: 71.494333
  ...
# Subtest: all 70 hosted registrations retain provenance without inventing listening approval
ok 20 - all 70 hosted registrations retain provenance without inventing listening approval
  ---
  duration_ms: 3.712084
  ...
# Subtest: real candidate producer compiles every tiny fixture, verifies import bytes and preserves output boundaries
ok 21 - real candidate producer compiles every tiny fixture, verifies import bytes and preserves output boundaries
  ---
  duration_ms: 60.282333
  ...
# Subtest: real candidate producer refuses a changed final source body, false runtime hash and unassigned recording
ok 22 - real candidate producer refuses a changed final source body, false runtime hash and unassigned recording
  ---
  duration_ms: 28.072167
  ...
# Subtest: real candidate producer refuses altered derivative provenance and changed runtime bytes
ok 23 - real candidate producer refuses altered derivative provenance and changed runtime bytes
  ---
  duration_ms: 19.928333
  ...
# Subtest: approved original recordings are optional binaries while their catalogue remains offline metadata
ok 24 - approved original recordings are optional binaries while their catalogue remains offline metadata
  ---
  duration_ms: 65.508917
  ...
1..24
# tests 24
# suites 0
# pass 24
# fail 0
# cancelled 0
# skipped 0
# todo 0
# duration_ms 1005.101917
