TAP version 13
# Subtest: transport settling refuses a predicate that never becomes ready
ok 1 - transport settling refuses a predicate that never becomes ready
  ---
  duration_ms: 22.387292
  ...
# Subtest: transport construction/settings/selection stay silent until explicit Play
ok 2 - transport construction/settings/selection stay silent until explicit Play
  ---
  duration_ms: 3.6975
  ...
# Subtest: preparing a local MP3 keeps playback silent, then a gesture wake starts it before context resume settles
ok 3 - preparing a local MP3 keeps playback silent, then a gesture wake starts it before context resume settles
  ---
  duration_ms: 3.24525
  ...
# Subtest: synth song boundary signals once at actual audio deadline and does not schedule the next song early
ok 4 - synth song boundary signals once at actual audio deadline and does not schedule the next song early
  ---
  duration_ms: 0.450542
  ...
# Subtest: music-only pause freezes position while gameplay SFX remain available; full lifecycle suspends both
ok 5 - music-only pause freezes position while gameplay SFX remain available; full lifecycle suspends both
  ---
  duration_ms: 1.628875
  ...
# Subtest: ordered mixed queue advances synth→MP3→end without another element or album decode
ok 6 - ordered mixed queue advances synth→MP3→end without another element or album decode
  ---
  duration_ms: 5.887625
  ...
# Subtest: repeat-one repeats only on natural end, while Next explicitly advances
ok 7 - repeat-one repeats only on natural end, while Next explicitly advances
  ---
  duration_ms: 3.025625
  ...
# Subtest: authored game music is the automatic fallback and changes only at a song boundary
ok 8 - authored game music is the automatic fallback and changes only at a song boundary
  ---
  duration_ms: 2.6035
  ...
# Subtest: scope assignments beat authored fallback and context updates wait for current song
ok 9 - scope assignments beat authored fallback and context updates wait for current song
  ---
  duration_ms: 1.941042
  ...
# Subtest: library metadata edits preserve current owned MP3 and object URL until natural boundary
ok 10 - library metadata edits preserve current owned MP3 and object URL until natural boundary
  ---
  duration_ms: 2.085792
  ...
# Subtest: paused MP3 resumes the same URL/position and its ended handler remains active
ok 11 - paused MP3 resumes the same URL/position and its ended handler remains active
  ---
  duration_ms: 2.680792
  ...
# Subtest: one broken original is skipped once and a finite builtin fallback remains observable
ok 12 - one broken original is skipped once and a finite builtin fallback remains observable
  ---
  duration_ms: 1.690959
  ...
# Subtest: autoplay denial is observable, preserves current track, and requires another explicit Play
ok 13 - autoplay denial is observable, preserves current track, and requires another explicit Play
  ---
  duration_ms: 1.346917
  ...
# Subtest: a stale pending asset load cannot publish audio after explicit selection or disposal
ok 14 - a stale pending asset load cannot publish audio after explicit selection or disposal
  ---
  duration_ms: 2.447167
  ...
# Subtest: volume owns the music fader only, combines with master for MP3, and preserves SFX volume
ok 15 - volume owns the music fader only, combines with master for MP3, and preserves SFX volume
  ---
  duration_ms: 0.232583
  ...
# Subtest: seeking a paused synth before creating audio is retained for its first permitted playback
ok 16 - seeking a paused synth before creating audio is retained for its first permitted playback
  ---
  duration_ms: 0.488791
  ...
# Subtest: a complete synth rendition advances through real scheduler steps on a controlled audio clock
ok 17 - a complete synth rendition advances through real scheduler steps on a controlled audio clock
  ---
  duration_ms: 21.652583
  ...
# Subtest: repeat-all wraps and shuffled sessions preserve the exact authored entry multiset
ok 18 - repeat-all wraps and shuffled sessions preserve the exact authored entry multiset
  ---
  duration_ms: 1.694291
  ...
# Subtest: explicit switch fades only music and a pause during its fade cannot publish late playback
ok 19 - explicit switch fades only music and a pause during its fade cannot publish late playback
  ---
  duration_ms: 1.457083
  ...
# Subtest: lifecycle suspension of MP3 preserves listening intent and resumes the SFX context too
ok 20 - lifecycle suspension of MP3 preserves listening intent and resumes the SFX context too
  ---
  duration_ms: 5.203292
  ...
# Subtest: unsupported or corrupt originals never reach an object URL and fallback attempts stay finite
ok 21 - unsupported or corrupt originals never reach an object URL and fallback attempts stay finite
  ---
  duration_ms: 2.184375
  ...
# Subtest: a changed stored selection is adopted on the next boundary while unrelated metadata edits preserve a session choice
ok 22 - a changed stored selection is adopted on the next boundary while unrelated metadata edits preserve a session choice
  ---
  duration_ms: 8.27075
  ...
# Subtest: disposal aborts a pending storage load and its late original cannot allocate a URL
ok 23 - disposal aborts a pending storage load and its late original cannot allocate a URL
  ---
  duration_ms: 0.684875
  ...
# Subtest: a delayed media play promise cannot restore playing status after transport pause
ok 24 - a delayed media play promise cannot restore playing status after transport pause
  ---
  duration_ms: 27.480875
  ...
# Subtest: returning explicitly to automatic selection restores the authored map recipe immediately
ok 25 - returning explicitly to automatic selection restores the authored map recipe immediately
  ---
  duration_ms: 0.527417
  ...
# Subtest: a delayed synth enable denial cannot overwrite pause, suspend or dispose state
ok 26 - a delayed synth enable denial cannot overwrite pause, suspend or dispose state
  ---
  duration_ms: 0.832959
  ...
# Subtest: restoring inactive listening intent after an audition never starts audio until host resume
ok 27 - restoring inactive listening intent after an audition never starts audio until host resume
  ---
  duration_ms: 1.662583
  ...
# Subtest: silent audio preparation reports a delayed read and stale completion cannot reclaim its status
ok 28 - silent audio preparation reports a delayed read and stale completion cannot reclaim its status
  ---
  duration_ms: 0.777125
  ...
# Subtest: earlier cached play settlement cannot clear a newer play preparation observer
ok 29 - earlier cached play settlement cannot clear a newer play preparation observer
  ---
  duration_ms: 1.326833
  ...
# Subtest: two streaming decks preload only the next track and genuinely overlap the audible boundary
ok 30 - two streaming decks preload only the next track and genuinely overlap the audible boundary
  ---
  duration_ms: 75.534916
  ...
# Subtest: pause during a crossfade cancels the outgoing deck and preserves the incoming position
ok 31 - pause during a crossfade cancels the outgoing deck and preserves the incoming position
  ---
  duration_ms: 13.369542
  ...
# Subtest: seek cancels next-track acquisition and late bytes cannot allocate a deck
ok 32 - seek cancels next-track acquisition and late bytes cannot allocate a deck
  ---
  duration_ms: 16.709792
  ...
# Subtest: library cancels next-track acquisition and late bytes cannot allocate a deck
ok 33 - library cancels next-track acquisition and late bytes cannot allocate a deck
  ---
  duration_ms: 16.696
  ...
# Subtest: context cancels next-track acquisition and late bytes cannot allocate a deck
ok 34 - context cancels next-track acquisition and late bytes cannot allocate a deck
  ---
  duration_ms: 13.237292
  ...
# Subtest: suspend cancels next-track acquisition and late bytes cannot allocate a deck
ok 35 - suspend cancels next-track acquisition and late bytes cannot allocate a deck
  ---
  duration_ms: 15.264167
  ...
# Subtest: dispose cancels next-track acquisition and late bytes cannot allocate a deck
ok 36 - dispose cancels next-track acquisition and late bytes cannot allocate a deck
  ---
  duration_ms: 16.677959
  ...
# Subtest: a browser denying the second element reuses the permitted first deck for the entire queue
ok 37 - a browser denying the second element reuses the permitted first deck for the entire queue
  ---
  duration_ms: 37.989333
  ...
# Subtest: scene selection switches menu/gameplay music without changing paused listening intent
ok 38 - scene selection switches menu/gameplay music without changing paused listening intent
  ---
  duration_ms: 18.248042
  ...
# Subtest: empty Ukrainian/fusion selections stay silent with an explanation instead of unrelated fallback
ok 39 - empty Ukrainian/fusion selections stay silent with an explanation instead of unrelated fallback
  ---
  duration_ms: 4.788375
  ...
# Subtest: an offline Ukrainian queue tries each original once and stops without mislabelled fallback
ok 40 - an offline Ukrainian queue tries each original once and stops without mislabelled fallback
  ---
  duration_ms: 4.097542
  ...
# Subtest: failed restricted mixes and explicit v2 playlists preserve the selected music families
ok 41 - failed restricted mixes and explicit v2 playlists preserve the selected music families
  ---
  duration_ms: 7.469125
  ...
# Subtest: an explicit catalogue playlist with no installed recordings stays empty offline
ok 42 - an explicit catalogue playlist with no installed recordings stays empty offline
  ---
  duration_ms: 9.235083
  ...
# Subtest: offloaded bonus tracks are skipped without fetching and an empty explicit album asks for Download again
ok 43 - offloaded bonus tracks are skipped without fetching and an empty explicit album asks for Download again
  ---
  duration_ms: 8.03575
  ...
# Subtest: catalogue metadata drives playback and same-ID theme selection changes the next rendition
ok 44 - catalogue metadata drives playback and same-ID theme selection changes the next rendition
  ---
  duration_ms: 25.58275
  ...
# Subtest: short clips preserve their opening before entering the default crossfade window
ok 45 - short clips preserve their opening before entering the default crossfade window
  ---
  duration_ms: 9.30675
  ...
# Subtest: choosing an available genre clears the previous unavailable selection notice
ok 46 - choosing an available genre clears the previous unavailable selection notice
  ---
  duration_ms: 9.054625
  ...
# Subtest: silent missing-local preparation preserves selection and explicit Play acquires only current and next
ok 47 - silent missing-local preparation preserves selection and explicit Play acquires only current and next
  ---
  duration_ms: 71.374
  ...
# Subtest: silent menu-to-practice context changes do not fetch the selected online original
ok 48 - silent menu-to-practice context changes do not fetch the selected online original
  ---
  duration_ms: 33.148666
  ...
# Subtest: master mute and deliberate Pause prevent a host opt-in from speculatively acquiring audio
ok 49 - master mute and deliberate Pause prevent a host opt-in from speculatively acquiring audio
  ---
  duration_ms: 36.035542
  ...
# Subtest: muting aborts next-track acquisition and late bytes cannot allocate a silent deck
ok 50 - muting aborts next-track acquisition and late bytes cannot allocate a silent deck
  ---
  duration_ms: 35.206125
  ...
# Subtest: local preparation retains direct gesture playback before an asynchronous context wake
ok 51 - local preparation retains direct gesture playback before an asynchronous context wake
  ---
  duration_ms: 16.519834
  ...
# Subtest: a generated album selection stays local until Play and then acquires current plus next only
ok 52 - a generated album selection stays local until Play and then acquires current plus next only
  ---
  duration_ms: 57.93
  ...
# Subtest: a late local-only miss cannot overwrite a newer dispose operation
ok 53 - a late local-only miss cannot overwrite a newer dispose operation
  ---
  duration_ms: 8.984666
  ...
# Subtest: a late local-only miss cannot overwrite a newer play operation
ok 54 - a late local-only miss cannot overwrite a newer play operation
  ---
  duration_ms: 19.884458
  ...
# Subtest: catalogue streaming trusts only shipped hashes and checks the entire original without saving it
ok 55 - catalogue streaming trusts only shipped hashes and checks the entire original without saving it
  ---
  duration_ms: 14.319667
  ...
# Subtest: offline listening does not fetch; an explicit download can fetch; stored originals work offline
ok 56 - offline listening does not fetch; an explicit download can fetch; stored originals work offline
  ---
  duration_ms: 1.991708
  ...
# Subtest: local-only preparation returns a local original or absence without granting archive or recording requests
ok 57 - local-only preparation returns a local original or absence without granting archive or recording requests
  ---
  duration_ms: 0.898916
  ...
# Subtest: standalone export remains allowed when offline storage is denied
ok 58 - standalone export remains allowed when offline storage is denied
  ---
  duration_ms: 2.638583
  ...
# Subtest: standalone export remains allowed when offline storage is unknown
ok 59 - standalone export remains allowed when offline storage is unknown
  ---
  duration_ms: 1.670166
  ...
# Subtest: streaming rejects corrupt/truncated media and cancellation before a request
ok 60 - streaming rejects corrupt/truncated media and cancellation before a request
  ---
  duration_ms: 0.954583
  ...
# Subtest: the catalogue loader validates bounded version-local metadata and rejects foreign redirects
ok 61 - the catalogue loader validates bounded version-local metadata and rejects foreign redirects
  ---
  duration_ms: 1.50075
  ...
# Subtest: strict command parsing rejects typos, duplicates and absent values
ok 62 - strict command parsing rejects typos, duplicates and absent values
  ---
  duration_ms: 0.906917
  ...
# Subtest: version and relative-path rules exclude traversal and command-like labels
ok 63 - version and relative-path rules exclude traversal and command-like labels
  ---
  duration_ms: 0.224083
  ...
# Subtest: snapshot rejects unsafe refs and index-conflicting labels before any Git command
ok 64 - snapshot rejects unsafe refs and index-conflicting labels before any Git command
  ---
  duration_ms: 0.344125
  ...
# Subtest: direct CLI invocation works through an aliased directory and reports command failures
ok 65 - direct CLI invocation works through an aliased directory and reports command failures
  ---
  duration_ms: 97.919708
  ...
# Subtest: real Git snapshot runs an older frozen entry through an aliased temp root and preserves immutable source
ok 66 - real Git snapshot runs an older frozen entry through an aliased temp root and preserves immutable source
  ---
  duration_ms: 4658.381084
  ...
# Subtest: build is byte-reproducible and each manifest checksum covers exact output bytes
ok 67 - build is byte-reproducible and each manifest checksum covers exact output bytes
  ---
  duration_ms: 17.791916
  ...
# Subtest: owned rebuild replaces old outputs and changes checksums when source changes
ok 68 - owned rebuild replaces old outputs and changes checksums when source changes
  ---
  duration_ms: 13.242583
  ...
# Subtest: build refuses unrelated output, overlapping source and malformed revision
ok 69 - build refuses unrelated output, overlapping source and malformed revision
  ---
  duration_ms: 4.63375
  ...
# Subtest: missing dependencies and invalid JSON fail before replacing a working build
ok 70 - missing dependencies and invalid JSON fail before replacing a working build
  ---
  duration_ms: 12.236542
  ...
# Subtest: build excludes private include paths and rejects symbolic source links
ok 71 - build excludes private include paths and rejects symbolic source links
  ---
  duration_ms: 4.197417
  ...
# Subtest: runtime builds omit source-only game tests while retaining ordinary game files
ok 72 - runtime builds omit source-only game tests while retaining ordinary game files
  ---
  duration_ms: 7.679792
  ...
# Subtest: portable resource checks resolve nested relative imports and reject root-only URLs
ok 73 - portable resource checks resolve nested relative imports and reject root-only URLs
  ---
  duration_ms: 4.648333
  ...
# Subtest: ZIP uses standard CRC, sorted names, fixed timestamps and stored data
ok 74 - ZIP uses standard CRC, sorted names, fixed timestamps and stored data
  ---
  duration_ms: 0.235209
  ...
# Subtest: static server supports portable nested paths, ESM MIME and HEAD
ok 75 - static server supports portable nested paths, ESM MIME and HEAD
  ---
  duration_ms: 6.102209
  ...
# Subtest: static server refuses traversal, hidden files, malformed paths and symlink escape
ok 76 - static server refuses traversal, hidden files, malformed paths and symlink escape
  ---
  duration_ms: 7.02475
  ...
# Subtest: Git archive reader extracts regular data and rejects links, traversal and duplicates
ok 77 - Git archive reader extracts regular data and rejects links, traversal and duplicates
  ---
  duration_ms: 0.615333
  ...
# Subtest: generator produces deterministic explicit valid maps across seeds using the actual core
ok 78 - generator produces deterministic explicit valid maps across seeds using the actual core
  ---
  duration_ms: 3.936416
  ...
# Subtest: campaign validation uses the core and rejects duplicate or malformed levels
ok 79 - campaign validation uses the core and rejects duplicate or malformed levels
  ---
  duration_ms: 3.979542
  ...
# Subtest: theme validation uses the actual content registry and rejects invalid or duplicate entries
ok 80 - theme validation uses the actual content registry and rejects invalid or duplicate entries
  ---
  duration_ms: 5.532959
  ...
# Subtest: class validation accepts current data and rejects unsupported mechanics through the core
ok 81 - class validation accepts current data and rejects unsupported mechanics through the core
  ---
  duration_ms: 4.112875
  ...
# Subtest: packaged offline builds generate scoped metadata, original icons, complete integrity inventory and reproducible bytes
ok 82 - packaged offline builds generate scoped metadata, original icons, complete integrity inventory and reproducible bytes
  ---
  duration_ms: 118.67625
  ...
# Subtest: offline source sentinel requires its template and does not silently emit an incomplete installer
ok 83 - offline source sentinel requires its template and does not silently emit an incomplete installer
  ---
  duration_ms: 3.853167
  ...
# Subtest: public package has local entry, accurate storage notices and enforced preview headers without changing source serving
ok 84 - public package has local entry, accurate storage notices and enforced preview headers without changing source serving
  ---
  duration_ms: 13.014792
  ...
# Subtest: optional indexed pack keeps exact shipped and ZIP bytes while core cache excludes only the declared source
ok 85 - optional indexed pack keeps exact shipped and ZIP bytes while core cache excludes only the declared source
  ---
  duration_ms: 95.179875
  ...
# Subtest: optional offline policy rejects non-pack, unknown, duplicate, unsafe, missing and excluded sources
ok 86 - optional offline policy rejects non-pack, unknown, duplicate, unsafe, missing and excluded sources
  ---
  duration_ms: 10.383042
  ...
# Subtest: archived packs stay downloadable with exact bytes while both navigation catalogs remain in the core cache
ok 87 - archived packs stay downloadable with exact bytes while both navigation catalogs remain in the core cache
  ---
  duration_ms: 71.832416
  ...
# Subtest: declaring an optional pack does not relax the 64 MiB core cache budget
ok 88 - declaring an optional pack does not relax the 64 MiB core cache budget
  ---
  duration_ms: 158.234
  ...
1..88
# tests 88
# suites 0
# pass 88
# fail 0
# cancelled 0
# skipped 0
# todo 0
# duration_ms 5391.378208
