TAP version 13
# Subtest: zero approved recordings creates no output directory or placeholder archive
not ok 1 - zero approved recordings creates no output directory or placeholder archive
  ---
  duration_ms: 17.805583
  location: '/Users/oleksandr.mekhovov/work/my_projects/go_test/.cache/worktrees/soundtrack-v3-latest/scripts/test-build-soundtrack-archive.mjs:129:1'
  failureType: 'testCodeFailure'
  error: "Cannot find module '/private/tmp/soundtrack-archive-l6f5a5/game/content/soundtrack-catalogue.mjs' imported from /private/tmp/soundtrack-archive-l6f5a5/game/soundtrack.mjs"
  code: 'ERR_MODULE_NOT_FOUND'
  stack: |-
    finalizeResolution (node:internal/modules/esm/resolve:283:11)
    moduleResolve (node:internal/modules/esm/resolve:952:10)
    defaultResolve (node:internal/modules/esm/resolve:1188:11)
    ModuleLoader.defaultResolve (node:internal/modules/esm/loader:708:12)
    #cachedDefaultResolve (node:internal/modules/esm/loader:657:25)
    ModuleLoader.resolve (node:internal/modules/esm/loader:640:38)
    ModuleLoader.getModuleJobForImport (node:internal/modules/esm/loader:264:38)
    ModuleJob._link (node:internal/modules/esm/module_job:168:49)
  ...
# Subtest: approved exact MP3 is staged once with pinned runtime inventory, reproducible catalogue candidate and credits
not ok 2 - approved exact MP3 is staged once with pinned runtime inventory, reproducible catalogue candidate and credits
  ---
  duration_ms: 11.516292
  location: '/Users/oleksandr.mekhovov/work/my_projects/go_test/.cache/worktrees/soundtrack-v3-latest/scripts/test-build-soundtrack-archive.mjs:137:1'
  failureType: 'testCodeFailure'
  error: "Cannot find module '/private/tmp/soundtrack-archive-jnqPbx/game/content/soundtrack-catalogue.mjs' imported from /private/tmp/soundtrack-archive-jnqPbx/game/soundtrack.mjs"
  code: 'ERR_MODULE_NOT_FOUND'
  stack: |-
    finalizeResolution (node:internal/modules/esm/resolve:283:11)
    moduleResolve (node:internal/modules/esm/resolve:952:10)
    defaultResolve (node:internal/modules/esm/resolve:1188:11)
    ModuleLoader.defaultResolve (node:internal/modules/esm/loader:708:12)
    #cachedDefaultResolve (node:internal/modules/esm/loader:657:25)
    ModuleLoader.resolve (node:internal/modules/esm/loader:640:38)
    ModuleLoader.getModuleJobForImport (node:internal/modules/esm/loader:264:38)
    ModuleJob._link (node:internal/modules/esm/module_job:168:49)
  ...
# Subtest: identical approved recording bytes are deduplicated while both track credits remain pinned
not ok 3 - identical approved recording bytes are deduplicated while both track credits remain pinned
  ---
  duration_ms: 13.000917
  location: '/Users/oleksandr.mekhovov/work/my_projects/go_test/.cache/worktrees/soundtrack-v3-latest/scripts/test-build-soundtrack-archive.mjs:184:1'
  failureType: 'testCodeFailure'
  error: "Cannot find module '/private/tmp/soundtrack-archive-KNqS9t/game/content/soundtrack-catalogue.mjs' imported from /private/tmp/soundtrack-archive-KNqS9t/game/soundtrack.mjs"
  code: 'ERR_MODULE_NOT_FOUND'
  stack: |-
    finalizeResolution (node:internal/modules/esm/resolve:283:11)
    moduleResolve (node:internal/modules/esm/resolve:952:10)
    defaultResolve (node:internal/modules/esm/resolve:1188:11)
    ModuleLoader.defaultResolve (node:internal/modules/esm/loader:708:12)
    #cachedDefaultResolve (node:internal/modules/esm/loader:657:25)
    ModuleLoader.resolve (node:internal/modules/esm/loader:640:38)
    ModuleLoader.getModuleJobForImport (node:internal/modules/esm/loader:264:38)
    ModuleJob._link (node:internal/modules/esm/module_job:168:49)
  ...
# Subtest: archive restaging reads approved source delivery after hosted admission removes the local runtime payload
not ok 4 - archive restaging reads approved source delivery after hosted admission removes the local runtime payload
  ---
  duration_ms: 9.983042
  location: '/Users/oleksandr.mekhovov/work/my_projects/go_test/.cache/worktrees/soundtrack-v3-latest/scripts/test-build-soundtrack-archive.mjs:210:1'
  failureType: 'testCodeFailure'
  error: "Cannot find module '/private/tmp/soundtrack-archive-23T2Ph/game/content/soundtrack-catalogue.mjs' imported from /private/tmp/soundtrack-archive-23T2Ph/game/soundtrack.mjs"
  code: 'ERR_MODULE_NOT_FOUND'
  stack: |-
    finalizeResolution (node:internal/modules/esm/resolve:283:11)
    moduleResolve (node:internal/modules/esm/resolve:952:10)
    defaultResolve (node:internal/modules/esm/resolve:1188:11)
    ModuleLoader.defaultResolve (node:internal/modules/esm/loader:708:12)
    #cachedDefaultResolve (node:internal/modules/esm/loader:657:25)
    ModuleLoader.resolve (node:internal/modules/esm/loader:640:38)
    ModuleLoader.getModuleJobForImport (node:internal/modules/esm/loader:264:38)
    ModuleJob._link (node:internal/modules/esm/module_job:168:49)
  ...
# Subtest: an allowed recording alias cannot stage audio narrowed by another trusted same-hash entry
not ok 5 - an allowed recording alias cannot stage audio narrowed by another trusted same-hash entry
  ---
  duration_ms: 9.711792
  location: '/Users/oleksandr.mekhovov/work/my_projects/go_test/.cache/worktrees/soundtrack-v3-latest/scripts/test-build-soundtrack-archive.mjs:258:1'
  failureType: 'testCodeFailure'
  error: |-
    The input did not match the regular expression /redistribut|permission|restrict/i. Input:
    
    "Error [ERR_MODULE_NOT_FOUND]: Cannot find module '/private/tmp/soundtrack-archive-5TBKI3/game/content/soundtrack-catalogue.mjs' imported from /private/tmp/soundtrack-archive-5TBKI3/game/soundtrack.mjs"
    
  code: 'ERR_ASSERTION'
  name: 'AssertionError'
  expected:
  actual:
  error: "Cannot find module '/private/tmp/soundtrack-archive-5TBKI3/game/content/soundtrack-catalogue.mjs' imported from /private/tmp/soundtrack-archive-5TBKI3/game/soundtrack.mjs"
  stack: |-
    finalizeResolution (node:internal/modules/esm/resolve:283:11)
    moduleResolve (node:internal/modules/esm/resolve:952:10)
    defaultResolve (node:internal/modules/esm/resolve:1188:11)
    ModuleLoader.defaultResolve (node:internal/modules/esm/loader:708:12)
    #cachedDefaultResolve (node:internal/modules/esm/loader:657:25)
    ModuleLoader.resolve (node:internal/modules/esm/loader:640:38)
    ModuleLoader.getModuleJobForImport (node:internal/modules/esm/loader:264:38)
    ModuleJob._link (node:internal/modules/esm/module_job:168:49)
  operator: 'rejects'
  stack: |-
    async TestContext.<anonymous> (file:///Users/oleksandr.mekhovov/work/my_projects/go_test/.cache/worktrees/soundtrack-v3-latest/scripts/test-build-soundtrack-archive.mjs:291:3)
    async Test.run (node:internal/test_runner/test:797:9)
    async Test.processPendingSubtests (node:internal/test_runner/test:526:7)
  ...
# Subtest: refuses unreviewed before copying any MP3
not ok 6 - refuses unreviewed before copying any MP3
  ---
  duration_ms: 9.412083
  location: '/Users/oleksandr.mekhovov/work/my_projects/go_test/.cache/worktrees/soundtrack-v3-latest/scripts/test-build-soundtrack-archive.mjs:296:3'
  failureType: 'testCodeFailure'
  error: |-
    The input did not match the regular expression /listening|redistributable|reviewed bytes|MP3 structure/. Input:
    
    "Error [ERR_MODULE_NOT_FOUND]: Cannot find module '/private/tmp/soundtrack-archive-Sdbv4F/game/content/soundtrack-catalogue.mjs' imported from /private/tmp/soundtrack-archive-Sdbv4F/game/soundtrack.mjs"
    
  code: 'ERR_ASSERTION'
  name: 'AssertionError'
  expected:
  actual:
  error: "Cannot find module '/private/tmp/soundtrack-archive-Sdbv4F/game/content/soundtrack-catalogue.mjs' imported from /private/tmp/soundtrack-archive-Sdbv4F/game/soundtrack.mjs"
  stack: |-
    finalizeResolution (node:internal/modules/esm/resolve:283:11)
    moduleResolve (node:internal/modules/esm/resolve:952:10)
    defaultResolve (node:internal/modules/esm/resolve:1188:11)
    ModuleLoader.defaultResolve (node:internal/modules/esm/loader:708:12)
    #cachedDefaultResolve (node:internal/modules/esm/loader:657:25)
    ModuleLoader.resolve (node:internal/modules/esm/loader:640:38)
    ModuleLoader.getModuleJobForImport (node:internal/modules/esm/loader:264:38)
    ModuleJob._link (node:internal/modules/esm/module_job:168:49)
  operator: 'rejects'
  stack: |-
    async TestContext.<anonymous> (file:///Users/oleksandr.mekhovov/work/my_projects/go_test/.cache/worktrees/soundtrack-v3-latest/scripts/test-build-soundtrack-archive.mjs:310:5)
    async Test.run (node:internal/test_runner/test:797:9)
    async Test.processPendingSubtests (node:internal/test_runner/test:526:7)
  ...
# Subtest: refuses restricted before copying any MP3
not ok 7 - refuses restricted before copying any MP3
  ---
  duration_ms: 9.7965
  location: '/Users/oleksandr.mekhovov/work/my_projects/go_test/.cache/worktrees/soundtrack-v3-latest/scripts/test-build-soundtrack-archive.mjs:296:3'
  failureType: 'testCodeFailure'
  error: |-
    The input did not match the regular expression /listening|redistributable|reviewed bytes|MP3 structure/. Input:
    
    "Error [ERR_MODULE_NOT_FOUND]: Cannot find module '/private/tmp/soundtrack-archive-AxfhyY/game/content/soundtrack-catalogue.mjs' imported from /private/tmp/soundtrack-archive-AxfhyY/game/soundtrack.mjs"
    
  code: 'ERR_ASSERTION'
  name: 'AssertionError'
  expected:
  actual:
  error: "Cannot find module '/private/tmp/soundtrack-archive-AxfhyY/game/content/soundtrack-catalogue.mjs' imported from /private/tmp/soundtrack-archive-AxfhyY/game/soundtrack.mjs"
  stack: |-
    finalizeResolution (node:internal/modules/esm/resolve:283:11)
    moduleResolve (node:internal/modules/esm/resolve:952:10)
    defaultResolve (node:internal/modules/esm/resolve:1188:11)
    ModuleLoader.defaultResolve (node:internal/modules/esm/loader:708:12)
    #cachedDefaultResolve (node:internal/modules/esm/loader:657:25)
    ModuleLoader.resolve (node:internal/modules/esm/loader:640:38)
    ModuleLoader.getModuleJobForImport (node:internal/modules/esm/loader:264:38)
    ModuleJob._link (node:internal/modules/esm/module_job:168:49)
  operator: 'rejects'
  stack: |-
    async TestContext.<anonymous> (file:///Users/oleksandr.mekhovov/work/my_projects/go_test/.cache/worktrees/soundtrack-v3-latest/scripts/test-build-soundtrack-archive.mjs:310:5)
    async Test.run (node:internal/test_runner/test:797:9)
    async Test.processPendingSubtests (node:internal/test_runner/test:526:7)
  ...
# Subtest: refuses changed bytes before copying any MP3
not ok 8 - refuses changed bytes before copying any MP3
  ---
  duration_ms: 11.04575
  location: '/Users/oleksandr.mekhovov/work/my_projects/go_test/.cache/worktrees/soundtrack-v3-latest/scripts/test-build-soundtrack-archive.mjs:296:3'
  failureType: 'testCodeFailure'
  error: |-
    The input did not match the regular expression /listening|redistributable|reviewed bytes|MP3 structure/. Input:
    
    "Error [ERR_MODULE_NOT_FOUND]: Cannot find module '/private/tmp/soundtrack-archive-5Ivqgr/game/content/soundtrack-catalogue.mjs' imported from /private/tmp/soundtrack-archive-5Ivqgr/game/soundtrack.mjs"
    
  code: 'ERR_ASSERTION'
  name: 'AssertionError'
  expected:
  actual:
  error: "Cannot find module '/private/tmp/soundtrack-archive-5Ivqgr/game/content/soundtrack-catalogue.mjs' imported from /private/tmp/soundtrack-archive-5Ivqgr/game/soundtrack.mjs"
  stack: |-
    finalizeResolution (node:internal/modules/esm/resolve:283:11)
    moduleResolve (node:internal/modules/esm/resolve:952:10)
    defaultResolve (node:internal/modules/esm/resolve:1188:11)
    ModuleLoader.defaultResolve (node:internal/modules/esm/loader:708:12)
    #cachedDefaultResolve (node:internal/modules/esm/loader:657:25)
    ModuleLoader.resolve (node:internal/modules/esm/loader:640:38)
    ModuleLoader.getModuleJobForImport (node:internal/modules/esm/loader:264:38)
    ModuleJob._link (node:internal/modules/esm/module_job:168:49)
  operator: 'rejects'
  stack: |-
    async TestContext.<anonymous> (file:///Users/oleksandr.mekhovov/work/my_projects/go_test/.cache/worktrees/soundtrack-v3-latest/scripts/test-build-soundtrack-archive.mjs:310:5)
    async Test.run (node:internal/test_runner/test:797:9)
    async Test.processPendingSubtests (node:internal/test_runner/test:526:7)
  ...
# Subtest: refuses wrong MP3 metadata before copying any MP3
not ok 9 - refuses wrong MP3 metadata before copying any MP3
  ---
  duration_ms: 9.855792
  location: '/Users/oleksandr.mekhovov/work/my_projects/go_test/.cache/worktrees/soundtrack-v3-latest/scripts/test-build-soundtrack-archive.mjs:296:3'
  failureType: 'testCodeFailure'
  error: |-
    The input did not match the regular expression /listening|redistributable|reviewed bytes|MP3 structure/. Input:
    
    "Error [ERR_MODULE_NOT_FOUND]: Cannot find module '/private/tmp/soundtrack-archive-5nnrb1/game/content/soundtrack-catalogue.mjs' imported from /private/tmp/soundtrack-archive-5nnrb1/game/soundtrack.mjs"
    
  code: 'ERR_ASSERTION'
  name: 'AssertionError'
  expected:
  actual:
  error: "Cannot find module '/private/tmp/soundtrack-archive-5nnrb1/game/content/soundtrack-catalogue.mjs' imported from /private/tmp/soundtrack-archive-5nnrb1/game/soundtrack.mjs"
  stack: |-
    finalizeResolution (node:internal/modules/esm/resolve:283:11)
    moduleResolve (node:internal/modules/esm/resolve:952:10)
    defaultResolve (node:internal/modules/esm/resolve:1188:11)
    ModuleLoader.defaultResolve (node:internal/modules/esm/loader:708:12)
    #cachedDefaultResolve (node:internal/modules/esm/loader:657:25)
    ModuleLoader.resolve (node:internal/modules/esm/loader:640:38)
    ModuleLoader.getModuleJobForImport (node:internal/modules/esm/loader:264:38)
    ModuleJob._link (node:internal/modules/esm/module_job:168:49)
  operator: 'rejects'
  stack: |-
    async TestContext.<anonymous> (file:///Users/oleksandr.mekhovov/work/my_projects/go_test/.cache/worktrees/soundtrack-v3-latest/scripts/test-build-soundtrack-archive.mjs:310:5)
    async Test.run (node:internal/test_runner/test:797:9)
    async Test.processPendingSubtests (node:internal/test_runner/test:526:7)
  ...
# Subtest: existing output is never replaced, even for an empty publication
ok 10 - existing output is never replaced, even for an empty publication
  ---
  duration_ms: 7.499584
  ...
# Subtest: output rejects cache-root, traversal and symlink escapes
ok 11 - output rejects cache-root, traversal and symlink escapes
  ---
  duration_ms: 7.202125
  ...
# Subtest: admission refuses non-project archive https://other.github.io/revealline-soundtracks-1/
ok 12 - admission refuses non-project archive https://other.github.io/revealline-soundtracks-1/
  ---
  duration_ms: 6.81375
  ...
# Subtest: admission refuses non-project archive https://mekhovov.github.io/other-1/
ok 13 - admission refuses non-project archive https://mekhovov.github.io/other-1/
  ---
  duration_ms: 4.951375
  ...
# Subtest: admission refuses non-project archive https://mekhovov.github.io/revealline-soundtracks-1/?q=x
ok 14 - admission refuses non-project archive https://mekhovov.github.io/revealline-soundtracks-1/?q=x
  ---
  duration_ms: 4.996542
  ...
# Subtest: admission refuses non-project archive http://mekhovov.github.io/revealline-soundtracks-1/
ok 15 - admission refuses non-project archive http://mekhovov.github.io/revealline-soundtracks-1/
  ---
  duration_ms: 5.517792
  ...
# Subtest: hard bounds include all payload files and reserve 1 GiB
ok 16 - hard bounds include all payload files and reserve 1 GiB
  ---
  duration_ms: 0.235333
  ...
# Subtest: low free-space preflight creates no output
not ok 17 - low free-space preflight creates no output
  ---
  duration_ms: 6.86825
  location: '/Users/oleksandr.mekhovov/work/my_projects/go_test/.cache/worktrees/soundtrack-v3-latest/scripts/test-build-soundtrack-archive.mjs:373:1'
  failureType: 'testCodeFailure'
  error: |-
    The input did not match the regular expression /1 GiB/. Input:
    
    "Error [ERR_MODULE_NOT_FOUND]: Cannot find module '/private/tmp/soundtrack-archive-APEdSn/game/content/soundtrack-catalogue.mjs' imported from /private/tmp/soundtrack-archive-APEdSn/game/soundtrack.mjs"
    
  code: 'ERR_ASSERTION'
  name: 'AssertionError'
  expected:
  actual:
  error: "Cannot find module '/private/tmp/soundtrack-archive-APEdSn/game/content/soundtrack-catalogue.mjs' imported from /private/tmp/soundtrack-archive-APEdSn/game/soundtrack.mjs"
  stack: |-
    finalizeResolution (node:internal/modules/esm/resolve:283:11)
    moduleResolve (node:internal/modules/esm/resolve:952:10)
    defaultResolve (node:internal/modules/esm/resolve:1188:11)
    ModuleLoader.defaultResolve (node:internal/modules/esm/loader:708:12)
    #cachedDefaultResolve (node:internal/modules/esm/loader:657:25)
    ModuleLoader.resolve (node:internal/modules/esm/loader:640:38)
    ModuleLoader.getModuleJobForImport (node:internal/modules/esm/loader:264:38)
    ModuleJob._link (node:internal/modules/esm/module_job:168:49)
  operator: 'rejects'
  stack: |-
    async TestContext.<anonymous> (file:///Users/oleksandr.mekhovov/work/my_projects/go_test/.cache/worktrees/soundtrack-v3-latest/scripts/test-build-soundtrack-archive.mjs:376:3)
    async Test.run (node:internal/test_runner/test:797:9)
    async Test.processPendingSubtests (node:internal/test_runner/test:526:7)
  ...
# Subtest: a failed write removes only its own new staging directory
not ok 18 - a failed write removes only its own new staging directory
  ---
  duration_ms: 6.256708
  location: '/Users/oleksandr.mekhovov/work/my_projects/go_test/.cache/worktrees/soundtrack-v3-latest/scripts/test-build-soundtrack-archive.mjs:380:1'
  failureType: 'testCodeFailure'
  error: |-
    The input did not match the regular expression /simulated write failure/. Input:
    
    "Error [ERR_MODULE_NOT_FOUND]: Cannot find module '/private/tmp/soundtrack-archive-scQyD6/game/content/soundtrack-catalogue.mjs' imported from /private/tmp/soundtrack-archive-scQyD6/game/soundtrack.mjs"
    
  code: 'ERR_ASSERTION'
  name: 'AssertionError'
  expected:
  actual:
  error: "Cannot find module '/private/tmp/soundtrack-archive-scQyD6/game/content/soundtrack-catalogue.mjs' imported from /private/tmp/soundtrack-archive-scQyD6/game/soundtrack.mjs"
  stack: |-
    finalizeResolution (node:internal/modules/esm/resolve:283:11)
    moduleResolve (node:internal/modules/esm/resolve:952:10)
    defaultResolve (node:internal/modules/esm/resolve:1188:11)
    ModuleLoader.defaultResolve (node:internal/modules/esm/loader:708:12)
    #cachedDefaultResolve (node:internal/modules/esm/loader:657:25)
    ModuleLoader.resolve (node:internal/modules/esm/loader:640:38)
    ModuleLoader.getModuleJobForImport (node:internal/modules/esm/loader:264:38)
    ModuleJob._link (node:internal/modules/esm/module_job:168:49)
  operator: 'rejects'
  stack: |-
    async TestContext.<anonymous> (file:///Users/oleksandr.mekhovov/work/my_projects/go_test/.cache/worktrees/soundtrack-v3-latest/scripts/test-build-soundtrack-archive.mjs:389:3)
    async Test.run (node:internal/test_runner/test:797:9)
    async Test.processPendingSubtests (node:internal/test_runner/test:526:7)
  ...
# Subtest: CLI help and empty-publication staging are read-only and never invoke publication
not ok 19 - CLI help and empty-publication staging are read-only and never invoke publication
  ---
  duration_ms: 199.905917
  location: '/Users/oleksandr.mekhovov/work/my_projects/go_test/.cache/worktrees/soundtrack-v3-latest/scripts/test-build-soundtrack-archive.mjs:394:1'
  failureType: 'testCodeFailure'
  error: |-
    Command failed: /Users/oleksandr.mekhovov/.local/share/mise/installs/node/20.19.5/bin/node /Users/oleksandr.mekhovov/work/my_projects/go_test/.cache/worktrees/soundtrack-v3-latest/scripts/build-soundtrack-archive.mjs --root /private/tmp/soundtrack-archive-RnrWfE --archive-id soundtracks.1 --base-url https://mekhovov.github.io/revealline-soundtracks-1/ --out .cache/archive-1
    Cannot find module '/private/tmp/soundtrack-archive-RnrWfE/game/content/soundtrack-catalogue.mjs' imported from /private/tmp/soundtrack-archive-RnrWfE/game/soundtrack.mjs
    
  code: 1
  stack: |-
    genericNodeError (node:internal/errors:984:15)
    wrappedFn (node:internal/errors:538:14)
    ChildProcess.exithandler (node:child_process:422:12)
    ChildProcess.emit (node:events:524:28)
    maybeClose (node:internal/child_process:1104:16)
    ChildProcess._handle.onexit (node:internal/child_process:304:5)
  ...
1..19
# tests 19
# suites 0
# pass 7
# fail 12
# cancelled 0
# skipped 0
# todo 0
# duration_ms 657.844
