TAP version 13
# Subtest: exact JSON byte boundary accepts null and booleans and rejects one byte less
ok 1 - exact JSON byte boundary accepts null and booleans and rejects one byte less
  ---
  duration_ms: 2.946542
  ...
# Subtest: exact JSON byte boundary accepts numbers including zero and exponents and rejects one byte less
ok 2 - exact JSON byte boundary accepts numbers including zero and exponents and rejects one byte less
  ---
  duration_ms: 0.471167
  ...
# Subtest: exact JSON byte boundary accepts empty and nested containers and rejects one byte less
ok 3 - exact JSON byte boundary accepts empty and nested containers and rejects one byte less
  ---
  duration_ms: 0.496
  ...
# Subtest: exact JSON byte boundary accepts Unicode text and keys and rejects one byte less
ok 4 - exact JSON byte boundary accepts Unicode text and keys and rejects one byte less
  ---
  duration_ms: 0.097084
  ...
# Subtest: exact JSON byte boundary accepts escaped text and keys and rejects one byte less
ok 5 - exact JSON byte boundary accepts escaped text and keys and rejects one byte less
  ---
  duration_ms: 0.074
  ...
# Subtest: exact JSON byte boundary accepts lone surrogate text and keys and rejects one byte less
ok 6 - exact JSON byte boundary accepts lone surrogate text and keys and rejects one byte less
  ---
  duration_ms: 0.064625
  ...
# Subtest: many short array values use their serialized bytes without charging index keys
ok 7 - many short array values use their serialized bytes without charging index keys
  ---
  duration_ms: 14.1935
  ...
# Subtest: the default 4 MiB ceiling still accepts exactly the limit and rejects one byte over
ok 8 - the default 4 MiB ceiling still accepts exactly the limit and rejects one byte over
  ---
  duration_ms: 145.136292
  ...
# Subtest: untrusted getters and toJSON hooks are rejected without invocation
ok 9 - untrusted getters and toJSON hooks are rejected without invocation
  ---
  duration_ms: 0.24575
  ...
# Subtest: exact byte accounting retains structural and shape protections
ok 10 - exact byte accounting retains structural and shape protections
  ---
  duration_ms: 0.312125
  ...
1..10
# tests 10
# suites 0
# pass 10
# fail 0
# cancelled 0
# skipped 0
# todo 0
# duration_ms 383.209458
