TAP version 13
# Subtest: exact JSON byte boundary accepts null and booleans and rejects one byte less
not ok 1 - exact JSON byte boundary accepts null and booleans and rejects one byte less
  ---
  duration_ms: 1.146125
  location: '/Users/oleksandr.mekhovov/work/my_projects/go_test_cross_mode/.cache/cross-mode/p01/v0572/exact-source/first-failure/accounting-proposal/before/game/test/data-json.test.mjs:15:3'
  failureType: 'testCodeFailure'
  error: 'JSON exceeds its byte budget.'
  code: 'ERR_TEST_FAILURE'
  name: 'TypeError'
  stack: |-
    add (file:///Users/oleksandr.mekhovov/work/my_projects/go_test_cross_mode/.cache/cross-mode/p01/v0572/exact-source/first-failure/accounting-proposal/before/game/data-json.mjs:36:32)
    copy (file:///Users/oleksandr.mekhovov/work/my_projects/go_test_cross_mode/.cache/cross-mode/p01/v0572/exact-source/first-failure/accounting-proposal/before/game/data-json.mjs:42:7)
    copy (file:///Users/oleksandr.mekhovov/work/my_projects/go_test_cross_mode/.cache/cross-mode/p01/v0572/exact-source/first-failure/accounting-proposal/before/game/data-json.mjs:81:18)
    boundedJSON (file:///Users/oleksandr.mekhovov/work/my_projects/go_test_cross_mode/.cache/cross-mode/p01/v0572/exact-source/first-failure/accounting-proposal/before/game/data-json.mjs:89:18)
    TestContext.<anonymous> (file:///Users/oleksandr.mekhovov/work/my_projects/go_test_cross_mode/.cache/cross-mode/p01/v0572/exact-source/first-failure/accounting-proposal/before/game/test/data-json.test.mjs:17:22)
    Test.runInAsyncScope (node:async_hooks:206:9)
    Test.run (node:internal/test_runner/test:796:25)
    Test.processPendingSubtests (node:internal/test_runner/test:526:18)
    node:internal/test_runner/harness:255:12
    node:internal/process/task_queues:140:7
  ...
# Subtest: exact JSON byte boundary accepts numbers including zero and exponents and rejects one byte less
not ok 2 - exact JSON byte boundary accepts numbers including zero and exponents and rejects one byte less
  ---
  duration_ms: 0.173
  location: '/Users/oleksandr.mekhovov/work/my_projects/go_test_cross_mode/.cache/cross-mode/p01/v0572/exact-source/first-failure/accounting-proposal/before/game/test/data-json.test.mjs:15:3'
  failureType: 'testCodeFailure'
  error: 'JSON exceeds its byte budget.'
  code: 'ERR_TEST_FAILURE'
  name: 'TypeError'
  stack: |-
    add (file:///Users/oleksandr.mekhovov/work/my_projects/go_test_cross_mode/.cache/cross-mode/p01/v0572/exact-source/first-failure/accounting-proposal/before/game/data-json.mjs:36:32)
    copy (file:///Users/oleksandr.mekhovov/work/my_projects/go_test_cross_mode/.cache/cross-mode/p01/v0572/exact-source/first-failure/accounting-proposal/before/game/data-json.mjs:47:7)
    copy (file:///Users/oleksandr.mekhovov/work/my_projects/go_test_cross_mode/.cache/cross-mode/p01/v0572/exact-source/first-failure/accounting-proposal/before/game/data-json.mjs:81:18)
    boundedJSON (file:///Users/oleksandr.mekhovov/work/my_projects/go_test_cross_mode/.cache/cross-mode/p01/v0572/exact-source/first-failure/accounting-proposal/before/game/data-json.mjs:89:18)
    TestContext.<anonymous> (file:///Users/oleksandr.mekhovov/work/my_projects/go_test_cross_mode/.cache/cross-mode/p01/v0572/exact-source/first-failure/accounting-proposal/before/game/test/data-json.test.mjs:17:22)
    Test.runInAsyncScope (node:async_hooks:206:9)
    Test.run (node:internal/test_runner/test:796:25)
    Test.processPendingSubtests (node:internal/test_runner/test:526:18)
    Test.postRun (node:internal/test_runner/test:889:19)
    Test.run (node:internal/test_runner/test:835:12)
  ...
# Subtest: exact JSON byte boundary accepts empty and nested containers and rejects one byte less
not ok 3 - exact JSON byte boundary accepts empty and nested containers and rejects one byte less
  ---
  duration_ms: 0.077125
  location: '/Users/oleksandr.mekhovov/work/my_projects/go_test_cross_mode/.cache/cross-mode/p01/v0572/exact-source/first-failure/accounting-proposal/before/game/test/data-json.test.mjs:15:3'
  failureType: 'testCodeFailure'
  error: 'JSON exceeds its byte budget.'
  code: 'ERR_TEST_FAILURE'
  name: 'TypeError'
  stack: |-
    add (file:///Users/oleksandr.mekhovov/work/my_projects/go_test_cross_mode/.cache/cross-mode/p01/v0572/exact-source/first-failure/accounting-proposal/before/game/data-json.mjs:36:32)
    copy (file:///Users/oleksandr.mekhovov/work/my_projects/go_test_cross_mode/.cache/cross-mode/p01/v0572/exact-source/first-failure/accounting-proposal/before/game/data-json.mjs:80:7)
    copy (file:///Users/oleksandr.mekhovov/work/my_projects/go_test_cross_mode/.cache/cross-mode/p01/v0572/exact-source/first-failure/accounting-proposal/before/game/data-json.mjs:81:18)
    copy (file:///Users/oleksandr.mekhovov/work/my_projects/go_test_cross_mode/.cache/cross-mode/p01/v0572/exact-source/first-failure/accounting-proposal/before/game/data-json.mjs:81:18)
    copy (file:///Users/oleksandr.mekhovov/work/my_projects/go_test_cross_mode/.cache/cross-mode/p01/v0572/exact-source/first-failure/accounting-proposal/before/game/data-json.mjs:81:18)
    boundedJSON (file:///Users/oleksandr.mekhovov/work/my_projects/go_test_cross_mode/.cache/cross-mode/p01/v0572/exact-source/first-failure/accounting-proposal/before/game/data-json.mjs:89:18)
    TestContext.<anonymous> (file:///Users/oleksandr.mekhovov/work/my_projects/go_test_cross_mode/.cache/cross-mode/p01/v0572/exact-source/first-failure/accounting-proposal/before/game/test/data-json.test.mjs:17:22)
    Test.runInAsyncScope (node:async_hooks:206:9)
    Test.run (node:internal/test_runner/test:796:25)
    Test.processPendingSubtests (node:internal/test_runner/test:526:18)
  ...
# Subtest: exact JSON byte boundary accepts Unicode text and keys and rejects one byte less
ok 4 - exact JSON byte boundary accepts Unicode text and keys and rejects one byte less
  ---
  duration_ms: 1.821541
  ...
# Subtest: exact JSON byte boundary accepts escaped text and keys and rejects one byte less
ok 5 - exact JSON byte boundary accepts escaped text and keys and rejects one byte less
  ---
  duration_ms: 0.090958
  ...
# Subtest: exact JSON byte boundary accepts lone surrogate text and keys and rejects one byte less
ok 6 - exact JSON byte boundary accepts lone surrogate text and keys and rejects one byte less
  ---
  duration_ms: 0.074209
  ...
# Subtest: many short array values use their serialized bytes without charging index keys
not ok 7 - many short array values use their serialized bytes without charging index keys
  ---
  duration_ms: 1.76275
  location: '/Users/oleksandr.mekhovov/work/my_projects/go_test_cross_mode/.cache/cross-mode/p01/v0572/exact-source/first-failure/accounting-proposal/before/game/test/data-json.test.mjs:22:1'
  failureType: 'testCodeFailure'
  error: 'JSON exceeds its byte budget.'
  code: 'ERR_TEST_FAILURE'
  name: 'TypeError'
  stack: |-
    add (file:///Users/oleksandr.mekhovov/work/my_projects/go_test_cross_mode/.cache/cross-mode/p01/v0572/exact-source/first-failure/accounting-proposal/before/game/data-json.mjs:36:32)
    copy (file:///Users/oleksandr.mekhovov/work/my_projects/go_test_cross_mode/.cache/cross-mode/p01/v0572/exact-source/first-failure/accounting-proposal/before/game/data-json.mjs:47:7)
    copy (file:///Users/oleksandr.mekhovov/work/my_projects/go_test_cross_mode/.cache/cross-mode/p01/v0572/exact-source/first-failure/accounting-proposal/before/game/data-json.mjs:81:18)
    boundedJSON (file:///Users/oleksandr.mekhovov/work/my_projects/go_test_cross_mode/.cache/cross-mode/p01/v0572/exact-source/first-failure/accounting-proposal/before/game/data-json.mjs:89:18)
    TestContext.<anonymous> (file:///Users/oleksandr.mekhovov/work/my_projects/go_test_cross_mode/.cache/cross-mode/p01/v0572/exact-source/first-failure/accounting-proposal/before/game/test/data-json.test.mjs:26:20)
    Test.runInAsyncScope (node:async_hooks:206:9)
    Test.run (node:internal/test_runner/test:796:25)
    Test.processPendingSubtests (node:internal/test_runner/test:526:18)
    Test.postRun (node:internal/test_runner/test:889:19)
    Test.run (node:internal/test_runner/test:835:12)
  ...
# Subtest: the default 4 MiB ceiling still accepts exactly the limit and rejects one byte over
ok 8 - the default 4 MiB ceiling still accepts exactly the limit and rejects one byte over
  ---
  duration_ms: 142.958708
  ...
# Subtest: untrusted getters and toJSON hooks are rejected without invocation
ok 9 - untrusted getters and toJSON hooks are rejected without invocation
  ---
  duration_ms: 0.245125
  ...
# Subtest: exact byte accounting retains structural and shape protections
ok 10 - exact byte accounting retains structural and shape protections
  ---
  duration_ms: 0.298167
  ...
1..10
# tests 10
# suites 0
# pass 6
# fail 4
# cancelled 0
# skipped 0
# todo 0
# duration_ms 269.673333
