TAP version 13
# Subtest: real paired-board host loads the authored gentle opening with one original and equal rules
ok 1 - real paired-board host loads the authored gentle opening with one original and equal rules
  ---
  duration_ms: 3129.948959
  ...
# Subtest: real paired-board host loads the authored standard opening with one original and equal rules
ok 2 - real paired-board host loads the authored standard opening with one original and equal rules
  ---
  duration_ms: 2965.232709
  ...
# Subtest: real paired-board host loads the authored expert opening with one original and equal rules
ok 3 - real paired-board host loads the authored expert opening with one original and equal rules
  ---
  duration_ms: 2750.734291
  ...
# Next picture preparation failed. TypeError: Artwork failed to load without redirection.
#     at required (file:///Users/oleksandr.mekhovov/work/my_projects/go_test/.cache/worktrees/journey-couch-music/game/data-json.mjs:103:25)
#     at file:///Users/oleksandr.mekhovov/work/my_projects/go_test/.cache/worktrees/journey-couch-music/game/content-design/assets.mjs:110:9
#     at async loadPreviewArtwork (file:///Users/oleksandr.mekhovov/work/my_projects/go_test/.cache/worktrees/journey-couch-music/game/content-design/assets.mjs:99:12)
#     at async acquireCandidatePicture (file:///Users/oleksandr.mekhovov/work/my_projects/go_test/.cache/worktrees/journey-couch-music/game/content-design/picture.mjs:52:17)
#     at async Object.stage (file:///Users/oleksandr.mekhovov/work/my_projects/go_test/.cache/worktrees/journey-couch-music/game/couch/candidate-pictures.mjs:64:22)
#     at async prepareNext (file:///Users/oleksandr.mekhovov/work/my_projects/go_test/.cache/worktrees/journey-couch-music/game/couch/couch.mjs?navigation=4:850:15)
#     at async startRace (file:///Users/oleksandr.mekhovov/work/my_projects/go_test/.cache/worktrees/journey-couch-music/game/couch/couch.mjs?navigation=4:1001:24)
#     at async chooseMission (file:///Users/oleksandr.mekhovov/work/my_projects/go_test/.cache/worktrees/journey-couch-music/game/couch/couch.mjs?navigation=4:1298:7)
# Subtest: authored Versus preserves both previous boards and original when Next artwork fails
ok 4 - authored Versus preserves both previous boards and original when Next artwork fails
  ---
  duration_ms: 2662.483708
  ...
# Subtest: Versus Skip requires two actions and flat chooser can launch an island mission
ok 5 - Versus Skip requires two actions and flat chooser can launch an island mission
  ---
  duration_ms: 1057.090458
  ...
# Subtest: controller can open and leave the flat chooser without starting or clearing a race
ok 6 - controller can open and leave the flat chooser without starting or clearing a race
  ---
  duration_ms: 713.449167
  ...
# Subtest: authored races ignore the Legacy timer and do not mint an idle clear after ninety seconds
ok 7 - authored races ignore the Legacy timer and do not mint an idle clear after ninety seconds
  ---
  duration_ms: 2668.26825
  ...
# Subtest: Versus difficulty has truthful session-only export and retry without changing current boards
ok 8 - Versus difficulty has truthful session-only export and retry without changing current boards
  ---
  duration_ms: 622.298959
  ...
# Subtest: changed next-preset intent cancels a held race decode without retiring either active board
ok 9 - changed next-preset intent cancels a held race decode without retiring either active board
  ---
  duration_ms: 1010.146834
  ...
# Subtest: all nine authored Versus races continue directly, retain equal checkpoints and separate durable receipts
ok 10 - all nine authored Versus races continue directly, retain equal checkpoints and separate durable receipts
  ---
  duration_ms: 8866.761459
  ...
# Subtest: Versus keyboard master controls persist only the shared record; Team and another Versus restore without autoplay
    # Subtest: actual Versus controls
    ok 1 - actual Versus controls
      ---
      duration_ms: 1718.107583
      ...
    # Subtest: fresh Team receives settings, not music or progress
    ok 2 - fresh Team receives settings, not music or progress
      ---
      duration_ms: 47.958625
      ...
    # Subtest: fresh Versus restores without context creation or playing
    ok 3 - fresh Versus restores without context creation or playing
      ---
      duration_ms: 1565.613125
      ...
    1..3
ok 11 - Versus keyboard master controls persist only the shared record; Team and another Versus restore without autoplay
  ---
  duration_ms: 3333.323417
  ...
# Subtest: Versus starts muted, then master edits preserve active music intent and a paused duel checkpoint
ok 12 - Versus starts muted, then master edits preserve active music intent and a paused duel checkpoint
  ---
  duration_ms: 2159.257167
  ...
# Subtest: Versus controller edits the actual master slider without starting either board
ok 13 - Versus controller edits the actual master slider without starting either board
  ---
  duration_ms: 1581.004792
  ...
# Subtest: Team keyboard master edits remain accessible while paused and preserve its live board and unrelated feedback
ok 14 - Team keyboard master edits remain accessible while paused and preserve its live board and unrelated feedback
  ---
  duration_ms: 289.486
  ...
# Subtest: Team keeps its sound explanation through saved edits, storage failure and recovery without starting play
ok 15 - Team keeps its sound explanation through saved edits, storage failure and recovery without starting play
  ---
  duration_ms: 188.5415
  ...
# Subtest: Versus sound edits survive paused Help pan and keyboard return without replacing audio feedback
ok 16 - Versus sound edits survive paused Help pan and keyboard return without replacing audio feedback
  ---
  duration_ms: 2112.561917
  ...
# Subtest: Team sound edits survive paused Help pan and keyboard return without replacing audio feedback
ok 17 - Team sound edits survive paused Help pan and keyboard return without replacing audio feedback
  ---
  duration_ms: 188.920375
  ...
# Subtest: Team: actual music library returns through Audio Settings and Pause survives first Start
ok 18 - Team: actual music library returns through Audio Settings and Pause survives first Start
  ---
  duration_ms: 63.594792
  ...
# Subtest: Team: actual Music Play stays muted and session volume does not rewrite master or Solo profile
ok 19 - Team: actual Music Play stays muted and session volume does not rewrite master or Solo profile
  ---
  duration_ms: 50.339417
  ...
# Subtest: Versus: actual music library returns through Audio Settings and Pause survives first Start
ok 20 - Versus: actual music library returns through Audio Settings and Pause survives first Start
  ---
  duration_ms: 1480.632167
  ...
# Subtest: Versus: actual Music Play stays muted and session volume does not rewrite master or Solo profile
ok 21 - Versus: actual Music Play stays muted and session volume does not rewrite master or Solo profile
  ---
  duration_ms: 1434.668833
  ...
# Subtest: Team: saved shared MP3 loads silently and foreground restoration retains explicit Pause
ok 22 - Team: saved shared MP3 loads silently and foreground restoration retains explicit Pause
  ---
  duration_ms: 56.301417
  ...
# Subtest: Team: modeled controller owns the nested music library and Back returns to its opener
ok 23 - Team: modeled controller owns the nested music library and Back returns to its opener
  ---
  duration_ms: 178.968083
  ...
# Subtest: Versus: saved shared MP3 loads silently and foreground restoration retains explicit Pause
ok 24 - Versus: saved shared MP3 loads silently and foreground restoration retains explicit Pause
  ---
  duration_ms: 1502.473708
  ...
# Subtest: Versus: modeled controller owns the nested music library and Back returns to its opener
ok 25 - Versus: modeled controller owns the nested music library and Back returns to its opener
  ---
  duration_ms: 2754.542667
  ...
# Subtest: Versus: Pause music before Start preserves actual cut sound effects without starting music
ok 26 - Versus: Pause music before Start preserves actual cut sound effects without starting music
  ---
  duration_ms: 1703.02675
  ...
# Subtest: a failed music assignment replaces pending status with its actionable error
ok 27 - a failed music assignment replaces pending status with its actionable error
  ---
  duration_ms: 1.822209
  ...
# Subtest: Journey music library keeps keyboard Back, paused boards and chooser ownership
ok 28 - Journey music library keeps keyboard Back, paused boards and chooser ownership
  ---
  duration_ms: 753.246
  ...
# Subtest: all authored Versus presets share exact Solo music assignment identity without changing the execution
ok 29 - all authored Versus presets share exact Solo music assignment identity without changing the execution
  ---
  duration_ms: 1016.2905
  ...
# Subtest: untimed races explicitly version the match while timed v1 rejects zero and remains the default
ok 30 - untimed races explicitly version the match while timed v1 rejects zero and remains the default
  ---
  duration_ms: 16.25275
  ...
# Subtest: idle untimed boards continue beyond the historical deadline and pause without losing continuation
ok 31 - idle untimed boards continue beyond the historical deadline and pause without losing continuation
  ---
  duration_ms: 123.07475
  ...
# Subtest: untimed simultaneous first clears retain exact timed-board checkpoints and replay verification
ok 32 - untimed simultaneous first clears retain exact timed-board checkpoints and replay verification
  ---
  duration_ms: 110.3295
  ...
# Subtest: untimed first clear wins over an idle rival and finished matches cannot advance
ok 33 - untimed first clear wins over an idle rival and finished matches cannot advance
  ---
  duration_ms: 22.716416
  ...
# Subtest: untimed both-ended adjudication ranks coverage without reporting a timer expiry
ok 34 - untimed both-ended adjudication ranks coverage without reporting a timer expiry
  ---
  duration_ms: 2.602333
  ...
# Subtest: untimed input packets require explicit matching protocol context and cannot cross into legacy matches
ok 35 - untimed input packets require explicit matching protocol context and cannot cross into legacy matches
  ---
  duration_ms: 2.450167
  ...
1..35
# tests 38
# suites 0
# pass 38
# fail 0
# cancelled 0
# skipped 0
# todo 0
# duration_ms 76634.262334
