{
  "status": "PREPARED_AUTHORITY_ONLY",
  "base": "https://mekhovov.github.io/revealline/",
  "currentVersion": "v0.60.8",
  "gameSourceRevision": "a7fd646e40bd93268f56b714fdc5d8aa9b0b1f67",
  "qualifiedSourceTree": "fffcf886b4f1a0000fbfd062a931bbe1cb0fef64",
  "controllerCommit": "36d9e9fa14601ae1ae11a737dda0279e27f909da",
  "controllerTree": "5af98e177d58b102d805041341901e682a55370b",
  "deploymentId": 6515753918,
  "runId": 35296490635,
  "bindingSha256": "aa10cdad5b758454c20aef7d65aa906284839e60051bb099686c3971b3057b51",
  "artifactReceiptSha256": "43a2a8d94ca10464dbd5bfc5105d40d551543234cf958521f530f0dffbcad975",
  "expectedInventorySha256": "03b711372c886232d10fece04aa6f6aae362bf97672a4db9deb72a89043b0b76",
  "configurationSha256": "1e3ba9f898069165d57320f046826bd53f6c153b5bcf3aa6d0ef4ed84eb32b9f",
  "catalogSha256": "773f4c8f28622778b562dc86dc26b83c5f003e381cfeaa731259a036156fedf1",
  "visibleFrozenVersions": [
    "v0.1.0",
    "v0.1.1",
    "v0.1.2",
    "v0.10.0",
    "v0.11.0",
    "v0.12.0",
    "v0.13.0",
    "v0.14.0",
    "v0.15.0",
    "v0.16.0",
    "v0.17.0",
    "v0.17.1",
    "v0.18.0",
    "v0.19.0",
    "v0.2.0",
    "v0.2.1",
    "v0.20.0",
    "v0.21.0",
    "v0.22.0",
    "v0.23.0",
    "v0.24.0",
    "v0.25.0",
    "v0.26.0",
    "v0.27.0",
    "v0.28.0",
    "v0.29.0",
    "v0.29.1",
    "v0.29.2",
    "v0.3.0",
    "v0.30.0",
    "v0.31.0",
    "v0.32.0",
    "v0.33.0",
    "v0.34.0",
    "v0.35.0",
    "v0.36.0",
    "v0.37.0",
    "v0.38.0",
    "v0.39.0",
    "v0.4.0",
    "v0.4.1",
    "v0.40.0",
    "v0.41.0",
    "v0.42.0",
    "v0.44.0",
    "v0.45.0",
    "v0.46.0",
    "v0.47.0",
    "v0.48.0",
    "v0.49.0",
    "v0.5.0",
    "v0.50.0",
    "v0.51.0",
    "v0.52.0",
    "v0.54.0",
    "v0.55.0",
    "v0.56.0",
    "v0.57.0",
    "v0.57.1",
    "v0.57.2",
    "v0.57.3",
    "v0.57.4",
    "v0.58.0",
    "v0.58.1",
    "v0.59.0",
    "v0.59.1",
    "v0.6.0",
    "v0.60.0",
    "v0.60.1",
    "v0.60.2",
    "v0.60.3",
    "v0.60.4",
    "v0.60.5",
    "v0.60.6",
    "v0.60.7",
    "v0.60.8",
    "v0.7.0",
    "v0.8.0",
    "v0.9.0"
  ],
  "comparisonOnlyVersions": [],
  "files": 2872,
  "expectedBytes": 640294864,
  "hiddenFiles": [
    ".nojekyll",
    ".xonix-build.json",
    "releases/v0.60.8/site/.xonix-build.json"
  ],
  "networkRequests": 0,
  "outputWrites": 0,
  "publicAcceptance": false
}
