{
  "directory": "/Users/oleksandr.mekhovov/work/my_projects/go_test/.cache/p03-missions-public-audit-a7fd646e/hosted-observation-after-1",
  "run": {
    "id": 35296490635,
    "status": "completed",
    "conclusion": "success",
    "head_sha": "36d9e9fa14601ae1ae11a737dda0279e27f909da"
  },
  "jobs": [
    {
      "id": 105449984169,
      "name": "assemble",
      "status": "completed",
      "conclusion": "success"
    },
    {
      "id": 105450493062,
      "name": "deploy",
      "status": "completed",
      "conclusion": "success"
    }
  ],
  "artifacts": [
    {
      "id": 10528003825,
      "name": "github-pages",
      "size_in_bytes": 528740483,
      "digest": "sha256:fbaab84a3020883afbf0e4f74e0eff198672539a9be4de1615a1369c07324692"
    },
    {
      "id": 10527479466,
      "name": "frozen-pages-receipts",
      "size_in_bytes": 136036,
      "digest": "sha256:7d9405f81c66fd80bf574b67788ceae2effcefc23b56e21eb3c6a5e5cf42804a"
    }
  ],
  "deployment": {
    "id": 6515753918,
    "sha": "36d9e9fa14601ae1ae11a737dda0279e27f909da",
    "environment": "github-pages"
  },
  "latestStatus": {
    "id": 18503991515,
    "state": "success",
    "log_url": "https://github.com/mekhovov/revealline/actions/runs/35296490635/job/105450493062",
    "environment_url": "https://mekhovov.github.io/revealline/"
  }
}
