{
  "status": "PASS",
  "base": "https://mekhovov.github.io/revealline/",
  "currentVersion": "v0.57.0",
  "gameSourceRevision": "b7db0134d4ede3452dc90b5d3f7ffb1491a0579b",
  "qualifiedSourceTree": "7cd40e4ef8bf975e7eb2795cdd2669aa18811a57",
  "controllerCommit": "74f289510617603c28768bb3f6bfd8e9f7a72cdd",
  "controllerTree": "8d8173c2f14effcac2e63b8cec22848943d88110",
  "deploymentId": 6458234240,
  "runId": 34965929587,
  "bindingSha256": "1012ce11b82893c75e3c20bbbd0efeda71e1a5dd92100ef1fa46f51b78f1445e",
  "artifactReceiptSha256": "d5dd1b24e699d40145f116525b6397674a4cc957e18f30089ae477852d5eef86",
  "expectedInventorySha256": "6c6ceaeedb3cc7c6b7c531fe810959452f59c4c713ac36b17445130fbb2d98e5",
  "configurationSha256": "21637008b98ad252f618a49f376ff2a35d1ec7b72d34db615012f509ced9d4e8",
  "catalogSha256": "aed42caac670f9540c7af76bfbb61f3e9546346cde11c555a447c1cf90e13178",
  "visibleFrozenVersions": [
    "v0.1.0",
    "v0.1.1",
    "v0.1.2",
    "v0.10.0",
    "v0.11.0",
    "v0.12.0",
    "v0.13.0",
    "v0.14.0",
    "v0.15.0",
    "v0.16.0",
    "v0.17.0",
    "v0.17.1",
    "v0.18.0",
    "v0.19.0",
    "v0.2.0",
    "v0.2.1",
    "v0.20.0",
    "v0.21.0",
    "v0.22.0",
    "v0.23.0",
    "v0.24.0",
    "v0.25.0",
    "v0.26.0",
    "v0.27.0",
    "v0.28.0",
    "v0.29.0",
    "v0.29.1",
    "v0.29.2",
    "v0.3.0",
    "v0.30.0",
    "v0.31.0",
    "v0.32.0",
    "v0.33.0",
    "v0.34.0",
    "v0.35.0",
    "v0.36.0",
    "v0.37.0",
    "v0.38.0",
    "v0.39.0",
    "v0.4.0",
    "v0.4.1",
    "v0.40.0",
    "v0.41.0",
    "v0.42.0",
    "v0.44.0",
    "v0.45.0",
    "v0.46.0",
    "v0.47.0",
    "v0.48.0",
    "v0.49.0",
    "v0.5.0",
    "v0.50.0",
    "v0.51.0",
    "v0.52.0",
    "v0.54.0",
    "v0.55.0",
    "v0.56.0",
    "v0.57.0",
    "v0.6.0",
    "v0.7.0",
    "v0.8.0",
    "v0.9.0"
  ],
  "comparisonOnlyVersions": [],
  "startedAt": "2026-09-15T12:01:27.839Z",
  "finishedAt": "2026-09-15T12:03:26.380Z",
  "mode": "full",
  "fullInventoryFiles": 2373,
  "files": 2373,
  "completedFiles": 2373,
  "expectedBytes": 636426379,
  "verifiedBytes": 636426379,
  "failedFiles": 0,
  "retries": 0,
  "skipped": [],
  "uninspectedFiles": 0,
  "allArtifactBodiesVerified": true,
  "criticalBrowserSmokeMayStart": false,
  "concurrency": 8,
  "requestTimeoutMs": 300000,
  "attemptsPerBody": 3,
  "sourcePinsUnchanged": true,
  "changedAuthorities": [],
  "failures": [],
  "runnerPins": [
    {
      "file": "/Users/oleksandr.mekhovov/work/my_projects/go_test_cross_mode/.cache/cross-mode/p01/public-audit-r4/audit-main.mjs",
      "sha256": "054a177fb5c84b4f2df8b1b29301b3b1e793e1ab54de8f5e72c0b5da17b9f987"
    },
    {
      "file": "/Users/oleksandr.mekhovov/work/my_projects/go_test_cross_mode/.cache/cross-mode/p01/public-audit-r4/http-engine.mjs",
      "sha256": "7660dd3ac7453bc31f6ba26e005340dd719986ac7fc1a29bd42b30db71b81c6d"
    },
    {
      "file": "/Users/oleksandr.mekhovov/work/my_projects/go_test_cross_mode/.cache/cross-mode/p01/public-audit-r4/retained-catalog.json",
      "sha256": "405e397691d8fd37bbf3bc13b2b013eba9f2af64fb1c5a245260e2202e8f5abd"
    }
  ],
  "rootGraphAndAliasesAndWorkersIncluded": true,
  "retainedHistoricalBridgesIncluded": true,
  "publicBrowserAcceptance": false,
  "boundaries": "Decoded HTTP bodies and required MIME only. Critical mode is partial; even a full pass does not prove browser play, offline, storage, migration or physical-device behavior. Pinned deployment snapshots are historical evidence, not a live API polling claim."
}
