{
  "status": "PASS",
  "base": "https://mekhovov.github.io/revealline/",
  "currentVersion": "v0.60.6",
  "gameSourceRevision": "9c89f997cdbf0c8266fa65247832dcf2281d61ba",
  "qualifiedSourceTree": "df6a6e83dcca0b4b55c402d6804538d0ea43ef37",
  "controllerCommit": "59734515e8a427bb68ac13bbdd71fff3a9abbf62",
  "controllerTree": "54c9d0c0601549d86b905785f15b43af81e45941",
  "deploymentId": 6513676774,
  "runId": 35283812853,
  "bindingSha256": "dd72fcb17c3a167c594df4c8d41015b8729742b2a81e049cc26366ce78d19d6f",
  "artifactReceiptSha256": "24c2ec724b7cc4b37645f3fabd5724b0328435c564fb6ade8fe7d8ae494491c4",
  "expectedInventorySha256": "2db7e44a973799a15842d7bc280261ca9156ea6ea95ca7640089039d33d86e1f",
  "configurationSha256": "70e814b42a7bb34f9feae241b8c9eb22c260c6a4dfed82004aa9688e1d6ba3a3",
  "catalogSha256": "33255995f294cd1f9ad8156da86055897fbc8b91e98ff41594352ea738b3c39f",
  "visibleFrozenVersions": [
    "v0.1.0",
    "v0.1.1",
    "v0.1.2",
    "v0.10.0",
    "v0.11.0",
    "v0.12.0",
    "v0.13.0",
    "v0.14.0",
    "v0.15.0",
    "v0.16.0",
    "v0.17.0",
    "v0.17.1",
    "v0.18.0",
    "v0.19.0",
    "v0.2.0",
    "v0.2.1",
    "v0.20.0",
    "v0.21.0",
    "v0.22.0",
    "v0.23.0",
    "v0.24.0",
    "v0.25.0",
    "v0.26.0",
    "v0.27.0",
    "v0.28.0",
    "v0.29.0",
    "v0.29.1",
    "v0.29.2",
    "v0.3.0",
    "v0.30.0",
    "v0.31.0",
    "v0.32.0",
    "v0.33.0",
    "v0.34.0",
    "v0.35.0",
    "v0.36.0",
    "v0.37.0",
    "v0.38.0",
    "v0.39.0",
    "v0.4.0",
    "v0.4.1",
    "v0.40.0",
    "v0.41.0",
    "v0.42.0",
    "v0.44.0",
    "v0.45.0",
    "v0.46.0",
    "v0.47.0",
    "v0.48.0",
    "v0.49.0",
    "v0.5.0",
    "v0.50.0",
    "v0.51.0",
    "v0.52.0",
    "v0.54.0",
    "v0.55.0",
    "v0.56.0",
    "v0.57.0",
    "v0.57.1",
    "v0.57.2",
    "v0.57.3",
    "v0.57.4",
    "v0.58.0",
    "v0.58.1",
    "v0.59.0",
    "v0.59.1",
    "v0.6.0",
    "v0.60.0",
    "v0.60.1",
    "v0.60.2",
    "v0.60.3",
    "v0.60.4",
    "v0.60.5",
    "v0.60.6",
    "v0.7.0",
    "v0.8.0",
    "v0.9.0"
  ],
  "comparisonOnlyVersions": [],
  "startedAt": "2026-09-17T23:02:57.847Z",
  "finishedAt": "2026-09-17T23:04:45.413Z",
  "mode": "full",
  "fullInventoryFiles": 2822,
  "files": 2822,
  "completedFiles": 2822,
  "expectedBytes": 639924677,
  "verifiedBytes": 639924677,
  "failedFiles": 0,
  "retries": 0,
  "skipped": [],
  "uninspectedFiles": 0,
  "allArtifactBodiesVerified": true,
  "criticalBrowserSmokeMayStart": false,
  "concurrency": 8,
  "requestTimeoutMs": 300000,
  "attemptsPerBody": 3,
  "sourcePinsUnchanged": true,
  "changedAuthorities": [],
  "failures": [],
  "runnerPins": [
    {
      "file": "/Users/oleksandr.mekhovov/work/my_projects/go_test/.cache/p03-settings-public-audit-9c89f997/tools/audit-main.mjs",
      "sha256": "e8e00dea908f0d9f02937db4739e2444ade1880df308ff76f4ca72d2b6646cd5"
    },
    {
      "file": "/Users/oleksandr.mekhovov/work/my_projects/go_test/.cache/p03-settings-public-audit-9c89f997/tools/http-engine.mjs",
      "sha256": "7660dd3ac7453bc31f6ba26e005340dd719986ac7fc1a29bd42b30db71b81c6d"
    },
    {
      "file": "/Users/oleksandr.mekhovov/work/my_projects/go_test/.cache/p03-settings-public-audit-9c89f997/tools/retained-catalog.json",
      "sha256": "f5d12de186135533e87d4f21a6ab0897801332ee1336065eed0743917fc15a7b"
    }
  ],
  "rootGraphAndAliasesAndWorkersIncluded": true,
  "retainedHistoricalBridgesIncluded": true,
  "publicBrowserAcceptance": false,
  "boundaries": "Decoded HTTP bodies and required MIME only. Critical mode is partial; even a full pass does not prove browser play, offline, storage, migration or physical-device behavior. Pinned deployment snapshots are historical evidence, not a live API polling claim."
}
