TAP version 13
# (node:17141) ExperimentalWarning: `--experimental-loader` may be removed in the future; instead use `register()`:
# --import 'data:text/javascript,import { register } from "node:module"; import { pathToFileURL } from "node:url"; register("/Users/oleksandr.mekhovov/work/my_projects/go_test/.cache/shared-device-r1/studio-revision-independent/loader.mjs", pathToFileURL("./"));'
# (Use `node --trace-warnings ...` to show where the warning was created)
# Subtest: actual Studio handlers show startup/read/encode stages, cancel a late upload, and save exact source bytes in Studio storage only
not ok 1 - actual Studio handlers show startup/read/encode stages, cancel a late upload, and save exact source bytes in Studio storage only
  ---
  duration_ms: 11216.297209
  type: 'test'
  location: '/Users/oleksandr.mekhovov/work/my_projects/go_test/.cache/shared-device-r1/studio-revision-independent/candidate/game/test/asset-studio-host-loading.test.mjs:62:1'
  failureType: 'testCodeFailure'
  error: |-
    The input did not match the regular expression /validated and staged/. Input:
    
    'New assets revision must be the next revision.'
    
  code: 'ERR_ASSERTION'
  name: 'AssertionError'
  expected:
  actual: 'New assets revision must be the next revision.'
  operator: 'match'
  stack: |-
    uploadAgain (file:///Users/oleksandr.mekhovov/work/my_projects/go_test/.cache/shared-device-r1/studio-revision-independent/candidate/game/test/asset-studio-host-loading.test.mjs:1108:12)
    async TestContext.<anonymous> (file:///Users/oleksandr.mekhovov/work/my_projects/go_test/.cache/shared-device-r1/studio-revision-independent/candidate/game/test/asset-studio-host-loading.test.mjs:1110:3)
    async Test.run (node:internal/test_runner/test:1054:7)
    async startSubtestAfterBootstrap (node:internal/test_runner/harness:296:3)
  ...
1..1
# tests 1
# suites 0
# pass 0
# fail 1
# cancelled 0
# skipped 0
# todo 0
# duration_ms 12475.161041
