TAP version 13
# Subtest: replacement Stay focus is revealed inside a short dialog without changing the unfinished flight
ok 1 - replacement Stay focus is revealed inside a short dialog without changing the unfinished flight
  ---
  duration_ms: 4867.473334
  ...
# Subtest: actual level selection asks once; Stay keeps the queued flight, Replace prepares without Resume
ok 2 - actual level selection asks once; Stay keeps the queued flight, Replace prepares without Resume
  ---
  duration_ms: 5486.189375
  ...
# Subtest: actual card selection asks once; Stay keeps the queued flight, Replace prepares without Resume
ok 3 - actual card selection asks once; Stay keeps the queued flight, Replace prepares without Resume
  ---
  duration_ms: 4840.15875
  ...
# Subtest: actual campaign selection asks once; Stay keeps the queued flight, Replace prepares without Resume
ok 4 - actual campaign selection asks once; Stay keeps the queued flight, Replace prepares without Resume
  ---
  duration_ms: 22945.620708
  ...
# Subtest: actual pack selection asks once; Stay keeps the queued flight, Replace prepares without Resume
ok 5 - actual pack selection asks once; Stay keeps the queued flight, Replace prepares without Resume
  ---
  duration_ms: 8307.807292
  ...
# Subtest: same mission card/level/campaign/base pack preserves a running attempt without pause, write or restart
ok 6 - same mission card/level/campaign/base pack preserves a running attempt without pause, write or restart
  ---
  duration_ms: 4513.240917
  ...
# Subtest: button Stay cancels a pending check and restores the exact opener without late save or Resume
ok 7 - button Stay cancels a pending check and restores the exact opener without late save or Resume
  ---
  duration_ms: 6560.727416
  ...
# Subtest: Escape Stay cancels a pending check and restores the exact opener without late save or Resume
ok 8 - Escape Stay cancels a pending check and restores the exact opener without late save or Resume
  ---
  duration_ms: 4503.1305
  ...
# Subtest: controller Stay cancels a pending check and restores the exact opener without late save or Resume
ok 9 - controller Stay cancels a pending check and restores the exact opener without late save or Resume
  ---
  duration_ms: 4706.368292
  ...
# Subtest: quota keeps truthful loss warning and the old attempt until explicit Replace
ok 10 - quota keeps truthful loss warning and the old attempt until explicit Replace
  ---
  duration_ms: 8494.410666
  ...
# Subtest: readback keeps truthful loss warning and the old attempt until explicit Replace
ok 11 - readback keeps truthful loss warning and the old attempt until explicit Replace
  ---
  duration_ms: 5574.651292
  ...
# Subtest: newer-before keeps truthful loss warning and the old attempt until explicit Replace
ok 12 - newer-before keeps truthful loss warning and the old attempt until explicit Replace
  ---
  duration_ms: 5951.299416
  ...
# Subtest: new saved slot after verification requires a second deliberate Replace and is never overwritten
ok 13 - new saved slot after verification requires a second deliberate Replace and is never overwritten
  ---
  duration_ms: 14703.596542
  ...
# Subtest: different pack download leaves an installed live run/recorder intact through pagehide
ok 14 - different pack download leaves an installed live run/recorder intact through pagehide
  ---
  duration_ms: 6942.707667
  ...
# Subtest: different pack save leaves an installed live run/recorder intact through pagehide
ok 15 - different pack save leaves an installed live run/recorder intact through pagehide
  ---
  duration_ms: 7257.532333
  ...
# Subtest: different pack cancel-download leaves an installed live run/recorder intact through pagehide
ok 16 - different pack cancel-download leaves an installed live run/recorder intact through pagehide
  ---
  duration_ms: 6575.588375
  ...
# Subtest: pending replacement does not reclaim another control focus
ok 17 - pending replacement does not reclaim another control focus
  ---
  duration_ms: 5515.711875
  ...
# Subtest: pending replacement does not reclaim background focus
ok 18 - pending replacement does not reclaim background focus
  ---
  duration_ms: 3349.62775
  ...
# Subtest: pending replacement does not reclaim hidden focus
ok 19 - pending replacement does not reclaim hidden focus
  ---
  duration_ms: 8172.569791
  ...
# Subtest: successful different-pack install adopts a fresh paused run and leaves the previous run unchanged
ok 20 - successful different-pack install adopts a fresh paused run and leaves the previous run unchanged
  ---
  duration_ms: 3306.991959
  ...
# Subtest: chapter card uses the existing pack change adapter but Stay returns to that visible card
ok 21 - chapter card uses the existing pack change adapter but Stay returns to that visible card
  ---
  duration_ms: 3316.696959
  ...
# Subtest: restored paused unfinished flight is guarded and Stay preserves its exact saved continuation
    # Subtest: create a real saved queued turn
    ok 1 - create a real saved queued turn
      ---
      duration_ms: 4445.450333
      ...
    # Subtest: reload, explicitly Continue, Pause, then choose another mission
    ok 2 - reload, explicitly Continue, Pause, then choose another mission
      ---
      duration_ms: 4541.788542
      ...
    1..2
ok 22 - restored paused unfinished flight is guarded and Stay preserves its exact saved continuation
  ---
  duration_ms: 8990.890875
  ...
# Subtest: unavailable IDs and locked missions do not create prompts or adopt an arbitrary target
ok 23 - unavailable IDs and locked missions do not create prompts or adopt an arbitrary target
  ---
  duration_ms: 9352.915084
  ...
1..23
# tests 25
# suites 0
# pass 25
# fail 0
# cancelled 0
# skipped 0
# todo 0
# duration_ms 164480.867125
