TAP version 13
# Subtest: Boost preference previews cancel without writes and commit once through the native setting
ok 1 - Boost preference previews cancel without writes and commit once through the native setting
  ---
  duration_ms: 3.481
  ...
# Subtest: select browsing uses a separate preview, and Back cancels without changing or firing native handlers
ok 2 - select browsing uses a separate preview, and Back cancels without changing or firing native handlers
  ---
  duration_ms: 0.523
  ...
# Subtest: selection previews describe the configured menu buttons without changing draft semantics
ok 3 - selection previews describe the configured menu buttons without changing draft semantics
  ---
  duration_ms: 0.521417
  ...
# Subtest: select Confirm commits once through the existing change handler and ignores disabled choices
ok 4 - select Confirm commits once through the existing change handler and ignores disabled choices
  ---
  duration_ms: 0.51425
  ...
# Subtest: stale disabled cancels a select preview without activating its replacement on the same Confirm
ok 5 - stale disabled cancels a select preview without activating its replacement on the same Confirm
  ---
  duration_ms: 0.338042
  ...
# Subtest: stale hidden cancels a select preview without activating its replacement on the same Confirm
ok 6 - stale hidden cancels a select preview without activating its replacement on the same Confirm
  ---
  duration_ms: 0.57825
  ...
# Subtest: stale detached cancels a select preview without activating its replacement on the same Confirm
ok 7 - stale detached cancels a select preview without activating its replacement on the same Confirm
  ---
  duration_ms: 0.399542
  ...
# Subtest: stale options cancels a select preview without activating its replacement on the same Confirm
ok 8 - stale options cancels a select preview without activating its replacement on the same Confirm
  ---
  duration_ms: 0.523667
  ...
# Subtest: stale value cancels a select preview without activating its replacement on the same Confirm
ok 9 - stale value cancels a select preview without activating its replacement on the same Confirm
  ---
  duration_ms: 0.705042
  ...
# Subtest: stale focus cancels a select preview without activating its replacement on the same Confirm
ok 10 - stale focus cancels a select preview without activating its replacement on the same Confirm
  ---
  duration_ms: 0.361334
  ...
# Subtest: stale scope cancels a select preview without activating its replacement on the same Confirm
ok 11 - stale scope cancels a select preview without activating its replacement on the same Confirm
  ---
  duration_ms: 0.263541
  ...
# Subtest: modal root traps navigation and delegates protected Back without closing or touching background actions
ok 12 - modal root traps navigation and delegates protected Back without closing or touching background actions
  ---
  duration_ms: 1.817
  ...
# Subtest: linear navigation skips hidden, disabled, inert, closed disclosure and host-rejected controls
ok 13 - linear navigation skips hidden, disabled, inert, closed disclosure and host-rejected controls
  ---
  duration_ms: 1.646375
  ...
# Subtest: gallery-grid uses geometric neighbors within a two-column layout
ok 14 - gallery-grid uses geometric neighbors within a two-column layout
  ---
  duration_ms: 1.346167
  ...
# Subtest: missions uses geometric neighbors within a two-column layout
ok 15 - missions uses geometric neighbors within a two-column layout
  ---
  duration_ms: 1.567667
  ...
# Subtest: slider draft clamps and commits one input/change pair; cancellation never writes the real value
ok 16 - slider draft clamps and commits one input/change pair; cancellation never writes the real value
  ---
  duration_ms: 2.36775
  ...
# Subtest: buttons and checkboxes activate through their existing handlers once per logical edge
ok 17 - buttons and checkboxes activate through their existing handlers once per logical edge
  ---
  duration_ms: 0.3375
  ...
# Subtest: file and text controls explain the host limitation without opening a picker or changing text
ok 18 - file and text controls explain the host limitation without opening a picker or changing text
  ---
  duration_ms: 0.324042
  ...
# Subtest: pointerdown relinquishes controller focus and cancels an uncommitted edit
ok 19 - pointerdown relinquishes controller focus and cancels an uncommitted edit
  ---
  duration_ms: 0.378916
  ...
# Subtest: keydown relinquishes controller focus and cancels an uncommitted edit
ok 20 - keydown relinquishes controller focus and cancels an uncommitted edit
  ---
  duration_ms: 0.321875
  ...
# Subtest: external focus changes cancel editing and a flight scope suppresses all menu actions
ok 21 - external focus changes cancel editing and a flight scope suppresses all menu actions
  ---
  duration_ms: 0.291417
  ...
# Subtest: destroy removes listeners and prevents all later controller actions
ok 22 - destroy removes listeners and prevents all later controller actions
  ---
  duration_ms: 0.141166
  ...
# Subtest: sync cancels a stale editor immediately, and an unchanged scope token cannot retain the old modal root
ok 23 - sync cancels a stale editor immediately, and an unchanged scope token cannot retain the old modal root
  ---
  duration_ms: 0.879125
  ...
# Subtest: a slider range change invalidates the draft before Confirm can commit an obsolete value
ok 24 - a slider range change invalidates the draft before Confirm can commit an obsolete value
  ---
  duration_ms: 0.305458
  ...
# Subtest: Menu cancels an editor first; clear relinquishes navigation without destroying normal DOM controls
ok 25 - Menu cancels an editor first; clear relinquishes navigation without destroying normal DOM controls
  ---
  duration_ms: 0.419833
  ...
# Subtest: a disabled focused button cannot redirect its Confirm into a neighboring destructive action
ok 26 - a disabled focused button cannot redirect its Confirm into a neighboring destructive action
  ---
  duration_ms: 0.173208
  ...
# Subtest: returning from a picture preserves the newly restored gallery origin instead of the modal default
ok 27 - returning from a picture preserves the newly restored gallery origin instead of the modal default
  ---
  duration_ms: 0.2185
  ...
# Subtest: joining engages the default focus without activating it or leaking the join into Confirm
ok 28 - joining engages the default focus without activating it or leaking the join into Confirm
  ---
  duration_ms: 0.25875
  ...
# Subtest: engaging a new scope preserves a host-restored gallery card without opening it
ok 29 - engaging a new scope preserves a host-restored gallery card without opening it
  ---
  duration_ms: 0.194042
  ...
# Subtest: engage never enters menu navigation during flight or after destruction
ok 30 - engage never enters menu navigation during flight or after destruction
  ---
  duration_ms: 0.111083
  ...
# Subtest: select previews stay outside the enclosing label and preserve its name source
ok 31 - select previews stay outside the enclosing label and preserve its name source
  ---
  duration_ms: 0.427333
  ...
# Subtest: range previews stay outside the enclosing label and preserve its name source
ok 32 - range previews stay outside the enclosing label and preserve its name source
  ---
  duration_ms: 0.369375
  ...
# Subtest: reading entry focuses a named region before notification and returns owned metadata
ok 33 - reading entry focuses a named region before notification and returns owned metadata
  ---
  duration_ms: 0.506167
  ...
# Subtest: reader scrolls vertically to both endpoints without moving focus, wrapping or repeating edge announcements
ok 34 - reader scrolls vertically to both endpoints without moving focus, wrapping or repeating edge announcements
  ---
  duration_ms: 1.114042
  ...
# Subtest: small and nonoverflowing readers have bounded steps and always permit immediate exit
ok 35 - small and nonoverflowing readers have bounded steps and always permit immediate exit
  ---
  duration_ms: 0.387583
  ...
# Subtest: reading back ends once and consumes the complete gesture before host actions
ok 36 - reading back ends once and consumes the complete gesture before host actions
  ---
  duration_ms: 0.365041
  ...
# Subtest: reading confirm ends once and consumes the complete gesture before host actions
ok 37 - reading confirm ends once and consumes the complete gesture before host actions
  ---
  duration_ms: 0.128083
  ...
# Subtest: reading menu ends once and consumes the complete gesture before host actions
ok 38 - reading menu ends once and consumes the complete gesture before host actions
  ---
  duration_ms: 0.123
  ...
# Subtest: entry validates the entire surface before replacing a reader or cancelling an editor
ok 39 - entry validates the entire surface before replacing a reader or cancelling an editor
  ---
  duration_ms: 0.613041
  ...
# Subtest: removed region cancels reading and cannot redirect the invalidating Confirm to another action
ok 40 - removed region cancels reading and cannot redirect the invalidating Confirm to another action
  ---
  duration_ms: 0.255792
  ...
# Subtest: changed region identity cancels reading and cannot redirect the invalidating Confirm to another action
ok 41 - changed region identity cancels reading and cannot redirect the invalidating Confirm to another action
  ---
  duration_ms: 0.374542
  ...
# Subtest: hidden region cancels reading and cannot redirect the invalidating Confirm to another action
ok 42 - hidden region cancels reading and cannot redirect the invalidating Confirm to another action
  ---
  duration_ms: 0.228
  ...
# Subtest: inert region cancels reading and cannot redirect the invalidating Confirm to another action
ok 43 - inert region cancels reading and cannot redirect the invalidating Confirm to another action
  ---
  duration_ms: 0.199334
  ...
# Subtest: removed origin cancels reading and cannot redirect the invalidating Confirm to another action
ok 44 - removed origin cancels reading and cannot redirect the invalidating Confirm to another action
  ---
  duration_ms: 0.210542
  ...
# Subtest: disabled origin cancels reading and cannot redirect the invalidating Confirm to another action
ok 45 - disabled origin cancels reading and cannot redirect the invalidating Confirm to another action
  ---
  duration_ms: 0.238833
  ...
# Subtest: replaced content cancels reading and cannot redirect the invalidating Confirm to another action
ok 46 - replaced content cancels reading and cannot redirect the invalidating Confirm to another action
  ---
  duration_ms: 0.680917
  ...
# Subtest: removed marker cancels reading and cannot redirect the invalidating Confirm to another action
ok 47 - removed marker cancels reading and cannot redirect the invalidating Confirm to another action
  ---
  duration_ms: 0.421625
  ...
# Subtest: collapsed viewport cancels reading and cannot redirect the invalidating Confirm to another action
ok 48 - collapsed viewport cancels reading and cannot redirect the invalidating Confirm to another action
  ---
  duration_ms: 0.288708
  ...
# Subtest: scope and root changes cancel reading without restoring stale focus or activating the next dialog
ok 49 - scope and root changes cancel reading without restoring stale focus or activating the next dialog
  ---
  duration_ms: 0.437958
  ...
# Subtest: native focus, pointer and keyboard relinquish reading without stealing focus or swallowing native keys
ok 50 - native focus, pointer and keyboard relinquish reading without stealing focus or swallowing native keys
  ---
  duration_ms: 0.608958
  ...
# Subtest: an end-only Done button stays harmless after pointerdown already cancelled reading
ok 51 - an end-only Done button stays harmless after pointerdown already cancelled reading
  ---
  duration_ms: 0.144917
  ...
# Subtest: lifecycle clear cancels reading once, preserves scroll position and consumes stale input
ok 52 - lifecycle clear cancels reading once, preserves scroll position and consumes stale input
  ---
  duration_ms: 0.177875
  ...
# Subtest: real remapped router drives reading repeats and gates held buttons/sticks across entry and exit
ok 53 - real remapped router drives reading repeats and gates held buttons/sticks across entry and exit
  ---
  duration_ms: 2.031084
  ...
# Subtest: held Retry Confirm cannot leave the loss reader or leak ability and Toggle Boost into flight
ok 54 - held Retry Confirm cannot leave the loss reader or leak ability and Toggle Boost into flight
  ---
  duration_ms: 3.399041
  ...
# Subtest: reopening changed content starts at the top while unchanged content keeps its reading position
ok 55 - reopening changed content starts at the top while unchanged content keeps its reading position
  ---
  duration_ms: 0.283625
  ...
# Subtest: registered Done preserves the reader until native click and restores the origin after host disables Done
ok 56 - registered Done preserves the reader until native click and restores the origin after host disables Done
  ---
  duration_ms: 0.190958
  ...
# Subtest: Done descendant taps keep click semantics; pointercancel and other pointer gestures still relinquish
ok 57 - Done descendant taps keep click semantics; pointercancel and other pointer gestures still relinquish
  ---
  duration_ms: 0.318417
  ...
# Subtest: exit registration rejects unrelated or hidden controls without replacing a current reader
ok 58 - exit registration rejects unrelated or hidden controls without replacing a current reader
  ---
  duration_ms: 0.393917
  ...
# Subtest: actual two-surface host preserves a native Done click through document capture and returns focus
ok 59 - actual two-surface host preserves a native Done click through document capture and returns focus
  ---
  duration_ms: 1.541625
  ...
# Subtest: mount is inert and renders every button map with sixteen explicit options
ok 60 - mount is inert and renders every button map with sixteen explicit options
  ---
  duration_ms: 4.379459
  ...
# Subtest: generated select, range and checkbox controls expose readable names for controller previews
ok 61 - generated select, range and checkbox controls expose readable names for controller previews
  ---
  duration_ms: 1.760459
  ...
# Subtest: an explicit draft keeps the original configuration unchanged until canonical Apply
ok 62 - an explicit draft keeps the original configuration unchanged until canonical Apply
  ---
  duration_ms: 3.43375
  ...
# Subtest: temporary button conflicts permit complete swaps but invalid Apply never reaches the host
ok 63 - temporary button conflicts permit complete swaps but invalid Apply never reaches the host
  ---
  duration_ms: 1.379833
  ...
# Subtest: Cancel discards valid and conflicting draft changes without adoption
ok 64 - Cancel discards valid and conflicting draft changes without adoption
  ---
  duration_ms: 1.726375
  ...
# Subtest: Restore defaults changes only the draft and requires Apply
ok 65 - Restore defaults changes only the draft and requires Apply
  ---
  duration_ms: 4.296583
  ...
# Subtest: button label choices update draft option text without changing saved indices or detecting hardware
ok 66 - button label choices update draft option text without changing saved indices or detecting hardware
  ---
  duration_ms: 1.867
  ...
# Subtest: whole-candidate validation rejects axes, bounds and release-above-press conflicts
ok 67 - whole-candidate validation rejects axes, bounds and release-above-press conflicts
  ---
  duration_ms: 4.374
  ...
# Subtest: session-only success adopts the map and displays the host persistence warning as text
ok 68 - session-only success adopts the map and displays the host persistence warning as text
  ---
  duration_ms: 1.798625
  ...
# Subtest: a thrown host rejection retains the current map and permits repairing the draft
ok 69 - a thrown host rejection retains the current map and permits repairing the draft
  ---
  duration_ms: 1.093291
  ...
# Subtest: source change before Apply discards the old draft without overwriting new preferences
ok 70 - source change before Apply discards the old draft without overwriting new preferences
  ---
  duration_ms: 0.794291
  ...
# Subtest: refresh explicitly invalidates even an unchanged source draft
ok 71 - refresh explicitly invalidates even an unchanged source draft
  ---
  duration_ms: 2.193875
  ...
# Subtest: async Apply is single-flight and allows its own canonical adoption
ok 72 - async Apply is single-flight and allows its own canonical adoption
  ---
  duration_ms: 0.827458
  ...
# Subtest: native Apply blur restores the same enabled Edit button and releases focus observers
ok 73 - native Apply blur restores the same enabled Edit button and releases focus observers
  ---
  duration_ms: 0.87875
  ...
# Subtest: pending Apply does not reclaim focus after other modal
ok 74 - pending Apply does not reclaim focus after other modal
  ---
  duration_ms: 0.662167
  ...
# Subtest: pending Apply does not reclaim focus after other control then blur
ok 75 - pending Apply does not reclaim focus after other control then blur
  ---
  duration_ms: 4.204833
  ...
# Subtest: pending Apply does not reclaim focus after pointer on body
ok 76 - pending Apply does not reclaim focus after pointer on body
  ---
  duration_ms: 0.800167
  ...
# Subtest: pending Apply does not reclaim focus after keyboard navigation
ok 77 - pending Apply does not reclaim focus after keyboard navigation
  ---
  duration_ms: 0.839333
  ...
# Subtest: pending Apply does not reclaim focus after window blur and return
ok 78 - pending Apply does not reclaim focus after window blur and return
  ---
  duration_ms: 0.778041
  ...
# Subtest: pending Apply does not reclaim focus after hidden page
ok 79 - pending Apply does not reclaim focus after hidden page
  ---
  duration_ms: 0.916
  ...
# Subtest: pending Apply does not reclaim focus after hidden page then return
ok 80 - pending Apply does not reclaim focus after hidden page then return
  ---
  duration_ms: 0.68425
  ...
# Subtest: programmatic Apply without initial focus ownership does not claim body focus
ok 81 - programmatic Apply without initial focus ownership does not claim body focus
  ---
  duration_ms: 0.617583
  ...
# Subtest: refresh aborts a pending ticket; a guarded async host cannot adopt it or overwrite fresh status
ok 82 - refresh aborts a pending ticket; a guarded async host cannot adopt it or overwrite fresh status
  ---
  duration_ms: 0.681
  ...
# Subtest: source changes during asynchronous preparation invalidate the guard without a refresh
ok 83 - source changes during asynchronous preparation invalidate the guard without a refresh
  ---
  duration_ms: 0.818666
  ...
# Subtest: malformed current data fails visibly and a later valid refresh recovers
ok 84 - malformed current data fails visibly and a later valid refresh recovers
  ---
  duration_ms: 0.697792
  ...
# Subtest: destroy removes listeners and aborts pending work without late DOM adoption
ok 85 - destroy removes listeners and aborts pending work without late DOM adoption
  ---
  duration_ms: 0.592459
  ...
1..85
# tests 85
# suites 0
# pass 85
# fail 0
# cancelled 0
# skipped 0
# todo 0
# duration_ms 93.115875
