TAP version 13
# Subtest: both explicit templates compile independent owned levels with distinct goals and layouts
ok 1 - both explicit templates compile independent owned levels with distinct goals and layouts
  ---
  duration_ms: 6.489875
  ...
# Subtest: First Connection revision 2 has one connected field, a rescue perimeter, and mirrored hazards
ok 2 - First Connection revision 2 has one connected field, a rescue perimeter, and mirrored hazards
  ---
  duration_ms: 4.412959
  ...
# Subtest: Relay Yard revision 2 has one connected field, a rescue perimeter, and mirrored hazards
ok 3 - Relay Yard revision 2 has one connected field, a rescue perimeter, and mirrored hazards
  ---
  duration_ms: 3.04625
  ...
# Subtest: the revised First Connection opening contests both halves instead of granting half the field
ok 4 - the revised First Connection opening contests both halves instead of granting half the field
  ---
  duration_ms: 46.661625
  ...
# Subtest: mixed source recipes reproduce the exact two shipped authored levels
ok 5 - mixed source recipes reproduce the exact two shipped authored levels
  ---
  duration_ms: 22.698375
  ...
# Subtest: authored geometry replacements and encounter overrides are explicit and preserve their input
ok 6 - authored geometry replacements and encounter overrides are explicit and preserve their input
  ---
  duration_ms: 2.947709
  ...
# Subtest: recipes reject implicit solo conversion, goal mismatches, unsupported controls, and unsafe geometry
ok 7 - recipes reject implicit solo conversion, goal mismatches, unsupported controls, and unsafe geometry
  ---
  duration_ms: 1.802542
  ...
# Subtest: anchor access is validated before shield removal, including compiled pack imports
ok 8 - anchor access is validated before shield removal, including compiled pack imports
  ---
  duration_ms: 7.575375
  ...
# Subtest: pack boundaries reject duplicate levels, unsupported engines, solo formats and surplus fields
ok 9 - pack boundaries reject duplicate levels, unsupported engines, solo formats and surplus fields
  ---
  duration_ms: 9.250125
  ...
# Subtest: validation does not invoke accessor properties in recipes or packs
ok 10 - validation does not invoke accessor properties in recipes or packs
  ---
  duration_ms: 3.919917
  ...
# Subtest: CLI creates playable level or pack JSON, validates it, and refuses overwriting an existing file
ok 11 - CLI creates playable level or pack JSON, validates it, and refuses overwriting an existing file
  ---
  duration_ms: 58.452459
  ...
# Subtest: CLI validates mixed recipes, rejects malformed flags and bounds file input before parsing
ok 12 - CLI validates mixed recipes, rejects malformed flags and bounds file input before parsing
  ---
  duration_ms: 12.909417
  ...
# Subtest: First Connection gentle: public-command teamwork route wins and replays after exchanging seats
ok 13 - First Connection gentle: public-command teamwork route wins and replays after exchanging seats
  ---
  duration_ms: 222.409459
  ...
# {"rehearsedSeconds":9.825,"coverage":0.653781512605042,"withoutSupport":{"status":"won","downs":0,"coverage":0.653781512605042},"actualSlowEvents":0}
# Subtest: Relay Yard gentle: public-command teamwork route wins and replays after exchanging seats
ok 14 - Relay Yard gentle: public-command teamwork route wins and replays after exchanging seats
  ---
  duration_ms: 58.397333
  ...
# {"rehearsedSeconds":6.933333333333334,"coverage":0.30664395229982966,"withoutSupport":{"status":"won","downs":0,"coverage":0.30664395229982966},"actualSlowEvents":3}
# Subtest: Relay Yard gentle: walking, a safe waiting window, and local cover can win without Boost
ok 15 - Relay Yard gentle: walking, a safe waiting window, and local cover can win without Boost
  ---
  duration_ms: 46.688209
  ...
# Rehearsed walking clear: 12.88 seconds, no knockdowns.
# Subtest: First Connection gentle: short unboosted corner cuts provide a lower-risk opening
ok 16 - First Connection gentle: short unboosted corner cuts provide a lower-risk opening
  ---
  duration_ms: 8.145875
  ...
# Subtest: Relay Yard gentle: short unboosted corner cuts provide a lower-risk opening
ok 17 - Relay Yard gentle: short unboosted corner cuts provide a lower-risk opening
  ---
  duration_ms: 8.201292
  ...
# Subtest: Relay Yard gentle: upper patrol guards stop the former unopposed core shortcut
ok 18 - Relay Yard gentle: upper patrol guards stop the former unopposed core shortcut
  ---
  duration_ms: 9.720917
  ...
# Subtest: First Connection standard: public-command teamwork route wins and replays after exchanging seats
ok 19 - First Connection standard: public-command teamwork route wins and replays after exchanging seats
  ---
  duration_ms: 83.912666
  ...
# {"rehearsedSeconds":9.825,"coverage":0.653781512605042,"withoutSupport":{"status":"running","downs":4,"coverage":0},"actualSlowEvents":0}
# Subtest: Relay Yard standard: public-command teamwork route wins and replays after exchanging seats
ok 20 - Relay Yard standard: public-command teamwork route wins and replays after exchanging seats
  ---
  duration_ms: 77.1395
  ...
# {"rehearsedSeconds":6.933333333333334,"coverage":0.30664395229982966,"withoutSupport":{"status":"won","downs":0,"coverage":0.30664395229982966},"actualSlowEvents":2}
# Subtest: Relay Yard standard: walking, a safe waiting window, and local cover can win without Boost
ok 21 - Relay Yard standard: walking, a safe waiting window, and local cover can win without Boost
  ---
  duration_ms: 52.461125
  ...
# Rehearsed walking clear: 12.88 seconds, no knockdowns.
# Subtest: First Connection standard: short unboosted corner cuts provide a lower-risk opening
ok 22 - First Connection standard: short unboosted corner cuts provide a lower-risk opening
  ---
  duration_ms: 6.723458
  ...
# Subtest: Relay Yard standard: short unboosted corner cuts provide a lower-risk opening
ok 23 - Relay Yard standard: short unboosted corner cuts provide a lower-risk opening
  ---
  duration_ms: 8.915792
  ...
# Subtest: Relay Yard standard: upper patrol guards stop the former unopposed core shortcut
ok 24 - Relay Yard standard: upper patrol guards stop the former unopposed core shortcut
  ---
  duration_ms: 8.325416
  ...
# Subtest: First Connection expert: public-command teamwork route wins and replays after exchanging seats
ok 25 - First Connection expert: public-command teamwork route wins and replays after exchanging seats
  ---
  duration_ms: 61.8435
  ...
# {"rehearsedSeconds":9.825,"coverage":0.653781512605042,"withoutSupport":{"status":"lost","downs":4,"coverage":0},"actualSlowEvents":2}
# Subtest: Relay Yard expert: public-command teamwork route wins and replays after exchanging seats
ok 26 - Relay Yard expert: public-command teamwork route wins and replays after exchanging seats
  ---
  duration_ms: 45.555958
  ...
# {"rehearsedSeconds":6.933333333333334,"coverage":0.30664395229982966,"withoutSupport":{"status":"lost","downs":4,"coverage":0},"actualSlowEvents":3}
# Subtest: Relay Yard expert: walking, a safe waiting window, and local cover can win without Boost
ok 27 - Relay Yard expert: walking, a safe waiting window, and local cover can win without Boost
  ---
  duration_ms: 39.171667
  ...
# Rehearsed walking clear: 12.88 seconds, no knockdowns.
# Subtest: First Connection expert: short unboosted corner cuts provide a lower-risk opening
ok 28 - First Connection expert: short unboosted corner cuts provide a lower-risk opening
  ---
  duration_ms: 7.072625
  ...
# Subtest: Relay Yard expert: short unboosted corner cuts provide a lower-risk opening
ok 29 - Relay Yard expert: short unboosted corner cuts provide a lower-risk opening
  ---
  duration_ms: 6.669833
  ...
# Subtest: Relay Yard expert: upper patrol guards stop the former unopposed core shortcut
ok 30 - Relay Yard expert: upper patrol guards stop the former unopposed core shortcut
  ---
  duration_ms: 9.173875
  ...
# Subtest: Expert walking guard window supports a real spark interception before the core is secured
ok 31 - Expert walking guard window supports a real spark interception before the core is secured
  ---
  duration_ms: 18.695041
  ...
# Subtest: Standard Yard supports unequal movement speeds and the same route after exchanging seats
ok 32 - Standard Yard supports unequal movement speeds and the same route after exchanging seats
  ---
  duration_ms: 35.623666
  ...
# Rehearsed unequal-speed clear: 11.775 seconds; one boosted player, one walking player; no knockdowns.
# Subtest: co-op validation accepts the independent arena and rejects invalid spawn geometry
ok 33 - co-op validation accepts the independent arena and rejects invalid spawn geometry
  ---
  duration_ms: 3.335125
  ...
# Subtest: invalid second-seat input is rejected before either player or the clock changes
ok 34 - invalid second-seat input is rejected before either player or the clock changes
  ---
  duration_ms: 2.823625
  ...
# Subtest: two active heads close one shared cut and claim each new field cell once
ok 35 - two active heads close one shared cut and claim each new field cell once
  ---
  duration_ms: 4.89375
  ...
# Subtest: a joint cut gives neither seat topology or coverage priority
ok 36 - a joint cut gives neither seat topology or coverage priority
  ---
  duration_ms: 4.090208
  ...
# Subtest: crossing a teammate trail is harmless and does not impersonate a head rendezvous
ok 37 - crossing a teammate trail is harmless and does not impersonate a head rendezvous
  ---
  duration_ms: 1.679708
  ...
# Subtest: safe bodies can pass through each other without a collision or capture
ok 38 - safe bodies can pass through each other without a collision or capture
  ---
  duration_ms: 0.405625
  ...
# Subtest: the comparison prototype permits head crossings when joint cuts are disabled
ok 39 - the comparison prototype permits head crossings when joint cuts are disabled
  ---
  duration_ms: 2.319458
  ...
# Subtest: same-origin trails may form a legal joint loop despite their shared prefix
ok 40 - same-origin trails may form a legal joint loop despite their shared prefix
  ---
  duration_ms: 2.574916
  ...
# Subtest: diagonal head contact at a shared-origin loop corner is symmetric and stops both banked players
ok 41 - diagonal head contact at a shared-origin loop corner is symmetric and stops both banked players
  ---
  duration_ms: 4.043458
  ...
# Subtest: capturing through an ally trail banks its safe prefix and retains its exposed suffix
ok 42 - capturing through an ally trail banks its safe prefix and retains its exposed suffix
  ---
  duration_ms: 1.829416
  ...
# Subtest: an ally inside captured territory is made safe rather than retaining the whole region
ok 43 - an ally inside captured territory is made safe rather than retaining the whole region
  ---
  duration_ms: 0.63675
  ...
# Subtest: assisted prefix banking adds its enclosed area once while the comparison retains that field
ok 44 - assisted prefix banking adds its enclosed area once while the comparison retains that field
  ---
  duration_ms: 4.695167
  ...
# Subtest: a swept enemy hit earlier in the tick defeats a later return-to-safety closure
ok 45 - a swept enemy hit earlier in the tick defeats a later return-to-safety closure
  ---
  duration_ms: 2.263458
  ...
# Subtest: an earlier enemy hit cancels the head rendezvous for either seat without banking the survivor trail
ok 46 - an earlier enemy hit cancels the head rendezvous for either seat without banking the survivor trail
  ---
  duration_ms: 2.250292
  ...
# Subtest: a return that beats enemy contact secures the trail and reflects the later enemy
ok 47 - a return that beats enemy contact secures the trail and reflects the later enemy
  ---
  duration_ms: 1.216667
  ...
# Subtest: simultaneous ordinary returns bank one union without duplicate area or seat priority
ok 48 - simultaneous ordinary returns bank one union without duplicate area or seat priority
  ---
  duration_ms: 1.138542
  ...
# Subtest: pause freezes simulation and resume cannot replay a held pre-pause movement
ok 49 - pause freezes simulation and resume cannot replay a held pre-pause movement
  ---
  duration_ms: 0.633833
  ...
# Subtest: the same seed and command log reproduce complete state regardless of render reads
ok 50 - the same seed and command log reproduce complete state regardless of render reads
  ---
  duration_ms: 33.292792
  ...
# Subtest: a full joint clear is achievable through public commands and freezes after team victory
ok 51 - a full joint clear is achievable through public commands and freezes after team victory
  ---
  duration_ms: 5.482458
  ...
# Subtest: both-down recovery spends one team reserve and held inputs cannot immediately relaunch either player
ok 52 - both-down recovery spends one team reserve and held inputs cannot immediately relaunch either player
  ---
  duration_ms: 2.87075
  ...
# Subtest: both down with no reserve resolves defeat once and never advances afterward
ok 53 - both down with no reserve resolves defeat once and never advances afterward
  ---
  duration_ms: 0.544333
  ...
# Subtest: one down with no reserve leaves the survivor active instead of ending or resetting the team
ok 54 - one down with no reserve leaves the survivor active instead of ending or resetting the team
  ---
  duration_ms: 6.436542
  ...
# Subtest: a file selected before Start cannot replace setup after returning from an attempt
ok 55 - a file selected before Start cannot replace setup after returning from an attempt
  ---
  duration_ms: 46.655791
  ...
# Subtest: invalid or oversized imports preserve the selected custom pack and challenge
ok 56 - invalid or oversized imports preserve the selected custom pack and challenge
  ---
  duration_ms: 24.674291
  ...
# Subtest: the latest file selection wins when earlier reads finish out of order
ok 57 - the latest file selection wins when earlier reads finish out of order
  ---
  duration_ms: 15.3785
  ...
# Subtest: returning to built-ins cancels an outstanding file read
ok 58 - returning to built-ins cancels an outstanding file read
  ---
  duration_ms: 15.300083
  ...
# Subtest: custom fractional coverage and multiple required cores drive the actual briefing and HUD
ok 59 - custom fractional coverage and multiple required cores drive the actual briefing and HUD
  ---
  duration_ms: 28.571833
  ...
# Subtest: lobby keyboard navigation reaches Race and accessibility controls while excluding flight pads
ok 60 - lobby keyboard navigation reaches Race and accessibility controls while excluding flight pads
  ---
  duration_ms: 58.013083
  ...
# Subtest: the selected cut rules agree across the briefing and actual start message
ok 61 - the selected cut rules agree across the briefing and actual start message
  ---
  duration_ms: 20.589542
  ...
# Subtest: real keyboard self-crossings explain the shared recovery and cause-aware retry
ok 62 - real keyboard self-crossings explain the shared recovery and cause-aware retry
  ---
  duration_ms: 226.53725
  ...
# Subtest: retry feedback counts required objectives and distinguishes enemy and spark causes
ok 63 - retry feedback counts required objectives and distinguishes enemy and spark causes
  ---
  duration_ms: 0.313667
  ...
# Subtest: a slowed enemy stays marked after the pulse, through pause and reduced effects, then expires
ok 64 - a slowed enemy stays marked after the pulse, through pause and reduced effects, then expires
  ---
  duration_ms: 7.284666
  ...
# Subtest: Auto touch uses actual controller seats while menu hiding and explicit overrides stay authoritative
ok 65 - Auto touch uses actual controller seats while menu hiding and explicit overrides stay authoritative
  ---
  duration_ms: 25.67975
  ...
# Subtest: paused Help reading and Back return to an action without resuming the shared simulation
ok 66 - paused Help reading and Back return to an action without resuming the shared simulation
  ---
  duration_ms: 340.685791
  ...
# Subtest: assigning a controller releases hidden held touch; disconnect stays paused until Resume
ok 67 - assigning a controller releases hidden held touch; disconnect stays paused until Resume
  ---
  duration_ms: 82.495708
  ...
# Subtest: Team pack reads show immediate status, Stop waiting rejects late adoption, and completion preserves deliberately moved focus
ok 68 - Team pack reads show immediate status, Stop waiting rejects late adoption, and completion preserves deliberately moved focus
  ---
  duration_ms: 8.130917
  ...
# Subtest: Back and closing the Team pack picker detach a read before reopening
ok 69 - Back and closing the Team pack picker detach a read before reopening
  ---
  duration_ms: 7.252541
  ...
# Subtest: a created pack round-trips into independent playable territory and stronghold levels
ok 70 - a created pack round-trips into independent playable territory and stronghold levels
  ---
  duration_ms: 4.4945
  ...
# Subtest: pack import rejects malformed, oversize and incompatible content without changing defaults
ok 71 - pack import rejects malformed, oversize and incompatible content without changing defaults
  ---
  duration_ms: 5.198417
  ...
# Subtest: every authored encounter field rejects nonfinite, out-of-range and unknown values
ok 72 - every authored encounter field rejects nonfinite, out-of-range and unknown values
  ---
  duration_ms: 4.96925
  ...
# Subtest: goal instructions follow authored coverage and required core counts
ok 73 - goal instructions follow authored coverage and required core counts
  ---
  duration_ms: 0.217458
  ...
# Subtest: exact injected pack/theme/asset and original bytes prepare once; Retry and confirm preserve the same decoded image
ok 74 - exact injected pack/theme/asset and original bytes prepare once; Retry and confirm preserve the same decoded image
  ---
  duration_ms: 23.730625
  ...
# Subtest: explicit procedural registration has no picture IO; absent required binding never silently falls back
ok 75 - explicit procedural registration has no picture IO; absent required binding never silently falls back
  ---
  duration_ms: 6.982291
  ...
# Subtest: same IDs and revisions do not let changed level or other pack content borrow built-in picture approval
ok 76 - same IDs and revisions do not let changed level or other pack content borrow built-in picture approval
  ---
  duration_ms: 7.20975
  ...
# Subtest: old strict game format rejects added image fields; binding tables reject URLs, duplicates and unbounded images
ok 77 - old strict game format rejects added image fields; binding tables reject URLs, duplicates and unbounded images
  ---
  duration_ms: 1.889917
  ...
# Subtest: snapshot theme and collection revisions are exact and no unavailable snapshot is silently adopted
ok 78 - snapshot theme and collection revisions are exact and no unavailable snapshot is silently adopted
  ---
  duration_ms: 12.06925
  ...
# Subtest: wrong selected asset revision, source-only quality or crop refuses before a reader is called
ok 79 - wrong selected asset revision, source-only quality or crop refuses before a reader is called
  ---
  duration_ms: 13.547167
  ...
# Subtest: wrong returned asset, corrupted original or decode failure visibly fails without accepting or falling back
ok 80 - wrong returned asset, corrupted original or decode failure visibly fails without accepting or falling back
  ---
  duration_ms: 22.175291
  ...
# Subtest: decoded dimensions must agree and a failed decode result releases its owned image
ok 81 - decoded dimensions must agree and a failed decode result releases its owned image
  ---
  duration_ms: 7.117583
  ...
# Subtest: pack and binding metadata are captured before an injected status callback can mutate them
ok 82 - pack and binding metadata are captured before an injected status callback can mutate them
  ---
  duration_ms: 8.204916
  ...
# Subtest: Retry cannot switch identity after failed acquisition; a new attempt may select the new snapshot
ok 83 - Retry cannot switch identity after failed acquisition; a new attempt may select the new snapshot
  ---
  duration_ms: 10.792458
  ...
# Subtest: Cancel then Retry owns a new pending decode; a late old result only releases its own image
ok 84 - Cancel then Retry owns a new pending decode; a late old result only releases its own image
  ---
  duration_ms: 9.075959
  ...
# Subtest: new attempt replacement is atomic and failed replacement preserves the previous decoded lease
ok 85 - new attempt replacement is atomic and failed replacement preserves the previous decoded lease
  ---
  duration_ms: 9.593333
  ...
# Subtest: dispose while decoding rejects late completion and releases it exactly once
ok 86 - dispose while decoding rejects late completion and releases it exactly once
  ---
  duration_ms: 3.282375
  ...
# Subtest: reentrant status selection cannot let the previous operation adopt or leak a picture
ok 87 - reentrant status selection cannot let the previous operation adopt or leak a picture
  ---
  duration_ms: 12.812917
  ...
# Subtest: confirm rejects an interrupted gesture and mutable snapshot drift without reselecting or reading
ok 88 - confirm rejects an interrupted gesture and mutable snapshot drift without reselecting or reading
  ---
  duration_ms: 7.7775
  ...
# Subtest: a ready-status cancellation preserves the prior working lease and releases only the new candidate
ok 89 - a ready-status cancellation preserves the prior working lease and releases only the new candidate
  ---
  duration_ms: 5.72225
  ...
# Subtest: ready-status selection cannot release the prior picture before the newest candidate validates
ok 90 - ready-status selection cannot release the prior picture before the newest candidate validates
  ---
  duration_ms: 6.697333
  ...
# Subtest: matching metadata hashes still require the actual PNG header dimensions
ok 91 - matching metadata hashes still require the actual PNG header dimensions
  ---
  duration_ms: 8.394167
  ...
# Subtest: pre-aborted requests and invalid native blob type do not acquire decoded resources
ok 92 - pre-aborted requests and invalid native blob type do not acquire decoded resources
  ---
  duration_ms: 3.6065
  ...
# Subtest: legacy callers retain procedural painting and restoring the page snapshot restores that look
ok 93 - legacy callers retain procedural painting and restoring the page snapshot restores that look
  ---
  duration_ms: 21.891167
  ...
# Subtest: the prepared original is drawn once with nearest sampling and only claimed land exposes it
ok 94 - the prepared original is drawn once with nearest sampling and only claimed land exposes it
  ---
  duration_ms: 6.271083
  ...
# Subtest: an explicit procedural binding uses the selected palette without pretending an image exists
ok 95 - an explicit procedural binding uses the selected palette without pretending an image exists
  ---
  duration_ms: 1.088
  ...
# Subtest: wrong arena, stale presentation, cropped dimensions and non-nearest bindings refuse before drawing
ok 96 - wrong arena, stale presentation, cropped dimensions and non-nearest bindings refuse before drawing
  ---
  duration_ms: 0.782666
  ...
# Subtest: snapshot validation is atomic and plain text keeps its existing system-font roles
ok 97 - snapshot validation is atomic and plain text keeps its existing system-font roles
  ---
  duration_ms: 2.64325
  ...
# Subtest: all existing Team semantic cues and geometry remain above the picture in reduced paused paint
ok 98 - all existing Team semantic cues and geometry remain above the picture in reduced paused paint
  ---
  duration_ms: 7.817541
  ...
# Subtest: motion scale affects only optional pulse while paused repetition and real simulation remain identical
ok 99 - motion scale affects only optional pulse while paused repetition and real simulation remain identical
  ---
  duration_ms: 95.12625
  ...
# Subtest: drawing errors restore the borrowed canvas state without closing the supplied image
ok 100 - drawing errors restore the borrowed canvas state without closing the supplied image
  ---
  duration_ms: 0.552375
  ...
# Subtest: the existing page lease applies/restores the Team snapshot without overriding a newer owner
ok 101 - the existing page lease applies/restores the Team snapshot without overriding a newer owner
  ---
  duration_ms: 5.127667
  ...
1..101
# tests 101
# suites 0
# pass 101
# fail 0
# cancelled 0
# skipped 0
# todo 0
# duration_ms 1008.784667
