{
  "status": "PASS",
  "base": "https://mekhovov.github.io/revealline/",
  "currentVersion": "v0.60.7",
  "gameSourceRevision": "a36d62f2fc3af67e3fffcafda3656c413ca77341",
  "qualifiedSourceTree": "eaa76580e442311e87e6761a7d442f38f8f06652",
  "controllerCommit": "00a043d08c235422e9dbebef82dc5e0837da6667",
  "controllerTree": "53f7ddda49464f68a2dfc9112b46f8b8fda3eee6",
  "deploymentId": 6514586010,
  "runId": 35289348308,
  "bindingSha256": "df58f47e609a0ea91c574af1846334a12212f22d2718564134d24b1d4bf8b481",
  "artifactReceiptSha256": "d648d6b7eab88a856efcf383fdd4f3eea5f2d73a6908a73a0014f88130714bed",
  "expectedInventorySha256": "b64ba8d7675e4b3f919bad13dd398d37d57f2276c0b91a09c831801bfb557ccd",
  "configurationSha256": "f6e33dccf6d0c549b34ec7e8b00190a49f5c63d89fc93156c92d1f09efd3c4ff",
  "catalogSha256": "22fd46f31e071f23ee07a0943f85e161890cd2a67e2b905deeea3332f5f1fdbe",
  "visibleFrozenVersions": [
    "v0.1.0",
    "v0.1.1",
    "v0.1.2",
    "v0.10.0",
    "v0.11.0",
    "v0.12.0",
    "v0.13.0",
    "v0.14.0",
    "v0.15.0",
    "v0.16.0",
    "v0.17.0",
    "v0.17.1",
    "v0.18.0",
    "v0.19.0",
    "v0.2.0",
    "v0.2.1",
    "v0.20.0",
    "v0.21.0",
    "v0.22.0",
    "v0.23.0",
    "v0.24.0",
    "v0.25.0",
    "v0.26.0",
    "v0.27.0",
    "v0.28.0",
    "v0.29.0",
    "v0.29.1",
    "v0.29.2",
    "v0.3.0",
    "v0.30.0",
    "v0.31.0",
    "v0.32.0",
    "v0.33.0",
    "v0.34.0",
    "v0.35.0",
    "v0.36.0",
    "v0.37.0",
    "v0.38.0",
    "v0.39.0",
    "v0.4.0",
    "v0.4.1",
    "v0.40.0",
    "v0.41.0",
    "v0.42.0",
    "v0.44.0",
    "v0.45.0",
    "v0.46.0",
    "v0.47.0",
    "v0.48.0",
    "v0.49.0",
    "v0.5.0",
    "v0.50.0",
    "v0.51.0",
    "v0.52.0",
    "v0.54.0",
    "v0.55.0",
    "v0.56.0",
    "v0.57.0",
    "v0.57.1",
    "v0.57.2",
    "v0.57.3",
    "v0.57.4",
    "v0.58.0",
    "v0.58.1",
    "v0.59.0",
    "v0.59.1",
    "v0.6.0",
    "v0.60.0",
    "v0.60.1",
    "v0.60.2",
    "v0.60.3",
    "v0.60.4",
    "v0.60.5",
    "v0.60.6",
    "v0.60.7",
    "v0.7.0",
    "v0.8.0",
    "v0.9.0"
  ],
  "comparisonOnlyVersions": [],
  "startedAt": "2026-09-18T00:16:19.336Z",
  "finishedAt": "2026-09-18T00:18:12.314Z",
  "mode": "full",
  "fullInventoryFiles": 2847,
  "files": 2847,
  "completedFiles": 2847,
  "expectedBytes": 640138824,
  "verifiedBytes": 640138824,
  "failedFiles": 0,
  "retries": 2,
  "skipped": [],
  "uninspectedFiles": 0,
  "allArtifactBodiesVerified": true,
  "criticalBrowserSmokeMayStart": false,
  "concurrency": 8,
  "requestTimeoutMs": 300000,
  "attemptsPerBody": 3,
  "sourcePinsUnchanged": true,
  "changedAuthorities": [],
  "failures": [],
  "runnerPins": [
    {
      "file": "/Users/oleksandr.mekhovov/work/my_projects/go_test/.cache/p03-replay-public-audit-a36d62f2/tools/audit-main.mjs",
      "sha256": "aff98db5dcc3d296db74215198c762b59a949738dad4fc6fbeb0d40b8d4bd864"
    },
    {
      "file": "/Users/oleksandr.mekhovov/work/my_projects/go_test/.cache/p03-replay-public-audit-a36d62f2/tools/http-engine.mjs",
      "sha256": "7660dd3ac7453bc31f6ba26e005340dd719986ac7fc1a29bd42b30db71b81c6d"
    },
    {
      "file": "/Users/oleksandr.mekhovov/work/my_projects/go_test/.cache/p03-replay-public-audit-a36d62f2/tools/retained-catalog.json",
      "sha256": "33255995f294cd1f9ad8156da86055897fbc8b91e98ff41594352ea738b3c39f"
    }
  ],
  "rootGraphAndAliasesAndWorkersIncluded": true,
  "retainedHistoricalBridgesIncluded": true,
  "publicBrowserAcceptance": false,
  "boundaries": "Decoded HTTP bodies and required MIME only. Critical mode is partial; even a full pass does not prove browser play, offline, storage, migration or physical-device behavior. Pinned deployment snapshots are historical evidence, not a live API polling claim."
}
