{
  "directory": "/Users/oleksandr.mekhovov/work/my_projects/go_test/.cache/p03-replay-public-audit-a36d62f2/hosted-observation-after-1",
  "run": {
    "id": 35289348308,
    "status": "completed",
    "conclusion": "success",
    "head_sha": "00a043d08c235422e9dbebef82dc5e0837da6667"
  },
  "jobs": [
    {
      "id": 105428596897,
      "name": "assemble",
      "status": "completed",
      "conclusion": "success"
    },
    {
      "id": 105429096767,
      "name": "deploy",
      "status": "completed",
      "conclusion": "success"
    }
  ],
  "artifacts": [
    {
      "id": 10525338564,
      "name": "frozen-pages-receipts",
      "size_in_bytes": 134919,
      "digest": "sha256:ba4fd02899526287edda1fb6b76f9885352b8dced6e3cde33d9c56f6ef28dd2e"
    },
    {
      "id": 10524934051,
      "name": "github-pages",
      "size_in_bytes": 528699132,
      "digest": "sha256:551fb2ba2963ff257b1ef7d82fa0d84a04ef35046915ebdacf1ba3a5138bdee4"
    }
  ],
  "deployment": {
    "id": 6514586010,
    "sha": "00a043d08c235422e9dbebef82dc5e0837da6667",
    "environment": "github-pages"
  },
  "latestStatus": {
    "id": 18501250583,
    "state": "success",
    "log_url": "https://github.com/mekhovov/revealline/actions/runs/35289348308/job/105429096767",
    "environment_url": "https://mekhovov.github.io/revealline/"
  }
}
