TAP version 13
# Subtest: shared display record overrides legacy synchronously and startup never writes
ok 1 - shared display record overrides legacy synchronously and startup never writes
  ---
  duration_ms: 1.142291
  ...
# Subtest: invalid stored value preserves original bytes and legacy fallback: not json
ok 2 - invalid stored value preserves original bytes and legacy fallback: not json
  ---
  duration_ms: 0.12875
  ...
# Subtest: invalid stored value preserves original bytes and legacy fallback: null
ok 3 - invalid stored value preserves original bytes and legacy fallback: null
  ---
  duration_ms: 0.068584
  ...
# Subtest: invalid stored value preserves original bytes and legacy fallback: []
ok 4 - invalid stored value preserves original bytes and legacy fallback: []
  ---
  duration_ms: 0.056625
  ...
# Subtest: invalid stored value preserves original bytes and legacy fallback: {"textFace":"plain","textSize":"large"}
ok 5 - invalid stored value preserves original bytes and legacy fallback: {"textFace":"plain","textSize":"large"}
  ---
  duration_ms: 0.160041
  ...
# Subtest: invalid stored value preserves original bytes and legacy fallback: {"textFace":"serif","textSize":"standard","reducedEffec
ok 6 - invalid stored value preserves original bytes and legacy fallback: {"textFace":"serif","textSize":"standard","reducedEffec
  ---
  duration_ms: 0.072
  ...
# Subtest: invalid stored value preserves original bytes and legacy fallback: {"textFace":"pixel","textSize":"huge","reducedEffects":
ok 7 - invalid stored value preserves original bytes and legacy fallback: {"textFace":"pixel","textSize":"huge","reducedEffects":
  ---
  duration_ms: 0.403209
  ...
# Subtest: invalid stored value preserves original bytes and legacy fallback: {"textFace":"pixel","textSize":"standard","reducedEffec
ok 8 - invalid stored value preserves original bytes and legacy fallback: {"textFace":"pixel","textSize":"standard","reducedEffec
  ---
  duration_ms: 0.055792
  ...
# Subtest: invalid stored value preserves original bytes and legacy fallback: {"textFace":"pixel","textSize":"standard","reducedEffec
ok 9 - invalid stored value preserves original bytes and legacy fallback: {"textFace":"pixel","textSize":"standard","reducedEffec
  ---
  duration_ms: 0.180167
  ...
# Subtest: invalid stored value preserves original bytes and legacy fallback: {"textFace":"pixel","textSize":"standard","reducedEffec
ok 10 - invalid stored value preserves original bytes and legacy fallback: {"textFace":"pixel","textSize":"standard","reducedEffec
  ---
  duration_ms: 0.107417
  ...
# Subtest: invalid stored value preserves original bytes and legacy fallback:                                                        
ok 11 - invalid stored value preserves original bytes and legacy fallback:                                                        
  ---
  duration_ms: 0.090417
  ...
# Subtest: legacy seed reads only display fields; explicit change saves three fields before navigation
ok 12 - legacy seed reads only display fields; explicit change saves three fields before navigation
  ---
  duration_ms: 0.187917
  ...
# Subtest: late legacy snapshots cannot replace explicit same-value intent or a newer seed
ok 13 - late legacy snapshots cannot replace explicit same-value intent or a newer seed
  ---
  duration_ms: 0.103917
  ...
# Subtest: a current shared record wins a delayed legacy read even before its storage event
ok 14 - a current shared record wins a delayed legacy read even before its storage event
  ---
  duration_ms: 0.09675
  ...
# Subtest: system reduction combines conservatively without changing raw intent or saving
ok 15 - system reduction combines conservatively without changing raw intent or saving
  ---
  duration_ms: 0.137042
  ...
# Subtest: injected and legacy media query APIs use current matches and detach on disposal
ok 16 - injected and legacy media query APIs use current matches and detach on disposal
  ---
  duration_ms: 0.067958
  ...
# Subtest: missing media query capability still permits explicit reduction
ok 17 - missing media query capability still permits explicit reduction
  ---
  duration_ms: 0.065458
  ...
# Subtest: storage events require exact key, area and still-current bounded raw bytes
ok 18 - storage events require exact key, area and still-current bounded raw bytes
  ---
  duration_ms: 0.27225
  ...
# Subtest: practice mode changes memory with a warning and protects unsaved intent
ok 19 - practice mode changes memory with a warning and protects unsaved intent
  ---
  duration_ms: 0.150542
  ...
# Subtest: quota failures preserve memory, and a later successful save restores sharing
ok 20 - quota failures preserve memory, and a later successful save restores sharing
  ---
  duration_ms: 0.105875
  ...
# Subtest: unavailable storage and throwing warning callbacks cannot undo display intent
ok 21 - unavailable storage and throwing warning callbacks cannot undo display intent
  ---
  duration_ms: 0.063875
  ...
# Subtest: patch validation is atomic and rejects accessors, symbols and hidden or unknown fields
ok 22 - patch validation is atomic and rejects accessors, symbols and hidden or unknown fields
  ---
  duration_ms: 0.298584
  ...
# Subtest: subscribers see immutable current state and newer reentrant intent reaches storage
ok 23 - subscribers see immutable current state and newer reentrant intent reaches storage
  ---
  duration_ms: 0.227625
  ...
# Subtest: a failed observer does not block other observers or persistence
ok 24 - a failed observer does not block other observers or persistence
  ---
  duration_ms: 0.095792
  ...
# Subtest: reentrant explicit intent during legacy adoption wins and reports the seed superseded
ok 25 - reentrant explicit intent during legacy adoption wins and reports the seed superseded
  ---
  duration_ms: 0.187458
  ...
# Subtest: disposal detaches both event sources and rejects later mutation or subscription
ok 26 - disposal detaches both event sources and rejects later mutation or subscription
  ---
  duration_ms: 0.091417
  ...
# Subtest: persisted return reads current shared state and cap without resaving or duplicate notifications
ok 27 - persisted return reads current shared state and cap without resaving or duplicate notifications
  ---
  duration_ms: 0.123041
  ...
# Subtest: persisted return preserves unsaved intent while refreshing current system reduction
ok 28 - persisted return preserves unsaved intent while refreshing current system reduction
  ---
  duration_ms: 0.374625
  ...
# Subtest: persisted return ignores malformed and deleted shared data while updating only the effective cap
ok 29 - persisted return ignores malformed and deleted shared data while updating only the effective cap
  ---
  duration_ms: 0.075459
  ...
# Subtest: ordinary pageshow and a disposed authority cannot consume restored-page changes
ok 30 - ordinary pageshow and a disposed authority cannot consume restored-page changes
  ---
  duration_ms: 0.039167
  ...
# Subtest: persisted return respects a newer explicit choice made by an observer
ok 31 - persisted return respects a newer explicit choice made by an observer
  ---
  duration_ms: 0.104458
  ...
# Subtest: history-restored selector follows current owner after pageshow (persisted=false)
ok 32 - history-restored selector follows current owner after pageshow (persisted=false)
  ---
  duration_ms: 1.657375
  ...
# Subtest: history-restored selector follows current owner after pageshow (persisted=true)
ok 33 - history-restored selector follows current owner after pageshow (persisted=true)
  ---
  duration_ms: 0.448
  ...
# Subtest: persisted return first refreshes shared authority, then corrects late stale form state
ok 34 - persisted return first refreshes shared authority, then corrects late stale form state
  ---
  duration_ms: 0.666
  ...
# Subtest: history repair retains unsaved local intent and its persistence warning
ok 35 - history repair retains unsaved local intent and its persistence warning
  ---
  duration_ms: 0.370416
  ...
# Subtest: deferred repair reads newer explicit intent instead of replaying the earlier snapshot
ok 36 - deferred repair reads newer explicit intent instead of replaying the earlier snapshot
  ---
  duration_ms: 0.250834
  ...
# Subtest: a second pageshow replaces its pending task and a frozen departure cancels it
ok 37 - a second pageshow replaces its pending task and a frozen departure cancels it
  ---
  duration_ms: 0.190625
  ...
# Subtest: terminal disposal cancels deferred repair and stale callbacks cannot rewrite controls
ok 38 - terminal disposal cancels deferred repair and stale callbacks cannot rewrite controls
  ---
  duration_ms: 0.194875
  ...
1..38
# tests 38
# suites 0
# pass 38
# fail 0
# cancelled 0
# skipped 0
# todo 0
# duration_ms 104.069875
