{
  "status": "PREPARED_AUTHORITY_ONLY",
  "base": "https://mekhovov.github.io/revealline/",
  "currentVersion": "v0.61.0",
  "gameSourceRevision": "fc2c7af6b22c703cc3bb2c081579878b7510f667",
  "qualifiedSourceTree": "bf11a670ac53a31d58b79540650229160bacd486",
  "controllerCommit": "b2295577461a5792baa37a1ef4c2f9dbdbc75ae9",
  "controllerTree": "a899feeed8812f33ea422893fa1008aef09cf48f",
  "deploymentId": 6517187019,
  "runId": 35304941339,
  "bindingSha256": "003d37459a8b635816f41e7c30b3ea07908d4c9d6bdeabcc6c352168c9e45da1",
  "artifactReceiptSha256": "bba585de5d6d65df5bad30e626dff1809443ec9bb2825730b909870ad417260c",
  "expectedInventorySha256": "27793ad59c3d7cc4ca292ae4ff49d596e421908be9065021f797fd63490b066a",
  "configurationSha256": "51c1c13e7a78e84e131ec8cd50aeee85125b534cdd3cba59ae6cd1919bdbb806",
  "catalogSha256": "9f4d1c8b70383e716d2f299426f5a3fd3e48c391fab9695346b13fc78e4f5c8f",
  "visibleFrozenVersions": [
    "v0.1.0",
    "v0.1.1",
    "v0.1.2",
    "v0.10.0",
    "v0.11.0",
    "v0.12.0",
    "v0.13.0",
    "v0.14.0",
    "v0.15.0",
    "v0.16.0",
    "v0.17.0",
    "v0.17.1",
    "v0.18.0",
    "v0.19.0",
    "v0.2.0",
    "v0.2.1",
    "v0.20.0",
    "v0.21.0",
    "v0.22.0",
    "v0.23.0",
    "v0.24.0",
    "v0.25.0",
    "v0.26.0",
    "v0.27.0",
    "v0.28.0",
    "v0.29.0",
    "v0.29.1",
    "v0.29.2",
    "v0.3.0",
    "v0.30.0",
    "v0.31.0",
    "v0.32.0",
    "v0.33.0",
    "v0.34.0",
    "v0.35.0",
    "v0.36.0",
    "v0.37.0",
    "v0.38.0",
    "v0.39.0",
    "v0.4.0",
    "v0.4.1",
    "v0.40.0",
    "v0.41.0",
    "v0.42.0",
    "v0.44.0",
    "v0.45.0",
    "v0.46.0",
    "v0.47.0",
    "v0.48.0",
    "v0.49.0",
    "v0.5.0",
    "v0.50.0",
    "v0.51.0",
    "v0.52.0",
    "v0.54.0",
    "v0.55.0",
    "v0.56.0",
    "v0.57.0",
    "v0.57.1",
    "v0.57.2",
    "v0.57.3",
    "v0.57.4",
    "v0.58.0",
    "v0.58.1",
    "v0.59.0",
    "v0.59.1",
    "v0.6.0",
    "v0.60.0",
    "v0.60.1",
    "v0.60.2",
    "v0.60.3",
    "v0.60.4",
    "v0.60.5",
    "v0.60.6",
    "v0.60.7",
    "v0.60.8",
    "v0.60.9",
    "v0.61.0",
    "v0.7.0",
    "v0.8.0",
    "v0.9.0"
  ],
  "comparisonOnlyVersions": [],
  "files": 2922,
  "expectedBytes": 640615971,
  "hiddenFiles": [
    ".nojekyll",
    ".xonix-build.json",
    "releases/v0.61.0/site/.xonix-build.json"
  ],
  "networkRequests": 0,
  "outputWrites": 0,
  "publicAcceptance": false
}
