{
  "status": "PARTIAL_CRITICAL_PASS",
  "base": "https://mekhovov.github.io/revealline/",
  "currentVersion": "v0.56.0",
  "gameSourceRevision": "20f017963e6f3875ce6388a198a6fb601e0aea40",
  "qualifiedSourceTree": "b48ab534db3a202ee070802957944fa898d864ef",
  "controllerCommit": "65b1935aa3300ae5349c71dde71b61767cb7cd06",
  "controllerTree": "39b386c046cb98fa6123bd463d9df2883b6fd8fc",
  "deploymentId": 6456165541,
  "runId": 34954644998,
  "bindingSha256": "c9c329fd19deddc8401ca423ad3da0303a6578a058c0a1d9d5abaf3287fe3fa8",
  "artifactReceiptSha256": "e19a504ad9723462c6dda040fd361c43f98262152cdbcd6258318bdfce5b4dcb",
  "expectedInventorySha256": "45c0d50ceb298ea1b91fbf9fea916bb16c2d55cd116a299397a702552f42f707",
  "configurationSha256": "453d6db9e3f913e3222440b115ece86c2b483af3614ac468261213035a4a9fd3",
  "catalogSha256": "405e397691d8fd37bbf3bc13b2b013eba9f2af64fb1c5a245260e2202e8f5abd",
  "visibleFrozenVersions": [
    "v0.1.0",
    "v0.1.1",
    "v0.1.2",
    "v0.10.0",
    "v0.11.0",
    "v0.12.0",
    "v0.13.0",
    "v0.14.0",
    "v0.15.0",
    "v0.16.0",
    "v0.17.0",
    "v0.17.1",
    "v0.18.0",
    "v0.19.0",
    "v0.2.0",
    "v0.2.1",
    "v0.20.0",
    "v0.21.0",
    "v0.22.0",
    "v0.23.0",
    "v0.24.0",
    "v0.25.0",
    "v0.26.0",
    "v0.27.0",
    "v0.28.0",
    "v0.29.0",
    "v0.29.1",
    "v0.29.2",
    "v0.3.0",
    "v0.30.0",
    "v0.31.0",
    "v0.32.0",
    "v0.33.0",
    "v0.34.0",
    "v0.35.0",
    "v0.36.0",
    "v0.37.0",
    "v0.38.0",
    "v0.39.0",
    "v0.4.0",
    "v0.4.1",
    "v0.40.0",
    "v0.41.0",
    "v0.42.0",
    "v0.44.0",
    "v0.45.0",
    "v0.46.0",
    "v0.47.0",
    "v0.48.0",
    "v0.49.0",
    "v0.5.0",
    "v0.50.0",
    "v0.51.0",
    "v0.52.0",
    "v0.54.0",
    "v0.55.0",
    "v0.56.0",
    "v0.6.0",
    "v0.7.0",
    "v0.8.0",
    "v0.9.0"
  ],
  "comparisonOnlyVersions": [],
  "startedAt": "2026-09-15T09:55:35.037Z",
  "finishedAt": "2026-09-15T09:55:35.421Z",
  "mode": "critical",
  "fullInventoryFiles": 2337,
  "files": 8,
  "completedFiles": 8,
  "expectedBytes": 311599,
  "verifiedBytes": 311599,
  "failedFiles": 0,
  "retries": 0,
  "skipped": [],
  "uninspectedFiles": 2329,
  "allArtifactBodiesVerified": false,
  "criticalBrowserSmokeMayStart": true,
  "concurrency": 8,
  "requestTimeoutMs": 300000,
  "attemptsPerBody": 3,
  "sourcePinsUnchanged": true,
  "changedAuthorities": [],
  "failures": [],
  "runnerPins": [
    {
      "file": "/Users/oleksandr.mekhovov/work/my_projects/go_test/.cache/round47/v056-public-audit-archive12-successor/audit-main.mjs",
      "sha256": "2bdb85e583c8c5de7709018dd3bd285a8c827d2c6d7762e7e2d5cb4e9fe940df"
    },
    {
      "file": "/Users/oleksandr.mekhovov/work/my_projects/go_test/.cache/round47/v056-public-audit-archive12-successor/http-engine.mjs",
      "sha256": "7660dd3ac7453bc31f6ba26e005340dd719986ac7fc1a29bd42b30db71b81c6d"
    },
    {
      "file": "/Users/oleksandr.mekhovov/work/my_projects/go_test/.cache/round47/v056-public-audit-archive12-successor/retained-catalog.json",
      "sha256": "8b27f33322a7291f127051a1a53ff3b5fafa60c29f4499a3c5d2c80023eac19d"
    }
  ],
  "rootGraphAndAliasesAndWorkersIncluded": false,
  "retainedHistoricalBridgesIncluded": false,
  "publicBrowserAcceptance": false,
  "boundaries": "Decoded HTTP bodies and required MIME only. Critical mode is partial; even a full pass does not prove browser play, offline, storage, migration or physical-device behavior. Pinned deployment snapshots are historical evidence, not a live API polling claim."
}
