Running 94/376 test files in shard 1/4.
authoring/motion-lab/test-ability.mjs
authoring/motion-lab/test-motion.mjs
game/test/arcade-actions.test.mjs
game/test/asset-studio-helpers.test.mjs
game/test/asset-studio-picture-context.test.mjs
game/test/attempt-export.test.mjs
game/test/backup-set.test.mjs
game/test/boot-build.test.mjs
game/test/campaign-difficulty-backup.test.mjs
game/test/challenges.test.mjs
game/test/classic-capture-stop.test.mjs
game/test/classic-host.test.mjs
game/test/classic-transport.test.mjs
game/test/compatibility-v0100.test.mjs
game/test/continuation.test.mjs
game/test/controller-bindings.test.mjs
game/test/controller-boost.test.mjs
game/test/controller-preview.test.mjs
game/test/controller-settings.test.mjs
game/test/coop-core.test.mjs
game/test/coop-library.test.mjs
game/test/core-abilities.test.mjs
game/test/core-systems.test.mjs
game/test/couch-installed-chapters.test.mjs
game/test/countercurrent-chapter-distribution.test.mjs
game/test/current-art.test.mjs
game/test/difficulty-access.test.mjs
game/test/direct-tools-loading.test.mjs
game/test/encounter-consumers.test.mjs
game/test/enemy-body-assets.test.mjs
game/test/enemy-guide-host.test.mjs
game/test/enemy-pressure.test.mjs
game/test/expansion-playthrough.test.mjs
game/test/external-chapter-card-focus.test.mjs
game/test/external-chapter.test.mjs
game/test/featured-chapter.test.mjs
game/test/field-kit-reveals.test.mjs
game/test/first-flight-entry.test.mjs
game/test/first-flight-view.test.mjs
game/test/flight-pictures-host.test.mjs
game/test/fpv-r2-playthrough.test.mjs
game/test/fpv-role-host.test.mjs
game/test/fracture-lines-chapter.test.mjs
game/test/gallery-difficulty.test.mjs
game/test/homeward-playthrough.test.mjs
game/test/key-bindings.test.mjs
game/test/main-menu-collection-host.test.mjs
game/test/mastery-equipment-replay.test.mjs
game/test/mastery-records.test.mjs
game/test/mastery.test.mjs
game/test/media-runtime-read.test.mjs
game/test/mission-picker-older.test.mjs
game/test/mp3.test.mjs
game/test/offline-panel.test.mjs
game/test/optional-chapters-host.test.mjs
game/test/packs.test.mjs
game/test/picture-ready-status.test.mjs
game/test/playground-model.test.mjs
game/test/practice-navigation.test.mjs
game/test/presentation-fonts.test.mjs
game/test/presentation-output.test.mjs
game/test/presentation-production-history.test.mjs
game/test/presentation-system.test.mjs
game/test/profile-original-recovery-view.test.mjs
game/test/profile-recovery-settings-host.test.mjs
game/test/profile-transfer-suspended.test.mjs
game/test/published-audio.test.mjs
game/test/replay-player.test.mjs
game/test/result-picture.test.mjs
game/test/route-choices-chapter.test.mjs
game/test/screen-steering-hand.test.mjs
game/test/sentinel-circuit.test.mjs
game/test/sentinel-theme-host.test.mjs
game/test/sessions.test.mjs
game/test/soundtrack-host.test.mjs
game/test/soundtrack.test.mjs
game/test/still-media-catalog.test.mjs
game/test/still-media-preview.test.mjs
game/test/storage-retention-host.test.mjs
game/test/story-binding-store.test.mjs
game/test/story-media-store.test.mjs
game/test/terminal-navigation.test.mjs
game/test/text-size-library.test.mjs
game/test/touchscreen-controller-host.test.mjs
game/test/victory-story-ui.test.mjs
game/test/wide-content.test.mjs
game/test/worlds-browser.test.mjs
platforms/desktop/test/resources.test.mjs
scripts/native-art.test.mjs
scripts/test-encounter-consumers.mjs
scripts/test-inspect-goals.mjs
scripts/test-pages-current-entry.mjs
scripts/test-production-panel.mjs
scripts/test-release-catalog.mjs
