Running 94/376 test files in shard 4/4.
authoring/motion-lab/test-grid-motion.mjs
game/test/appearance-milestones.test.mjs
game/test/asset-studio-fixture.test.mjs
game/test/asset-studio-offline-fixtures.test.mjs
game/test/attempt-export-panel.test.mjs
game/test/backup-set-host.test.mjs
game/test/body-derivatives.test.mjs
game/test/campaign-contexts.test.mjs
game/test/campaign-playthrough.test.mjs
game/test/chapter-reward-integration.test.mjs
game/test/classic-domain-recovery.test.mjs
game/test/classic-progression.test.mjs
game/test/compact-arena-layout.test.mjs
game/test/content.test.mjs
game/test/control-geometry.test.mjs
game/test/controller-boost-settings.test.mjs
game/test/controller-preference-library.test.mjs
game/test/controller-router.test.mjs
game/test/coop-cooperation.test.mjs
game/test/coop-input-policy.test.mjs
game/test/coop-wall-sliding.test.mjs
game/test/core-roster-viability.test.mjs
game/test/couch-input.test.mjs
game/test/couch-shell.test.mjs
game/test/creator-tools-scope-host.test.mjs
game/test/device-controls-host.test.mjs
game/test/direct-tool-launch.test.mjs
game/test/encounter-compatibility.test.mjs
game/test/encounter-view.test.mjs
game/test/enemy-catalog.test.mjs
game/test/enemy-presentations.test.mjs
game/test/equipment-workshop.test.mjs
game/test/external-chapter-backup.test.mjs
game/test/external-chapter-install.test.mjs
game/test/external-recovery-catalog.test.mjs
game/test/field-kit-pixel-art.test.mjs
game/test/field-kit-title-v2.test.mjs
game/test/first-flight-routes.test.mjs
game/test/flight-media-pins.test.mjs
game/test/four-worlds-chapters.test.mjs
game/test/fpv-r5-playthrough.test.mjs
game/test/fracture-chapter-host.test.mjs
game/test/fullscreen.test.mjs
game/test/gentle-routes.test.mjs
game/test/imports.test.mjs
game/test/line-impact.test.mjs
game/test/mastery-catalog.test.mjs
game/test/mastery-pack-view.test.mjs
game/test/mastery-view.test.mjs
game/test/media-library.test.mjs
game/test/mission-brief.test.mjs
game/test/modal-navigation.test.mjs
game/test/nonmodal-header-navigation.test.mjs
game/test/optional-chapter-descriptions.test.mjs
game/test/pack-mastery.test.mjs
game/test/picture-backup-transfer.test.mjs
game/test/playground-import-host.test.mjs
game/test/practice-media-v3-host.test.mjs
game/test/presentation-component-specimens.test.mjs
game/test/presentation-metadata.test.mjs
game/test/presentation-pins.test.mjs
game/test/presentation-studio.test.mjs
game/test/profile-channel-reader.test.mjs
game/test/profile-recovery-dialog.test.mjs
game/test/profile-shared-media.test.mjs
game/test/progress.test.mjs
game/test/renderer-readability.test.mjs
game/test/replay.test.mjs
game/test/rewards.test.mjs
game/test/scenario-mastery.test.mjs
game/test/sentinel-circuit-external.test.mjs
game/test/sentinel-theme-distribution.test.mjs
game/test/sessions-mastery.test.mjs
game/test/soundtrack-gain-leases.test.mjs
game/test/soundtrack-store.test.mjs
game/test/still-media-bundle-ui.test.mjs
game/test/still-media-panel.test.mjs
game/test/still-workshop-build.test.mjs
game/test/story-binding-model.test.mjs
game/test/story-flight-host.test.mjs
game/test/tactical-teaching.test.mjs
game/test/text-size-host.test.mjs
game/test/touch-steering.test.mjs
game/test/ukraine-role-presentation.test.mjs
game/test/video-poster.test.mjs
game/test/workshop-art-integration.test.mjs
platforms/desktop/test/policy.test.mjs
platforms/ios/test/diagnostics.test.mjs
scripts/test-check-backup-set.mjs
scripts/test-game-cli.mjs
scripts/test-pages-archive.mjs
scripts/test-production-metadata-history.mjs
scripts/test-production-source-history.mjs
scripts/test-source-identity.mjs
