Running 94/376 test files in shard 2/4.
authoring/motion-lab/test-animation.mjs
authoring/motion-lab/test-steering.mjs
game/test/asset-studio-build.test.mjs
game/test/asset-studio-host-loading.test.mjs
game/test/asset-studio-rotors.test.mjs
game/test/attempt-file.test.mjs
game/test/backup-storage.test.mjs
game/test/boot-host.test.mjs
game/test/campaign-difficulty-library.test.mjs
game/test/chapter-download-host.test.mjs
game/test/classic-core.test.mjs
game/test/classic-lab.test.mjs
game/test/collection-context-host.test.mjs
game/test/compatibility-v060.test.mjs
game/test/continuous-host.test.mjs
game/test/controller-boost-library.test.mjs
game/test/controller-lab.test.mjs
game/test/controller-reading.test.mjs
game/test/coop-authoring.test.mjs
game/test/coop-experiment.test.mjs
game/test/coop-live-rescue.test.mjs
game/test/core-capture.test.mjs
game/test/couch-chapter.test.mjs
game/test/couch-markup.test.mjs
game/test/countercurrent-chapter-host.test.mjs
game/test/dawn-signal-example.test.mjs
game/test/difficulty-host.test.mjs
game/test/earned-picture.test.mjs
game/test/encounter-core.test.mjs
game/test/enemy-body-motion.test.mjs
game/test/enemy-guide-panel.test.mjs
game/test/enemy-workshop-return.test.mjs
game/test/external-backup-host.test.mjs
game/test/external-chapter-download.test.mjs
game/test/external-chapters-panel.test.mjs
game/test/field-kit-flow.test.mjs
game/test/field-kit-scenes.test.mjs
game/test/first-flight-launch.test.mjs
game/test/first-flight.test.mjs
game/test/flight-pictures.test.mjs
game/test/fpv-r3-playthrough.test.mjs
game/test/fpv-role-presentation.test.mjs
game/test/fracture-lines.test.mjs
game/test/gallery-focus.test.mjs
game/test/host-presentation-size.test.mjs
game/test/key-settings.test.mjs
game/test/managed-media-connection.test.mjs
game/test/mastery-equipment.test.mjs
game/test/mastery-replay.test.mjs
game/test/media-bundle.test.mjs
game/test/media-still.test.mjs
game/test/mission-picker.test.mjs
game/test/multiplayer-encounter.test.mjs
game/test/offline.test.mjs
game/test/optional-chapters.test.mjs
game/test/pages-delivery.test.mjs
game/test/picture-receipts.test.mjs
game/test/playground-viewport.test.mjs
game/test/practice-retry.test.mjs
game/test/presentation-host.test.mjs
game/test/presentation-page-entry.test.mjs
game/test/presentation-readiness.test.mjs
game/test/presentation-ui.test.mjs
game/test/profile-original-recovery.test.mjs
game/test/profile-recovery-snapshot.test.mjs
game/test/profile-transfer.test.mjs
game/test/published-studio.test.mjs
game/test/replay-theater-navigation.test.mjs
game/test/retry-integration.test.mjs
game/test/route-worlds-host.test.mjs
game/test/selection-bookmark-host.test.mjs
game/test/sentinel-playthrough.test.mjs
game/test/sessions-continuous.test.mjs
game/test/settings-assists-host.test.mjs
game/test/soundtrack-panel.test.mjs
game/test/specialty-playthrough.test.mjs
game/test/still-media-channel.test.mjs
game/test/still-story-lifecycle.test.mjs
game/test/storage-retention.test.mjs
game/test/story-bundle.test.mjs
game/test/story-receipts.test.mjs
game/test/text-face-host.test.mjs
game/test/title-operation-status-host.test.mjs
game/test/ui-input.test.mjs
game/test/victory-story.test.mjs
game/test/wide-core.test.mjs
platforms/desktop/test/package-security.test.mjs
platforms/ios/test/bridge.test.mjs
scripts/native-cli.test.mjs
scripts/test-expansion-proof-dispatch.mjs
scripts/test-optional-distribution.mjs
scripts/test-production-countercurrent.mjs
scripts/test-production-register.mjs
scripts/test-run-test-shard.mjs
