Running 94/376 test files in shard 3/4.
authoring/motion-lab/test-collection.mjs
game/test/actor-presentation.test.mjs
game/test/asset-studio-context-geometry.test.mjs
game/test/asset-studio-loading.test.mjs
game/test/async-wait.test.mjs
game/test/audio.test.mjs
game/test/backup.test.mjs
game/test/boot.test.mjs
game/test/campaign-difficulty.test.mjs
game/test/chapter-download.test.mjs
game/test/classic-domain-edge-recovery.test.mjs
game/test/classic-presentation.test.mjs
game/test/collection-results.test.mjs
game/test/content-launch.test.mjs
game/test/continuous-input.test.mjs
game/test/controller-boost-recovery.test.mjs
game/test/controller-navigation.test.mjs
game/test/controller-router-bindings.test.mjs
game/test/coop-balanced-routes.test.mjs
game/test/coop-host.test.mjs
game/test/coop-threat-pacing.test.mjs
game/test/core-movement.test.mjs
game/test/couch-encounter.test.mjs
game/test/couch-navigation.test.mjs
game/test/course-pause-host.test.mjs
game/test/defeat-presentation-host.test.mjs
game/test/difficulty-navigation.test.mjs
game/test/encounter-authoring.test.mjs
game/test/encounter-packs-backup.test.mjs
game/test/enemy-catalog-panel.test.mjs
game/test/enemy-guide.test.mjs
game/test/equipment-help-host.test.mjs
game/test/external-chapter-app.test.mjs
game/test/external-chapter-host.test.mjs
game/test/external-choice-capacity.test.mjs
game/test/field-kit-icons.test.mjs
game/test/field-kit-surfaces.test.mjs
game/test/first-flight-preview.test.mjs
game/test/first-light-playthrough.test.mjs
game/test/focus-clearance.test.mjs
game/test/fpv-r4-playthrough.test.mjs
game/test/fracture-chapter-distribution.test.mjs
game/test/fracture-theme-chapters.test.mjs
game/test/gallery-reduced-effects.test.mjs
game/test/hud-status-cues.test.mjs
game/test/library.test.mjs
game/test/managed-media-store.test.mjs
game/test/mastery-library.test.mjs
game/test/mastery-v070-compatibility.test.mjs
game/test/media-generic-portability.test.mjs
game/test/media-store.test.mjs
game/test/mission-thumbnails.test.mjs
game/test/multiplayer.test.mjs
game/test/operation-status.test.mjs
game/test/pack-mastery-integration.test.mjs
game/test/pause-menu-host.test.mjs
game/test/platform.test.mjs
game/test/practice-brief-host.test.mjs
game/test/presentation-backdrop.test.mjs
game/test/presentation-image.test.mjs
game/test/presentation-page.test.mjs
game/test/presentation-renderer.test.mjs
game/test/profile-channel-assets.test.mjs
game/test/profile-recovery-catalogs.test.mjs
game/test/profile-recovery-view.test.mjs
game/test/profile-writer.test.mjs
game/test/release-pictures.test.mjs
game/test/replay-theater-wide.test.mjs
game/test/retry-view.test.mjs
game/test/route-worlds.test.mjs
game/test/selection-bookmark.test.mjs
game/test/sentinel-theme-chapters.test.mjs
game/test/sessions-equipment-mastery.test.mjs
game/test/site-release-links.test.mjs
game/test/soundtrack-player.test.mjs
game/test/sprite-editor.test.mjs
game/test/still-media-host.test.mjs
game/test/still-story-panel.test.mjs
game/test/story-backup-transfer.test.mjs
game/test/story-dialog.test.mjs
game/test/tactical-challenges.test.mjs
game/test/text-face-library.test.mjs
game/test/touch-hand-compatibility.test.mjs
game/test/ukraine-role-host.test.mjs
game/test/video-poster-workshop.test.mjs
game/test/wide-presentation.test.mjs
platforms/desktop/test/packaging.test.mjs
platforms/ios/test/configuration.test.mjs
scripts/test-build-workshop-pack.mjs
scripts/test-external-distribution.mjs
scripts/test-pack-indexes.mjs
scripts/test-production-fracture-themes.mjs
scripts/test-production-sentinel-themes.mjs
scripts/test-snapshot-archive-transfer.mjs
