{
  "status": "PASS",
  "base": "https://mekhovov.github.io/revealline/",
  "currentVersion": "v0.60.1",
  "gameSourceRevision": "822f3290787c704a217e7c185d4b8beb7a527e82",
  "qualifiedSourceTree": "88bd680e09210f9bf56ca18465fdb46afb2f1307",
  "controllerCommit": "c1576deeab14bea21b00449912a6a465c3efaf90",
  "controllerTree": "1ad1ded6774c1fa63b2a2c6cf7f19328facfb7b1",
  "deploymentId": 6499869218,
  "runId": 35206271586,
  "bindingSha256": "d3166766861a8d58acefc6fb5e5d9fd4e34056cf946a6e471b34fa01e269e74c",
  "artifactReceiptSha256": "3053a1e1a1bafcd827190abede3e3684a48ac9c47eccb1b5f6365a3ecd731f1a",
  "expectedInventorySha256": "37778549a10ed1b5ca3e1cb988f26b101d90f0bbbee3e9b7be9a0b9218502493",
  "configurationSha256": "65be42dec39354cdf9d42342c1163042d9a389a4ced2bf3499f341931922a1f3",
  "catalogSha256": "bc5fa53e9b5911f9725bdeface4a02bc3371b189cdcf5607bb203cadcd19c804",
  "visibleFrozenVersions": [
    "v0.1.0",
    "v0.1.1",
    "v0.1.2",
    "v0.10.0",
    "v0.11.0",
    "v0.12.0",
    "v0.13.0",
    "v0.14.0",
    "v0.15.0",
    "v0.16.0",
    "v0.17.0",
    "v0.17.1",
    "v0.18.0",
    "v0.19.0",
    "v0.2.0",
    "v0.2.1",
    "v0.20.0",
    "v0.21.0",
    "v0.22.0",
    "v0.23.0",
    "v0.24.0",
    "v0.25.0",
    "v0.26.0",
    "v0.27.0",
    "v0.28.0",
    "v0.29.0",
    "v0.29.1",
    "v0.29.2",
    "v0.3.0",
    "v0.30.0",
    "v0.31.0",
    "v0.32.0",
    "v0.33.0",
    "v0.34.0",
    "v0.35.0",
    "v0.36.0",
    "v0.37.0",
    "v0.38.0",
    "v0.39.0",
    "v0.4.0",
    "v0.4.1",
    "v0.40.0",
    "v0.41.0",
    "v0.42.0",
    "v0.44.0",
    "v0.45.0",
    "v0.46.0",
    "v0.47.0",
    "v0.48.0",
    "v0.49.0",
    "v0.5.0",
    "v0.50.0",
    "v0.51.0",
    "v0.52.0",
    "v0.54.0",
    "v0.55.0",
    "v0.56.0",
    "v0.57.0",
    "v0.57.1",
    "v0.57.2",
    "v0.57.3",
    "v0.57.4",
    "v0.58.0",
    "v0.58.1",
    "v0.59.0",
    "v0.59.1",
    "v0.6.0",
    "v0.60.0",
    "v0.60.1",
    "v0.7.0",
    "v0.8.0",
    "v0.9.0"
  ],
  "comparisonOnlyVersions": [],
  "startedAt": "2026-09-17T09:50:43.315Z",
  "finishedAt": "2026-09-17T09:52:52.091Z",
  "mode": "full",
  "fullInventoryFiles": 2674,
  "files": 2674,
  "completedFiles": 2674,
  "expectedBytes": 638988304,
  "verifiedBytes": 638988304,
  "failedFiles": 0,
  "retries": 0,
  "skipped": [],
  "uninspectedFiles": 0,
  "allArtifactBodiesVerified": true,
  "criticalBrowserSmokeMayStart": false,
  "concurrency": 8,
  "requestTimeoutMs": 300000,
  "attemptsPerBody": 3,
  "sourcePinsUnchanged": true,
  "changedAuthorities": [],
  "failures": [],
  "runnerPins": [
    {
      "file": "/Users/oleksandr.mekhovov/work/my_projects/go_test/.cache/p05-team-public-audit-822f3290/tools/audit-main.mjs",
      "sha256": "ccfc68c11493f4e347369d0bfed80131a70b9667a737048c572e4676c8b44168"
    },
    {
      "file": "/Users/oleksandr.mekhovov/work/my_projects/go_test/.cache/p05-team-public-audit-822f3290/tools/http-engine.mjs",
      "sha256": "7660dd3ac7453bc31f6ba26e005340dd719986ac7fc1a29bd42b30db71b81c6d"
    },
    {
      "file": "/Users/oleksandr.mekhovov/work/my_projects/go_test/.cache/p05-team-public-audit-822f3290/tools/retained-catalog.json",
      "sha256": "3edda5240c707073c55175b43837e4f0d07c5f13c377a264c6c4d44be70bc3d2"
    }
  ],
  "rootGraphAndAliasesAndWorkersIncluded": true,
  "retainedHistoricalBridgesIncluded": true,
  "publicBrowserAcceptance": false,
  "boundaries": "Decoded HTTP bodies and required MIME only. Critical mode is partial; even a full pass does not prove browser play, offline, storage, migration or physical-device behavior. Pinned deployment snapshots are historical evidence, not a live API polling claim."
}
