{
  "status": "PREPARED_AUTHORITY_ONLY",
  "base": "https://mekhovov.github.io/revealline/",
  "currentVersion": "v0.60.1",
  "gameSourceRevision": "822f3290787c704a217e7c185d4b8beb7a527e82",
  "qualifiedSourceTree": "88bd680e09210f9bf56ca18465fdb46afb2f1307",
  "controllerCommit": "c1576deeab14bea21b00449912a6a465c3efaf90",
  "controllerTree": "1ad1ded6774c1fa63b2a2c6cf7f19328facfb7b1",
  "deploymentId": 6499869218,
  "runId": 35206271586,
  "bindingSha256": "d3166766861a8d58acefc6fb5e5d9fd4e34056cf946a6e471b34fa01e269e74c",
  "artifactReceiptSha256": "3053a1e1a1bafcd827190abede3e3684a48ac9c47eccb1b5f6365a3ecd731f1a",
  "expectedInventorySha256": "37778549a10ed1b5ca3e1cb988f26b101d90f0bbbee3e9b7be9a0b9218502493",
  "configurationSha256": "65be42dec39354cdf9d42342c1163042d9a389a4ced2bf3499f341931922a1f3",
  "catalogSha256": "bc5fa53e9b5911f9725bdeface4a02bc3371b189cdcf5607bb203cadcd19c804",
  "visibleFrozenVersions": [
    "v0.1.0",
    "v0.1.1",
    "v0.1.2",
    "v0.10.0",
    "v0.11.0",
    "v0.12.0",
    "v0.13.0",
    "v0.14.0",
    "v0.15.0",
    "v0.16.0",
    "v0.17.0",
    "v0.17.1",
    "v0.18.0",
    "v0.19.0",
    "v0.2.0",
    "v0.2.1",
    "v0.20.0",
    "v0.21.0",
    "v0.22.0",
    "v0.23.0",
    "v0.24.0",
    "v0.25.0",
    "v0.26.0",
    "v0.27.0",
    "v0.28.0",
    "v0.29.0",
    "v0.29.1",
    "v0.29.2",
    "v0.3.0",
    "v0.30.0",
    "v0.31.0",
    "v0.32.0",
    "v0.33.0",
    "v0.34.0",
    "v0.35.0",
    "v0.36.0",
    "v0.37.0",
    "v0.38.0",
    "v0.39.0",
    "v0.4.0",
    "v0.4.1",
    "v0.40.0",
    "v0.41.0",
    "v0.42.0",
    "v0.44.0",
    "v0.45.0",
    "v0.46.0",
    "v0.47.0",
    "v0.48.0",
    "v0.49.0",
    "v0.5.0",
    "v0.50.0",
    "v0.51.0",
    "v0.52.0",
    "v0.54.0",
    "v0.55.0",
    "v0.56.0",
    "v0.57.0",
    "v0.57.1",
    "v0.57.2",
    "v0.57.3",
    "v0.57.4",
    "v0.58.0",
    "v0.58.1",
    "v0.59.0",
    "v0.59.1",
    "v0.6.0",
    "v0.60.0",
    "v0.60.1",
    "v0.7.0",
    "v0.8.0",
    "v0.9.0"
  ],
  "comparisonOnlyVersions": [],
  "files": 2674,
  "expectedBytes": 638988304,
  "hiddenFiles": [
    ".nojekyll",
    ".xonix-build.json",
    "releases/v0.60.1/site/.xonix-build.json"
  ],
  "networkRequests": 0,
  "outputWrites": 0,
  "publicAcceptance": false
}
