{
  "directory": "/Users/oleksandr.mekhovov/work/my_projects/go_test/.cache/p05-team-public-audit-822f3290/hosted-observation-before1",
  "run": {
    "id": 35206271586,
    "status": "completed",
    "conclusion": "success",
    "head_sha": "c1576deeab14bea21b00449912a6a465c3efaf90"
  },
  "jobs": [
    {
      "id": 105152723651,
      "name": "assemble",
      "status": "completed",
      "conclusion": "success"
    },
    {
      "id": 105153312342,
      "name": "deploy",
      "status": "completed",
      "conclusion": "success"
    }
  ],
  "artifacts": [
    {
      "id": 10490291863,
      "name": "frozen-pages-receipts",
      "size_in_bytes": 127413,
      "digest": "sha256:0576d9bf238710ba2b3dbac7c0e10e2bb5870c3312aaee0d5e28d804c6dc7abd"
    },
    {
      "id": 10490107652,
      "name": "github-pages",
      "size_in_bytes": 528422179,
      "digest": "sha256:0b34d9cadcc320a8aa2aea43c301806cabc7a15f28ec777d4fb68d17fc90a2a4"
    }
  ],
  "deployment": {
    "id": 6499869218,
    "sha": "c1576deeab14bea21b00449912a6a465c3efaf90",
    "environment": "github-pages"
  },
  "latestStatus": {
    "id": 18467370379,
    "state": "success",
    "log_url": "https://github.com/mekhovov/revealline/actions/runs/35206271586/job/105153312342",
    "environment_url": "https://mekhovov.github.io/revealline/"
  }
}
