{
  "status": "PASS_LIVE_AUTHORITIES_UNCHANGED_AFTER_FULL_AUDIT",
  "at": "2026-09-17T09:54:28.870357+00:00",
  "controllerCommit": "c1576deeab14bea21b00449912a6a465c3efaf90",
  "controllerTree": "1ad1ded6774c1fa63b2a2c6cf7f19328facfb7b1",
  "deploymentId": 6499869218,
  "runId": 35206271586,
  "latestSuccessStatusId": 18467370379,
  "latestStableVersion": "v0.60.1",
  "releaseId": 390577418,
  "assets": [
    {
      "id": 569919484,
      "name": "distribution.zip",
      "size": 313123634,
      "digest": "sha256:ba89bf2da68f0269af233a3940f36db11eba111af56cbffc666fd38d53b960f5",
      "state": "uploaded",
      "browser_download_url": "https://github.com/mekhovov/revealline/releases/download/v0.60.1/distribution.zip"
    },
    {
      "id": 569914098,
      "name": "distribution.zip.sha256",
      "size": 83,
      "digest": "sha256:70f7f879092e2e1d31388c3ebbeb89255b9462cd753e48cf96503d3e9d3cbb2d",
      "state": "uploaded",
      "browser_download_url": "https://github.com/mekhovov/revealline/releases/download/v0.60.1/distribution.zip.sha256"
    },
    {
      "id": 569914093,
      "name": "manifest.json",
      "size": 125543,
      "digest": "sha256:e18a1f59b678245b6d34d7d183fa3929e3a6411dda1e81d834e8bb65ead870b1",
      "state": "uploaded",
      "browser_download_url": "https://github.com/mekhovov/revealline/releases/download/v0.60.1/manifest.json"
    },
    {
      "id": 569914220,
      "name": "qualification-evidence-record.json",
      "size": 10408,
      "digest": "sha256:c3f82dac2b009681a66d5f8492543a2b6f38445cc18919e6ed982f8797c07a0e",
      "state": "uploaded",
      "browser_download_url": "https://github.com/mekhovov/revealline/releases/download/v0.60.1/qualification-evidence-record.json"
    },
    {
      "id": 569914101,
      "name": "release.json",
      "size": 465,
      "digest": "sha256:143d208aaac625eae686cfc2fb1a4e86f72b516b731f11be4b3d3e702f85f0e1",
      "state": "uploaded",
      "browser_download_url": "https://github.com/mekhovov/revealline/releases/download/v0.60.1/release.json"
    },
    {
      "id": 569914100,
      "name": "source-qualification-evidence.zip",
      "size": 2520087,
      "digest": "sha256:799bd4f28b854efa4dd27dae6694f6ee05beb9ba2522556828e90db13694f295",
      "state": "uploaded",
      "browser_download_url": "https://github.com/mekhovov/revealline/releases/download/v0.60.1/source-qualification-evidence.zip"
    },
    {
      "id": 569914094,
      "name": "source-qualification.json",
      "size": 75071,
      "digest": "sha256:ded582540a39feccf92b83f866ecea71c087abe776a6e0c31d50f789f5d2ebf5",
      "state": "uploaded",
      "browser_download_url": "https://github.com/mekhovov/revealline/releases/download/v0.60.1/source-qualification.json"
    },
    {
      "id": 569918600,
      "name": "source.tar",
      "size": 1001994240,
      "digest": "sha256:5653ebd7f7a14275914f3c120aaaf8f690181ab271197f3aa887932f53f72206",
      "state": "uploaded",
      "browser_download_url": "https://github.com/mekhovov/revealline/releases/download/v0.60.1/source.tar"
    },
    {
      "id": 569914218,
      "name": "verification.json",
      "size": 1911,
      "digest": "sha256:768c66563618ffef6e79b1c7143aa57a7c917f0f5999e9eafb472cf271fe1427",
      "state": "uploaded",
      "browser_download_url": "https://github.com/mekhovov/revealline/releases/download/v0.60.1/verification.json"
    }
  ],
  "pins": [
    {
      "path": "after-http-authorities-after1/all-deployments.exit.json",
      "bytes": 311,
      "sha256": "046342e37bdd74beb252a3cad1ebb57724369e1ff0fba63b1369eef27d24eb55"
    },
    {
      "path": "after-http-authorities-after1/all-deployments.json",
      "bytes": 38241,
      "sha256": "511246a1327c4ed1e7396749545a57e81d7a84a09a2eca320eac5d0d619e78b9"
    },
    {
      "path": "after-http-authorities-after1/all-deployments.stderr",
      "bytes": 0,
      "sha256": "e3b0c44298fc1c149afbf4c8996fb92427ae41e4649b934ca495991b7852b855"
    },
    {
      "path": "after-http-authorities-after1/collection-started.json",
      "bytes": 490,
      "sha256": "d8a1f05251663665a336cde1c1c88a71de68e077e7f3ad8d566788717c3bfc60"
    },
    {
      "path": "after-http-authorities-after1/latest.exit.json",
      "bytes": 278,
      "sha256": "785b7bef26d79473b63fbe358c255dba3296893eac5c15e73c1df9b1b025ef14"
    },
    {
      "path": "after-http-authorities-after1/latest.json",
      "bytes": 16972,
      "sha256": "427e1e86bfcb5a944fe40aa70dac44345d5c7c70805b8980b6ef93df17743777"
    },
    {
      "path": "after-http-authorities-after1/latest.stderr",
      "bytes": 0,
      "sha256": "e3b0c44298fc1c149afbf4c8996fb92427ae41e4649b934ca495991b7852b855"
    },
    {
      "path": "after-http-authorities-after1/original-published-release.json",
      "bytes": 16972,
      "sha256": "2d41aa4cd6e99f99e9c53566d0d886f94743e2ec8eeef0d4fcf0badece591b4c"
    },
    {
      "path": "after-http-authorities-after1/release.exit.json",
      "bytes": 284,
      "sha256": "9496dbe6ed0e490d477b15556f6508a18d948c28441bdec56562c1eb285398f5"
    },
    {
      "path": "after-http-authorities-after1/release.json",
      "bytes": 16972,
      "sha256": "427e1e86bfcb5a944fe40aa70dac44345d5c7c70805b8980b6ef93df17743777"
    },
    {
      "path": "after-http-authorities-after1/release.stderr",
      "bytes": 0,
      "sha256": "e3b0c44298fc1c149afbf4c8996fb92427ae41e4649b934ca495991b7852b855"
    },
    {
      "path": "after-http-authorities-after1/request.original.json",
      "bytes": 995,
      "sha256": "584c6ab818b600393eee7da684a100c0ff5bf8f02455ac501066c3741942ee50"
    },
    {
      "path": "after-http-authorities-after1/source.exit.json",
      "bytes": 314,
      "sha256": "0675f09a9a59ec4507fad7c549c5fd357d705c20637a548e0761a3065d99a758"
    },
    {
      "path": "after-http-authorities-after1/source.json",
      "bytes": 1179,
      "sha256": "adb408bc160501cfd44f74751f87934e88ee1baf2f078eae3f34baa7e72aa340"
    },
    {
      "path": "after-http-authorities-after1/source.stderr",
      "bytes": 0,
      "sha256": "e3b0c44298fc1c149afbf4c8996fb92427ae41e4649b934ca495991b7852b855"
    },
    {
      "path": "after-http-authorities-after1/tag-object.exit.json",
      "bytes": 310,
      "sha256": "7b3bb44d3bc53b934c8efd26ccc2c25e6e335e708001bba4bce469fb1e1c52e1"
    },
    {
      "path": "after-http-authorities-after1/tag-object.json",
      "bytes": 715,
      "sha256": "817e926a8cd8cd5ee98fb0576d4c21f94d1cc571bec76ac7a78d34e658fe841b"
    },
    {
      "path": "after-http-authorities-after1/tag-object.stderr",
      "bytes": 0,
      "sha256": "e3b0c44298fc1c149afbf4c8996fb92427ae41e4649b934ca495991b7852b855"
    },
    {
      "path": "after-http-authorities-after1/tag.exit.json",
      "bytes": 281,
      "sha256": "9772a27ce3847267774e7a0c9d5b371ff0c5113b6d1c757ded80337c5e8f7e75"
    },
    {
      "path": "after-http-authorities-after1/tag.json",
      "bytes": 337,
      "sha256": "41120864658c31e24cc847b8ab83618999c4bd8b5e7fb9d33e74b738b8b27d59"
    },
    {
      "path": "after-http-authorities-after1/tag.stderr",
      "bytes": 0,
      "sha256": "e3b0c44298fc1c149afbf4c8996fb92427ae41e4649b934ca495991b7852b855"
    }
  ],
  "requestSha256": "584c6ab818b600393eee7da684a100c0ff5bf8f02455ac501066c3741942ee50",
  "phaseAccepted": false,
  "scope": "Fresh bounded API originals after full byte audit and independent row reconciliation; browser, offline and physical-device acceptance remain separate."
}
