HTTP/2 200 
server: GitHub.com
content-type: audio/mp3
last-modified: Mon, 21 Sep 2026 09:27:21 GMT
access-control-allow-origin: *
etag: "6ab0f879-1a8e5e"
expires: Mon, 21 Sep 2026 20:37:02 GMT
cache-control: max-age=600
x-proxy-cache: MISS
x-github-request-id: 4A90:152CA6:C9939E:CA1CAA:6AB19316
x-github-edge-region: fra
accept-ranges: bytes
age: 0
date: Mon, 21 Sep 2026 20:27:02 GMT
via: 1.1 varnish
x-served-by: cache-dus1260036-DUS
x-cache: MISS
x-cache-hits: 0
x-timer: S1790022422.375647,VS0,VE156
vary: Accept-Encoding
x-fastly-request-id: 775bcb81b3a9e9e8a62530814a19d129aa3ba908
content-length: 1740382

