{
  "status": "PASS",
  "base": "https://mekhovov.github.io/revealline/",
  "currentVersion": "v0.60.4",
  "gameSourceRevision": "d77ea4f5c2aeccf2ba3bdf483a3f25531f8095b6",
  "qualifiedSourceTree": "f3a02f9d9e38650f2f9f61ddacd358dfc1f64333",
  "controllerCommit": "1298acb1dbdef3a96b5a690c171fee754794c26c",
  "controllerTree": "961bf6d7da2159071519172b3de8583a16cca139",
  "deploymentId": 6506175017,
  "runId": 35239952497,
  "bindingSha256": "24a872459c3b2434f68b0ca3df1e184027c4e150bcbc30f959f1322f4a277b3e",
  "artifactReceiptSha256": "afad9717b9e1603f3dcaf442a9e28bc5244080fa7acb3154c76fb8d964ef6687",
  "expectedInventorySha256": "d6d6b440a93afda12c2c8a2f2f89108824dee9e992d428f5ce9c7c9149fa97a4",
  "configurationSha256": "0a149e8875709d7d0b23e57a17c653b1bee7b1d4b603a231b1ba1b18b1014f8b",
  "catalogSha256": "ddd8d79a25080b829fb60b1f044a0bfd89ddda3db5fb23871983fa41b4510dd5",
  "visibleFrozenVersions": [
    "v0.1.0",
    "v0.1.1",
    "v0.1.2",
    "v0.10.0",
    "v0.11.0",
    "v0.12.0",
    "v0.13.0",
    "v0.14.0",
    "v0.15.0",
    "v0.16.0",
    "v0.17.0",
    "v0.17.1",
    "v0.18.0",
    "v0.19.0",
    "v0.2.0",
    "v0.2.1",
    "v0.20.0",
    "v0.21.0",
    "v0.22.0",
    "v0.23.0",
    "v0.24.0",
    "v0.25.0",
    "v0.26.0",
    "v0.27.0",
    "v0.28.0",
    "v0.29.0",
    "v0.29.1",
    "v0.29.2",
    "v0.3.0",
    "v0.30.0",
    "v0.31.0",
    "v0.32.0",
    "v0.33.0",
    "v0.34.0",
    "v0.35.0",
    "v0.36.0",
    "v0.37.0",
    "v0.38.0",
    "v0.39.0",
    "v0.4.0",
    "v0.4.1",
    "v0.40.0",
    "v0.41.0",
    "v0.42.0",
    "v0.44.0",
    "v0.45.0",
    "v0.46.0",
    "v0.47.0",
    "v0.48.0",
    "v0.49.0",
    "v0.5.0",
    "v0.50.0",
    "v0.51.0",
    "v0.52.0",
    "v0.54.0",
    "v0.55.0",
    "v0.56.0",
    "v0.57.0",
    "v0.57.1",
    "v0.57.2",
    "v0.57.3",
    "v0.57.4",
    "v0.58.0",
    "v0.58.1",
    "v0.59.0",
    "v0.59.1",
    "v0.6.0",
    "v0.60.0",
    "v0.60.1",
    "v0.60.2",
    "v0.60.3",
    "v0.60.4",
    "v0.7.0",
    "v0.8.0",
    "v0.9.0"
  ],
  "comparisonOnlyVersions": [],
  "startedAt": "2026-09-17T15:30:56.745Z",
  "finishedAt": "2026-09-17T15:33:05.239Z",
  "mode": "full",
  "fullInventoryFiles": 2755,
  "files": 2755,
  "completedFiles": 2755,
  "expectedBytes": 639467460,
  "verifiedBytes": 639467460,
  "failedFiles": 0,
  "retries": 1,
  "skipped": [],
  "uninspectedFiles": 0,
  "allArtifactBodiesVerified": true,
  "criticalBrowserSmokeMayStart": false,
  "concurrency": 8,
  "requestTimeoutMs": 300000,
  "attemptsPerBody": 3,
  "sourcePinsUnchanged": true,
  "changedAuthorities": [],
  "failures": [],
  "runnerPins": [
    {
      "file": "/Users/oleksandr.mekhovov/work/my_projects/go_test/.cache/p03-recovery-public-audit-d77ea4f5/tools/audit-main.mjs",
      "sha256": "3e3a6974e0a410ae177654285d7a74f6b33e41aeea1157d5aecfb2ef8a9706f0"
    },
    {
      "file": "/Users/oleksandr.mekhovov/work/my_projects/go_test/.cache/p03-recovery-public-audit-d77ea4f5/tools/http-engine.mjs",
      "sha256": "7660dd3ac7453bc31f6ba26e005340dd719986ac7fc1a29bd42b30db71b81c6d"
    },
    {
      "file": "/Users/oleksandr.mekhovov/work/my_projects/go_test/.cache/p03-recovery-public-audit-d77ea4f5/tools/retained-catalog.json",
      "sha256": "17dfb89beca61d09a882fa58cde50810a0617cb1cc59db7388be3254c516a7cc"
    }
  ],
  "rootGraphAndAliasesAndWorkersIncluded": true,
  "retainedHistoricalBridgesIncluded": true,
  "publicBrowserAcceptance": false,
  "boundaries": "Decoded HTTP bodies and required MIME only. Critical mode is partial; even a full pass does not prove browser play, offline, storage, migration or physical-device behavior. Pinned deployment snapshots are historical evidence, not a live API polling claim."
}
