TAP version 13
# Subtest: pending Retry owns Cancel and respects ready
not ok 1 - pending Retry owns Cancel and respects ready
  ---
  duration_ms: 128.368666
  type: 'test'
  location: '/Users/oleksandr.mekhovov/work/my_projects/go_test/.cache/worktrees/p08a-static-pictures/game/test/couch-static-picture-host.test.mjs:223:3'
  failureType: 'testCodeFailure'
  error: |-
    Pending Retry transfers its own focus to Cancel.

    false !== true

  code: 'ERR_ASSERTION'
  name: 'AssertionError'
  expected: true
  actual: false
  operator: 'strictEqual'
  stack: |-
    TestContext.<anonymous> (file:///Users/oleksandr.mekhovov/work/my_projects/go_test/.cache/worktrees/p08a-static-pictures/game/test/couch-static-picture-host.test.mjs:239:12)
    async Test.run (node:internal/test_runner/test:1054:7)
    async startSubtestAfterBootstrap (node:internal/test_runner/harness:296:3)
  ...
# Subtest: pending Retry owns Cancel and respects error
not ok 2 - pending Retry owns Cancel and respects error
  ---
  duration_ms: 60.249166
  type: 'test'
  location: '/Users/oleksandr.mekhovov/work/my_projects/go_test/.cache/worktrees/p08a-static-pictures/game/test/couch-static-picture-host.test.mjs:223:3'
  failureType: 'testCodeFailure'
  error: |-
    Pending Retry transfers its own focus to Cancel.

    false !== true

  code: 'ERR_ASSERTION'
  name: 'AssertionError'
  expected: true
  actual: false
  operator: 'strictEqual'
  stack: |-
    TestContext.<anonymous> (file:///Users/oleksandr.mekhovov/work/my_projects/go_test/.cache/worktrees/p08a-static-pictures/game/test/couch-static-picture-host.test.mjs:239:12)
    async Test.run (node:internal/test_runner/test:1054:7)
    async Test.processPendingSubtests (node:internal/test_runner/test:744:7)
  ...
# Subtest: pending Retry owns Cancel and respects deliberate focus
not ok 3 - pending Retry owns Cancel and respects deliberate focus
  ---
  duration_ms: 50.511458
  type: 'test'
  location: '/Users/oleksandr.mekhovov/work/my_projects/go_test/.cache/worktrees/p08a-static-pictures/game/test/couch-static-picture-host.test.mjs:223:3'
  failureType: 'testCodeFailure'
  error: |-
    Pending Retry transfers its own focus to Cancel.

    false !== true

  code: 'ERR_ASSERTION'
  name: 'AssertionError'
  expected: true
  actual: false
  operator: 'strictEqual'
  stack: |-
    TestContext.<anonymous> (file:///Users/oleksandr.mekhovov/work/my_projects/go_test/.cache/worktrees/p08a-static-pictures/game/test/couch-static-picture-host.test.mjs:239:12)
    async Test.run (node:internal/test_runner/test:1054:7)
    async Test.processPendingSubtests (node:internal/test_runner/test:744:7)
  ...
# Subtest: pending Retry owns Cancel and respects background return
not ok 4 - pending Retry owns Cancel and respects background return
  ---
  duration_ms: 52.917667
  type: 'test'
  location: '/Users/oleksandr.mekhovov/work/my_projects/go_test/.cache/worktrees/p08a-static-pictures/game/test/couch-static-picture-host.test.mjs:223:3'
  failureType: 'testCodeFailure'
  error: |-
    Pending Retry transfers its own focus to Cancel.

    false !== true

  code: 'ERR_ASSERTION'
  name: 'AssertionError'
  expected: true
  actual: false
  operator: 'strictEqual'
  stack: |-
    TestContext.<anonymous> (file:///Users/oleksandr.mekhovov/work/my_projects/go_test/.cache/worktrees/p08a-static-pictures/game/test/couch-static-picture-host.test.mjs:239:12)
    async Test.run (node:internal/test_runner/test:1054:7)
    async Test.processPendingSubtests (node:internal/test_runner/test:744:7)
  ...
# Subtest: pending Retry owns Cancel and respects scope return
not ok 5 - pending Retry owns Cancel and respects scope return
  ---
  duration_ms: 51.262542
  type: 'test'
  location: '/Users/oleksandr.mekhovov/work/my_projects/go_test/.cache/worktrees/p08a-static-pictures/game/test/couch-static-picture-host.test.mjs:223:3'
  failureType: 'testCodeFailure'
  error: |-
    Pending Retry transfers its own focus to Cancel.

    false !== true

  code: 'ERR_ASSERTION'
  name: 'AssertionError'
  expected: true
  actual: false
  operator: 'strictEqual'
  stack: |-
    TestContext.<anonymous> (file:///Users/oleksandr.mekhovov/work/my_projects/go_test/.cache/worktrees/p08a-static-pictures/game/test/couch-static-picture-host.test.mjs:239:12)
    async Test.run (node:internal/test_runner/test:1054:7)
    async Test.processPendingSubtests (node:internal/test_runner/test:744:7)
  ...
# Error: Test "pending Retry owns Cancel and respects ready" at game/test/couch-static-picture-host.test.mjs:223:3 generated asynchronous activity after the test ended. This activity created the error "ReferenceError: document is not defined" and would have caused the test to fail, but instead triggered an unhandledRejection event.
# Error: Test "pending Retry owns Cancel and respects error" at game/test/couch-static-picture-host.test.mjs:223:3 generated asynchronous activity after the test ended. This activity created the error "ReferenceError: document is not defined" and would have caused the test to fail, but instead triggered an unhandledRejection event.
# Error: Test "pending Retry owns Cancel and respects deliberate focus" at game/test/couch-static-picture-host.test.mjs:223:3 generated asynchronous activity after the test ended. This activity created the error "ReferenceError: document is not defined" and would have caused the test to fail, but instead triggered an unhandledRejection event.
# Error: Test "pending Retry owns Cancel and respects background return" at game/test/couch-static-picture-host.test.mjs:223:3 generated asynchronous activity after the test ended. This activity created the error "ReferenceError: document is not defined" and would have caused the test to fail, but instead triggered an unhandledRejection event.
# Error: Test "pending Retry owns Cancel and respects scope return" at game/test/couch-static-picture-host.test.mjs:223:3 generated asynchronous activity after the test ended. This activity created the error "ReferenceError: document is not defined" and would have caused the test to fail, but instead triggered an unhandledRejection event.
1..5
# tests 5
# suites 0
# pass 0
# fail 5
# cancelled 0
# skipped 0
# todo 0
# duration_ms 703.593084
