TAP version 13
# Subtest: interrupted async Start confirmation stays ready after blur and return until a fresh Start
ok 1 - interrupted async Start confirmation stays ready after blur and return until a fresh Start
  ---
  duration_ms: 8526.602584
  type: 'test'
  ...
# Subtest: cancelled Start confirmation cannot overwrite Retry for the same untouched attempt
ok 2 - cancelled Start confirmation cannot overwrite Retry for the same untouched attempt
  ---
  duration_ms: 9813.439
  type: 'test'
  ...
# Subtest: pending Retry owns Cancel and respects ready
ok 3 - pending Retry owns Cancel and respects ready
  ---
  duration_ms: 117.288709
  type: 'test'
  ...
# Subtest: pending Retry owns Cancel and respects error
ok 4 - pending Retry owns Cancel and respects error
  ---
  duration_ms: 60.410459
  type: 'test'
  ...
# Subtest: pending Retry owns Cancel and respects deliberate focus
ok 5 - pending Retry owns Cancel and respects deliberate focus
  ---
  duration_ms: 54.035667
  type: 'test'
  ...
# Subtest: pending Retry owns Cancel and respects background return
ok 6 - pending Retry owns Cancel and respects background return
  ---
  duration_ms: 56.423417
  type: 'test'
  ...
# Subtest: pending Retry owns Cancel and respects scope return
ok 7 - pending Retry owns Cancel and respects scope return
  ---
  duration_ms: 52.575292
  type: 'test'
  ...
# Subtest: interrupted async Next stays ready after blur and return until a fresh Start
ok 8 - interrupted async Next stays ready after blur and return until a fresh Start
  ---
  duration_ms: 323.901709
  type: 'test'
  ...
1..8
# tests 8
# suites 0
# pass 8
# fail 0
# cancelled 0
# skipped 0
# todo 0
# duration_ms 25407.972541
