{
  "directory": "/Users/oleksandr.mekhovov/work/my_projects/go_test/.cache/p05-motion-public-audit-a336f183/hosted-observation-before-1",
  "run": {
    "id": 35266528525,
    "status": "completed",
    "conclusion": "success",
    "head_sha": "e5cb0114bbb80ef53319938b6cad99eb42cd8273"
  },
  "jobs": [
    {
      "id": 105354987744,
      "name": "assemble",
      "status": "completed",
      "conclusion": "success"
    },
    {
      "id": 105355733044,
      "name": "deploy",
      "status": "completed",
      "conclusion": "success"
    }
  ],
  "artifacts": [
    {
      "id": 10516324474,
      "name": "frozen-pages-receipts",
      "size_in_bytes": 132394,
      "digest": "sha256:5d345d58c61069116ae65c73d44ba237f3c0b950c7bd9fbf1d292bdcb118ebc4"
    },
    {
      "id": 10516314621,
      "name": "github-pages",
      "size_in_bytes": 528609136,
      "digest": "sha256:a166d90a07d8f0690ff191b70ce10af2b505fc71752a44546c3a38df1ac5fd64"
    }
  ],
  "deployment": {
    "id": 6510802918,
    "sha": "e5cb0114bbb80ef53319938b6cad99eb42cd8273",
    "environment": "github-pages"
  },
  "latestStatus": {
    "id": 18492655321,
    "state": "success",
    "log_url": "https://github.com/mekhovov/revealline/actions/runs/35266528525/job/105355733044",
    "environment_url": "https://mekhovov.github.io/revealline/"
  }
}
