{
  "status": "PREPARED_AUTHORITY_ONLY",
  "base": "https://mekhovov.github.io/revealline/",
  "currentVersion": "v0.60.5",
  "gameSourceRevision": "a336f18306a425f6575b77a3017056d32155043f",
  "qualifiedSourceTree": "b80ee2c1ccf455609a6834af14c6760ecce868e3",
  "controllerCommit": "e5cb0114bbb80ef53319938b6cad99eb42cd8273",
  "controllerTree": "017e34b0b9552cbc95af934ff547f961d4a51617",
  "deploymentId": 6510802918,
  "runId": 35266528525,
  "bindingSha256": "60d63361aaf9d36e9d297e68f6da2c62856d855fc313bf4f72baec5e21ae7e21",
  "artifactReceiptSha256": "af5d0f2de33bbf3a0c9810c2b1afc61314fb5c14544e5bde8d909b49608c2664",
  "expectedInventorySha256": "e061e70d03806f9dac857f59767ca71aca7de6e94749fdb64c4902aee10823c3",
  "configurationSha256": "6188bbe013ab005c380d5d442cc5cd91faaea9c8b09d597db9e9171f5a589389",
  "catalogSha256": "f5d12de186135533e87d4f21a6ab0897801332ee1336065eed0743917fc15a7b",
  "visibleFrozenVersions": [
    "v0.1.0",
    "v0.1.1",
    "v0.1.2",
    "v0.10.0",
    "v0.11.0",
    "v0.12.0",
    "v0.13.0",
    "v0.14.0",
    "v0.15.0",
    "v0.16.0",
    "v0.17.0",
    "v0.17.1",
    "v0.18.0",
    "v0.19.0",
    "v0.2.0",
    "v0.2.1",
    "v0.20.0",
    "v0.21.0",
    "v0.22.0",
    "v0.23.0",
    "v0.24.0",
    "v0.25.0",
    "v0.26.0",
    "v0.27.0",
    "v0.28.0",
    "v0.29.0",
    "v0.29.1",
    "v0.29.2",
    "v0.3.0",
    "v0.30.0",
    "v0.31.0",
    "v0.32.0",
    "v0.33.0",
    "v0.34.0",
    "v0.35.0",
    "v0.36.0",
    "v0.37.0",
    "v0.38.0",
    "v0.39.0",
    "v0.4.0",
    "v0.4.1",
    "v0.40.0",
    "v0.41.0",
    "v0.42.0",
    "v0.44.0",
    "v0.45.0",
    "v0.46.0",
    "v0.47.0",
    "v0.48.0",
    "v0.49.0",
    "v0.5.0",
    "v0.50.0",
    "v0.51.0",
    "v0.52.0",
    "v0.54.0",
    "v0.55.0",
    "v0.56.0",
    "v0.57.0",
    "v0.57.1",
    "v0.57.2",
    "v0.57.3",
    "v0.57.4",
    "v0.58.0",
    "v0.58.1",
    "v0.59.0",
    "v0.59.1",
    "v0.6.0",
    "v0.60.0",
    "v0.60.1",
    "v0.60.2",
    "v0.60.3",
    "v0.60.4",
    "v0.60.5",
    "v0.7.0",
    "v0.8.0",
    "v0.9.0"
  ],
  "comparisonOnlyVersions": [],
  "files": 2790,
  "expectedBytes": 639724180,
  "hiddenFiles": [
    ".nojekyll",
    ".xonix-build.json",
    "releases/v0.60.5/site/.xonix-build.json"
  ],
  "networkRequests": 0,
  "outputWrites": 0,
  "publicAcceptance": false
}
