{
  "status": "PASS",
  "base": "https://mekhovov.github.io/revealline/",
  "currentVersion": "v0.60.5",
  "gameSourceRevision": "a336f18306a425f6575b77a3017056d32155043f",
  "qualifiedSourceTree": "b80ee2c1ccf455609a6834af14c6760ecce868e3",
  "controllerCommit": "e5cb0114bbb80ef53319938b6cad99eb42cd8273",
  "controllerTree": "017e34b0b9552cbc95af934ff547f961d4a51617",
  "deploymentId": 6510802918,
  "runId": 35266528525,
  "bindingSha256": "60d63361aaf9d36e9d297e68f6da2c62856d855fc313bf4f72baec5e21ae7e21",
  "artifactReceiptSha256": "af5d0f2de33bbf3a0c9810c2b1afc61314fb5c14544e5bde8d909b49608c2664",
  "expectedInventorySha256": "e061e70d03806f9dac857f59767ca71aca7de6e94749fdb64c4902aee10823c3",
  "configurationSha256": "6188bbe013ab005c380d5d442cc5cd91faaea9c8b09d597db9e9171f5a589389",
  "catalogSha256": "f5d12de186135533e87d4f21a6ab0897801332ee1336065eed0743917fc15a7b",
  "visibleFrozenVersions": [
    "v0.1.0",
    "v0.1.1",
    "v0.1.2",
    "v0.10.0",
    "v0.11.0",
    "v0.12.0",
    "v0.13.0",
    "v0.14.0",
    "v0.15.0",
    "v0.16.0",
    "v0.17.0",
    "v0.17.1",
    "v0.18.0",
    "v0.19.0",
    "v0.2.0",
    "v0.2.1",
    "v0.20.0",
    "v0.21.0",
    "v0.22.0",
    "v0.23.0",
    "v0.24.0",
    "v0.25.0",
    "v0.26.0",
    "v0.27.0",
    "v0.28.0",
    "v0.29.0",
    "v0.29.1",
    "v0.29.2",
    "v0.3.0",
    "v0.30.0",
    "v0.31.0",
    "v0.32.0",
    "v0.33.0",
    "v0.34.0",
    "v0.35.0",
    "v0.36.0",
    "v0.37.0",
    "v0.38.0",
    "v0.39.0",
    "v0.4.0",
    "v0.4.1",
    "v0.40.0",
    "v0.41.0",
    "v0.42.0",
    "v0.44.0",
    "v0.45.0",
    "v0.46.0",
    "v0.47.0",
    "v0.48.0",
    "v0.49.0",
    "v0.5.0",
    "v0.50.0",
    "v0.51.0",
    "v0.52.0",
    "v0.54.0",
    "v0.55.0",
    "v0.56.0",
    "v0.57.0",
    "v0.57.1",
    "v0.57.2",
    "v0.57.3",
    "v0.57.4",
    "v0.58.0",
    "v0.58.1",
    "v0.59.0",
    "v0.59.1",
    "v0.6.0",
    "v0.60.0",
    "v0.60.1",
    "v0.60.2",
    "v0.60.3",
    "v0.60.4",
    "v0.60.5",
    "v0.7.0",
    "v0.8.0",
    "v0.9.0"
  ],
  "comparisonOnlyVersions": [],
  "startedAt": "2026-09-17T19:50:27.427Z",
  "finishedAt": "2026-09-17T19:52:15.551Z",
  "mode": "full",
  "fullInventoryFiles": 2790,
  "files": 2790,
  "completedFiles": 2790,
  "expectedBytes": 639724180,
  "verifiedBytes": 639724180,
  "failedFiles": 0,
  "retries": 0,
  "skipped": [],
  "uninspectedFiles": 0,
  "allArtifactBodiesVerified": true,
  "criticalBrowserSmokeMayStart": false,
  "concurrency": 8,
  "requestTimeoutMs": 300000,
  "attemptsPerBody": 3,
  "sourcePinsUnchanged": true,
  "changedAuthorities": [],
  "failures": [],
  "runnerPins": [
    {
      "file": "/Users/oleksandr.mekhovov/work/my_projects/go_test/.cache/p05-motion-public-audit-a336f183/tools/audit-main.mjs",
      "sha256": "c32886303bd34026e4c160708870ae4dfba046de9ccfc16e42ef599b3b2c9dae"
    },
    {
      "file": "/Users/oleksandr.mekhovov/work/my_projects/go_test/.cache/p05-motion-public-audit-a336f183/tools/http-engine.mjs",
      "sha256": "7660dd3ac7453bc31f6ba26e005340dd719986ac7fc1a29bd42b30db71b81c6d"
    },
    {
      "file": "/Users/oleksandr.mekhovov/work/my_projects/go_test/.cache/p05-motion-public-audit-a336f183/tools/retained-catalog.json",
      "sha256": "ddd8d79a25080b829fb60b1f044a0bfd89ddda3db5fb23871983fa41b4510dd5"
    }
  ],
  "rootGraphAndAliasesAndWorkersIncluded": true,
  "retainedHistoricalBridgesIncluded": true,
  "publicBrowserAcceptance": false,
  "boundaries": "Decoded HTTP bodies and required MIME only. Critical mode is partial; even a full pass does not prove browser play, offline, storage, migration or physical-device behavior. Pinned deployment snapshots are historical evidence, not a live API polling claim."
}
