{
  "status": "PASS_LIVE_AUTHORITIES_UNCHANGED_AFTER_FULL_AUDIT",
  "at": "2026-09-17T19:54:20.605383+00:00",
  "controllerCommit": "e5cb0114bbb80ef53319938b6cad99eb42cd8273",
  "controllerTree": "017e34b0b9552cbc95af934ff547f961d4a51617",
  "deploymentId": 6510802918,
  "runId": 35266528525,
  "latestSuccessStatusId": 18492655321,
  "latestStableVersion": "v0.60.5",
  "releaseId": 390920301,
  "assets": [
    {
      "id": 570921449,
      "name": "distribution.zip",
      "size": 313205189,
      "digest": "sha256:4ea3cf844de2dcd6ce139799ad6e55cdbca79287e17ccf8a6404cb30ce4c99f7",
      "state": "uploaded",
      "browser_download_url": "https://github.com/mekhovov/revealline/releases/download/v0.60.5/distribution.zip"
    },
    {
      "id": 570741320,
      "name": "distribution.zip.sha256",
      "size": 83,
      "digest": "sha256:3dd97a23c72cd6f624bd9a3e5e35f2a2b249ca43533ac92b552f03ee48bd8386",
      "state": "uploaded",
      "browser_download_url": "https://github.com/mekhovov/revealline/releases/download/v0.60.5/distribution.zip.sha256"
    },
    {
      "id": 570738272,
      "name": "manifest.json",
      "size": 126892,
      "digest": "sha256:d54577e5fa2676856cd51ed6919deec3bbaf09025f6690a66d57d5f36120c1a7",
      "state": "uploaded",
      "browser_download_url": "https://github.com/mekhovov/revealline/releases/download/v0.60.5/manifest.json"
    },
    {
      "id": 570738462,
      "name": "qualification-evidence-record.json",
      "size": 11088,
      "digest": "sha256:758b73c432959e6ccaa7c66caf9d0004850bd59e2ce9f64b55cfdcc882142bd9",
      "state": "uploaded",
      "browser_download_url": "https://github.com/mekhovov/revealline/releases/download/v0.60.5/qualification-evidence-record.json"
    },
    {
      "id": 570738482,
      "name": "release.json",
      "size": 465,
      "digest": "sha256:9507c0fc7c99e6a1687cd54c89af1bbcc851bfdab32fe04c19cb007ea75ffe8d",
      "state": "uploaded",
      "browser_download_url": "https://github.com/mekhovov/revealline/releases/download/v0.60.5/release.json"
    },
    {
      "id": 570738274,
      "name": "source-qualification-evidence.zip",
      "size": 2884988,
      "digest": "sha256:0a23945759773565b7e0ecc03bbf21dc5cd5f4abc5e7bed2a92a9abe77657978",
      "state": "uploaded",
      "browser_download_url": "https://github.com/mekhovov/revealline/releases/download/v0.60.5/source-qualification-evidence.zip"
    },
    {
      "id": 570738270,
      "name": "source-qualification.json",
      "size": 71706,
      "digest": "sha256:2722c0fe84549fd292ac360af88736f21fd8a1242b805cefd50c9165f4edd49a",
      "state": "uploaded",
      "browser_download_url": "https://github.com/mekhovov/revealline/releases/download/v0.60.5/source-qualification.json"
    },
    {
      "id": 570761748,
      "name": "source.tar",
      "size": 1050572800,
      "digest": "sha256:8524dd1a6c5a9c034012f51ccd5b5edcb2ca83529d18631dbf1f19de4928371f",
      "state": "uploaded",
      "browser_download_url": "https://github.com/mekhovov/revealline/releases/download/v0.60.5/source.tar"
    },
    {
      "id": 570738319,
      "name": "verification.json",
      "size": 1913,
      "digest": "sha256:d72ea9f0444c25dad31f562dd21bc4a1117193c64403007f3203845af0f31058",
      "state": "uploaded",
      "browser_download_url": "https://github.com/mekhovov/revealline/releases/download/v0.60.5/verification.json"
    }
  ],
  "pins": [
    {
      "path": "after-http-authorities-main-1/all-deployments.exit.json",
      "bytes": 311,
      "sha256": "76605dcad256ef9d9b6e6f88679a84344a948e4e5013660856f984449d03c0e5"
    },
    {
      "path": "after-http-authorities-main-1/all-deployments.json",
      "bytes": 38241,
      "sha256": "8eff853cad8f2a2dea402068eb0cf04ccae678c03b54bcdc9f5a2b3ce6e5335c"
    },
    {
      "path": "after-http-authorities-main-1/all-deployments.stderr",
      "bytes": 0,
      "sha256": "e3b0c44298fc1c149afbf4c8996fb92427ae41e4649b934ca495991b7852b855"
    },
    {
      "path": "after-http-authorities-main-1/collection-started.json",
      "bytes": 490,
      "sha256": "f11af8b04833186d1911c19918b6e8801bb393dfec5f6384d731437ce13047ca"
    },
    {
      "path": "after-http-authorities-main-1/latest.exit.json",
      "bytes": 278,
      "sha256": "53efdee6ba8473b95b155b30e164ef94f7459da59eb3e678476c24f0f29e7c5a"
    },
    {
      "path": "after-http-authorities-main-1/latest.json",
      "bytes": 16963,
      "sha256": "51c618a94f1be7e374c1b76dee1d085884479ce2a4a9b5ea6fdaaee52aec5d4c"
    },
    {
      "path": "after-http-authorities-main-1/latest.stderr",
      "bytes": 0,
      "sha256": "e3b0c44298fc1c149afbf4c8996fb92427ae41e4649b934ca495991b7852b855"
    },
    {
      "path": "after-http-authorities-main-1/original-published-release.json",
      "bytes": 16962,
      "sha256": "f07486dd588da478a207e48ce4ffffe809334141aa8e0bac3b847e6ac57f0e8d"
    },
    {
      "path": "after-http-authorities-main-1/release.exit.json",
      "bytes": 284,
      "sha256": "b7144b375483703465c3d11fac35f76d04106f065db3ea5177700a25f4dfe839"
    },
    {
      "path": "after-http-authorities-main-1/release.json",
      "bytes": 16963,
      "sha256": "51c618a94f1be7e374c1b76dee1d085884479ce2a4a9b5ea6fdaaee52aec5d4c"
    },
    {
      "path": "after-http-authorities-main-1/release.stderr",
      "bytes": 0,
      "sha256": "e3b0c44298fc1c149afbf4c8996fb92427ae41e4649b934ca495991b7852b855"
    },
    {
      "path": "after-http-authorities-main-1/request.original.json",
      "bytes": 1004,
      "sha256": "bf3e6d3348d9ffadc9af7248ab210b5b4b25210d7e7064a09d2dc739cc2db793"
    },
    {
      "path": "after-http-authorities-main-1/source.exit.json",
      "bytes": 314,
      "sha256": "3645e398455a2bb3cde63c9f2f30ce44551206f4d3a8675658e359baa234bc23"
    },
    {
      "path": "after-http-authorities-main-1/source.json",
      "bytes": 1183,
      "sha256": "96c500e450a3417c6f411527cebc29ca7887bff17a7e86442049920e4d877d72"
    },
    {
      "path": "after-http-authorities-main-1/source.stderr",
      "bytes": 0,
      "sha256": "e3b0c44298fc1c149afbf4c8996fb92427ae41e4649b934ca495991b7852b855"
    },
    {
      "path": "after-http-authorities-main-1/tag-object.exit.json",
      "bytes": 310,
      "sha256": "e2947158075594fee7813e5c86f4ee2ffd2925c690ef4847c6c06939698f6cdb"
    },
    {
      "path": "after-http-authorities-main-1/tag-object.json",
      "bytes": 743,
      "sha256": "4aaf207a2f9b9bc5212562e3f507d67d669686515f21baaf3da270ec47b3351f"
    },
    {
      "path": "after-http-authorities-main-1/tag-object.stderr",
      "bytes": 0,
      "sha256": "e3b0c44298fc1c149afbf4c8996fb92427ae41e4649b934ca495991b7852b855"
    },
    {
      "path": "after-http-authorities-main-1/tag.exit.json",
      "bytes": 281,
      "sha256": "464bc4ed4f727aea96d774541d104a65687fd9dd827f74d8373dc52b54aaf38e"
    },
    {
      "path": "after-http-authorities-main-1/tag.json",
      "bytes": 337,
      "sha256": "86548438cddc7120cbf81625c17028ecec73f39fdb552261345b12218b4b044e"
    },
    {
      "path": "after-http-authorities-main-1/tag.stderr",
      "bytes": 0,
      "sha256": "e3b0c44298fc1c149afbf4c8996fb92427ae41e4649b934ca495991b7852b855"
    }
  ],
  "requestSha256": "bf3e6d3348d9ffadc9af7248ab210b5b4b25210d7e7064a09d2dc739cc2db793",
  "phaseAccepted": false,
  "scope": "Fresh bounded API originals after full byte audit and independent row reconciliation; browser, offline and physical-device acceptance remain separate."
}
