2026-09-15T12:24:13.7495382Z Current runner version: '2.337.0'
2026-09-15T12:24:13.7519333Z ##[group]Runner Image Provisioner
2026-09-15T12:24:13.7520207Z Hosted Compute Agent
2026-09-15T12:24:13.7520915Z Version: 20260828.587
2026-09-15T12:24:13.7521541Z Commit: abac92662cab4cc7352de4f9f9d2e2419aad9c29
2026-09-15T12:24:13.7522341Z Build Date: 2026-08-28T16:44:25Z
2026-09-15T12:24:13.7523122Z Worker ID: {f710ed14-c2a6-42e4-8411-3ffc39d23462}
2026-09-15T12:24:13.7523885Z Azure Region: westus2
2026-09-15T12:24:13.7524543Z ##[endgroup]
2026-09-15T12:24:13.7526605Z ##[group]Operating System
2026-09-15T12:24:13.7527257Z Ubuntu
2026-09-15T12:24:13.7527917Z 24.04.5
2026-09-15T12:24:13.7528456Z LTS
2026-09-15T12:24:13.7529107Z ##[endgroup]
2026-09-15T12:24:13.7529711Z ##[group]Runner Image
2026-09-15T12:24:13.7530335Z Image: ubuntu-24.04
2026-09-15T12:24:13.7531030Z Version: 20260907.300.1
2026-09-15T12:24:13.7532260Z Included Software: https://github.com/actions/runner-images/blob/ubuntu24/20260907.300/images/ubuntu/Ubuntu2404-Readme.md
2026-09-15T12:24:13.7533872Z Image Release: https://github.com/actions/runner-images/releases/tag/ubuntu24%2F20260907.300
2026-09-15T12:24:13.7534823Z ##[endgroup]
2026-09-15T12:24:13.7536222Z ##[group]GITHUB_TOKEN Permissions
2026-09-15T12:24:13.7538227Z Metadata: read
2026-09-15T12:24:13.7538924Z Pages: write
2026-09-15T12:24:13.7539516Z ##[endgroup]
2026-09-15T12:24:13.7541587Z Secret source: Actions
2026-09-15T12:24:13.7542550Z Cache mode: write
2026-09-15T12:24:13.7543936Z Prepare workflow directory
2026-09-15T12:24:13.7877966Z Prepare all required actions
2026-09-15T12:24:13.7925660Z Getting action download info
2026-09-15T12:24:14.1679326Z Download action repository 'actions/deploy-pages@v4' (SHA:d6db90164ac5ed86f2b6aed7e0febac5b3c0c03e)
2026-09-15T12:24:14.5900019Z Complete job name: deploy
2026-09-15T12:24:14.6773489Z Node 20 is being deprecated. This workflow is running with Node 24 by default. If you need to temporarily use Node 20, you can set the ACTIONS_ALLOW_USE_UNSECURE_NODE_VERSION=true environment variable. For more information see: https://github.blog/changelog/2025-09-19-deprecation-of-node-20-on-github-actions-runners/
2026-09-15T12:24:14.6782511Z ##[group]Run actions/deploy-pages@v4
2026-09-15T12:24:14.6783287Z with:
2026-09-15T12:24:14.6787404Z   token: ***
2026-09-15T12:24:14.6787854Z   timeout: 600000
2026-09-15T12:24:14.6788309Z   error_count: 10
2026-09-15T12:24:14.6788765Z   reporting_interval: 5000
2026-09-15T12:24:14.6789276Z   artifact_name: github-pages
2026-09-15T12:24:14.6789826Z   preview: false
2026-09-15T12:24:14.6790541Z ##[endgroup]
2026-09-15T12:24:14.8733605Z (node:2067) [DEP0040] DeprecationWarning: The `punycode` module is deprecated. Please use a userland alternative instead.
2026-09-15T12:24:14.8734987Z (Use `node --trace-deprecation ...` to show where the warning was created)
2026-09-15T12:24:15.0996594Z Fetching artifact metadata for "github-pages" in this workflow run
2026-09-15T12:24:15.3721317Z Found 2 artifact(s)
2026-09-15T12:24:15.3734188Z Creating Pages deployment with payload:
2026-09-15T12:24:15.3735181Z {
2026-09-15T12:24:15.3735979Z 	"artifact_id": 10395868828,
2026-09-15T12:24:15.3736810Z 	"pages_build_version": "740878b685b08edb40db5494f7ebbe71536b523a",
2026-09-15T12:24:15.3783629Z 	"oidc_token": "***"
2026-09-15T12:24:15.3784191Z }
2026-09-15T12:24:15.7084297Z Created deployment for 740878b685b08edb40db5494f7ebbe71536b523a, ID: 740878b685b08edb40db5494f7ebbe71536b523a
2026-09-15T12:24:20.7091507Z Getting Pages deployment status...
2026-09-15T12:24:20.9243351Z Current status: deployment_in_progress
2026-09-15T12:24:25.9251760Z Getting Pages deployment status...
2026-09-15T12:24:26.1428661Z Reported success!
2026-09-15T12:24:26.1733954Z Evaluate and set environment url
2026-09-15T12:24:26.1738551Z Evaluated environment url: https://mekhovov.github.io/revealline-archive-14/
2026-09-15T12:24:26.1739616Z Cleaning up orphan processes
2026-09-15T12:24:26.2081621Z ##[warning]Node.js 20 is deprecated. The following actions target Node.js 20 but are being forced to run on Node.js 24: actions/deploy-pages@v4. For more information see: https://github.blog/changelog/2025-09-19-deprecation-of-node-20-on-github-actions-runners/
