2026-09-15T14:36:38.1325234Z Current runner version: '2.337.0'
2026-09-15T14:36:38.1349446Z ##[group]Runner Image Provisioner
2026-09-15T14:36:38.1350337Z Hosted Compute Agent
2026-09-15T14:36:38.1350904Z Version: 20260828.587
2026-09-15T14:36:38.1351553Z Commit: abac92662cab4cc7352de4f9f9d2e2419aad9c29
2026-09-15T14:36:38.1352264Z Build Date: 2026-08-28T16:44:25Z
2026-09-15T14:36:38.1352943Z Worker ID: {53f4a0ae-26ea-4bdb-8400-4f35bd608473}
2026-09-15T14:36:38.1353681Z Azure Region: northcentralus
2026-09-15T14:36:38.1354310Z ##[endgroup]
2026-09-15T14:36:38.1355505Z ##[group]Operating System
2026-09-15T14:36:38.1356113Z Ubuntu
2026-09-15T14:36:38.1356605Z 24.04.5
2026-09-15T14:36:38.1357141Z LTS
2026-09-15T14:36:38.1357653Z ##[endgroup]
2026-09-15T14:36:38.1358531Z ##[group]Runner Image
2026-09-15T14:36:38.1359275Z Image: ubuntu-24.04
2026-09-15T14:36:38.1359831Z Version: 20260907.300.1
2026-09-15T14:36:38.1361060Z Included Software: https://github.com/actions/runner-images/blob/ubuntu24/20260907.300/images/ubuntu/Ubuntu2404-Readme.md
2026-09-15T14:36:38.1362470Z Image Release: https://github.com/actions/runner-images/releases/tag/ubuntu24%2F20260907.300
2026-09-15T14:36:38.1363389Z ##[endgroup]
2026-09-15T14:36:38.1364462Z ##[group]GITHUB_TOKEN Permissions
2026-09-15T14:36:38.1367120Z Contents: read
2026-09-15T14:36:38.1367911Z Metadata: read
2026-09-15T14:36:38.1368880Z ##[endgroup]
2026-09-15T14:36:38.1371068Z Secret source: Actions
2026-09-15T14:36:38.1371976Z Cache mode: write
2026-09-15T14:36:38.1372963Z Prepare workflow directory
2026-09-15T14:36:38.1947944Z Prepare all required actions
2026-09-15T14:36:38.2017239Z Getting action download info
2026-09-15T14:36:38.4465498Z Download action repository 'actions/checkout@v4' (SHA:11d5960a326750d5838078e36cf38b85af677262)
2026-09-15T14:36:38.6692474Z Download action repository 'actions/setup-node@v4' (SHA:49933ea5288caeca8642d1e84afbd3f7d6820020)
2026-09-15T14:36:38.9721640Z Complete job name: preflight
2026-09-15T14:36:39.0383484Z Node 20 is being deprecated. This workflow is running with Node 24 by default. If you need to temporarily use Node 20, you can set the ACTIONS_ALLOW_USE_UNSECURE_NODE_VERSION=true environment variable. For more information see: https://github.blog/changelog/2025-09-19-deprecation-of-node-20-on-github-actions-runners/
2026-09-15T14:36:39.0392149Z ##[group]Run actions/checkout@v4
2026-09-15T14:36:39.0392959Z with:
2026-09-15T14:36:39.0393495Z   fetch-depth: 1
2026-09-15T14:36:39.0394060Z   ref: 69195ddd1d21a7bc3f863cf7589069a735301a03
2026-09-15T14:36:39.0394745Z   repository: mekhovov/revealline
2026-09-15T14:36:39.0398890Z   token: ***
2026-09-15T14:36:39.0399375Z   ssh-strict: true
2026-09-15T14:36:39.0399894Z   ssh-user: git
2026-09-15T14:36:39.0400386Z   persist-credentials: true
2026-09-15T14:36:39.0400966Z   clean: true
2026-09-15T14:36:39.0401453Z   sparse-checkout-cone-mode: true
2026-09-15T14:36:39.0402016Z   fetch-tags: false
2026-09-15T14:36:39.0402642Z   show-progress: true
2026-09-15T14:36:39.0403131Z   lfs: false
2026-09-15T14:36:39.0403605Z   submodules: false
2026-09-15T14:36:39.0404121Z   set-safe-directory: true
2026-09-15T14:36:39.0404719Z   allow-unsafe-pr-checkout: false
2026-09-15T14:36:39.0405445Z env:
2026-09-15T14:36:39.0406000Z   EXPECTED_SOURCE: 69195ddd1d21a7bc3f863cf7589069a735301a03
2026-09-15T14:36:39.0406722Z ##[endgroup]
2026-09-15T14:36:39.1430587Z Syncing repository: mekhovov/revealline
2026-09-15T14:36:39.1433355Z ##[group]Getting Git version info
2026-09-15T14:36:39.1434644Z Working directory is '/home/runner/work/revealline/revealline'
2026-09-15T14:36:39.1436257Z [command]/usr/bin/git version
2026-09-15T14:36:39.1539447Z git version 2.55.0
2026-09-15T14:36:39.1573543Z ##[endgroup]
2026-09-15T14:36:39.1594483Z Temporarily overriding HOME='/home/runner/work/_temp/f3fb9ed8-6bea-4f53-832a-d0a2b5c2d7c9' before making global git config changes
2026-09-15T14:36:39.1596807Z Adding repository directory to the temporary git global config as a safe directory
2026-09-15T14:36:39.1631349Z [command]/usr/bin/git config --global --add safe.directory /home/runner/work/revealline/revealline
2026-09-15T14:36:39.1689055Z Deleting the contents of '/home/runner/work/revealline/revealline'
2026-09-15T14:36:39.1695472Z ##[group]Initializing the repository
2026-09-15T14:36:39.1700375Z [command]/usr/bin/git init /home/runner/work/revealline/revealline
2026-09-15T14:36:39.1804270Z hint: Using 'master' as the name for the initial branch. This default branch name
2026-09-15T14:36:39.1806368Z hint: will change to "main" in Git 3.0. To configure the initial branch name
2026-09-15T14:36:39.1808089Z hint: to use in all of your new repositories, which will suppress this warning,
2026-09-15T14:36:39.1809629Z hint: call:
2026-09-15T14:36:39.1810556Z hint:
2026-09-15T14:36:39.1811536Z hint: 	git config --global init.defaultBranch <name>
2026-09-15T14:36:39.1812631Z hint:
2026-09-15T14:36:39.1813682Z hint: Names commonly chosen instead of 'master' are 'main', 'trunk' and
2026-09-15T14:36:39.1815684Z hint: 'development'. The just-created branch can be renamed via this command:
2026-09-15T14:36:39.1817002Z hint:
2026-09-15T14:36:39.1818255Z hint: 	git branch -m <name>
2026-09-15T14:36:39.1819232Z hint:
2026-09-15T14:36:39.1820576Z hint: Disable this message with "git config set advice.defaultBranchName false"
2026-09-15T14:36:39.1822639Z Initialized empty Git repository in /home/runner/work/revealline/revealline/.git/
2026-09-15T14:36:39.1826385Z [command]/usr/bin/git remote add origin https://github.com/mekhovov/revealline
2026-09-15T14:36:39.1875408Z ##[endgroup]
2026-09-15T14:36:39.1876765Z ##[group]Disabling automatic garbage collection
2026-09-15T14:36:39.1880488Z [command]/usr/bin/git config --local gc.auto 0
2026-09-15T14:36:39.1919720Z ##[endgroup]
2026-09-15T14:36:39.1921366Z ##[group]Setting up auth
2026-09-15T14:36:39.1929100Z [command]/usr/bin/git config --local --name-only --get-regexp core\.sshCommand
2026-09-15T14:36:39.1968144Z [command]/usr/bin/git submodule foreach --recursive sh -c "git config --local --name-only --get-regexp 'core\.sshCommand' && git config --local --unset-all 'core.sshCommand' || :"
2026-09-15T14:36:39.2377060Z [command]/usr/bin/git config --local --name-only --get-regexp http\.https\:\/\/github\.com\/\.extraheader
2026-09-15T14:36:39.2413609Z [command]/usr/bin/git submodule foreach --recursive sh -c "git config --local --name-only --get-regexp 'http\.https\:\/\/github\.com\/\.extraheader' && git config --local --unset-all 'http.https://github.com/.extraheader' || :"
2026-09-15T14:36:39.2619855Z [command]/usr/bin/git config --local --name-only --get-regexp ^includeIf\.gitdir:
2026-09-15T14:36:39.2651527Z [command]/usr/bin/git submodule foreach --recursive git config --local --show-origin --name-only --get-regexp remote.origin.url
2026-09-15T14:36:39.2847490Z [command]/usr/bin/git config --local http.https://github.com/.extraheader AUTHORIZATION: basic ***
2026-09-15T14:36:39.2882685Z ##[endgroup]
2026-09-15T14:36:39.2883644Z ##[group]Fetching the repository
2026-09-15T14:36:39.2893026Z [command]/usr/bin/git -c protocol.version=2 fetch --no-tags --prune --no-recurse-submodules --depth=1 origin 69195ddd1d21a7bc3f863cf7589069a735301a03
2026-09-15T14:37:19.9783429Z From https://github.com/mekhovov/revealline
2026-09-15T14:37:19.9784670Z  * branch            69195ddd1d21a7bc3f863cf7589069a735301a03 -> FETCH_HEAD
2026-09-15T14:37:19.9790150Z ##[endgroup]
2026-09-15T14:37:19.9791543Z ##[group]Determining the checkout info
2026-09-15T14:37:19.9792940Z ##[endgroup]
2026-09-15T14:37:19.9798888Z [command]/usr/bin/git sparse-checkout disable
2026-09-15T14:37:19.9845738Z [command]/usr/bin/git config --local --unset-all extensions.worktreeConfig
2026-09-15T14:37:19.9882178Z ##[group]Checking out the ref
2026-09-15T14:37:19.9886120Z [command]/usr/bin/git checkout --progress --force 69195ddd1d21a7bc3f863cf7589069a735301a03
2026-09-15T14:37:21.0499444Z Updating files:  16% (972/5968)
2026-09-15T14:37:21.0549761Z Updating files:  17% (1015/5968)
2026-09-15T14:37:21.1239174Z Updating files:  18% (1075/5968)
2026-09-15T14:37:21.2229346Z Updating files:  19% (1134/5968)
2026-09-15T14:37:21.2334644Z Updating files:  20% (1194/5968)
2026-09-15T14:37:21.2396253Z Updating files:  21% (1254/5968)
2026-09-15T14:37:21.2446175Z Updating files:  22% (1313/5968)
2026-09-15T14:37:21.2502725Z Updating files:  23% (1373/5968)
2026-09-15T14:37:21.2583508Z Updating files:  24% (1433/5968)
2026-09-15T14:37:21.2644313Z Updating files:  25% (1492/5968)
2026-09-15T14:37:21.2723033Z Updating files:  26% (1552/5968)
2026-09-15T14:37:21.2770280Z Updating files:  27% (1612/5968)
2026-09-15T14:37:21.2801601Z Updating files:  28% (1672/5968)
2026-09-15T14:37:21.2882596Z Updating files:  29% (1731/5968)
2026-09-15T14:37:21.2965507Z Updating files:  30% (1791/5968)
2026-09-15T14:37:21.3049455Z Updating files:  31% (1851/5968)
2026-09-15T14:37:21.3142337Z Updating files:  32% (1910/5968)
2026-09-15T14:37:21.3253176Z Updating files:  33% (1970/5968)
2026-09-15T14:37:21.3318779Z Updating files:  34% (2030/5968)
2026-09-15T14:37:21.3501491Z Updating files:  35% (2089/5968)
2026-09-15T14:37:21.3841947Z Updating files:  36% (2149/5968)
2026-09-15T14:37:21.3969131Z Updating files:  37% (2209/5968)
2026-09-15T14:37:21.4118944Z Updating files:  38% (2268/5968)
2026-09-15T14:37:21.4244967Z Updating files:  39% (2328/5968)
2026-09-15T14:37:21.4365055Z Updating files:  40% (2388/5968)
2026-09-15T14:37:21.4644268Z Updating files:  41% (2447/5968)
2026-09-15T14:37:21.4961711Z Updating files:  42% (2507/5968)
2026-09-15T14:37:21.5155634Z Updating files:  43% (2567/5968)
2026-09-15T14:37:21.5306502Z Updating files:  44% (2626/5968)
2026-09-15T14:37:21.5421259Z Updating files:  45% (2686/5968)
2026-09-15T14:37:21.5508914Z Updating files:  46% (2746/5968)
2026-09-15T14:37:21.5654527Z Updating files:  47% (2805/5968)
2026-09-15T14:37:21.5752326Z Updating files:  48% (2865/5968)
2026-09-15T14:37:21.6167438Z Updating files:  49% (2925/5968)
2026-09-15T14:37:21.6204182Z Updating files:  50% (2984/5968)
2026-09-15T14:37:21.6248400Z Updating files:  51% (3044/5968)
2026-09-15T14:37:21.6941437Z Updating files:  52% (3104/5968)
2026-09-15T14:37:21.9837564Z Updating files:  53% (3164/5968)
2026-09-15T14:37:21.9875753Z Updating files:  54% (3223/5968)
2026-09-15T14:37:21.9959898Z Updating files:  55% (3283/5968)
2026-09-15T14:37:21.9968912Z Updating files:  56% (3343/5968)
2026-09-15T14:37:22.0029106Z Updating files:  56% (3353/5968)
2026-09-15T14:37:22.0148939Z Updating files:  57% (3402/5968)
2026-09-15T14:37:22.0197441Z Updating files:  58% (3462/5968)
2026-09-15T14:37:22.0243371Z Updating files:  59% (3522/5968)
2026-09-15T14:37:22.0289934Z Updating files:  60% (3581/5968)
2026-09-15T14:37:22.0332629Z Updating files:  61% (3641/5968)
2026-09-15T14:37:22.0375711Z Updating files:  62% (3701/5968)
2026-09-15T14:37:22.0414840Z Updating files:  63% (3760/5968)
2026-09-15T14:37:22.0468351Z Updating files:  64% (3820/5968)
2026-09-15T14:37:22.0510877Z Updating files:  65% (3880/5968)
2026-09-15T14:37:22.0605635Z Updating files:  66% (3939/5968)
2026-09-15T14:37:22.0807471Z Updating files:  67% (3999/5968)
2026-09-15T14:37:22.1009794Z Updating files:  68% (4059/5968)
2026-09-15T14:37:22.1125997Z Updating files:  69% (4118/5968)
2026-09-15T14:37:22.1283924Z Updating files:  70% (4178/5968)
2026-09-15T14:37:22.1390274Z Updating files:  71% (4238/5968)
2026-09-15T14:37:22.1426761Z Updating files:  72% (4297/5968)
2026-09-15T14:37:22.1508942Z Updating files:  73% (4357/5968)
2026-09-15T14:37:22.1562528Z Updating files:  74% (4417/5968)
2026-09-15T14:37:22.1621954Z Updating files:  75% (4476/5968)
2026-09-15T14:37:22.1665926Z Updating files:  76% (4536/5968)
2026-09-15T14:37:22.1699029Z Updating files:  77% (4596/5968)
2026-09-15T14:37:22.1762034Z Updating files:  78% (4656/5968)
2026-09-15T14:37:22.1822097Z Updating files:  79% (4715/5968)
2026-09-15T14:37:22.1902921Z Updating files:  80% (4775/5968)
2026-09-15T14:37:22.2033513Z Updating files:  81% (4835/5968)
2026-09-15T14:37:22.2079930Z Updating files:  82% (4894/5968)
2026-09-15T14:37:22.2123982Z Updating files:  83% (4954/5968)
2026-09-15T14:37:22.2221059Z Updating files:  84% (5014/5968)
2026-09-15T14:37:22.2279126Z Updating files:  85% (5073/5968)
2026-09-15T14:37:22.2295306Z Updating files:  86% (5133/5968)
2026-09-15T14:37:22.2308278Z Updating files:  87% (5193/5968)
2026-09-15T14:37:22.2345887Z Updating files:  88% (5252/5968)
2026-09-15T14:37:22.2456501Z Updating files:  89% (5312/5968)
2026-09-15T14:37:22.2524673Z Updating files:  90% (5372/5968)
2026-09-15T14:37:22.2624330Z Updating files:  91% (5431/5968)
2026-09-15T14:37:22.2795453Z Updating files:  92% (5491/5968)
2026-09-15T14:37:22.2880382Z Updating files:  93% (5551/5968)
2026-09-15T14:37:22.2960140Z Updating files:  94% (5610/5968)
2026-09-15T14:37:22.2991993Z Updating files:  95% (5670/5968)
2026-09-15T14:37:22.3007691Z Updating files:  96% (5730/5968)
2026-09-15T14:37:22.3031674Z Updating files:  97% (5789/5968)
2026-09-15T14:37:22.3063492Z Updating files:  98% (5849/5968)
2026-09-15T14:37:22.3104792Z Updating files:  99% (5909/5968)
2026-09-15T14:37:22.3105450Z Updating files: 100% (5968/5968)
2026-09-15T14:37:22.3105897Z Updating files: 100% (5968/5968), done.
2026-09-15T14:37:22.3172660Z Note: switching to '69195ddd1d21a7bc3f863cf7589069a735301a03'.
2026-09-15T14:37:22.3173436Z 
2026-09-15T14:37:22.3173772Z You are in 'detached HEAD' state. You can look around, make experimental
2026-09-15T14:37:22.3175008Z changes and commit them, and you can discard any commits you make in this
2026-09-15T14:37:22.3175756Z state without impacting any branches by switching back to a branch.
2026-09-15T14:37:22.3176276Z 
2026-09-15T14:37:22.3176616Z If you want to create a new branch to retain commits you create, you may
2026-09-15T14:37:22.3177365Z do so (now or later) by using -c with the switch command. Example:
2026-09-15T14:37:22.3178112Z 
2026-09-15T14:37:22.3178266Z   git switch -c <new-branch-name>
2026-09-15T14:37:22.3178537Z 
2026-09-15T14:37:22.3178720Z Or undo this operation with:
2026-09-15T14:37:22.3178910Z 
2026-09-15T14:37:22.3179374Z   git switch -
2026-09-15T14:37:22.3179531Z 
2026-09-15T14:37:22.3179808Z Turn off this advice by setting config variable advice.detachedHead to false
2026-09-15T14:37:22.3180176Z 
2026-09-15T14:37:22.3180382Z HEAD is now at 69195dd docs: retain original loading qualification logs
2026-09-15T14:37:22.3258404Z ##[endgroup]
2026-09-15T14:37:22.3305558Z [command]/usr/bin/git log -1 --format=%H
2026-09-15T14:37:22.3342396Z 69195ddd1d21a7bc3f863cf7589069a735301a03
2026-09-15T14:37:22.3575447Z Node 20 is being deprecated. This workflow is running with Node 24 by default. If you need to temporarily use Node 20, you can set the ACTIONS_ALLOW_USE_UNSECURE_NODE_VERSION=true environment variable. For more information see: https://github.blog/changelog/2025-09-19-deprecation-of-node-20-on-github-actions-runners/
2026-09-15T14:37:22.3577424Z ##[group]Run actions/checkout@v4
2026-09-15T14:37:22.3578029Z with:
2026-09-15T14:37:22.3578421Z   ref: d413970f7d22d3ceb94b1c3efbdeef6d9455bfb6
2026-09-15T14:37:22.3578836Z   path: .source-gate-automation
2026-09-15T14:37:22.3579300Z   fetch-depth: 1
2026-09-15T14:37:22.3579689Z   persist-credentials: false
2026-09-15T14:37:22.3580111Z   sparse-checkout: scripts/check-source-identity.mjs
2026-09-15T14:37:22.3580548Z   sparse-checkout-cone-mode: false
2026-09-15T14:37:22.3580917Z   repository: mekhovov/revealline
2026-09-15T14:37:22.3583619Z   token: ***
2026-09-15T14:37:22.3583963Z   ssh-strict: true
2026-09-15T14:37:22.3584350Z   ssh-user: git
2026-09-15T14:37:22.3584684Z   clean: true
2026-09-15T14:37:22.3585040Z   fetch-tags: false
2026-09-15T14:37:22.3585366Z   show-progress: true
2026-09-15T14:37:22.3585672Z   lfs: false
2026-09-15T14:37:22.3585946Z   submodules: false
2026-09-15T14:37:22.3586299Z   set-safe-directory: true
2026-09-15T14:37:22.3586676Z   allow-unsafe-pr-checkout: false
2026-09-15T14:37:22.3587023Z env:
2026-09-15T14:37:22.3587397Z   EXPECTED_SOURCE: 69195ddd1d21a7bc3f863cf7589069a735301a03
2026-09-15T14:37:22.3587962Z ##[endgroup]
2026-09-15T14:37:22.4416382Z Syncing repository: mekhovov/revealline
2026-09-15T14:37:22.4437031Z ##[group]Getting Git version info
2026-09-15T14:37:22.4438892Z Working directory is '/home/runner/work/revealline/revealline/.source-gate-automation'
2026-09-15T14:37:22.4478781Z [command]/usr/bin/git version
2026-09-15T14:37:22.4514199Z git version 2.55.0
2026-09-15T14:37:22.4538932Z ##[endgroup]
2026-09-15T14:37:22.4551352Z Temporarily overriding HOME='/home/runner/work/_temp/08fd125f-07be-482a-b05a-4f280029e625' before making global git config changes
2026-09-15T14:37:22.4557981Z Adding repository directory to the temporary git global config as a safe directory
2026-09-15T14:37:22.4567258Z [command]/usr/bin/git config --global --add safe.directory /home/runner/work/revealline/revealline/.source-gate-automation
2026-09-15T14:37:22.4596760Z ##[group]Initializing the repository
2026-09-15T14:37:22.4601979Z [command]/usr/bin/git init /home/runner/work/revealline/revealline/.source-gate-automation
2026-09-15T14:37:22.4655838Z hint: Using 'master' as the name for the initial branch. This default branch name
2026-09-15T14:37:22.4656807Z hint: will change to "main" in Git 3.0. To configure the initial branch name
2026-09-15T14:37:22.4657699Z hint: to use in all of your new repositories, which will suppress this warning,
2026-09-15T14:37:22.4658484Z hint: call:
2026-09-15T14:37:22.4658961Z hint:
2026-09-15T14:37:22.4659429Z hint: 	git config --global init.defaultBranch <name>
2026-09-15T14:37:22.4660038Z hint:
2026-09-15T14:37:22.4660550Z hint: Names commonly chosen instead of 'master' are 'main', 'trunk' and
2026-09-15T14:37:22.4661311Z hint: 'development'. The just-created branch can be renamed via this command:
2026-09-15T14:37:22.4662052Z hint:
2026-09-15T14:37:22.4662445Z hint: 	git branch -m <name>
2026-09-15T14:37:22.4662881Z hint:
2026-09-15T14:37:22.4663525Z hint: Disable this message with "git config set advice.defaultBranchName false"
2026-09-15T14:37:22.4664538Z Initialized empty Git repository in /home/runner/work/revealline/revealline/.source-gate-automation/.git/
2026-09-15T14:37:22.4667852Z [command]/usr/bin/git remote add origin https://github.com/mekhovov/revealline
2026-09-15T14:37:22.4697839Z ##[endgroup]
2026-09-15T14:37:22.4698783Z ##[group]Disabling automatic garbage collection
2026-09-15T14:37:22.4701761Z [command]/usr/bin/git config --local gc.auto 0
2026-09-15T14:37:22.4728701Z ##[endgroup]
2026-09-15T14:37:22.4729391Z ##[group]Setting up auth
2026-09-15T14:37:22.4735591Z [command]/usr/bin/git config --local --name-only --get-regexp core\.sshCommand
2026-09-15T14:37:22.4762943Z [command]/usr/bin/git submodule foreach --recursive sh -c "git config --local --name-only --get-regexp 'core\.sshCommand' && git config --local --unset-all 'core.sshCommand' || :"
2026-09-15T14:37:22.4968824Z [command]/usr/bin/git config --local --name-only --get-regexp http\.https\:\/\/github\.com\/\.extraheader
2026-09-15T14:37:22.5010966Z [command]/usr/bin/git submodule foreach --recursive sh -c "git config --local --name-only --get-regexp 'http\.https\:\/\/github\.com\/\.extraheader' && git config --local --unset-all 'http.https://github.com/.extraheader' || :"
2026-09-15T14:37:22.5216751Z [command]/usr/bin/git config --local --name-only --get-regexp ^includeIf\.gitdir:
2026-09-15T14:37:22.5247668Z [command]/usr/bin/git submodule foreach --recursive git config --local --show-origin --name-only --get-regexp remote.origin.url
2026-09-15T14:37:22.5453694Z [command]/usr/bin/git config --local http.https://github.com/.extraheader AUTHORIZATION: basic ***
2026-09-15T14:37:22.5498268Z ##[endgroup]
2026-09-15T14:37:22.5499224Z ##[group]Fetching the repository
2026-09-15T14:37:22.5517011Z [command]/usr/bin/git -c protocol.version=2 fetch --no-tags --prune --no-recurse-submodules --filter=blob:none --depth=1 origin d413970f7d22d3ceb94b1c3efbdeef6d9455bfb6
2026-09-15T14:37:23.2523557Z From https://github.com/mekhovov/revealline
2026-09-15T14:37:23.2524155Z  * branch            d413970f7d22d3ceb94b1c3efbdeef6d9455bfb6 -> FETCH_HEAD
2026-09-15T14:37:23.2528617Z ##[endgroup]
2026-09-15T14:37:23.2529248Z ##[group]Determining the checkout info
2026-09-15T14:37:23.2531191Z ##[endgroup]
2026-09-15T14:37:23.2531947Z ##[group]Setting up sparse checkout
2026-09-15T14:37:23.2537268Z [command]/usr/bin/git config core.sparseCheckout true
2026-09-15T14:37:23.2569514Z [command]/usr/bin/git rev-parse --git-path info/sparse-checkout
2026-09-15T14:37:23.2598763Z .git/info/sparse-checkout
2026-09-15T14:37:23.2605033Z ##[endgroup]
2026-09-15T14:37:23.2605589Z ##[group]Checking out the ref
2026-09-15T14:37:23.2609668Z [command]/usr/bin/git checkout --progress --force d413970f7d22d3ceb94b1c3efbdeef6d9455bfb6
2026-09-15T14:37:23.8895143Z Note: switching to 'd413970f7d22d3ceb94b1c3efbdeef6d9455bfb6'.
2026-09-15T14:37:23.8895841Z 
2026-09-15T14:37:23.8896112Z You are in 'detached HEAD' state. You can look around, make experimental
2026-09-15T14:37:23.8896639Z changes and commit them, and you can discard any commits you make in this
2026-09-15T14:37:23.8897171Z state without impacting any branches by switching back to a branch.
2026-09-15T14:37:23.8897487Z 
2026-09-15T14:37:23.8898046Z If you want to create a new branch to retain commits you create, you may
2026-09-15T14:37:23.8898805Z do so (now or later) by using -c with the switch command. Example:
2026-09-15T14:37:23.8899196Z 
2026-09-15T14:37:23.8899383Z   git switch -c <new-branch-name>
2026-09-15T14:37:23.8899573Z 
2026-09-15T14:37:23.8899736Z Or undo this operation with:
2026-09-15T14:37:23.8899939Z 
2026-09-15T14:37:23.8900094Z   git switch -
2026-09-15T14:37:23.8900337Z 
2026-09-15T14:37:23.8900569Z Turn off this advice by setting config variable advice.detachedHead to false
2026-09-15T14:37:23.8900924Z 
2026-09-15T14:37:23.8901263Z HEAD is now at d413970 Merge 69195ddd1d21a7bc3f863cf7589069a735301a03 into 9ef75091762cfb9c84b02475ef79913a4476c651
2026-09-15T14:37:23.8902901Z ##[endgroup]
2026-09-15T14:37:23.8938037Z [command]/usr/bin/git log -1 --format=%H
2026-09-15T14:37:23.8961671Z d413970f7d22d3ceb94b1c3efbdeef6d9455bfb6
2026-09-15T14:37:23.8971549Z ##[group]Removing auth
2026-09-15T14:37:23.8979372Z [command]/usr/bin/git config --local --name-only --get-regexp core\.sshCommand
2026-09-15T14:37:23.9003210Z [command]/usr/bin/git submodule foreach --recursive sh -c "git config --local --name-only --get-regexp 'core\.sshCommand' && git config --local --unset-all 'core.sshCommand' || :"
2026-09-15T14:37:23.9200928Z [command]/usr/bin/git config --local --name-only --get-regexp http\.https\:\/\/github\.com\/\.extraheader
2026-09-15T14:37:23.9227342Z http.https://github.com/.extraheader
2026-09-15T14:37:23.9235945Z [command]/usr/bin/git config --local --unset-all http.https://github.com/.extraheader
2026-09-15T14:37:23.9270623Z [command]/usr/bin/git submodule foreach --recursive sh -c "git config --local --name-only --get-regexp 'http\.https\:\/\/github\.com\/\.extraheader' && git config --local --unset-all 'http.https://github.com/.extraheader' || :"
2026-09-15T14:37:23.9470053Z [command]/usr/bin/git config --local --name-only --get-regexp ^includeIf\.gitdir:
2026-09-15T14:37:23.9503678Z [command]/usr/bin/git submodule foreach --recursive git config --local --show-origin --name-only --get-regexp remote.origin.url
2026-09-15T14:37:23.9713868Z ##[endgroup]
2026-09-15T14:37:23.9882584Z Node 20 is being deprecated. This workflow is running with Node 24 by default. If you need to temporarily use Node 20, you can set the ACTIONS_ALLOW_USE_UNSECURE_NODE_VERSION=true environment variable. For more information see: https://github.blog/changelog/2025-09-19-deprecation-of-node-20-on-github-actions-runners/
2026-09-15T14:37:23.9883801Z ##[group]Run actions/setup-node@v4
2026-09-15T14:37:23.9884134Z with:
2026-09-15T14:37:23.9884403Z   node-version: 20.19.x
2026-09-15T14:37:23.9884738Z   cache: npm
2026-09-15T14:37:23.9885028Z   always-auth: false
2026-09-15T14:37:23.9885351Z   check-latest: false
2026-09-15T14:37:23.9888042Z   token: ***
2026-09-15T14:37:23.9888323Z env:
2026-09-15T14:37:23.9888707Z   EXPECTED_SOURCE: 69195ddd1d21a7bc3f863cf7589069a735301a03
2026-09-15T14:37:23.9889113Z ##[endgroup]
2026-09-15T14:37:24.1278225Z Attempting to download 20.19.x...
2026-09-15T14:37:24.1385152Z (node:2483) [DEP0040] DeprecationWarning: The `punycode` module is deprecated. Please use a userland alternative instead.
2026-09-15T14:37:24.1385988Z (Use `node --trace-deprecation ...` to show where the warning was created)
2026-09-15T14:37:24.7858089Z Acquiring 20.19.6 - x64 from https://github.com/actions/node-versions/releases/download/20.19.6-19690675733/node-20.19.6-linux-x64.tar.gz
2026-09-15T14:37:25.3652114Z Extracting ...
2026-09-15T14:37:25.3755570Z [command]/usr/bin/tar xz --strip 1 --warning=no-unknown-keyword --overwrite -C /home/runner/work/_temp/5cf543f0-214a-46b0-a458-ab3e1e46c28b -f /home/runner/work/_temp/aec2500a-8352-4be3-87d9-1962beb443b3
2026-09-15T14:37:26.4614400Z Adding to the cache ...
2026-09-15T14:37:28.2753490Z ##[group]Environment details
2026-09-15T14:37:28.4953415Z node: v20.19.6
2026-09-15T14:37:28.4953936Z npm: 10.8.2
2026-09-15T14:37:28.4954454Z yarn: 1.22.22
2026-09-15T14:37:28.4955273Z ##[endgroup]
2026-09-15T14:37:28.4972131Z [command]/opt/hostedtoolcache/node/20.19.6/x64/bin/npm config get cache
2026-09-15T14:37:28.5890649Z /home/runner/.npm
2026-09-15T14:37:28.7070481Z npm cache is not found
2026-09-15T14:37:28.7210563Z ##[group]Run test "$(git rev-parse HEAD)" = "$EXPECTED_SOURCE"
2026-09-15T14:37:28.7211237Z [36;1mtest "$(git rev-parse HEAD)" = "$EXPECTED_SOURCE"[0m
2026-09-15T14:37:28.7211850Z [36;1mnode .source-gate-automation/scripts/check-source-identity.mjs --root .[0m
2026-09-15T14:37:28.7243736Z shell: /usr/bin/bash -e {0}
2026-09-15T14:37:28.7244114Z env:
2026-09-15T14:37:28.7244507Z   EXPECTED_SOURCE: 69195ddd1d21a7bc3f863cf7589069a735301a03
2026-09-15T14:37:28.7244972Z ##[endgroup]
2026-09-15T14:37:33.5541362Z {"format":"revealline-source-identity.v1","root":"/home/runner/work/revealline/revealline","sourceRevision":"69195ddd1d21a7bc3f863cf7589069a735301a03","sourceTree":"6dea75eef274c3625d7a7e9c251b20d587a42191","files":5968,"bytes":853523474,"aggregateSha256":"141fc1c9221dcd34523bca9b6239bea0edd9ff318a0825d85c71a7852822ae80","aggregateFormat":"UTF-8 path sorted JSONL [path, Git mode, raw content SHA-256]","allTrackedSourceContentsAndModesMatch":true}
2026-09-15T14:37:33.6187256Z ##[group]Run npm ci
2026-09-15T14:37:33.6187645Z [36;1mnpm ci[0m
2026-09-15T14:37:33.6214279Z shell: /usr/bin/bash -e {0}
2026-09-15T14:37:33.6214631Z env:
2026-09-15T14:37:33.6215064Z   EXPECTED_SOURCE: 69195ddd1d21a7bc3f863cf7589069a735301a03
2026-09-15T14:37:33.6215486Z ##[endgroup]
2026-09-15T14:37:36.4309396Z 
2026-09-15T14:37:36.4310217Z added 81 packages, and audited 82 packages in 3s
2026-09-15T14:37:36.4310723Z 
2026-09-15T14:37:36.4311307Z 18 packages are looking for funding
2026-09-15T14:37:36.4311709Z   run `npm fund` for details
2026-09-15T14:37:36.4320998Z 
2026-09-15T14:37:36.4321431Z found 0 vulnerabilities
2026-09-15T14:37:36.4443924Z ##[group]Run npm run validate
2026-09-15T14:37:36.4444367Z [36;1mnpm run validate[0m
2026-09-15T14:37:36.4444711Z [36;1mnpm run lint[0m
2026-09-15T14:37:36.4445053Z [36;1mnpm run format:check[0m
2026-09-15T14:37:36.4445473Z [36;1mnpm run format:native:check[0m
2026-09-15T14:37:36.4445888Z [36;1mnode --check authoring/motion-lab/app.js[0m
2026-09-15T14:37:36.4471322Z shell: /usr/bin/bash -e {0}
2026-09-15T14:37:36.4471674Z env:
2026-09-15T14:37:36.4472160Z   EXPECTED_SOURCE: 69195ddd1d21a7bc3f863cf7589069a735301a03
2026-09-15T14:37:36.4472586Z ##[endgroup]
2026-09-15T14:37:36.5462638Z 
2026-09-15T14:37:36.5463450Z > revealline@0.57.2 validate
2026-09-15T14:37:36.5464152Z > node scripts/game-cli.mjs validate
2026-09-15T14:37:36.5464590Z 
2026-09-15T14:37:49.1990842Z {
2026-09-15T14:37:49.1991518Z   "version": "0.57.2",
2026-09-15T14:37:49.1992114Z   "files": 607,
2026-09-15T14:37:49.1992489Z   "literalReferencesValid": true,
2026-09-15T14:37:49.1993261Z   "navigationWarnings": [
2026-09-15T14:37:49.1994020Z     "game/index.html → ../releases/",
2026-09-15T14:37:49.1994793Z     "game/index.html → ../releases/",
2026-09-15T14:37:49.1995614Z     "game/index.html → ../diagnostics/",
2026-09-15T14:37:49.1996777Z     "game/index.html → ../releases/",
2026-09-15T14:37:49.1997515Z     "game/index.html → ../releases/",
2026-09-15T14:37:49.1998327Z     "site/about.html → ../privacy.html",
2026-09-15T14:37:49.1999089Z     "site/about.html → ../credits.html"
2026-09-15T14:37:49.1999677Z   ],
2026-09-15T14:37:49.2000413Z   "campaign": "first-signal",
2026-09-15T14:37:49.2001123Z   "levels": 12,
2026-09-15T14:37:49.2001667Z   "themes": 4,
2026-09-15T14:37:49.2002081Z   "classes": 7,
2026-09-15T14:37:49.2002539Z   "packs": 12,
2026-09-15T14:37:49.2002948Z   "packLevels": 35,
2026-09-15T14:37:49.2003483Z   "packGoals": 6,
2026-09-15T14:37:49.2004162Z   "coopPacks": 1,
2026-09-15T14:37:49.2004828Z   "coopLevels": 2
2026-09-15T14:37:49.2005560Z }
2026-09-15T14:37:49.3048098Z 
2026-09-15T14:37:49.3049043Z > revealline@0.57.2 lint
2026-09-15T14:37:49.3049858Z > eslint "game/**/*.mjs" "scripts/**/*.mjs" "site/**/*.mjs" "platforms/**/*.{mjs,js}" eslint.config.mjs --max-warnings 0
2026-09-15T14:37:49.3050310Z 
2026-09-15T14:37:56.8581376Z 
2026-09-15T14:37:56.8584371Z > revealline@0.57.2 format:check
2026-09-15T14:37:56.8585224Z > prettier --check "game/**/*.{mjs,css,html,json}" "scripts/*.mjs" "site/**/*.{mjs,css,html}"
2026-09-15T14:37:56.8585643Z 
2026-09-15T14:37:56.9376036Z Checking formatting...
2026-09-15T14:38:12.6497571Z All matched files use Prettier code style!
2026-09-15T14:38:12.7647159Z 
2026-09-15T14:38:12.7648396Z > revealline@0.57.2 format:native:check
2026-09-15T14:38:12.7649819Z > prettier --check "platforms/desktop/*.mjs" "platforms/desktop/test/*.mjs" "platforms/ios/{bridge,scripts,test,diagnostics}/*.{mjs,js,html,css}"
2026-09-15T14:38:12.7650601Z 
2026-09-15T14:38:12.8415008Z Checking formatting...
2026-09-15T14:38:13.3284231Z All matched files use Prettier code style!
2026-09-15T14:38:13.3872445Z ##[group]Run node scripts/produce-field-kit-theme.mjs --check
2026-09-15T14:38:13.3873005Z [36;1mnode scripts/produce-field-kit-theme.mjs --check[0m
2026-09-15T14:38:13.3897676Z shell: /usr/bin/bash -e {0}
2026-09-15T14:38:13.3898636Z env:
2026-09-15T14:38:13.3899016Z   EXPECTED_SOURCE: 69195ddd1d21a7bc3f863cf7589069a735301a03
2026-09-15T14:38:13.3899476Z ##[endgroup]
2026-09-15T14:38:18.5442441Z {"source":"field-kit","revision":22,"slots":293,"files":131,"assetBytes":4007816,"coverage":{"missing":0,"source":99,"produced":0,"reviewed":194},"qualification":"Production candidate. Review required slots in real screens before publication."}
2026-09-15T14:38:18.5669265Z ##[group]Run # Production tests use .cache for temporary fixtures.
2026-09-15T14:38:18.5669884Z [36;1m# Production tests use .cache for temporary fixtures.[0m
2026-09-15T14:38:18.5670308Z [36;1mmkdir -p .cache[0m
2026-09-15T14:38:18.5670698Z [36;1mnode --test scripts/test-production-*.mjs[0m
2026-09-15T14:38:18.5694564Z shell: /usr/bin/bash -e {0}
2026-09-15T14:38:18.5694974Z env:
2026-09-15T14:38:18.5695334Z   EXPECTED_SOURCE: 69195ddd1d21a7bc3f863cf7589069a735301a03
2026-09-15T14:38:18.5695779Z ##[endgroup]
2026-09-15T14:38:18.6136423Z TAP version 13
2026-09-15T14:38:18.9890511Z # Subtest: Countercurrent appends twelve exact picture cells and three proposed families without approving quality
2026-09-15T14:38:18.9916359Z ok 1 - Countercurrent appends twelve exact picture cells and three proposed families without approving quality
2026-09-15T14:38:18.9917440Z   ---
2026-09-15T14:38:18.9918208Z   duration_ms: 262.649101
2026-09-15T14:38:18.9939141Z   ...
2026-09-15T14:38:19.8059537Z # Subtest: finite data adapters authenticate twelve distinct Countercurrent originals and all retained source bodies
2026-09-15T14:38:19.8061517Z ok 2 - finite data adapters authenticate twelve distinct Countercurrent originals and all retained source bodies
2026-09-15T14:38:19.8062390Z   ---
2026-09-15T14:38:19.8063165Z   duration_ms: 829.546648
2026-09-15T14:38:19.8063838Z   ...
2026-09-15T14:38:20.9491778Z # Subtest: the uniform adapter rejects borrowed source IDs, same-body wrong paths and invented dimensions
2026-09-15T14:38:20.9532573Z ok 3 - the uniform adapter rejects borrowed source IDs, same-body wrong paths and invented dimensions
2026-09-15T14:38:20.9570286Z   ---
2026-09-15T14:38:20.9587692Z   duration_ms: 999.641195
2026-09-15T14:38:20.9628775Z   ...
2026-09-15T14:38:20.9692940Z # Subtest: crossed theme or mission bindings do not borrow an exact original from a different owner
2026-09-15T14:38:20.9736720Z ok 4 - crossed theme or mission bindings do not borrow an exact original from a different owner
2026-09-15T14:38:20.9791888Z   ---
2026-09-15T14:38:20.9844073Z   duration_ms: 134.201674
2026-09-15T14:38:20.9888140Z   ...
2026-09-15T14:38:21.0068367Z # Subtest: coherently edited register owner and layout still must match the authored descriptor
2026-09-15T14:38:21.0123773Z ok 5 - coherently edited register owner and layout still must match the authored descriptor
2026-09-15T14:38:21.0124939Z   ---
2026-09-15T14:38:21.0150306Z   duration_ms: 75.50874
2026-09-15T14:38:21.0180011Z   ...
2026-09-15T14:38:21.1860166Z # Subtest: freshly pinned authority cannot redirect an FPV original to another source path
2026-09-15T14:38:21.1861869Z ok 6 - freshly pinned authority cannot redirect an FPV original to another source path
2026-09-15T14:38:21.1863206Z   ---
2026-09-15T14:38:21.1864615Z   duration_ms: 180.704826
2026-09-15T14:38:21.1865292Z   ...
2026-09-15T14:38:21.3694500Z # Subtest: freshly pinned theme descriptor cannot relabel an original as another mission
2026-09-15T14:38:21.3696024Z ok 7 - freshly pinned theme descriptor cannot relabel an original as another mission
2026-09-15T14:38:21.3696870Z   ---
2026-09-15T14:38:21.3697569Z   duration_ms: 157.463682
2026-09-15T14:38:21.3704457Z   ...
2026-09-15T14:38:21.4581377Z # Subtest: old register history stays immutable and a Countercurrent family cannot count twice
2026-09-15T14:38:21.4583828Z ok 8 - old register history stays immutable and a Countercurrent family cannot count twice
2026-09-15T14:38:21.4584799Z   ---
2026-09-15T14:38:21.4588953Z   duration_ms: 119.152896
2026-09-15T14:38:21.4590714Z   ...
2026-09-15T14:38:21.5572420Z # Subtest: freshly pinned art manifest cannot invent dimensions beside unchanged provenance
2026-09-15T14:38:21.5573657Z ok 9 - freshly pinned art manifest cannot invent dimensions beside unchanged provenance
2026-09-15T14:38:21.5578628Z   ---
2026-09-15T14:38:21.5579823Z   duration_ms: 95.522134
2026-09-15T14:38:21.5622877Z   ...
2026-09-15T14:38:21.7027174Z # Subtest: freshly pinned cohort cannot duplicate a theme and hide another exact edition
2026-09-15T14:38:21.7119283Z ok 10 - freshly pinned cohort cannot duplicate a theme and hide another exact edition
2026-09-15T14:38:21.7178681Z   ---
2026-09-15T14:38:21.7208555Z   duration_ms: 148.62869
2026-09-15T14:38:21.7243436Z   ...
2026-09-15T14:38:21.7470057Z # Subtest: Fracture appends twelve exact picture cells and three proposed families without approving quality
2026-09-15T14:38:21.7586157Z ok 11 - Fracture appends twelve exact picture cells and three proposed families without approving quality
2026-09-15T14:38:21.7653751Z   ---
2026-09-15T14:38:21.7716895Z   duration_ms: 224.324497
2026-09-15T14:38:21.7723492Z   ...
2026-09-15T14:38:21.7759260Z # Subtest: finite data adapters authenticate twelve distinct Fracture originals and all retained source bodies
2026-09-15T14:38:21.7761128Z ok 12 - finite data adapters authenticate twelve distinct Fracture originals and all retained source bodies
2026-09-15T14:38:21.7788840Z   ---
2026-09-15T14:38:21.7799102Z   duration_ms: 666.38641
2026-09-15T14:38:21.7800094Z   ...
2026-09-15T14:38:21.7801130Z # Subtest: both adapters reject borrowed source IDs, same-body wrong paths and invented dimensions
2026-09-15T14:38:21.7802636Z ok 13 - both adapters reject borrowed source IDs, same-body wrong paths and invented dimensions
2026-09-15T14:38:21.7803861Z   ---
2026-09-15T14:38:21.7804443Z   duration_ms: 475.357992
2026-09-15T14:38:21.7805039Z   ...
2026-09-15T14:38:21.7806487Z # Subtest: crossed theme or mission bindings do not borrow an exact original from a different owner
2026-09-15T14:38:21.7808073Z ok 14 - crossed theme or mission bindings do not borrow an exact original from a different owner
2026-09-15T14:38:21.7821753Z   ---
2026-09-15T14:38:21.7822401Z   duration_ms: 46.549736
2026-09-15T14:38:21.7823267Z   ...
2026-09-15T14:38:21.7824316Z # Subtest: coherently edited register owner and layout still must match the authored descriptor
2026-09-15T14:38:21.7825713Z ok 15 - coherently edited register owner and layout still must match the authored descriptor
2026-09-15T14:38:21.7826651Z   ---
2026-09-15T14:38:21.7827182Z   duration_ms: 75.887845
2026-09-15T14:38:21.7827950Z   ...
2026-09-15T14:38:21.7828977Z # Subtest: freshly pinned authority cannot redirect an FPV original to another source path
2026-09-15T14:38:21.7830243Z ok 16 - freshly pinned authority cannot redirect an FPV original to another source path
2026-09-15T14:38:21.7831148Z   ---
2026-09-15T14:38:21.7831729Z   duration_ms: 95.985976
2026-09-15T14:38:21.7832278Z   ...
2026-09-15T14:38:21.7833203Z # Subtest: freshly pinned theme descriptor cannot relabel an original as another mission
2026-09-15T14:38:21.7834629Z ok 17 - freshly pinned theme descriptor cannot relabel an original as another mission
2026-09-15T14:38:21.7835505Z   ---
2026-09-15T14:38:21.7836080Z   duration_ms: 94.455203
2026-09-15T14:38:21.7837148Z   ...
2026-09-15T14:38:21.7838343Z # Subtest: old register history stays immutable and a Fracture family cannot count twice
2026-09-15T14:38:21.7839856Z ok 18 - old register history stays immutable and a Fracture family cannot count twice
2026-09-15T14:38:21.7840861Z   ---
2026-09-15T14:38:21.7841574Z   duration_ms: 109.701451
2026-09-15T14:38:21.7842209Z   ...
2026-09-15T14:38:21.7843776Z # Subtest: the immutable Fracture register authenticates historical presets after runtime appearance expansion
2026-09-15T14:38:21.7845955Z ok 19 - the immutable Fracture register authenticates historical presets after runtime appearance expansion
2026-09-15T14:38:21.7847358Z   ---
2026-09-15T14:38:21.7848193Z   duration_ms: 294.206151
2026-09-15T14:38:21.7848927Z   ...
2026-09-15T14:38:21.7850613Z # Subtest: an old checkout without history uses exact current metadata; missing snapshot never silently uses different runtime presets
2026-09-15T14:38:21.7852506Z ok 20 - an old checkout without history uses exact current metadata; missing snapshot never silently uses different runtime presets
2026-09-15T14:38:21.7853920Z   ---
2026-09-15T14:38:21.7854448Z   duration_ms: 278.79749
2026-09-15T14:38:21.7855390Z   ...
2026-09-15T14:38:21.7857523Z # Subtest: changed or symlinked historical snapshots reject; an unrelated mapping cannot redirect a declared pin
2026-09-15T14:38:21.7859392Z ok 21 - changed or symlinked historical snapshots reject; an unrelated mapping cannot redirect a declared pin
2026-09-15T14:38:21.7860475Z   ---
2026-09-15T14:38:21.7861033Z   duration_ms: 107.72963
2026-09-15T14:38:21.7861844Z   ...
2026-09-15T14:38:21.7863050Z # Subtest: history admits only finite complete JSON identities, with no arbitrary snapshot path or duplicate entry
2026-09-15T14:38:21.7864915Z ok 22 - history admits only finite complete JSON identities, with no arbitrary snapshot path or duplicate entry
2026-09-15T14:38:21.7865890Z   ---
2026-09-15T14:38:21.7866438Z   duration_ms: 161.490644
2026-09-15T14:38:21.7867066Z   ...
2026-09-15T14:38:21.7868118Z # Subtest: the preserved FPV preset revision remains exact after a later runtime change
2026-09-15T14:38:21.7869392Z ok 23 - the preserved FPV preset revision remains exact after a later runtime change
2026-09-15T14:38:21.7870245Z   ---
2026-09-15T14:38:21.7870798Z   duration_ms: 215.173502
2026-09-15T14:38:21.7871657Z   ...
2026-09-15T14:38:21.7873034Z # Subtest: a newly declared unarchived preset revision reads the current file and still refuses changed current bytes
2026-09-15T14:38:21.7874959Z ok 24 - a newly declared unarchived preset revision reads the current file and still refuses changed current bytes
2026-09-15T14:38:21.7876085Z   ---
2026-09-15T14:38:21.7876642Z   duration_ms: 198.756105
2026-09-15T14:38:21.7877246Z   ...
2026-09-15T14:38:21.7878944Z # Subtest: v2 preserves the exact prior renderer as inert source bytes and v1 still accepts JSON-only history
2026-09-15T14:38:21.7880578Z ok 25 - v2 preserves the exact prior renderer as inert source bytes and v1 still accepts JSON-only history
2026-09-15T14:38:21.7881577Z   ---
2026-09-15T14:38:21.7882078Z   duration_ms: 142.235861
2026-09-15T14:38:21.7882857Z   ...
2026-09-15T14:38:21.7884048Z # Subtest: v2 module history refuses absent, changed and symlinked snapshots without reading the changed live renderer
2026-09-15T14:38:21.7885939Z ok 26 - v2 module history refuses absent, changed and symlinked snapshots without reading the changed live renderer
2026-09-15T14:38:21.7887038Z   ---
2026-09-15T14:38:21.7887574Z   duration_ms: 152.010421
2026-09-15T14:38:21.7888307Z   ...
2026-09-15T14:38:21.7889686Z # Subtest: a private exact module snapshot is authenticated as bytes and never executed
2026-09-15T14:38:21.7894798Z ok 27 - a private exact module snapshot is authenticated as bytes and never executed
2026-09-15T14:38:21.7895561Z   ---
2026-09-15T14:38:21.7896021Z   duration_ms: 116.935702
2026-09-15T14:38:21.7896411Z   ...
2026-09-15T14:38:21.7897034Z # Subtest: one pure inventory preserves exact inspection and filters missing Sentinel themes without inflating rigs
2026-09-15T14:38:21.7898229Z ok 28 - one pure inventory preserves exact inspection and filters missing Sentinel themes without inflating rigs
2026-09-15T14:38:21.7899238Z   ---
2026-09-15T14:38:21.7899649Z   duration_ms: 44.77497
2026-09-15T14:38:21.7900303Z   ...
2026-09-15T14:38:21.7901273Z # Subtest: actual panel uses metadata only; native filters and Back retain focus, source text stays inert
2026-09-15T14:38:21.7902785Z ok 29 - actual panel uses metadata only; native filters and Back retain focus, source text stays inert
2026-09-15T14:38:21.7903350Z   ---
2026-09-15T14:38:21.7904176Z   duration_ms: 66.36743
2026-09-15T14:38:21.7904526Z   ...
2026-09-15T14:38:21.7905121Z # Subtest: explicit preview cancellation prevents late row completion, disposes URLs and never steals focus
2026-09-15T14:38:21.7905996Z ok 30 - explicit preview cancellation prevents late row completion, disposes URLs and never steals focus
2026-09-15T14:38:21.7906514Z   ---
2026-09-15T14:38:21.7906826Z   duration_ms: 77.827177
2026-09-15T14:38:21.7907168Z   ...
2026-09-15T14:38:21.7908143Z # Subtest: preview failure is visible; filter, reload and lifecycle cancel current requests without approvals
2026-09-15T14:38:21.7909821Z ok 31 - preview failure is visible; filter, reload and lifecycle cancel current requests without approvals
2026-09-15T14:38:21.7910810Z   ---
2026-09-15T14:38:21.7911272Z   duration_ms: 159.185218
2026-09-15T14:38:21.7911724Z   ...
2026-09-15T14:38:21.7912691Z # Subtest: late reload and invalid register preserve the current valid view and active filter
2026-09-15T14:38:21.7914088Z ok 32 - late reload and invalid register preserve the current valid view and active filter
2026-09-15T14:38:21.7914841Z   ---
2026-09-15T14:38:21.7915329Z   duration_ms: 51.96562
2026-09-15T14:38:21.7915769Z   ...
2026-09-15T14:38:21.7916618Z # Subtest: preview source URL rejects unsafe or remote roots before any body fetch
2026-09-15T14:38:21.7918087Z ok 33 - preview source URL rejects unsafe or remote roots before any body fetch
2026-09-15T14:38:21.7918769Z   ---
2026-09-15T14:38:21.7919270Z   duration_ms: 4.855405
2026-09-15T14:38:21.7919669Z   ...
2026-09-15T14:38:21.7920567Z # Subtest: real PNG byte identity admits native decode once; mismatch and decode failure cannot leave a URL
2026-09-15T14:38:21.7922215Z ok 34 - real PNG byte identity admits native decode once; mismatch and decode failure cannot leave a URL
2026-09-15T14:38:21.7923040Z   ---
2026-09-15T14:38:21.7923497Z   duration_ms: 122.445283
2026-09-15T14:38:21.7923936Z   ...
2026-09-15T14:38:21.7925046Z # Subtest: bounded reader rejects redirect/oversized stream and cancellation before decode disposes its URL
2026-09-15T14:38:21.7926522Z ok 35 - bounded reader rejects redirect/oversized stream and cancellation before decode disposes its URL
2026-09-15T14:38:21.7927548Z   ---
2026-09-15T14:38:21.7928346Z   duration_ms: 31.927509
2026-09-15T14:38:21.7929075Z   ...
2026-09-15T14:38:21.7930032Z # Subtest: shared project workflow reaches all thirteen skills without duplicating or executing intake templates
2026-09-15T14:38:21.7931862Z ok 36 - shared project workflow reaches all thirteen skills without duplicating or executing intake templates
2026-09-15T14:38:21.7933382Z   ---
2026-09-15T14:38:21.7933864Z   duration_ms: 36.025714
2026-09-15T14:38:21.7934579Z   ...
2026-09-15T14:38:21.7935846Z # Subtest: inspected reserves use their terminal checklist and reused production pictures stay excluded from spare totals
2026-09-15T14:38:21.7937419Z ok 37 - inspected reserves use their terminal checklist and reused production pictures stay excluded from spare totals
2026-09-15T14:38:21.7938641Z   ---
2026-09-15T14:38:21.7939110Z   duration_ms: 84.375204
2026-09-15T14:38:21.7939871Z   ...
2026-09-15T14:38:21.7940648Z # Subtest: register timeout stops activity even when the underlying reader settles late
2026-09-15T14:38:21.7942041Z ok 38 - register timeout stops activity even when the underlying reader settles late
2026-09-15T14:38:21.7942711Z   ---
2026-09-15T14:38:21.7944959Z   duration_ms: 22.938429
2026-09-15T14:38:21.7945462Z   ...
2026-09-15T14:38:21.9650130Z # Subtest: real source cohort has 27 unique originals in nine proposed layout families, not 15 new external works
2026-09-15T14:38:21.9679682Z ok 39 - real source cohort has 27 unique originals in nine proposed layout families, not 15 new external works
2026-09-15T14:38:21.9718846Z   ---
2026-09-15T14:38:21.9719570Z   duration_ms: 54.952419
2026-09-15T14:38:21.9745240Z   ...
2026-09-15T14:38:21.9746676Z # Subtest: finite adapters validate all real original identities without rerunning producers or decoding
2026-09-15T14:38:21.9748446Z ok 40 - finite adapters validate all real original identities without rerunning producers or decoding
2026-09-15T14:38:21.9751062Z   ---
2026-09-15T14:38:21.9752422Z   duration_ms: 670.147108
2026-09-15T14:38:21.9755238Z   ...
2026-09-15T14:38:21.9756793Z # Subtest: pure browser module runs from a data URL without Node, DOM or source imports
2026-09-15T14:38:21.9757904Z ok 41 - pure browser module runs from a data URL without Node, DOM or source imports
2026-09-15T14:38:21.9758379Z   ---
2026-09-15T14:38:21.9758762Z   duration_ms: 44.532582
2026-09-15T14:38:21.9759270Z   ...
2026-09-15T14:38:21.9759931Z # Subtest: strict metadata rejects unknown fields, unsafe paths, duplicate identities and invalid target basis
2026-09-15T14:38:21.9760774Z ok 42 - strict metadata rejects unknown fields, unsafe paths, duplicate identities and invalid target basis
2026-09-15T14:38:21.9761286Z   ---
2026-09-15T14:38:21.9761655Z   duration_ms: 31.497715
2026-09-15T14:38:21.9761973Z   ...
2026-09-15T14:38:21.9762526Z # Subtest: a distinct edition or explicitly declared variant cannot fill a second map slot
2026-09-15T14:38:21.9763223Z ok 43 - a distinct edition or explicitly declared variant cannot fill a second map slot
2026-09-15T14:38:21.9763676Z   ---
2026-09-15T14:38:21.9764034Z   duration_ms: 8.535482
2026-09-15T14:38:21.9764334Z   ...
2026-09-15T14:38:21.9764900Z # Subtest: picture owner is constrained to the actual planned layout and work, including theme
2026-09-15T14:38:21.9765617Z ok 44 - picture owner is constrained to the actual planned layout and work, including theme
2026-09-15T14:38:21.9766081Z   ---
2026-09-15T14:38:21.9766406Z   duration_ms: 17.092008
2026-09-15T14:38:21.9766759Z   ...
2026-09-15T14:38:21.9767350Z # Subtest: replacement preserves A history and reviews but B cannot inherit them or skip its own stages
2026-09-15T14:38:21.9770749Z ok 45 - replacement preserves A history and reviews but B cannot inherit them or skip its own stages
2026-09-15T14:38:21.9771644Z   ---
2026-09-15T14:38:21.9772161Z   duration_ms: 61.644772
2026-09-15T14:38:21.9772675Z   ...
2026-09-15T14:38:21.9773572Z # Subtest: append-only revision comparison refuses identity edits and removed history
2026-09-15T14:38:21.9774907Z ok 46 - append-only revision comparison refuses identity edits and removed history
2026-09-15T14:38:21.9775616Z   ---
2026-09-15T14:38:21.9776091Z   duration_ms: 141.649744
2026-09-15T14:38:21.9776551Z   ...
2026-09-15T14:38:21.9777441Z # Subtest: an unresolved failure blocks stage promotion even when another pass exists
2026-09-15T14:38:21.9778871Z ok 47 - an unresolved failure blocks stage promotion even when another pass exists
2026-09-15T14:38:21.9779570Z   ---
2026-09-15T14:38:21.9780030Z   duration_ms: 25.210805
2026-09-15T14:38:21.9780473Z   ...
2026-09-15T14:38:21.9781407Z # Subtest: shared original bytes and recompressed derivatives cannot inflate selected/reserve totals
2026-09-15T14:38:21.9782683Z ok 48 - shared original bytes and recompressed derivatives cannot inflate selected/reserve totals
2026-09-15T14:38:21.9783453Z   ---
2026-09-15T14:38:21.9783914Z   duration_ms: 99.918684
2026-09-15T14:38:21.9784392Z   ...
2026-09-15T14:38:21.9785344Z # Subtest: metadata remains inspectable when originals are missing; byte verification reports unavailable
2026-09-15T14:38:21.9786762Z ok 49 - metadata remains inspectable when originals are missing; byte verification reports unavailable
2026-09-15T14:38:21.9787552Z   ---
2026-09-15T14:38:21.9788323Z   duration_ms: 226.027747
2026-09-15T14:38:21.9788811Z   ...
2026-09-15T14:38:22.1553240Z # Subtest: changed metadata, forged ownership and symlinked sources refuse without executing a module
2026-09-15T14:38:22.1554633Z ok 50 - changed metadata, forged ownership and symlinked sources refuse without executing a module
2026-09-15T14:38:22.1555357Z   ---
2026-09-15T14:38:22.1555876Z   duration_ms: 196.411286
2026-09-15T14:38:22.1556799Z   ...
2026-09-15T14:38:22.3894070Z # Subtest: CLI produces one exclusive proposal, preserves input, and refuses overwrites and stale revisions
2026-09-15T14:38:22.3898912Z ok 51 - CLI produces one exclusive proposal, preserves input, and refuses overwrites and stale revisions
2026-09-15T14:38:22.3902781Z   ---
2026-09-15T14:38:22.3903425Z   duration_ms: 234.009429
2026-09-15T14:38:22.3904071Z   ...
2026-09-15T14:38:22.4816647Z # Subtest: CLI report reads metadata only; traversal and wrong options never create output
2026-09-15T14:38:22.4818428Z ok 52 - CLI report reads metadata only; traversal and wrong options never create output
2026-09-15T14:38:22.4819242Z   ---
2026-09-15T14:38:22.4820147Z   duration_ms: 55.198255
2026-09-15T14:38:22.4820624Z   ...
2026-09-15T14:38:22.4821462Z # Subtest: renamed shared recipes and another segment of one movie do not inflate unique works
2026-09-15T14:38:22.4822734Z ok 53 - renamed shared recipes and another segment of one movie do not inflate unique works
2026-09-15T14:38:22.4823510Z   ---
2026-09-15T14:38:22.4823973Z   duration_ms: 31.078243
2026-09-15T14:38:22.4824475Z   ...
2026-09-15T14:38:22.5186940Z # Subtest: movie facts and original dimensions cannot be changed under the same source identity
2026-09-15T14:38:22.5188998Z ok 54 - movie facts and original dimensions cannot be changed under the same source identity
2026-09-15T14:38:22.5189981Z   ---
2026-09-15T14:38:22.5190623Z   duration_ms: 43.115437
2026-09-15T14:38:22.5191177Z   ...
2026-09-15T14:38:22.6389704Z # Subtest: CLI previous-register comparison preserves exact prior work identity
2026-09-15T14:38:22.6391080Z ok 55 - CLI previous-register comparison preserves exact prior work identity
2026-09-15T14:38:22.6391848Z   ---
2026-09-15T14:38:22.6392574Z   duration_ms: 119.408068
2026-09-15T14:38:22.6393077Z   ...
2026-09-15T14:38:22.7434682Z # Subtest: existing produced raster manifest works without a second media store and preserves derivative parent
2026-09-15T14:38:22.7437319Z ok 56 - existing produced raster manifest works without a second media store and preserves derivative parent
2026-09-15T14:38:22.7438613Z   ---
2026-09-15T14:38:22.7439298Z   duration_ms: 105.078182
2026-09-15T14:38:22.7440085Z   ...
2026-09-15T14:38:22.8810593Z # Subtest: historical originals with conflicting identities at one path reject before inventory dedupe
2026-09-15T14:38:22.8812480Z ok 57 - historical originals with conflicting identities at one path reject before inventory dedupe
2026-09-15T14:38:22.8814305Z   ---
2026-09-15T14:38:22.8814845Z   duration_ms: 136.947889
2026-09-15T14:38:22.8815327Z   ...
2026-09-15T14:38:22.9004374Z # Subtest: nine Sentinel themes append exact owners without changing old works, reviews or geometry totals
2026-09-15T14:38:22.9005653Z ok 58 - nine Sentinel themes append exact owners without changing old works, reviews or geometry totals
2026-09-15T14:38:22.9006353Z   ---
2026-09-15T14:38:22.9006667Z   duration_ms: 66.25018
2026-09-15T14:38:22.9006994Z   ...
2026-09-15T14:38:22.9029855Z # Subtest: new finite adapter verifies all exact originals without executing a game or producer
2026-09-15T14:38:22.9031324Z ok 59 - new finite adapter verifies all exact originals without executing a game or producer
2026-09-15T14:38:22.9032395Z   ---
2026-09-15T14:38:22.9032912Z   duration_ms: 523.723166
2026-09-15T14:38:22.9033546Z   ...
2026-09-15T14:38:22.9034617Z # Subtest: a new theme cannot borrow another poster or original by changing only its declared source handle
2026-09-15T14:38:22.9036549Z ok 60 - a new theme cannot borrow another poster or original by changing only its declared source handle
2026-09-15T14:38:22.9037545Z   ---
2026-09-15T14:38:22.9038230Z   duration_ms: 190.52622
2026-09-15T14:38:22.9038791Z   ...
2026-09-15T14:38:22.9039754Z # Subtest: different-theme and different-mission owners cannot fill the intended slot
2026-09-15T14:38:22.9040969Z ok 61 - different-theme and different-mission owners cannot fill the intended slot
2026-09-15T14:38:22.9041815Z   ---
2026-09-15T14:38:22.9042304Z   duration_ms: 21.987083
2026-09-15T14:38:22.9042917Z   ...
2026-09-15T14:38:22.9043847Z # Subtest: register expansion preserves immutable history and cannot count reused layouts twice
2026-09-15T14:38:22.9044727Z ok 62 - register expansion preserves immutable history and cannot count reused layouts twice
2026-09-15T14:38:22.9045329Z   ---
2026-09-15T14:38:22.9045705Z   duration_ms: 27.035605
2026-09-15T14:38:22.9046139Z   ...
2026-09-15T14:38:22.9046751Z # Subtest: baseline remains readable and a new picture still has every production check open
2026-09-15T14:38:22.9047544Z ok 63 - baseline remains readable and a new picture still has every production check open
2026-09-15T14:38:22.9048391Z   ---
2026-09-15T14:38:22.9049146Z   duration_ms: 78.476227
2026-09-15T14:38:22.9049654Z   ...
2026-09-15T14:38:22.9378250Z # Subtest: retained source bodies authenticate exact immutable recipe pins without approving production
2026-09-15T14:38:22.9379757Z ok 64 - retained source bodies authenticate exact immutable recipe pins without approving production
2026-09-15T14:38:22.9380605Z   ---
2026-09-15T14:38:22.9381066Z   duration_ms: 243.824162
2026-09-15T14:38:22.9381524Z   ...
2026-09-15T14:38:22.9382446Z # Subtest: old source checkouts remain valid without the optional source index; changed current bytes refuse
2026-09-15T14:38:22.9383738Z ok 65 - old source checkouts remain valid without the optional source index; changed current bytes refuse
2026-09-15T14:38:22.9384306Z   ---
2026-09-15T14:38:22.9384707Z   duration_ms: 199.435638
2026-09-15T14:38:22.9385078Z   ...
2026-09-15T14:38:22.9385635Z # Subtest: missing, modified or symlinked source snapshots fail instead of using the current recipe
2026-09-15T14:38:22.9386425Z ok 66 - missing, modified or symlinked source snapshots fail instead of using the current recipe
2026-09-15T14:38:22.9386921Z   ---
2026-09-15T14:38:22.9387258Z   duration_ms: 116.908631
2026-09-15T14:38:22.9387599Z   ...
2026-09-15T14:38:22.9388792Z # Subtest: source history has finite exact identities and cannot choose arbitrary source or snapshot paths
2026-09-15T14:38:22.9389847Z ok 67 - source history has finite exact identities and cannot choose arbitrary source or snapshot paths
2026-09-15T14:38:22.9390437Z   ---
2026-09-15T14:38:22.9390845Z   duration_ms: 162.250359
2026-09-15T14:38:22.9391415Z   ...
2026-09-15T14:38:22.9391934Z # Subtest: a new source pin reads current bytes while the retained old pin remains immutable
2026-09-15T14:38:22.9392754Z ok 68 - a new source pin reads current bytes while the retained old pin remains immutable
2026-09-15T14:38:22.9393316Z   ---
2026-09-15T14:38:22.9393687Z   duration_ms: 245.459004
2026-09-15T14:38:22.9394094Z   ...
2026-09-15T14:38:22.9394666Z # Subtest: archived source bytes are authenticated but never imported or executed
2026-09-15T14:38:22.9395414Z ok 69 - archived source bytes are authenticated but never imported or executed
2026-09-15T14:38:22.9395940Z   ---
2026-09-15T14:38:22.9396217Z   duration_ms: 122.619118
2026-09-15T14:38:22.9396722Z   ...
2026-09-15T14:38:23.3022195Z # Subtest: overlapping history identities require both exact snapshots without fallback to the other copy or live source
2026-09-15T14:38:23.3023636Z ok 70 - overlapping history identities require both exact snapshots without fallback to the other copy or live source
2026-09-15T14:38:23.3024588Z   ---
2026-09-15T14:38:23.3025078Z   duration_ms: 364.582762
2026-09-15T14:38:23.3025484Z   ...
2026-09-15T14:38:23.3193662Z 1..70
2026-09-15T14:38:23.3194057Z # tests 70
2026-09-15T14:38:23.3194458Z # suites 0
2026-09-15T14:38:23.3194744Z # pass 70
2026-09-15T14:38:23.3195010Z # fail 0
2026-09-15T14:38:23.3195400Z # cancelled 0
2026-09-15T14:38:23.3195705Z # skipped 0
2026-09-15T14:38:23.3196045Z # todo 0
2026-09-15T14:38:23.3197204Z # duration_ms 4721.515531
2026-09-15T14:38:23.3264468Z ##[group]Run test "$(git rev-parse HEAD)" = "$EXPECTED_SOURCE"
2026-09-15T14:38:23.3265039Z [36;1mtest "$(git rev-parse HEAD)" = "$EXPECTED_SOURCE"[0m
2026-09-15T14:38:23.3265544Z [36;1mnode .source-gate-automation/scripts/check-source-identity.mjs --root .[0m
2026-09-15T14:38:23.3290154Z shell: /usr/bin/bash -e {0}
2026-09-15T14:38:23.3290575Z env:
2026-09-15T14:38:23.3290937Z   EXPECTED_SOURCE: 69195ddd1d21a7bc3f863cf7589069a735301a03
2026-09-15T14:38:23.3291357Z ##[endgroup]
2026-09-15T14:38:28.0804489Z {"format":"revealline-source-identity.v1","root":"/home/runner/work/revealline/revealline","sourceRevision":"69195ddd1d21a7bc3f863cf7589069a735301a03","sourceTree":"6dea75eef274c3625d7a7e9c251b20d587a42191","files":5968,"bytes":853523474,"aggregateSha256":"141fc1c9221dcd34523bca9b6239bea0edd9ff318a0825d85c71a7852822ae80","aggregateFormat":"UTF-8 path sorted JSONL [path, Git mode, raw content SHA-256]","allTrackedSourceContentsAndModesMatch":true}
2026-09-15T14:38:28.0992431Z Node 20 is being deprecated. This workflow is running with Node 24 by default. If you need to temporarily use Node 20, you can set the ACTIONS_ALLOW_USE_UNSECURE_NODE_VERSION=true environment variable. For more information see: https://github.blog/changelog/2025-09-19-deprecation-of-node-20-on-github-actions-runners/
2026-09-15T14:38:28.0993673Z Post job cleanup.
2026-09-15T14:38:28.2213999Z (node:2811) [DEP0040] DeprecationWarning: The `punycode` module is deprecated. Please use a userland alternative instead.
2026-09-15T14:38:28.2214920Z (Use `node --trace-deprecation ...` to show where the warning was created)
2026-09-15T14:38:28.2443694Z [command]/usr/bin/tar --posix -cf cache.tzst --exclude cache.tzst -P -C /home/runner/work/revealline/revealline --files-from manifest.txt --use-compress-program zstdmt
2026-09-15T14:38:28.4381662Z (node:2811) [DEP0169] DeprecationWarning: `url.parse()` behavior is not standardized and prone to errors that have security implications. Use the WHATWG URL API instead. CVEs are not issued for `url.parse()` vulnerabilities.
2026-09-15T14:38:28.9881749Z Sent 24195056 of 24195056 (100.0%), 41.4 MBs/sec
2026-09-15T14:38:29.1625049Z Cache saved with the key: node-cache-Linux-x64-npm-1862b28f2e68083ac7ee8c6c9a4cd16ff6aaab0b76bf75940aedf75c9c15fc1c
2026-09-15T14:38:29.1798270Z Node 20 is being deprecated. This workflow is running with Node 24 by default. If you need to temporarily use Node 20, you can set the ACTIONS_ALLOW_USE_UNSECURE_NODE_VERSION=true environment variable. For more information see: https://github.blog/changelog/2025-09-19-deprecation-of-node-20-on-github-actions-runners/
2026-09-15T14:38:29.1800380Z Post job cleanup.
2026-09-15T14:38:29.2693086Z [command]/usr/bin/git version
2026-09-15T14:38:29.2732946Z git version 2.55.0
2026-09-15T14:38:29.2779610Z Temporarily overriding HOME='/home/runner/work/_temp/133d667b-f344-4dac-a951-f6b1b4e5f40f' before making global git config changes
2026-09-15T14:38:29.2781616Z Adding repository directory to the temporary git global config as a safe directory
2026-09-15T14:38:29.2783212Z [command]/usr/bin/git config --global --add safe.directory /home/runner/work/revealline/revealline/.source-gate-automation
2026-09-15T14:38:29.2810734Z [command]/usr/bin/git config --local --name-only --get-regexp core\.sshCommand
2026-09-15T14:38:29.2842095Z [command]/usr/bin/git submodule foreach --recursive sh -c "git config --local --name-only --get-regexp 'core\.sshCommand' && git config --local --unset-all 'core.sshCommand' || :"
2026-09-15T14:38:29.3059987Z [command]/usr/bin/git config --local --name-only --get-regexp http\.https\:\/\/github\.com\/\.extraheader
2026-09-15T14:38:29.3089738Z [command]/usr/bin/git submodule foreach --recursive sh -c "git config --local --name-only --get-regexp 'http\.https\:\/\/github\.com\/\.extraheader' && git config --local --unset-all 'http.https://github.com/.extraheader' || :"
2026-09-15T14:38:29.3342763Z [command]/usr/bin/git config --local --name-only --get-regexp ^includeIf\.gitdir:
2026-09-15T14:38:29.3374344Z [command]/usr/bin/git submodule foreach --recursive git config --local --show-origin --name-only --get-regexp remote.origin.url
2026-09-15T14:38:29.3918350Z Node 20 is being deprecated. This workflow is running with Node 24 by default. If you need to temporarily use Node 20, you can set the ACTIONS_ALLOW_USE_UNSECURE_NODE_VERSION=true environment variable. For more information see: https://github.blog/changelog/2025-09-19-deprecation-of-node-20-on-github-actions-runners/
2026-09-15T14:38:29.3919573Z Post job cleanup.
2026-09-15T14:38:29.4755902Z [command]/usr/bin/git version
2026-09-15T14:38:29.4794763Z git version 2.55.0
2026-09-15T14:38:29.4830035Z Temporarily overriding HOME='/home/runner/work/_temp/13aa9822-a3c6-4643-80a9-302058bb8c2e' before making global git config changes
2026-09-15T14:38:29.4831496Z Adding repository directory to the temporary git global config as a safe directory
2026-09-15T14:38:29.4835734Z [command]/usr/bin/git config --global --add safe.directory /home/runner/work/revealline/revealline
2026-09-15T14:38:29.4873577Z [command]/usr/bin/git config --local --name-only --get-regexp core\.sshCommand
2026-09-15T14:38:29.4906350Z [command]/usr/bin/git submodule foreach --recursive sh -c "git config --local --name-only --get-regexp 'core\.sshCommand' && git config --local --unset-all 'core.sshCommand' || :"
2026-09-15T14:38:29.5135333Z [command]/usr/bin/git config --local --name-only --get-regexp http\.https\:\/\/github\.com\/\.extraheader
2026-09-15T14:38:29.5159870Z http.https://github.com/.extraheader
2026-09-15T14:38:29.5168893Z [command]/usr/bin/git config --local --unset-all http.https://github.com/.extraheader
2026-09-15T14:38:29.5197168Z [command]/usr/bin/git submodule foreach --recursive sh -c "git config --local --name-only --get-regexp 'http\.https\:\/\/github\.com\/\.extraheader' && git config --local --unset-all 'http.https://github.com/.extraheader' || :"
2026-09-15T14:38:29.5429750Z [command]/usr/bin/git config --local --name-only --get-regexp ^includeIf\.gitdir:
2026-09-15T14:38:29.5459978Z [command]/usr/bin/git submodule foreach --recursive git config --local --show-origin --name-only --get-regexp remote.origin.url
2026-09-15T14:38:29.5808617Z Cleaning up orphan processes
2026-09-15T14:38:29.6072150Z ##[warning]Node.js 20 is deprecated. The following actions target Node.js 20 but are being forced to run on Node.js 24: actions/checkout@v4, actions/setup-node@v4. For more information see: https://github.blog/changelog/2025-09-19-deprecation-of-node-20-on-github-actions-runners/
