TAP version 13
# Subtest: actual Studio handlers show startup/read/encode stages, cancel a late upload, and save exact source bytes in Studio storage only
not ok 1 - actual Studio handlers show startup/read/encode stages, cancel a late upload, and save exact source bytes in Studio storage only
  ---
  duration_ms: 317.443041
  location: '/Users/oleksandr.mekhovov/work/my_projects/go_test/.cache/worktrees/p03-studio-inline-guide/game/test/asset-studio-host-loading.test.mjs:53:1'
  failureType: 'testCodeFailure'
  error: 'Studio has an in-page guide instead of navigating away from edits.'
  code: 'ERR_ASSERTION'
  name: 'AssertionError'
  expected: true
  actual: ~
  operator: '=='
  stack: |-
    TestContext.<anonymous> (file:///Users/oleksandr.mekhovov/work/my_projects/go_test/.cache/worktrees/p03-studio-inline-guide/game/test/asset-studio-host-loading.test.mjs:224:10)
    async Test.run (node:internal/test_runner/test:797:9)
    async Test.processPendingSubtests (node:internal/test_runner/test:526:7)
  ...
1..1
# tests 1
# suites 0
# pass 0
# fail 1
# cancelled 0
# skipped 0
# todo 0
# duration_ms 398.083708
