TAP version 13
# Subtest: publication writer preserves catalogue values and emits reproducible repository-formatted JavaScript
not ok 1 - publication writer preserves catalogue values and emits reproducible repository-formatted JavaScript
  ---
  duration_ms: 118.112291
  location: '/Users/oleksandr.mekhovov/work/my_projects/go_test/.cache/worktrees/soundtrack-v3-latest/scripts/test-soundtrack-distribution.mjs:78:1'
  failureType: 'testCodeFailure'
  error: |-
    Expected values to be strictly equal:
    
    false !== true
    
  code: 'ERR_ASSERTION'
  name: 'AssertionError'
  expected: true
  actual: false
  operator: 'strictEqual'
  stack: |-
    TestContext.<anonymous> (file:///Users/oleksandr.mekhovov/work/my_projects/go_test/.cache/worktrees/soundtrack-v3-latest/scripts/test-soundtrack-distribution.mjs:113:10)
    async Test.run (node:internal/test_runner/test:797:9)
    async Test.processPendingSubtests (node:internal/test_runner/test:526:7)
  ...
# Subtest: absent album opt-in preserves output bytes and does not read the audio producer
ok 2 - absent album opt-in preserves output bytes and does not read the audio producer # SKIP test name does not match pattern
  ---
  duration_ms: 0.997125
  ...
# Subtest: opt-in album bytes join loose, ZIP and manifest once, excluded from core and legacy pack metadata
ok 3 - opt-in album bytes join loose, ZIP and manifest once, excluded from core and legacy pack metadata # SKIP test name does not match pattern
  ---
  duration_ms: 0.184291
  ...
# Subtest: incorrect compiled body, symbolic source or automatic binary inclusion refuses without replacing old output
ok 4 - incorrect compiled body, symbolic source or automatic binary inclusion refuses without replacing old output # SKIP test name does not match pattern
  ---
  duration_ms: 0.047625
  ...
# Subtest: candidate producer binds every admitted source and stays separate from published catalogue
ok 5 - candidate producer binds every admitted source and stays separate from published catalogue # SKIP test name does not match pattern
  ---
  duration_ms: 0.094875
  ...
# Subtest: approved original recordings are optional binaries while their catalogue remains offline metadata
ok 6 - approved original recordings are optional binaries while their catalogue remains offline metadata # SKIP test name does not match pattern
  ---
  duration_ms: 0.107625
  ...
1..6
# tests 6
# suites 0
# pass 0
# fail 1
# cancelled 0
# skipped 5
# todo 0
# duration_ms 423.011208
