preflight	Validate, lint, and format source	﻿2026-09-21T00:57:47.3581899Z ##[group]Run npm run validate
preflight	Validate, lint, and format source	2026-09-21T00:57:47.3582250Z ^[[36;1mnpm run validate^[[0m
preflight	Validate, lint, and format source	2026-09-21T00:57:47.3582490Z ^[[36;1mnpm run lint^[[0m
preflight	Validate, lint, and format source	2026-09-21T00:57:47.3582724Z ^[[36;1mnpm run format:check^[[0m
preflight	Validate, lint, and format source	2026-09-21T00:57:47.3582979Z ^[[36;1mnpm run format:native:check^[[0m
preflight	Validate, lint, and format source	2026-09-21T00:57:47.3583291Z ^[[36;1mnode --check authoring/motion-lab/app.js^[[0m
preflight	Validate, lint, and format source	2026-09-21T00:57:47.3626418Z shell: /usr/bin/bash -e {0}
preflight	Validate, lint, and format source	2026-09-21T00:57:47.3626698Z env:
preflight	Validate, lint, and format source	2026-09-21T00:57:47.3626976Z   EXPECTED_SOURCE: ed039c08b68c7b2a59824a9e78f38ee5734308ef
preflight	Validate, lint, and format source	2026-09-21T00:57:47.3627307Z ##[endgroup]
preflight	Validate, lint, and format source	2026-09-21T00:57:47.4737599Z 
preflight	Validate, lint, and format source	2026-09-21T00:57:47.4738781Z > revealline@0.76.0 validate
preflight	Validate, lint, and format source	2026-09-21T00:57:47.4739447Z > node scripts/game-cli.mjs validate
preflight	Validate, lint, and format source	2026-09-21T00:57:47.4739780Z 
preflight	Validate, lint, and format source	2026-09-21T00:57:59.1093158Z {
preflight	Validate, lint, and format source	2026-09-21T00:57:59.1093573Z   "version": "0.76.0",
preflight	Validate, lint, and format source	2026-09-21T00:57:59.1093958Z   "files": 825,
preflight	Validate, lint, and format source	2026-09-21T00:57:59.1094934Z   "literalReferencesValid": true,
preflight	Validate, lint, and format source	2026-09-21T00:57:59.1095302Z   "navigationWarnings": [
preflight	Validate, lint, and format source	2026-09-21T00:57:59.1096161Z     "game/index.html → ../diagnostics/",
preflight	Validate, lint, and format source	2026-09-21T00:57:59.1096671Z     "site/about.html → ../releases/",
preflight	Validate, lint, and format source	2026-09-21T00:57:59.1097101Z     "site/about.html → ../privacy.html",
preflight	Validate, lint, and format source	2026-09-21T00:57:59.1097525Z     "site/about.html → ../credits.html"
preflight	Validate, lint, and format source	2026-09-21T00:57:59.1098085Z   ],
preflight	Validate, lint, and format source	2026-09-21T00:57:59.1098425Z   "campaign": "first-signal",
preflight	Validate, lint, and format source	2026-09-21T00:57:59.1098794Z   "levels": 12,
preflight	Validate, lint, and format source	2026-09-21T00:57:59.1099071Z   "themes": 4,
preflight	Validate, lint, and format source	2026-09-21T00:57:59.1099426Z   "classes": 7,
preflight	Validate, lint, and format source	2026-09-21T00:57:59.1099727Z   "packs": 12,
preflight	Validate, lint, and format source	2026-09-21T00:57:59.1100026Z   "packLevels": 35,
preflight	Validate, lint, and format source	2026-09-21T00:57:59.1100308Z   "packGoals": 6,
preflight	Validate, lint, and format source	2026-09-21T00:57:59.1100594Z   "coopPacks": 1,
preflight	Validate, lint, and format source	2026-09-21T00:57:59.1100847Z   "coopLevels": 2
preflight	Validate, lint, and format source	2026-09-21T00:57:59.1101116Z }
preflight	Validate, lint, and format source	2026-09-21T00:57:59.2133458Z 
preflight	Validate, lint, and format source	2026-09-21T00:57:59.2134331Z > revealline@0.76.0 lint
preflight	Validate, lint, and format source	2026-09-21T00:57:59.2134984Z > eslint "game/**/*.mjs" "scripts/**/*.mjs" "site/**/*.mjs" "platforms/**/*.{mjs,js}" eslint.config.mjs --max-warnings 0
preflight	Validate, lint, and format source	2026-09-21T00:57:59.2135377Z 
preflight	Validate, lint, and format source	2026-09-21T00:58:10.7979873Z 
preflight	Validate, lint, and format source	2026-09-21T00:58:10.7982833Z > revealline@0.76.0 format:check
preflight	Validate, lint, and format source	2026-09-21T00:58:10.7983795Z > prettier --check "game/**/*.{mjs,css,html,json}" "scripts/*.mjs" "site/**/*.{mjs,css,html}"
preflight	Validate, lint, and format source	2026-09-21T00:58:10.7984287Z 
preflight	Validate, lint, and format source	2026-09-21T00:58:10.8734028Z Checking formatting...
preflight	Validate, lint, and format source	2026-09-21T00:58:14.1914688Z [^[[33mwarn^[[39m] game/content/soundtrack-catalogue.mjs
preflight	Validate, lint, and format source	2026-09-21T00:58:21.3447595Z [^[[33mwarn^[[39m] game/test/collection-records-return-host.test.mjs
preflight	Validate, lint, and format source	2026-09-21T00:58:25.7620781Z [^[[33mwarn^[[39m] game/test/gallery-return-host.test.mjs
preflight	Validate, lint, and format source	2026-09-21T00:58:27.3594368Z [^[[33mwarn^[[39m] game/test/optional-world-play-host.test.mjs
preflight	Validate, lint, and format source	2026-09-21T00:58:28.6698590Z [^[[33mwarn^[[39m] game/test/solo-result-continuation-host.test.mjs
preflight	Validate, lint, and format source	2026-09-21T00:58:29.4784211Z [^[[33mwarn^[[39m] game/test/story-flight-host.test.mjs
preflight	Validate, lint, and format source	2026-09-21T00:58:29.8629824Z [^[[33mwarn^[[39m] game/test/title-entry-host.test.mjs
preflight	Validate, lint, and format source	2026-09-21T00:58:29.8907147Z [^[[33mwarn^[[39m] game/test/title-mode-departure-host.test.mjs
preflight	Validate, lint, and format source	2026-09-21T00:58:31.7177292Z [^[[33mwarn^[[39m] game/ui/soundtrack-player.mjs
preflight	Validate, lint, and format source	2026-09-21T00:58:33.1098866Z [^[[33mwarn^[[39m] Code style issues found in 9 files. Run Prettier with --write to fix.
preflight	Validate, lint, and format source	2026-09-21T00:58:33.1349143Z ##[error]Process completed with exit code 1.
