TAP version 13
# Subtest: Large portrait selector is fully below the measured expanded heading
ok 1 - Large portrait selector is fully below the measured expanded heading
  ---
  duration_ms: 0.787417
  ...
# Subtest: Large landscape selector clears the measured bottom action bar
ok 2 - Large landscape selector clears the measured bottom action bar
  ---
  duration_ms: 0.091
  ...
# Subtest: queued reflow reads current focus and leaves the heading action alone
ok 3 - queued reflow reads current focus and leaves the heading action alone
  ---
  duration_ms: 0.228042
  ...
# Subtest: large reading region retains its beginning and manual scrolling is not undone
ok 4 - large reading region retains its beginning and manual scrolling is not undone
  ---
  duration_ms: 0.297917
  ...
# Subtest: queued layout cannot alter a closed owner's scroll or focus
ok 5 - queued layout cannot alter a closed owner's scroll or focus
  ---
  duration_ms: 0.090916
  ...
# Subtest: queued layout cannot alter a hidden owner's scroll or focus
ok 6 - queued layout cannot alter a hidden owner's scroll or focus
  ---
  duration_ms: 0.049583
  ...
# Subtest: queued layout cannot alter a blurred owner's scroll or focus
ok 7 - queued layout cannot alter a blurred owner's scroll or focus
  ---
  duration_ms: 0.051541
  ...
# Subtest: queued layout cannot alter a outside owner's scroll or focus
ok 8 - queued layout cannot alter a outside owner's scroll or focus
  ---
  duration_ms: 0.106
  ...
# Subtest: queued layout cannot alter a disposed owner's scroll or focus
ok 9 - queued layout cannot alter a disposed owner's scroll or focus
  ---
  duration_ms: 1.530375
  ...
# Subtest: opt-in label clearance keeps the field purpose visible with its focused control
ok 10 - opt-in label clearance keeps the field purpose visible with its focused control
  ---
  duration_ms: 0.799667
  ...
# Subtest: other dialogs retain control-only clearance unless they opt into labels
ok 11 - other dialogs retain control-only clearance unless they opt into labels
  ---
  duration_ms: 0.132375
  ...
# Subtest: label clearance cannot target a label outside the current dialog
ok 12 - label clearance cannot target a label outside the current dialog
  ---
  duration_ms: 0.083292
  ...
# Subtest: short landscape keeps the focused control visible when its Large label cannot fit
ok 13 - short landscape keeps the focused control visible when its Large label cannot fit
  ---
  duration_ms: 0.069292
  ...
# Subtest: native panel prepares original bytes, saves exact theme assignment, reloads and unassigns without losing history
ok 14 - native panel prepares original bytes, saves exact theme assignment, reloads and unassigns without losing history
  ---
  duration_ms: 173.468792
  ...
# Subtest: failed candidate decode or preview leaves the prior preview and saved assignment intact
ok 15 - failed candidate decode or preview leaves the prior preview and saved assignment intact
  ---
  duration_ms: 69.408125
  ...
# Subtest: double commands, cancellation and stale completion cannot save or overwrite a newer preview
ok 16 - double commands, cancellation and stale completion cannot save or overwrite a newer preview
  ---
  duration_ms: 46.107542
  ...
# Subtest: stale installed context and concurrent media writer refuse the whole save
ok 17 - stale installed context and concurrent media writer refuse the whole save
  ---
  duration_ms: 44.542292
  ...
# Subtest: context switching discards an unsaved binding and close restores focus without late publication
ok 18 - context switching discards an unsaved binding and close restores focus without late publication
  ---
  duration_ms: 6.833834
  ...
# Subtest: transaction refusal keeps the previous preview/draft and stored bytes; notification failure cannot erase a successful save
ok 19 - transaction refusal keeps the previous preview/draft and stored bytes; notification failure cannot erase a successful save
  ---
  duration_ms: 64.995209
  ...
# Subtest: existing keyboard/controller navigation edits native selects and Back closes only the workshop
ok 20 - existing keyboard/controller navigation edits native selects and Back closes only the workshop
  ---
  duration_ms: 10.317083
  ...
# Subtest: file picker cancellation preserves the Still Media draft, focus and pending preview; dialog Escape still closes
ok 21 - file picker cancellation preserves the Still Media draft, focus and pending preview; dialog Escape still closes
  ---
  duration_ms: 8.660125
  ...
# Subtest: preview completion restores its initiating control after native disabled blur
ok 22 - preview completion restores its initiating control after native disabled blur
  ---
  duration_ms: 67.0215
  ...
# Subtest: preview failure restores its initiating control after native disabled blur
ok 23 - preview failure restores its initiating control after native disabled blur
  ---
  duration_ms: 64.430375
  ...
# Subtest: show-saved completion restores its initiating control after native disabled blur
ok 24 - show-saved completion restores its initiating control after native disabled blur
  ---
  duration_ms: 56.432209
  ...
# Subtest: show-saved failure restores its initiating control after native disabled blur
ok 25 - show-saved failure restores its initiating control after native disabled blur
  ---
  duration_ms: 56.969
  ...
# Subtest: show-authored completion restores its initiating control after native disabled blur
ok 26 - show-authored completion restores its initiating control after native disabled blur
  ---
  duration_ms: 55.964791
  ...
# Subtest: show-authored failure restores its initiating control after native disabled blur
ok 27 - show-authored failure restores its initiating control after native disabled blur
  ---
  duration_ms: 56.053458
  ...
# Subtest: chosen preview validation failure restores its opener without publishing a draft
ok 28 - chosen preview validation failure restores its opener without publishing a draft
  ---
  duration_ms: 4.968417
  ...
# Subtest: preview completion respects focus-away even when focus returns to BODY
ok 29 - preview completion respects focus-away even when focus returns to BODY
  ---
  duration_ms: 51.642125
  ...
# Subtest: preview completion respects body-key even when focus returns to BODY
ok 30 - preview completion respects body-key even when focus returns to BODY
  ---
  duration_ms: 50.668792
  ...
# Subtest: preview completion respects body-pointer even when focus returns to BODY
ok 31 - preview completion respects body-pointer even when focus returns to BODY
  ---
  duration_ms: 51.709917
  ...
# Subtest: preview completion respects window-blur even when focus returns to BODY
ok 32 - preview completion respects window-blur even when focus returns to BODY
  ---
  duration_ms: 51.627375
  ...
# Subtest: preview completion respects hidden even when focus returns to BODY
ok 33 - preview completion respects hidden even when focus returns to BODY
  ---
  duration_ms: 50.015833
  ...
# Subtest: preview completion respects pagehide even when focus returns to BODY
ok 34 - preview completion respects pagehide even when focus returns to BODY
  ---
  duration_ms: 52.213209
  ...
# Subtest: preview completion respects new-dialog even when focus returns to BODY
ok 35 - preview completion respects new-dialog even when focus returns to BODY
  ---
  duration_ms: 49.067375
  ...
# Subtest: programmatic preview does not capture an unrelated focused action
ok 36 - programmatic preview does not capture an unrelated focused action
  ---
  duration_ms: 5.165708
  ...
# Subtest: cancel retires a preview focus lease before its decoder settles
ok 37 - cancel retires a preview focus lease before its decoder settles
  ---
  duration_ms: 51.802375
  ...
# Subtest: invalidate retires a preview focus lease before its decoder settles
ok 38 - invalidate retires a preview focus lease before its decoder settles
  ---
  duration_ms: 49.788541
  ...
# Subtest: close retires a preview focus lease before its decoder settles
ok 39 - close retires a preview focus lease before its decoder settles
  ---
  duration_ms: 64.968125
  ...
# Subtest: dispose retires a preview focus lease before its decoder settles
ok 40 - dispose retires a preview focus lease before its decoder settles
  ---
  duration_ms: 139.819791
  ...
# Subtest: a cancelled preview cannot steal focus from the next accepted preview
ok 41 - a cancelled preview cannot steal focus from the next accepted preview
  ---
  duration_ms: 77.678417
  ...
# Subtest: close and reopen does not revive the earlier preview focus owner
ok 42 - close and reopen does not revive the earlier preview focus owner
  ---
  duration_ms: 153.935375
  ...
# Subtest: preview final enabling focus takes precedence over old focus
ok 43 - preview final enabling focus takes precedence over old focus
  ---
  duration_ms: 98.830042
  ...
# Subtest: preview final enabling invalidate takes precedence over old focus
ok 44 - preview final enabling invalidate takes precedence over old focus
  ---
  duration_ms: 61.444833
  ...
# Subtest: settled chosen preview keeps the focused original picker and label below its sticky status rail
ok 45 - settled chosen preview keeps the focused original picker and label below its sticky status rail
  ---
  duration_ms: 4.75775
  ...
# Subtest: media clearance preserves the live operation rail and Cancel ownership
ok 46 - media clearance preserves the live operation rail and Cancel ownership
  ---
  duration_ms: 6.518083
  ...
# Subtest: closed and disposed media panels retire queued clearance without refocusing an old picker
ok 47 - closed and disposed media panels retire queued clearance without refocusing an old picker
  ---
  duration_ms: 5.794583
  ...
1..47
# tests 47
# suites 0
# pass 47
# fail 0
# cancelled 0
# skipped 0
# todo 0
# duration_ms 2461.579583
