TAP version 13
# Subtest: Large portrait selector is fully below the measured expanded heading
ok 1 - Large portrait selector is fully below the measured expanded heading
  ---
  duration_ms: 1.320292
  type: 'test'
  ...
# Subtest: Large landscape selector clears the measured bottom action bar
ok 2 - Large landscape selector clears the measured bottom action bar
  ---
  duration_ms: 0.161667
  type: 'test'
  ...
# Subtest: queued reflow reads current focus and leaves the heading action alone
ok 3 - queued reflow reads current focus and leaves the heading action alone
  ---
  duration_ms: 0.068959
  type: 'test'
  ...
# Subtest: large reading region retains its beginning and manual scrolling is not undone
ok 4 - large reading region retains its beginning and manual scrolling is not undone
  ---
  duration_ms: 0.072958
  type: 'test'
  ...
# Subtest: queued layout cannot alter a closed owner's scroll or focus
ok 5 - queued layout cannot alter a closed owner's scroll or focus
  ---
  duration_ms: 0.13225
  type: 'test'
  ...
# Subtest: queued layout cannot alter a hidden owner's scroll or focus
ok 6 - queued layout cannot alter a hidden owner's scroll or focus
  ---
  duration_ms: 0.04475
  type: 'test'
  ...
# Subtest: queued layout cannot alter a blurred owner's scroll or focus
ok 7 - queued layout cannot alter a blurred owner's scroll or focus
  ---
  duration_ms: 0.102708
  type: 'test'
  ...
# Subtest: queued layout cannot alter a outside owner's scroll or focus
ok 8 - queued layout cannot alter a outside owner's scroll or focus
  ---
  duration_ms: 0.050708
  type: 'test'
  ...
# Subtest: queued layout cannot alter a disposed owner's scroll or focus
ok 9 - queued layout cannot alter a disposed owner's scroll or focus
  ---
  duration_ms: 0.26875
  type: 'test'
  ...
# Subtest: opt-in label clearance keeps the field purpose visible with its focused control
ok 10 - opt-in label clearance keeps the field purpose visible with its focused control
  ---
  duration_ms: 0.278458
  type: 'test'
  ...
# Subtest: other dialogs retain control-only clearance unless they opt into labels
ok 11 - other dialogs retain control-only clearance unless they opt into labels
  ---
  duration_ms: 0.0965
  type: 'test'
  ...
# Subtest: label clearance cannot target a label outside the current dialog
ok 12 - label clearance cannot target a label outside the current dialog
  ---
  duration_ms: 0.049041
  type: 'test'
  ...
# Subtest: short landscape keeps the focused control visible when its Large label cannot fit
ok 13 - short landscape keeps the focused control visible when its Large label cannot fit
  ---
  duration_ms: 0.082084
  type: 'test'
  ...
# Subtest: native panel prepares original bytes, saves exact theme assignment, reloads and unassigns without losing history
ok 14 - native panel prepares original bytes, saves exact theme assignment, reloads and unassigns without losing history
  ---
  duration_ms: 155.740083
  type: 'test'
  ...
# Subtest: failed candidate decode or preview leaves the prior preview and saved assignment intact
ok 15 - failed candidate decode or preview leaves the prior preview and saved assignment intact
  ---
  duration_ms: 57.6655
  type: 'test'
  ...
# Subtest: double commands, cancellation and stale completion cannot save or overwrite a newer preview
ok 16 - double commands, cancellation and stale completion cannot save or overwrite a newer preview
  ---
  duration_ms: 63.783041
  type: 'test'
  ...
# Subtest: stale installed context and concurrent media writer refuse the whole save
ok 17 - stale installed context and concurrent media writer refuse the whole save
  ---
  duration_ms: 39.905042
  type: 'test'
  ...
# Subtest: context switching discards an unsaved binding and close restores focus without late publication
ok 18 - context switching discards an unsaved binding and close restores focus without late publication
  ---
  duration_ms: 5.032125
  type: 'test'
  ...
# Subtest: transaction refusal keeps the previous preview/draft and stored bytes; notification failure cannot erase a successful save
ok 19 - transaction refusal keeps the previous preview/draft and stored bytes; notification failure cannot erase a successful save
  ---
  duration_ms: 51.725167
  type: 'test'
  ...
# Subtest: existing keyboard/controller navigation edits native selects and Back closes only the workshop
ok 20 - existing keyboard/controller navigation edits native selects and Back closes only the workshop
  ---
  duration_ms: 7.926583
  type: 'test'
  ...
# Subtest: file picker cancellation preserves the Still Media draft, focus and pending preview; dialog Escape still closes
ok 21 - file picker cancellation preserves the Still Media draft, focus and pending preview; dialog Escape still closes
  ---
  duration_ms: 6.659875
  type: 'test'
  ...
# Subtest: preview completion restores its initiating control after native disabled blur
ok 22 - preview completion restores its initiating control after native disabled blur
  ---
  duration_ms: 49.063291
  type: 'test'
  ...
# Subtest: preview failure restores its initiating control after native disabled blur
ok 23 - preview failure restores its initiating control after native disabled blur
  ---
  duration_ms: 49.70125
  type: 'test'
  ...
# Subtest: show-saved completion restores its initiating control after native disabled blur
ok 24 - show-saved completion restores its initiating control after native disabled blur
  ---
  duration_ms: 47.585083
  type: 'test'
  ...
# Subtest: show-saved failure restores its initiating control after native disabled blur
ok 25 - show-saved failure restores its initiating control after native disabled blur
  ---
  duration_ms: 48.548917
  type: 'test'
  ...
# Subtest: show-authored completion restores its initiating control after native disabled blur
ok 26 - show-authored completion restores its initiating control after native disabled blur
  ---
  duration_ms: 47.802125
  type: 'test'
  ...
# Subtest: show-authored failure restores its initiating control after native disabled blur
ok 27 - show-authored failure restores its initiating control after native disabled blur
  ---
  duration_ms: 46.5075
  type: 'test'
  ...
# Subtest: chosen preview validation failure restores its opener without publishing a draft
ok 28 - chosen preview validation failure restores its opener without publishing a draft
  ---
  duration_ms: 4.830667
  type: 'test'
  ...
# Subtest: preview completion respects focus-away even when focus returns to BODY
ok 29 - preview completion respects focus-away even when focus returns to BODY
  ---
  duration_ms: 48.515084
  type: 'test'
  ...
# Subtest: preview completion respects body-key even when focus returns to BODY
ok 30 - preview completion respects body-key even when focus returns to BODY
  ---
  duration_ms: 45.620667
  type: 'test'
  ...
# Subtest: preview completion respects body-pointer even when focus returns to BODY
ok 31 - preview completion respects body-pointer even when focus returns to BODY
  ---
  duration_ms: 49.716792
  type: 'test'
  ...
# Subtest: preview completion respects window-blur even when focus returns to BODY
ok 32 - preview completion respects window-blur even when focus returns to BODY
  ---
  duration_ms: 48.212542
  type: 'test'
  ...
# Subtest: preview completion respects hidden even when focus returns to BODY
ok 33 - preview completion respects hidden even when focus returns to BODY
  ---
  duration_ms: 46.968125
  type: 'test'
  ...
# Subtest: preview completion respects pagehide even when focus returns to BODY
ok 34 - preview completion respects pagehide even when focus returns to BODY
  ---
  duration_ms: 45.756834
  type: 'test'
  ...
# Subtest: preview completion respects new-dialog even when focus returns to BODY
ok 35 - preview completion respects new-dialog even when focus returns to BODY
  ---
  duration_ms: 45.007041
  type: 'test'
  ...
# Subtest: programmatic preview does not capture an unrelated focused action
ok 36 - programmatic preview does not capture an unrelated focused action
  ---
  duration_ms: 4.314208
  type: 'test'
  ...
# Subtest: cancel retires a preview focus lease before its decoder settles
ok 37 - cancel retires a preview focus lease before its decoder settles
  ---
  duration_ms: 47.732042
  type: 'test'
  ...
# Subtest: invalidate retires a preview focus lease before its decoder settles
ok 38 - invalidate retires a preview focus lease before its decoder settles
  ---
  duration_ms: 45.467
  type: 'test'
  ...
# Subtest: close retires a preview focus lease before its decoder settles
ok 39 - close retires a preview focus lease before its decoder settles
  ---
  duration_ms: 45.39325
  type: 'test'
  ...
# Subtest: dispose retires a preview focus lease before its decoder settles
ok 40 - dispose retires a preview focus lease before its decoder settles
  ---
  duration_ms: 43.728708
  type: 'test'
  ...
# Subtest: a cancelled preview cannot steal focus from the next accepted preview
ok 41 - a cancelled preview cannot steal focus from the next accepted preview
  ---
  duration_ms: 58.744125
  type: 'test'
  ...
# Subtest: close and reopen does not revive the earlier preview focus owner
ok 42 - close and reopen does not revive the earlier preview focus owner
  ---
  duration_ms: 57.756583
  type: 'test'
  ...
# Subtest: preview final enabling focus takes precedence over old focus
ok 43 - preview final enabling focus takes precedence over old focus
  ---
  duration_ms: 47.496792
  type: 'test'
  ...
# Subtest: preview final enabling invalidate takes precedence over old focus
ok 44 - preview final enabling invalidate takes precedence over old focus
  ---
  duration_ms: 44.743833
  type: 'test'
  ...
# Subtest: settled chosen preview keeps the focused original picker and label below its sticky status rail
ok 45 - settled chosen preview keeps the focused original picker and label below its sticky status rail
  ---
  duration_ms: 5.606584
  type: 'test'
  ...
# Subtest: media clearance preserves the live operation rail and Cancel ownership
ok 46 - media clearance preserves the live operation rail and Cancel ownership
  ---
  duration_ms: 3.582333
  type: 'test'
  ...
# Subtest: closed and disposed media panels retire queued clearance without refocusing an old picker
ok 47 - closed and disposed media panels retire queued clearance without refocusing an old picker
  ---
  duration_ms: 5.843375
  type: 'test'
  ...
1..47
# tests 47
# suites 0
# pass 47
# fail 0
# cancelled 0
# skipped 0
# todo 0
# duration_ms 2034.179334
