TAP version 13
# Subtest: transport settling refuses a predicate that never becomes ready
ok 1 - transport settling refuses a predicate that never becomes ready # SKIP test name does not match pattern
  ---
  duration_ms: 0.491042
  ...
# Subtest: transport construction/settings/selection stay silent until explicit Play
ok 2 - transport construction/settings/selection stay silent until explicit Play # SKIP test name does not match pattern
  ---
  duration_ms: 0.044167
  ...
# Subtest: preparing a local MP3 keeps playback silent, then a gesture wake starts it before context resume settles
ok 3 - preparing a local MP3 keeps playback silent, then a gesture wake starts it before context resume settles # SKIP test name does not match pattern
  ---
  duration_ms: 0.076459
  ...
# Subtest: synth song boundary signals once at actual audio deadline and does not schedule the next song early
ok 4 - synth song boundary signals once at actual audio deadline and does not schedule the next song early # SKIP test name does not match pattern
  ---
  duration_ms: 0.038
  ...
# Subtest: music-only pause freezes position while gameplay SFX remain available; full lifecycle suspends both
ok 5 - music-only pause freezes position while gameplay SFX remain available; full lifecycle suspends both # SKIP test name does not match pattern
  ---
  duration_ms: 0.036208
  ...
# Subtest: ordered mixed queue advances synth→MP3→end without another element or album decode
ok 6 - ordered mixed queue advances synth→MP3→end without another element or album decode # SKIP test name does not match pattern
  ---
  duration_ms: 0.03075
  ...
# Subtest: repeat-one repeats only on natural end, while Next explicitly advances
ok 7 - repeat-one repeats only on natural end, while Next explicitly advances # SKIP test name does not match pattern
  ---
  duration_ms: 0.029875
  ...
# Subtest: authored game music is the automatic fallback and changes only at a song boundary
ok 8 - authored game music is the automatic fallback and changes only at a song boundary # SKIP test name does not match pattern
  ---
  duration_ms: 0.033792
  ...
# Subtest: scope assignments beat authored fallback and context updates wait for current song
ok 9 - scope assignments beat authored fallback and context updates wait for current song # SKIP test name does not match pattern
  ---
  duration_ms: 0.073708
  ...
# Subtest: library metadata edits preserve current owned MP3 and object URL until natural boundary
ok 10 - library metadata edits preserve current owned MP3 and object URL until natural boundary # SKIP test name does not match pattern
  ---
  duration_ms: 0.086542
  ...
# Subtest: paused MP3 resumes the same URL/position and its ended handler remains active
ok 11 - paused MP3 resumes the same URL/position and its ended handler remains active # SKIP test name does not match pattern
  ---
  duration_ms: 0.039
  ...
# Subtest: one broken original is skipped once and a finite builtin fallback remains observable
ok 12 - one broken original is skipped once and a finite builtin fallback remains observable # SKIP test name does not match pattern
  ---
  duration_ms: 0.034167
  ...
# Subtest: autoplay denial is observable, preserves current track, and requires another explicit Play
ok 13 - autoplay denial is observable, preserves current track, and requires another explicit Play # SKIP test name does not match pattern
  ---
  duration_ms: 0.028167
  ...
# Subtest: a stale pending asset load cannot publish audio after explicit selection or disposal
ok 14 - a stale pending asset load cannot publish audio after explicit selection or disposal # SKIP test name does not match pattern
  ---
  duration_ms: 0.066292
  ...
# Subtest: volume owns the music fader only, combines with master for MP3, and preserves SFX volume
ok 15 - volume owns the music fader only, combines with master for MP3, and preserves SFX volume # SKIP test name does not match pattern
  ---
  duration_ms: 0.033083
  ...
# Subtest: seeking a paused synth before creating audio is retained for its first permitted playback
ok 16 - seeking a paused synth before creating audio is retained for its first permitted playback # SKIP test name does not match pattern
  ---
  duration_ms: 0.105916
  ...
# Subtest: a complete synth rendition advances through real scheduler steps on a controlled audio clock
ok 17 - a complete synth rendition advances through real scheduler steps on a controlled audio clock # SKIP test name does not match pattern
  ---
  duration_ms: 0.036834
  ...
# Subtest: repeat-all wraps and shuffled sessions preserve the exact authored entry multiset
ok 18 - repeat-all wraps and shuffled sessions preserve the exact authored entry multiset # SKIP test name does not match pattern
  ---
  duration_ms: 0.120542
  ...
# Subtest: explicit switch fades only music and a pause during its fade cannot publish late playback
ok 19 - explicit switch fades only music and a pause during its fade cannot publish late playback # SKIP test name does not match pattern
  ---
  duration_ms: 0.03625
  ...
# Subtest: lifecycle suspension of MP3 preserves listening intent and resumes the SFX context too
ok 20 - lifecycle suspension of MP3 preserves listening intent and resumes the SFX context too # SKIP test name does not match pattern
  ---
  duration_ms: 0.071625
  ...
# Subtest: unsupported or corrupt originals never reach an object URL and fallback attempts stay finite
ok 21 - unsupported or corrupt originals never reach an object URL and fallback attempts stay finite # SKIP test name does not match pattern
  ---
  duration_ms: 0.029375
  ...
# Subtest: a changed stored selection is adopted on the next boundary while unrelated metadata edits preserve a session choice
ok 22 - a changed stored selection is adopted on the next boundary while unrelated metadata edits preserve a session choice # SKIP test name does not match pattern
  ---
  duration_ms: 0.025583
  ...
# Subtest: disposal aborts a pending storage load and its late original cannot allocate a URL
ok 23 - disposal aborts a pending storage load and its late original cannot allocate a URL # SKIP test name does not match pattern
  ---
  duration_ms: 0.021041
  ...
# Subtest: a delayed media play promise cannot restore playing status after transport pause
ok 24 - a delayed media play promise cannot restore playing status after transport pause # SKIP test name does not match pattern
  ---
  duration_ms: 0.021458
  ...
# Subtest: returning explicitly to automatic selection restores the authored map recipe immediately
ok 25 - returning explicitly to automatic selection restores the authored map recipe immediately # SKIP test name does not match pattern
  ---
  duration_ms: 0.023375
  ...
# Subtest: a delayed synth enable denial cannot overwrite pause, suspend or dispose state
ok 26 - a delayed synth enable denial cannot overwrite pause, suspend or dispose state # SKIP test name does not match pattern
  ---
  duration_ms: 0.021208
  ...
# Subtest: restoring inactive listening intent after an audition never starts audio until host resume
ok 27 - restoring inactive listening intent after an audition never starts audio until host resume # SKIP test name does not match pattern
  ---
  duration_ms: 0.020625
  ...
# Subtest: silent audio preparation reports a delayed read and stale completion cannot reclaim its status
ok 28 - silent audio preparation reports a delayed read and stale completion cannot reclaim its status # SKIP test name does not match pattern
  ---
  duration_ms: 0.02125
  ...
# Subtest: earlier cached play settlement cannot clear a newer play preparation observer
ok 29 - earlier cached play settlement cannot clear a newer play preparation observer # SKIP test name does not match pattern
  ---
  duration_ms: 0.022958
  ...
# Subtest: two streaming decks preload only the next track and genuinely overlap the audible boundary
ok 30 - two streaming decks preload only the next track and genuinely overlap the audible boundary # SKIP test name does not match pattern
  ---
  duration_ms: 0.022084
  ...
# Subtest: pause during a crossfade cancels the outgoing deck and preserves the incoming position
ok 31 - pause during a crossfade cancels the outgoing deck and preserves the incoming position # SKIP test name does not match pattern
  ---
  duration_ms: 0.020709
  ...
# Subtest: seek cancels next-track acquisition and late bytes cannot allocate a deck
ok 32 - seek cancels next-track acquisition and late bytes cannot allocate a deck # SKIP test name does not match pattern
  ---
  duration_ms: 0.0695
  ...
# Subtest: library cancels next-track acquisition and late bytes cannot allocate a deck
ok 33 - library cancels next-track acquisition and late bytes cannot allocate a deck # SKIP test name does not match pattern
  ---
  duration_ms: 0.074
  ...
# Subtest: context cancels next-track acquisition and late bytes cannot allocate a deck
ok 34 - context cancels next-track acquisition and late bytes cannot allocate a deck # SKIP test name does not match pattern
  ---
  duration_ms: 0.034708
  ...
# Subtest: suspend cancels next-track acquisition and late bytes cannot allocate a deck
ok 35 - suspend cancels next-track acquisition and late bytes cannot allocate a deck # SKIP test name does not match pattern
  ---
  duration_ms: 0.021916
  ...
# Subtest: dispose cancels next-track acquisition and late bytes cannot allocate a deck
ok 36 - dispose cancels next-track acquisition and late bytes cannot allocate a deck # SKIP test name does not match pattern
  ---
  duration_ms: 0.021458
  ...
# Subtest: a browser denying the second element reuses the permitted first deck for the entire queue
ok 37 - a browser denying the second element reuses the permitted first deck for the entire queue # SKIP test name does not match pattern
  ---
  duration_ms: 0.021542
  ...
# Subtest: scene selection switches menu/gameplay music without changing paused listening intent
ok 38 - scene selection switches menu/gameplay music without changing paused listening intent # SKIP test name does not match pattern
  ---
  duration_ms: 0.021666
  ...
# Subtest: empty Ukrainian/fusion selections stay silent with an explanation instead of unrelated fallback
ok 39 - empty Ukrainian/fusion selections stay silent with an explanation instead of unrelated fallback # SKIP test name does not match pattern
  ---
  duration_ms: 0.021333
  ...
# Subtest: an offline Ukrainian queue tries each original once and stops without mislabelled fallback
ok 40 - an offline Ukrainian queue tries each original once and stops without mislabelled fallback # SKIP test name does not match pattern
  ---
  duration_ms: 0.021417
  ...
# Subtest: failed restricted mixes and explicit v2 playlists preserve the selected music families
ok 41 - failed restricted mixes and explicit v2 playlists preserve the selected music families # SKIP test name does not match pattern
  ---
  duration_ms: 0.020209
  ...
# Subtest: an explicit catalogue playlist with no installed recordings stays empty offline
ok 42 - an explicit catalogue playlist with no installed recordings stays empty offline # SKIP test name does not match pattern
  ---
  duration_ms: 0.038708
  ...
# Subtest: offloaded bonus tracks are skipped without fetching and an empty explicit album asks for Download again
ok 43 - offloaded bonus tracks are skipped without fetching and an empty explicit album asks for Download again # SKIP test name does not match pattern
  ---
  duration_ms: 0.037791
  ...
# Subtest: catalogue metadata drives playback and same-ID theme selection changes the next rendition
ok 44 - catalogue metadata drives playback and same-ID theme selection changes the next rendition # SKIP test name does not match pattern
  ---
  duration_ms: 0.023833
  ...
# Subtest: short clips preserve their opening before entering the default crossfade window
ok 45 - short clips preserve their opening before entering the default crossfade window # SKIP test name does not match pattern
  ---
  duration_ms: 0.0235
  ...
# Subtest: choosing an available genre clears the previous unavailable selection notice
ok 46 - choosing an available genre clears the previous unavailable selection notice # SKIP test name does not match pattern
  ---
  duration_ms: 0.02075
  ...
# Subtest: invalid catalogue construction leaves media and master ownership available for a valid retry
not ok 47 - invalid catalogue construction leaves media and master ownership available for a valid retry
  ---
  duration_ms: 1.578125
  location: '/Users/oleksandr.mekhovov/work/my_projects/go_test/.cache/worktrees/soundtrack-v3-latest/game/test/soundtrack-player.test.mjs:1032:1'
  failureType: 'testCodeFailure'
  error: |-
    Expected values to be strictly equal:
    
    1 !== 0
    
  code: 'ERR_ASSERTION'
  name: 'AssertionError'
  expected: 0
  actual: 1
  operator: 'strictEqual'
  stack: |-
    TestContext.<anonymous> (file:///Users/oleksandr.mekhovov/work/my_projects/go_test/.cache/worktrees/soundtrack-v3-latest/game/test/soundtrack-player.test.mjs:1051:10)
    Test.runInAsyncScope (node:async_hooks:206:9)
    Test.run (node:internal/test_runner/test:796:25)
    Test.processPendingSubtests (node:internal/test_runner/test:526:18)
    Test.postRun (node:internal/test_runner/test:889:19)
    Test.run (node:internal/test_runner/test:835:12)
    async Test.processPendingSubtests (node:internal/test_runner/test:526:7)
  ...
# Subtest: selection reuse follows owned library, context and override changes and rejects invalid setters atomically
ok 48 - selection reuse follows owned library, context and override changes and rejects invalid setters atomically # SKIP test name does not match pattern
  ---
  duration_ms: 0.042958
  ...
# Subtest: selection reuse invalidates installed IDs and listening permissions while snapshots retain live position
ok 49 - selection reuse invalidates installed IDs and listening permissions while snapshots retain live position # SKIP test name does not match pattern
  ---
  duration_ms: 0.024333
  ...
# Subtest: raw mutable catalogue policy revocation remains live for same-hash uploaded aliases
ok 50 - raw mutable catalogue policy revocation remains live for same-hash uploaded aliases # SKIP test name does not match pattern
  ---
  duration_ms: 0.022792
  ...
# Subtest: base selection reuse never caches dynamic published permissions, authored replacement or failed adapters
ok 51 - base selection reuse never caches dynamic published permissions, authored replacement or failed adapters # SKIP test name does not match pattern
  ---
  duration_ms: 0.020958
  ...
1..51
# tests 51
# suites 0
# pass 0
# fail 1
# cancelled 0
# skipped 50
# todo 0
# duration_ms 69.204292
