TAP version 13
# Subtest: independent: context ownership and map/campaign/global precedence survive warmed selection reuse
ok 1 - independent: context ownership and map/campaign/global precedence survive warmed selection reuse
  ---
  duration_ms: 3.394458
  ...
# Subtest: independent: energy and scene changes invalidate the cache without external context mutation or playback intent
ok 2 - independent: energy and scene changes invalidate the cache without external context mutation or playback intent
  ---
  duration_ms: 10.543041
  ...
# Subtest: independent: shallow frozen raw catalogue never gains cache authority and malformed live edits still reject
ok 3 - independent: shallow frozen raw catalogue never gains cache authority and malformed live edits still reject
  ---
  duration_ms: 7.5725
  ...
# Subtest: independent: invalid raw catalogue cannot retain media ownership or master subscriptions
ok 4 - independent: invalid raw catalogue cannot retain media ownership or master subscriptions
  ---
  duration_ms: 0.402917
  ...
1..4
# tests 4
# suites 0
# pass 4
# fail 0
# cancelled 0
# skipped 0
# todo 0
# duration_ms 65.280375
