TAP version 13
# Subtest: independent: context ownership and map/campaign/global precedence survive warmed selection reuse
ok 1 - independent: context ownership and map/campaign/global precedence survive warmed selection reuse
  ---
  duration_ms: 3.379292
  ...
# Subtest: independent: energy and scene changes invalidate the cache without external context mutation or playback intent
ok 2 - independent: energy and scene changes invalidate the cache without external context mutation or playback intent
  ---
  duration_ms: 10.187125
  ...
# Subtest: independent: shallow frozen raw catalogue never gains cache authority and malformed live edits still reject
not ok 3 - independent: shallow frozen raw catalogue never gains cache authority and malformed live edits still reject
  ---
  duration_ms: 7.418458
  location: '/private/tmp/soundtrack-cache-independent-probes.mjs:52:1'
  failureType: 'testCodeFailure'
  error: |-
    Expected values to be strictly equal:
    + actual - expected
    
    + 'catalogue-fallback'
    - 'unavailable'
  code: 'ERR_ASSERTION'
  name: 'AssertionError'
  expected: 'unavailable'
  actual: 'catalogue-fallback'
  operator: 'strictEqual'
  stack: |-
    TestContext.<anonymous> (file:///private/tmp/soundtrack-cache-independent-probes.mjs:59:9)
    async Test.run (node:internal/test_runner/test:797:9)
    async Test.processPendingSubtests (node:internal/test_runner/test:526:7)
  ...
1..3
# tests 3
# suites 0
# pass 2
# fail 1
# cancelled 0
# skipped 0
# todo 0
# duration_ms 319.8995
