{
  "directory": "/Users/oleksandr.mekhovov/work/my_projects/go_test/.cache/p05-supporting-tools-public-audit-a13ab970/hosted-observation-before-1",
  "run": {
    "id": 35227819123,
    "status": "in_progress",
    "conclusion": null,
    "head_sha": "63796aab5bb692578fef77f43fb9fa61050a372b"
  },
  "jobs": [
    {
      "id": 105223797503,
      "name": "assemble",
      "status": "in_progress",
      "conclusion": null
    }
  ],
  "artifacts": [],
  "deployment": {
    "id": null,
    "sha": null,
    "environment": null
  },
  "latestStatus": {
    "id": null,
    "state": null,
    "log_url": null,
    "environment_url": null
  }
}
