{
  "status": "PASS_LIVE_AUTHORITIES_UNCHANGED_AFTER_FULL_AUDIT",
  "at": "2026-09-17T13:48:05.632120+00:00",
  "controllerCommit": "63796aab5bb692578fef77f43fb9fa61050a372b",
  "controllerTree": "d625be43cf0adfd4643dd67a4c131135c36d41e3",
  "deploymentId": 6503914712,
  "runId": 35227819123,
  "latestSuccessStatusId": 18476781758,
  "latestStableVersion": "v0.60.3",
  "releaseId": 390725431,
  "assets": [
    {
      "id": 570290370,
      "name": "distribution.zip",
      "size": 313141596,
      "digest": "sha256:6a45e91241c6cd6b5dceea9f9082eeab864b819fe0cf2a1025030e478f3040e2",
      "state": "uploaded",
      "browser_download_url": "https://github.com/mekhovov/revealline/releases/download/v0.60.3/distribution.zip"
    },
    {
      "id": 570283834,
      "name": "distribution.zip.sha256",
      "size": 83,
      "digest": "sha256:f3ea49e40917c60de2aaf778478a4116938f03a9f8e3c8d8d8cba414fbef8e45",
      "state": "uploaded",
      "browser_download_url": "https://github.com/mekhovov/revealline/releases/download/v0.60.3/distribution.zip.sha256"
    },
    {
      "id": 570283837,
      "name": "manifest.json",
      "size": 126036,
      "digest": "sha256:aa2e193a119615f7d75270df7f8ae93ef4fa75e084927b7243ce2edee027c57b",
      "state": "uploaded",
      "browser_download_url": "https://github.com/mekhovov/revealline/releases/download/v0.60.3/manifest.json"
    },
    {
      "id": 570283889,
      "name": "qualification-evidence-record.json",
      "size": 10898,
      "digest": "sha256:408e9ed0a38a5894e7d999ece34d20e9ffcf7bc20edb6f6057c4d0832aa2722b",
      "state": "uploaded",
      "browser_download_url": "https://github.com/mekhovov/revealline/releases/download/v0.60.3/qualification-evidence-record.json"
    },
    {
      "id": 570283832,
      "name": "release.json",
      "size": 465,
      "digest": "sha256:bff9fa6c8900b2dece92db2a9773555a5a7fb636e5e9e81b66141b25b757a89d",
      "state": "uploaded",
      "browser_download_url": "https://github.com/mekhovov/revealline/releases/download/v0.60.3/release.json"
    },
    {
      "id": 570283838,
      "name": "source-qualification-evidence.zip",
      "size": 1841886,
      "digest": "sha256:3f33bd3f05b694cbf5ff38693af7872029f2a617c5d7bd18e5b19af7784ad335",
      "state": "uploaded",
      "browser_download_url": "https://github.com/mekhovov/revealline/releases/download/v0.60.3/source-qualification-evidence.zip"
    },
    {
      "id": 570283839,
      "name": "source-qualification.json",
      "size": 72361,
      "digest": "sha256:fca84f8d1343fea105ed182a6a6f000df6a0a47181296424fd012447ae65a20d",
      "state": "uploaded",
      "browser_download_url": "https://github.com/mekhovov/revealline/releases/download/v0.60.3/source-qualification.json"
    },
    {
      "id": 570289452,
      "name": "source.tar",
      "size": 1024911360,
      "digest": "sha256:7b165f50e9d32534bf627ebe7cf079b0b9cecaefd7528948d7fcd488720b891d",
      "state": "uploaded",
      "browser_download_url": "https://github.com/mekhovov/revealline/releases/download/v0.60.3/source.tar"
    },
    {
      "id": 570283896,
      "name": "verification.json",
      "size": 1913,
      "digest": "sha256:fe63566c93de37d039b8d3a3a5057ea611e02abea6bd2986b1506a60170af34e",
      "state": "uploaded",
      "browser_download_url": "https://github.com/mekhovov/revealline/releases/download/v0.60.3/verification.json"
    }
  ],
  "pins": [
    {
      "path": "after-http-authorities-main-1/all-deployments.exit.json",
      "bytes": 311,
      "sha256": "730548095447b1f6771ee701a776b71715c52a54a3f3be9aaa5930e0e3ef2d46"
    },
    {
      "path": "after-http-authorities-main-1/all-deployments.json",
      "bytes": 38241,
      "sha256": "c851d3d6ccda1a9497eda1991ecd652739eebf233e4e10604a17cda762fca633"
    },
    {
      "path": "after-http-authorities-main-1/all-deployments.stderr",
      "bytes": 0,
      "sha256": "e3b0c44298fc1c149afbf4c8996fb92427ae41e4649b934ca495991b7852b855"
    },
    {
      "path": "after-http-authorities-main-1/collection-started.json",
      "bytes": 490,
      "sha256": "0206f2e349622efc95710459279d88cd928b988fda91ade742fca695ca4ad0bc"
    },
    {
      "path": "after-http-authorities-main-1/latest.exit.json",
      "bytes": 278,
      "sha256": "7b7a503d8c6c94e18f45dc780bf4385d794f1614cee52ffafd86c11a57878295"
    },
    {
      "path": "after-http-authorities-main-1/latest.json",
      "bytes": 16622,
      "sha256": "ad8ada1cdbc0359dc479c78dcbb87bca237a6b57131eb2f48f28d74a30f0193b"
    },
    {
      "path": "after-http-authorities-main-1/latest.stderr",
      "bytes": 0,
      "sha256": "e3b0c44298fc1c149afbf4c8996fb92427ae41e4649b934ca495991b7852b855"
    },
    {
      "path": "after-http-authorities-main-1/original-published-release.json",
      "bytes": 16622,
      "sha256": "84b0f04b39485114ece979b3010e79ad7b48071239d3ff848fdf146797475956"
    },
    {
      "path": "after-http-authorities-main-1/release.exit.json",
      "bytes": 284,
      "sha256": "48b291e6d47aabd5ac6b90c5194a64bacf56dc25344cd344383f182a2aab33ac"
    },
    {
      "path": "after-http-authorities-main-1/release.json",
      "bytes": 16622,
      "sha256": "ad8ada1cdbc0359dc479c78dcbb87bca237a6b57131eb2f48f28d74a30f0193b"
    },
    {
      "path": "after-http-authorities-main-1/release.stderr",
      "bytes": 0,
      "sha256": "e3b0c44298fc1c149afbf4c8996fb92427ae41e4649b934ca495991b7852b855"
    },
    {
      "path": "after-http-authorities-main-1/request.original.json",
      "bytes": 1004,
      "sha256": "e8869b852fd1227b290920138767c897f1574b6af7db3e6043bcc771a5c5480d"
    },
    {
      "path": "after-http-authorities-main-1/source.exit.json",
      "bytes": 314,
      "sha256": "52d55258b1860aa4394f2132f4e2f54701f037eacaa7153f801b6f7c6334f06a"
    },
    {
      "path": "after-http-authorities-main-1/source.json",
      "bytes": 1173,
      "sha256": "82b162d1bddfee29550f56124c0fe53e0c4fe31ab21b42741ddeabd31c71a11a"
    },
    {
      "path": "after-http-authorities-main-1/source.stderr",
      "bytes": 0,
      "sha256": "e3b0c44298fc1c149afbf4c8996fb92427ae41e4649b934ca495991b7852b855"
    },
    {
      "path": "after-http-authorities-main-1/tag-object.exit.json",
      "bytes": 310,
      "sha256": "f92a9a4505385dde12673f9a37b197362bebcaf7cdb6453ee8b023017466df2d"
    },
    {
      "path": "after-http-authorities-main-1/tag-object.json",
      "bytes": 730,
      "sha256": "2c66f60f7b22cb90a9faef906e3e15ba7b68cb8fde4d39411761c9d083a131c5"
    },
    {
      "path": "after-http-authorities-main-1/tag-object.stderr",
      "bytes": 0,
      "sha256": "e3b0c44298fc1c149afbf4c8996fb92427ae41e4649b934ca495991b7852b855"
    },
    {
      "path": "after-http-authorities-main-1/tag.exit.json",
      "bytes": 281,
      "sha256": "5c7a01237958890a55fcdd8833374c8e606844af162e1d60ffa4070fbc87eb1a"
    },
    {
      "path": "after-http-authorities-main-1/tag.json",
      "bytes": 337,
      "sha256": "6e567cf7b3536507dd40a867a7303361d021d49e4b74c92402a0a8ff2d424484"
    },
    {
      "path": "after-http-authorities-main-1/tag.stderr",
      "bytes": 0,
      "sha256": "e3b0c44298fc1c149afbf4c8996fb92427ae41e4649b934ca495991b7852b855"
    }
  ],
  "requestSha256": "e8869b852fd1227b290920138767c897f1574b6af7db3e6043bcc771a5c5480d",
  "phaseAccepted": false,
  "scope": "Fresh bounded API originals after full byte audit and independent row reconciliation; browser, offline and physical-device acceptance remain separate."
}
