{
  "status": "PASS",
  "base": "https://mekhovov.github.io/revealline/",
  "currentVersion": "v0.60.3",
  "gameSourceRevision": "a13ab970222498d7c5fa7f62f9fc04fe436979d5",
  "qualifiedSourceTree": "cf744b1ced9680b2fb4e0c304ddfc4b9f44b3e86",
  "controllerCommit": "63796aab5bb692578fef77f43fb9fa61050a372b",
  "controllerTree": "d625be43cf0adfd4643dd67a4c131135c36d41e3",
  "deploymentId": 6503914712,
  "runId": 35227819123,
  "bindingSha256": "d4ef71e045468de0d3381b6ec8e7c1fd6b9925c88ee55078235f065fd71c21be",
  "artifactReceiptSha256": "d0166c2459e98dfdcd394bfdb1e85c8ecfa7b2f138084eae1c8bb1fd4dc6fd73",
  "expectedInventorySha256": "1be65345aec127633db7ac9cab739c10717cdf3b24cfdc6ba663cc72cae9a779",
  "configurationSha256": "5925c6dbd669c81648bcd0a763875c52c09dbdbfdf1c2209e0b4880cf36b8812",
  "catalogSha256": "17dfb89beca61d09a882fa58cde50810a0617cb1cc59db7388be3254c516a7cc",
  "visibleFrozenVersions": [
    "v0.1.0",
    "v0.1.1",
    "v0.1.2",
    "v0.10.0",
    "v0.11.0",
    "v0.12.0",
    "v0.13.0",
    "v0.14.0",
    "v0.15.0",
    "v0.16.0",
    "v0.17.0",
    "v0.17.1",
    "v0.18.0",
    "v0.19.0",
    "v0.2.0",
    "v0.2.1",
    "v0.20.0",
    "v0.21.0",
    "v0.22.0",
    "v0.23.0",
    "v0.24.0",
    "v0.25.0",
    "v0.26.0",
    "v0.27.0",
    "v0.28.0",
    "v0.29.0",
    "v0.29.1",
    "v0.29.2",
    "v0.3.0",
    "v0.30.0",
    "v0.31.0",
    "v0.32.0",
    "v0.33.0",
    "v0.34.0",
    "v0.35.0",
    "v0.36.0",
    "v0.37.0",
    "v0.38.0",
    "v0.39.0",
    "v0.4.0",
    "v0.4.1",
    "v0.40.0",
    "v0.41.0",
    "v0.42.0",
    "v0.44.0",
    "v0.45.0",
    "v0.46.0",
    "v0.47.0",
    "v0.48.0",
    "v0.49.0",
    "v0.5.0",
    "v0.50.0",
    "v0.51.0",
    "v0.52.0",
    "v0.54.0",
    "v0.55.0",
    "v0.56.0",
    "v0.57.0",
    "v0.57.1",
    "v0.57.2",
    "v0.57.3",
    "v0.57.4",
    "v0.58.0",
    "v0.58.1",
    "v0.59.0",
    "v0.59.1",
    "v0.6.0",
    "v0.60.0",
    "v0.60.1",
    "v0.60.2",
    "v0.60.3",
    "v0.7.0",
    "v0.8.0",
    "v0.9.0"
  ],
  "comparisonOnlyVersions": [],
  "startedAt": "2026-09-17T13:39:50.963Z",
  "finishedAt": "2026-09-17T13:41:49.314Z",
  "mode": "full",
  "fullInventoryFiles": 2730,
  "files": 2730,
  "completedFiles": 2730,
  "expectedBytes": 639313374,
  "verifiedBytes": 639313374,
  "failedFiles": 0,
  "retries": 1,
  "skipped": [],
  "uninspectedFiles": 0,
  "allArtifactBodiesVerified": true,
  "criticalBrowserSmokeMayStart": false,
  "concurrency": 8,
  "requestTimeoutMs": 300000,
  "attemptsPerBody": 3,
  "sourcePinsUnchanged": true,
  "changedAuthorities": [],
  "failures": [],
  "runnerPins": [
    {
      "file": "/Users/oleksandr.mekhovov/work/my_projects/go_test/.cache/p05-supporting-tools-public-audit-a13ab970/tools/audit-main.mjs",
      "sha256": "7096b6a80881b64e7fe5acc0839b3541077483e0bbf26b2b9c3e3be1b5ec9ce9"
    },
    {
      "file": "/Users/oleksandr.mekhovov/work/my_projects/go_test/.cache/p05-supporting-tools-public-audit-a13ab970/tools/http-engine.mjs",
      "sha256": "7660dd3ac7453bc31f6ba26e005340dd719986ac7fc1a29bd42b30db71b81c6d"
    },
    {
      "file": "/Users/oleksandr.mekhovov/work/my_projects/go_test/.cache/p05-supporting-tools-public-audit-a13ab970/tools/retained-catalog.json",
      "sha256": "410638862e82688c335b4c658d70eee1abf45f150ea2cb6832fe09d6f2f0594d"
    }
  ],
  "rootGraphAndAliasesAndWorkersIncluded": true,
  "retainedHistoricalBridgesIncluded": true,
  "publicBrowserAcceptance": false,
  "boundaries": "Decoded HTTP bodies and required MIME only. Critical mode is partial; even a full pass does not prove browser play, offline, storage, migration or physical-device behavior. Pinned deployment snapshots are historical evidence, not a live API polling claim."
}
