TAP version 13
# Subtest: Back completion includes the asynchronous parent close and focus callback
ok 1 - Back completion includes the asynchronous parent close and focus callback
  ---
  duration_ms: 5.998417
  ...
# Subtest: overlapping Back and close share reader cleanup before either caller can leave
ok 2 - overlapping Back and close share reader cleanup before either caller can leave
  ---
  duration_ms: 1.329959
  ...
# Subtest: original review is explicit and lists unverified metadata without claiming an earned picture
ok 3 - original review is explicit and lists unverified metadata without claiming an earned picture
  ---
  duration_ms: 0.5055
  ...
# Subtest: an empty shared-original list explains built-in pictures and retains raw recovery
ok 4 - an empty shared-original list explains built-in pictures and retains raw recovery
  ---
  duration_ms: 0.373625
  ...
# Subtest: an unsupported exact alias cannot borrow another channel catalog but retains raw export
ok 5 - an unsupported exact alias cannot borrow another channel catalog but retains raw export
  ---
  duration_ms: 0.295875
  ...
# Subtest: catalog loading failure leaves the current exact channel raw review and export usable
ok 6 - catalog loading failure leaves the current exact channel raw review and export usable
  ---
  duration_ms: 0.724792
  ...
# Subtest: missing and length-mismatched originals remain visible but cannot start verification
ok 7 - missing and length-mismatched originals remain visible but cannot start verification
  ---
  duration_ms: 0.534875
  ...
# Subtest: opaque reader handles and separate component links preserve the raw download and revoke only replaced URLs
not ok 8 - opaque reader handles and separate component links preserve the raw download and revoke only replaced URLs
  ---
  duration_ms: 1.261
  location: '/Users/oleksandr.mekhovov/work/my_projects/go_test_p01_file_cancel/game/test/profile-original-recovery-view.test.mjs:323:1'
  failureType: 'testCodeFailure'
  error: |-
    The input did not match the regular expression /verified during this review/. Input:
    
    'first-original · 2 × 1 · 79 bytes\n' +
      'SHA-256: aaaaaaaaaaaaaaaaaaaaaaaaaaaaaaaaaaaaaaaaaaaaaaaaaaaaaaaaaaaaaaaa\n' +
      '1 stored presentation references. Bytes are available but have not been verified.'
    
  code: 'ERR_ASSERTION'
  name: 'AssertionError'
  expected:
  actual: |-
    first-original · 2 × 1 · 79 bytes
    SHA-256: aaaaaaaaaaaaaaaaaaaaaaaaaaaaaaaaaaaaaaaaaaaaaaaaaaaaaaaaaaaaaaaa
    1 stored presentation references. Bytes are available but have not been verified.
  operator: 'match'
  stack: |-
    TestContext.<anonymous> (file:///Users/oleksandr.mekhovov/work/my_projects/go_test_p01_file_cancel/game/test/profile-original-recovery-view.test.mjs:326:10)
    async Test.run (node:internal/test_runner/test:797:9)
    async Test.processPendingSubtests (node:internal/test_runner/test:526:7)
  ...
# Subtest: changing the selected original drops verification and both component links without dropping raw data
not ok 9 - changing the selected original drops verification and both component links without dropping raw data
  ---
  duration_ms: 1.030167
  location: '/Users/oleksandr.mekhovov/work/my_projects/go_test_p01_file_cancel/game/test/profile-original-recovery-view.test.mjs:365:1'
  failureType: 'testCodeFailure'
  error: |-
    The input did not match the regular expression /verified during this review/. Input:
    
    'second-original · 2 × 1 · 79 bytes\n' +
      'SHA-256: aaaaaaaaaaaaaaaaaaaaaaaaaaaaaaaaaaaaaaaaaaaaaaaaaaaaaaaaaaaaaaaa\n' +
      '1 stored presentation references. Bytes are available but have not been verified.'
    
  code: 'ERR_ASSERTION'
  name: 'AssertionError'
  expected:
  actual: |-
    second-original · 2 × 1 · 79 bytes
    SHA-256: aaaaaaaaaaaaaaaaaaaaaaaaaaaaaaaaaaaaaaaaaaaaaaaaaaaaaaaaaaaaaaaa
    1 stored presentation references. Bytes are available but have not been verified.
  operator: 'match'
  stack: |-
    TestContext.<anonymous> (file:///Users/oleksandr.mekhovov/work/my_projects/go_test_p01_file_cancel/game/test/profile-original-recovery-view.test.mjs:382:10)
    async Test.run (node:internal/test_runner/test:797:9)
    async Test.processPendingSubtests (node:internal/test_runner/test:526:7)
  ...
# Subtest: a new Find, Review or exact channel choice clears every prepared link and original handle
ok 10 - a new Find, Review or exact channel choice clears every prepared link and original handle
  ---
  duration_ms: 1.892625
  ...
# Subtest: cancelled original metadata review cannot publish late choices and preserves the raw link
ok 11 - cancelled original metadata review cannot publish late choices and preserves the raw link
  ---
  duration_ms: 0.729625
  ...
# Subtest: cancelled verification cannot promote a late opaque verified handle
ok 12 - cancelled verification cannot promote a late opaque verified handle
  ---
  duration_ms: 0.395667
  ...
# Subtest: Back awaits reader closure and a late component export cannot publish a URL
ok 13 - Back awaits reader closure and a late component export cannot publish a URL
  ---
  duration_ms: 0.952375
  ...
# Subtest: cancellation during object URL creation revokes the new component URL before publication
ok 14 - cancellation during object URL creation revokes the new component URL before publication
  ---
  duration_ms: 0.73025
  ...
# Subtest: fresh component verification failure removes that stale link and keeps the other component and raw link
not ok 15 - fresh component verification failure removes that stale link and keeps the other component and raw link
  ---
  duration_ms: 0.614417
  location: '/Users/oleksandr.mekhovov/work/my_projects/go_test_p01_file_cancel/game/test/profile-original-recovery-view.test.mjs:526:1'
  failureType: 'testCodeFailure'
  error: |-
    The input did not match the regular expression /verified during this review/. Input:
    
    'first-original · 2 × 1 · 79 bytes\n' +
      'SHA-256: aaaaaaaaaaaaaaaaaaaaaaaaaaaaaaaaaaaaaaaaaaaaaaaaaaaaaaaaaaaaaaaa\n' +
      '1 stored presentation references. Bytes are available but have not been verified.'
    
  code: 'ERR_ASSERTION'
  name: 'AssertionError'
  expected:
  actual: |-
    first-original · 2 × 1 · 79 bytes
    SHA-256: aaaaaaaaaaaaaaaaaaaaaaaaaaaaaaaaaaaaaaaaaaaaaaaaaaaaaaaaaaaaaaaa
    1 stored presentation references. Bytes are available but have not been verified.
  operator: 'match'
  stack: |-
    TestContext.<anonymous> (file:///Users/oleksandr.mekhovov/work/my_projects/go_test_p01_file_cancel/game/test/profile-original-recovery-view.test.mjs:534:10)
    async Test.run (node:internal/test_runner/test:797:9)
    async Test.processPendingSubtests (node:internal/test_runner/test:526:7)
  ...
# Subtest: reverification clears the earlier label before waiting and cancel or failure cannot restore it
not ok 16 - reverification clears the earlier label before waiting and cancel or failure cannot restore it
  ---
  duration_ms: 1.517041
  location: '/Users/oleksandr.mekhovov/work/my_projects/go_test_p01_file_cancel/game/test/profile-original-recovery-view.test.mjs:545:1'
  failureType: 'testCodeFailure'
  error: |-
    The input did not match the regular expression /verified during this review/. Input:
    
    'first-original · 2 × 1 · 79 bytes\n' +
      'SHA-256: aaaaaaaaaaaaaaaaaaaaaaaaaaaaaaaaaaaaaaaaaaaaaaaaaaaaaaaaaaaaaaaa\n' +
      '1 stored presentation references. Bytes are available but have not been verified.'
    
  code: 'ERR_ASSERTION'
  name: 'AssertionError'
  expected:
  actual: |-
    first-original · 2 × 1 · 79 bytes
    SHA-256: aaaaaaaaaaaaaaaaaaaaaaaaaaaaaaaaaaaaaaaaaaaaaaaaaaaaaaaaaaaaaaaa
    1 stored presentation references. Bytes are available but have not been verified.
  operator: 'match'
  stack: |-
    TestContext.<anonymous> (file:///Users/oleksandr.mekhovov/work/my_projects/go_test_p01_file_cancel/game/test/profile-original-recovery-view.test.mjs:571:10)
    async Test.run (node:internal/test_runner/test:797:9)
    async Test.processPendingSubtests (node:internal/test_runner/test:526:7)
  ...
1..16
# tests 16
# suites 0
# pass 12
# fail 4
# cancelled 0
# skipped 0
# todo 0
# duration_ms 70.788542
