TAP version 13
# Subtest: Back completion includes the asynchronous parent close and focus callback
ok 1 - Back completion includes the asynchronous parent close and focus callback
  ---
  duration_ms: 7.09675
  ...
# Subtest: overlapping Back and close share reader cleanup before either caller can leave
ok 2 - overlapping Back and close share reader cleanup before either caller can leave
  ---
  duration_ms: 1.0875
  ...
# Subtest: original review is explicit and lists unverified metadata without claiming an earned picture
ok 3 - original review is explicit and lists unverified metadata without claiming an earned picture
  ---
  duration_ms: 0.737
  ...
# Subtest: an empty shared-original list explains built-in pictures and retains raw recovery
ok 4 - an empty shared-original list explains built-in pictures and retains raw recovery
  ---
  duration_ms: 1.377625
  ...
# Subtest: an unsupported exact alias cannot borrow another channel catalog but retains raw export
ok 5 - an unsupported exact alias cannot borrow another channel catalog but retains raw export
  ---
  duration_ms: 0.802334
  ...
# Subtest: catalog loading failure leaves the current exact channel raw review and export usable
ok 6 - catalog loading failure leaves the current exact channel raw review and export usable
  ---
  duration_ms: 1.294375
  ...
# Subtest: missing and length-mismatched originals remain visible but cannot start verification
ok 7 - missing and length-mismatched originals remain visible but cannot start verification
  ---
  duration_ms: 0.730208
  ...
# Subtest: opaque reader handles and separate component links preserve the raw download and revoke only replaced URLs
ok 8 - opaque reader handles and separate component links preserve the raw download and revoke only replaced URLs
  ---
  duration_ms: 0.417042
  ...
# Subtest: changing the selected original drops verification and both component links without dropping raw data
ok 9 - changing the selected original drops verification and both component links without dropping raw data
  ---
  duration_ms: 0.631833
  ...
# Subtest: a new Find, Review or exact channel choice clears every prepared link and original handle
ok 10 - a new Find, Review or exact channel choice clears every prepared link and original handle
  ---
  duration_ms: 1.245041
  ...
# Subtest: cancelled original metadata review cannot publish late choices and preserves the raw link
ok 11 - cancelled original metadata review cannot publish late choices and preserves the raw link
  ---
  duration_ms: 0.629292
  ...
# Subtest: cancelled verification cannot promote a late opaque verified handle
ok 12 - cancelled verification cannot promote a late opaque verified handle
  ---
  duration_ms: 1.720417
  ...
# Subtest: Back awaits reader closure and a late component export cannot publish a URL
ok 13 - Back awaits reader closure and a late component export cannot publish a URL
  ---
  duration_ms: 0.863
  ...
# Subtest: cancellation during object URL creation revokes the new component URL before publication
ok 14 - cancellation during object URL creation revokes the new component URL before publication
  ---
  duration_ms: 2.61275
  ...
# Subtest: fresh component verification failure removes that stale link and keeps the other component and raw link
ok 15 - fresh component verification failure removes that stale link and keeps the other component and raw link
  ---
  duration_ms: 0.575166
  ...
# Subtest: reverification clears the earlier label before waiting and cancel or failure cannot restore it
ok 16 - reverification clears the earlier label before waiting and cancel or failure cannot restore it
  ---
  duration_ms: 0.494541
  ...
# Subtest: selected PNG file and identity report preserve exact bytes, raw strings and read-only scope
ok 17 - selected PNG file and identity report preserve exact bytes, raw strings and read-only scope
  ---
  duration_ms: 122.55675
  ...
# Subtest: controlled JPEG header/decode boundary derives the component MIME and extension from bytes
ok 18 - controlled JPEG header/decode boundary derives the component MIME and extension from bytes
  ---
  duration_ms: 67.44325
  ...
# Subtest: an unavailable selected original refuses verification while exact raw diagnostics remain usable
ok 19 - an unavailable selected original refuses verification while exact raw diagnostics remain usable
  ---
  duration_ms: 81.64625
  ...
# Subtest: unrelated missing rich and legacy originals do not confer full-snapshot authority
ok 20 - unrelated missing rich and legacy originals do not confer full-snapshot authority
  ---
  duration_ms: 50.514042
  ...
# Subtest: selected metadata must match the actual hash, MIME and dimensions and require a successful decoder
ok 21 - selected metadata must match the actual hash, MIME and dimensions and require a successful decoder
  ---
  duration_ms: 173.886875
  ...
# Subtest: malformed provenance and unknown presentation ownership refuse before decoding
ok 22 - malformed provenance and unknown presentation ownership refuse before decoding
  ---
  duration_ms: 33.938041
  ...
# Subtest: archived stored owners validate a selected picture without adding executable or earned authority
ok 23 - archived stored owners validate a selected picture without adding executable or earned authority
  ---
  duration_ms: 53.32375
  ...
# Subtest: valid bounded presentation history can export its original while an oversized identity report refuses
ok 24 - valid bounded presentation history can export its original while an oversized identity report refuses
  ---
  duration_ms: 266.375208
  ...
# Subtest: exact aliases and pending journals refuse selected recovery before shared storage opens
ok 25 - exact aliases and pending journals refuse selected recovery before shared storage opens
  ---
  duration_ms: 84.336834
  ...
# Subtest: copied and foreign choices or verified handles cannot authorize component export
ok 26 - copied and foreign choices or verified handles cannot authorize component export
  ---
  duration_ms: 115.037167
  ...
# Subtest: unknown component names cannot silently become full backups or original downloads
ok 27 - unknown component names cannot silently become full backups or original downloads
  ---
  duration_ms: 52.071625
  ...
# Subtest: caller key/hash/filename/decoder overrides and accessor options cannot acquire trusted authority
ok 28 - caller key/hash/filename/decoder overrides and accessor options cannot acquire trusted authority
  ---
  duration_ms: 61.944834
  ...
# Subtest: a new originals review and a replacement verification invalidate older owned handles
ok 29 - a new originals review and a replacement verification invalidate older owned handles
  ---
  duration_ms: 151.123584
  ...
# Subtest: profile pointer drift after selection invalidates it without rewriting the changed string
ok 30 - profile pointer drift after selection invalidates it without rewriting the changed string
  ---
  duration_ms: 54.965375
  ...
# Subtest: a shared revision change with unchanged byte count invalidates the selected proof
ok 31 - a shared revision change with unchanged byte count invalidates the selected proof
  ---
  duration_ms: 50.5545
  ...
# Subtest: media generation drift during decoding refuses even when the asset and ledger are unchanged
ok 32 - media generation drift during decoding refuses even when the asset and ledger are unchanged
  ---
  duration_ms: 58.998292
  ...
# Subtest: same-key same-length body replacement after verification refuses the next explicit export
ok 33 - same-key same-length body replacement after verification refuses the next explicit export
  ---
  duration_ms: 50.172417
  ...
# Subtest: profile drift during selected decode prevents publication of a verified handle
ok 34 - profile drift during selected decode prevents publication of a verified handle
  ---
  duration_ms: 46.688375
  ...
# Subtest: cancel during selected decode settles promptly and cannot publish a late handle
ok 35 - cancel during selected decode settles promptly and cannot publish a late handle
  ---
  duration_ms: 41.970084
  ...
# Subtest: close during selected decode settles promptly and cannot publish a late handle
ok 36 - close during selected decode settles promptly and cannot publish a late handle
  ---
  duration_ms: 44.469375
  ...
# Subtest: cancelling fresh export decoding produces no component and preserves an earlier immutable file
ok 37 - cancelling fresh export decoding produces no component and preserves an earlier immutable file
  ---
  duration_ms: 57.973166
  ...
# Subtest: selected decode timeout refuses the operation and consumes a late decoder rejection
ok 38 - selected decode timeout refuses the operation and consumes a late decoder rejection
  ---
  duration_ms: 1060.699792
  ...
# Subtest: an exact registered campaign validates the same picture without changing its stored owner
ok 39 - an exact registered campaign validates the same picture without changing its stored owner
  ---
  duration_ms: 60.490584
  ...
# Subtest: Settings recovery stays lazy, uses the supplied version and keeps Settings underneath
ok 40 - Settings recovery stays lazy, uses the supplied version and keeps Settings underneath
  ---
  duration_ms: 6.809
  ...
# Subtest: Escape and Back join pending reader cleanup and revoke raw URLs before native close
ok 41 - Escape and Back join pending reader cleanup and revoke raw URLs before native close
  ---
  duration_ms: 10.777958
  ...
# Subtest: closing during module loading prevents late reader creation and a later open is fresh
ok 42 - closing during module loading prevents late reader creation and a later open is fresh
  ---
  duration_ms: 4.272917
  ...
# Subtest: failed catalog leaves raw discovery, review and explicit native export usable
ok 43 - failed catalog leaves raw discovery, review and explicit native export usable
  ---
  duration_ms: 3.31675
  ...
# Subtest: unbuilt host keeps raw diagnostics and never requests or grants a historical catalog
ok 44 - unbuilt host keeps raw diagnostics and never requests or grants a historical catalog
  ---
  duration_ms: 1.436125
  ...
# Subtest: incompatible operation disables entry without cancelling or replacing that operation
ok 45 - incompatible operation disables entry without cancelling or replacing that operation
  ---
  duration_ms: 1.853667
  ...
# Subtest: blur cancels catalog loading; pagehide closes without allowing a late reader
ok 46 - blur cancels catalog loading; pagehide closes without allowing a late reader
  ---
  duration_ms: 1.96075
  ...
# Subtest: current writer refusal remains visible without a fallback reader or lock bypass
ok 47 - current writer refusal remains visible without a fallback reader or lock bypass
  ---
  duration_ms: 3.136708
  ...
# Subtest: source recovery resolves its comparison version only on entry without granting catalog authority
ok 48 - source recovery resolves its comparison version only on entry without granting catalog authority
  ---
  duration_ms: 3.026833
  ...
# Subtest: closing while source-version resolution is pending prevents late reader creation
ok 49 - closing while source-version resolution is pending prevents late reader creation
  ---
  duration_ms: 2.453333
  ...
# Subtest: view keeps media/flight limits visible and prepares a native explicit download link with a revocable URL
ok 50 - view keeps media/flight limits visible and prepares a native explicit download link with a revocable URL
  ---
  duration_ms: 3.247167
  ...
# Subtest: late cancelled review and export cannot publish a result or download after Close
ok 51 - late cancelled review and export cannot publish a result or download after Close
  ---
  duration_ms: 0.634167
  ...
# Subtest: cancelled discovery returns focus to enabled Find when no profile choice exists
ok 52 - cancelled discovery returns focus to enabled Find when no profile choice exists
  ---
  duration_ms: 1.666792
  ...
# Subtest: bootstrap timeout remains visible and a late successful response cannot enable discovery
ok 53 - bootstrap timeout remains visible and a late successful response cannot enable discovery
  ---
  duration_ms: 56.185292
  ...
# Subtest: pagehide before late version response cannot bootstrap or inspect storage
ok 54 - pagehide before late version response cannot bootstrap or inspect storage
  ---
  duration_ms: 4.325042
  ...
# Subtest: successful built-version bootstrap only enables explicit discovery and closure stops its UI router
ok 55 - successful built-version bootstrap only enables explicit discovery and closure stops its UI router
  ---
  duration_ms: 123.828375
  ...
# Subtest: unavailable packaged registry keeps raw discovery usable and original authority unavailable
ok 56 - unavailable packaged registry keeps raw discovery usable and original authority unavailable
  ---
  duration_ms: 2.791958
  ...
# Subtest: catalog timeout preserves raw discovery without late registry adoption
ok 57 - catalog timeout preserves raw discovery without late registry adoption
  ---
  duration_ms: 8.782375
  ...
# Subtest: pagehide during catalog fetch cannot attach a late view or poll controls
ok 58 - pagehide during catalog fetch cannot attach a late view or poll controls
  ---
  duration_ms: 4.703166
  ...
1..58
# tests 58
# suites 0
# pass 58
# fail 0
# cancelled 0
# skipped 0
# todo 0
# duration_ms 2949.52325
