Updating 61cf9c14e..d6800fa53
Fast-forward
 authoring/skills/xonix-runtime-maintainer/SKILL.md |    2 +-
 docs/field-kit-surfaces.md                         |    2 +-
 .../join-correction/README.md                      |    9 +
 .../join-correction/correction/README.md           |    9 +
 .../join-correction/correction/candidate-pins.json |   92 ++
 .../join-correction/correction/candidate.patch     |  113 ++
 .../join-correction/correction/check.py            |   34 +
 .../correction/final-source-inputs.json            | 1446 +++++++++++++++++++
 .../join-correction/correction/format-final.json   | 1475 +++++++++++++++++++
 .../join-correction/correction/format-final.tap    |    2 +
 .../join-correction/correction/green-node20.json   | 1478 ++++++++++++++++++++
 .../join-correction/correction/green-node20.tap    | 1017 ++++++++++++++
 .../join-correction/correction/green-node22.json   | 1478 ++++++++++++++++++++
 .../join-correction/correction/green-node22.tap    | 1218 ++++++++++++++++
 .../correction/initial-finding.json                |    9 +
 .../correction/initial-probe.stdout                |   35 +
 .../join-correction/correction/lint-final.json     | 1472 +++++++++++++++++++
 .../join-correction/correction/lint-final.tap      |    0
 .../join-correction/correction/qualification.json  |  297 ++++
 .../correction/red-bounded-node20.json             | 1471 +++++++++++++++++++
 .../correction/red-bounded-node20.tap              |  160 +++
 .../correction/red-bounded-node22.json             | 1471 +++++++++++++++++++
 .../correction/red-bounded-node22.tap              |  182 +++
 .../join-correction/correction/red-node20.json     | 1471 +++++++++++++++++++
 .../join-correction/correction/red-node20.tap      |  260 ++++
 .../join-correction/correction/red-node22.json     | 1471 +++++++++++++++++++
 .../join-correction/correction/red-node22.tap      |   19 +
 .../join-correction/correction/run.py              |   34 +
 .../join-correction/intake.json                    |  230 +++
 .../join-correction/original-review/audit.py       |   62 +
 .../original-review/evidence-audit.json            |  122 ++
 .../original-review/first-focus-probe.mjs          |   13 +
 .../original-review/first-focus-probe.stderr       |    0
 .../original-review/first-focus-probe.stdout       |   35 +
 .../join-correction/original-review/path-pins.json | 1327 ++++++++++++++++++
 .../join-correction/original-review/review.json    |   96 ++
 .../join-correction/original-review/review.md      |   13 +
 .../parent/first-focus-probe-green.json            |   19 +
 .../parent/first-focus-probe-green.stderr          |    0
 .../parent/first-focus-probe-green.stdout          |   35 +
 .../join-correction/parent/parent-review.md        |    7 +
 game/test/about-navigation-host.test.mjs           |   51 +-
 site/about-navigation.mjs                          |    3 +
 43 files changed, 18737 insertions(+), 3 deletions(-)
 create mode 100644 docs/verification/cross-mode/about-navigation-v0614/join-correction/README.md
 create mode 100644 docs/verification/cross-mode/about-navigation-v0614/join-correction/correction/README.md
 create mode 100644 docs/verification/cross-mode/about-navigation-v0614/join-correction/correction/candidate-pins.json
 create mode 100644 docs/verification/cross-mode/about-navigation-v0614/join-correction/correction/candidate.patch
 create mode 100644 docs/verification/cross-mode/about-navigation-v0614/join-correction/correction/check.py
 create mode 100644 docs/verification/cross-mode/about-navigation-v0614/join-correction/correction/final-source-inputs.json
 create mode 100644 docs/verification/cross-mode/about-navigation-v0614/join-correction/correction/format-final.json
 create mode 100644 docs/verification/cross-mode/about-navigation-v0614/join-correction/correction/format-final.tap
 create mode 100644 docs/verification/cross-mode/about-navigation-v0614/join-correction/correction/green-node20.json
 create mode 100644 docs/verification/cross-mode/about-navigation-v0614/join-correction/correction/green-node20.tap
 create mode 100644 docs/verification/cross-mode/about-navigation-v0614/join-correction/correction/green-node22.json
 create mode 100644 docs/verification/cross-mode/about-navigation-v0614/join-correction/correction/green-node22.tap
 create mode 100644 docs/verification/cross-mode/about-navigation-v0614/join-correction/correction/initial-finding.json
 create mode 100644 docs/verification/cross-mode/about-navigation-v0614/join-correction/correction/initial-probe.stdout
 create mode 100644 docs/verification/cross-mode/about-navigation-v0614/join-correction/correction/lint-final.json
 create mode 100644 docs/verification/cross-mode/about-navigation-v0614/join-correction/correction/lint-final.tap
 create mode 100644 docs/verification/cross-mode/about-navigation-v0614/join-correction/correction/qualification.json
 create mode 100644 docs/verification/cross-mode/about-navigation-v0614/join-correction/correction/red-bounded-node20.json
 create mode 100644 docs/verification/cross-mode/about-navigation-v0614/join-correction/correction/red-bounded-node20.tap
 create mode 100644 docs/verification/cross-mode/about-navigation-v0614/join-correction/correction/red-bounded-node22.json
 create mode 100644 docs/verification/cross-mode/about-navigation-v0614/join-correction/correction/red-bounded-node22.tap
 create mode 100644 docs/verification/cross-mode/about-navigation-v0614/join-correction/correction/red-node20.json
 create mode 100644 docs/verification/cross-mode/about-navigation-v0614/join-correction/correction/red-node20.tap
 create mode 100644 docs/verification/cross-mode/about-navigation-v0614/join-correction/correction/red-node22.json
 create mode 100644 docs/verification/cross-mode/about-navigation-v0614/join-correction/correction/red-node22.tap
 create mode 100644 docs/verification/cross-mode/about-navigation-v0614/join-correction/correction/run.py
 create mode 100644 docs/verification/cross-mode/about-navigation-v0614/join-correction/intake.json
 create mode 100644 docs/verification/cross-mode/about-navigation-v0614/join-correction/original-review/audit.py
 create mode 100644 docs/verification/cross-mode/about-navigation-v0614/join-correction/original-review/evidence-audit.json
 create mode 100644 docs/verification/cross-mode/about-navigation-v0614/join-correction/original-review/first-focus-probe.mjs
 create mode 100644 docs/verification/cross-mode/about-navigation-v0614/join-correction/original-review/first-focus-probe.stderr
 create mode 100644 docs/verification/cross-mode/about-navigation-v0614/join-correction/original-review/first-focus-probe.stdout
 create mode 100644 docs/verification/cross-mode/about-navigation-v0614/join-correction/original-review/path-pins.json
 create mode 100644 docs/verification/cross-mode/about-navigation-v0614/join-correction/original-review/review.json
 create mode 100644 docs/verification/cross-mode/about-navigation-v0614/join-correction/original-review/review.md
 create mode 100644 docs/verification/cross-mode/about-navigation-v0614/join-correction/parent/first-focus-probe-green.json
 create mode 100644 docs/verification/cross-mode/about-navigation-v0614/join-correction/parent/first-focus-probe-green.stderr
 create mode 100644 docs/verification/cross-mode/about-navigation-v0614/join-correction/parent/first-focus-probe-green.stdout
 create mode 100644 docs/verification/cross-mode/about-navigation-v0614/join-correction/parent/parent-review.md
