TAP version 13
# node:internal/modules/esm/resolve:283
#     throw new ERR_MODULE_NOT_FOUND(
#           ^
# Error [ERR_MODULE_NOT_FOUND]: Cannot find module '/Users/oleksandr.mekhovov/work/my_projects/go_test/.cache/worktrees/soundtrack-v3-latest/authoring/library/revealline-original-soundtrack/build.mjs' imported from /Users/oleksandr.mekhovov/work/my_projects/go_test/.cache/worktrees/soundtrack-v3-latest/game/test/original-soundtrack-production.test.mjs
#     at finalizeResolution (node:internal/modules/esm/resolve:283:11)
#     at moduleResolve (node:internal/modules/esm/resolve:952:10)
#     at defaultResolve (node:internal/modules/esm/resolve:1188:11)
#     at ModuleLoader.defaultResolve (node:internal/modules/esm/loader:708:12)
#     at \#cachedDefaultResolve (node:internal/modules/esm/loader:657:25)
#     at ModuleLoader.resolve (node:internal/modules/esm/loader:640:38)
#     at ModuleLoader.getModuleJobForImport (node:internal/modules/esm/loader:264:38)
#     at ModuleJob._link (node:internal/modules/esm/module_job:168:49) {
#   code: 'ERR_MODULE_NOT_FOUND',
#   url: 'file:///Users/oleksandr.mekhovov/work/my_projects/go_test/.cache/worktrees/soundtrack-v3-latest/authoring/library/revealline-original-soundtrack/build.mjs'
# }
# Node.js v20.19.5
# Subtest: /Users/oleksandr.mekhovov/work/my_projects/go_test/.cache/worktrees/soundtrack-v3-latest/game/test/original-soundtrack-production.test.mjs
not ok 1 - /Users/oleksandr.mekhovov/work/my_projects/go_test/.cache/worktrees/soundtrack-v3-latest/game/test/original-soundtrack-production.test.mjs
  ---
  duration_ms: 94.382792
  location: '/Users/oleksandr.mekhovov/work/my_projects/go_test/.cache/worktrees/soundtrack-v3-latest/game/test/original-soundtrack-production.test.mjs:1:1'
  failureType: 'testCodeFailure'
  exitCode: 1
  signal: ~
  error: 'test failed'
  code: 'ERR_TEST_FAILURE'
  ...
# Subtest: v3 album addition preserves declared genres, role, energy and themes while retaining user tags
ok 2 - v3 album addition preserves declared genres, role, energy and themes while retaining user tags
  ---
  duration_ms: 31.819916
  ...
# Subtest: a first filename-bearing v3 album upgrades an empty v1 library and retains its original audio
ok 3 - a first filename-bearing v3 album upgrades an empty v1 library and retains its original audio
  ---
  duration_ms: 12.649959
  ...
# Subtest: modern album upgrade preserves populated legacy assignments, selection and explicit v2 listening settings
ok 4 - modern album upgrade preserves populated legacy assignments, selection and explicit v2 listening settings
  ---
  duration_ms: 16.477041
  ...
# Subtest: album union shares the actual picture/story staging budget and preserves all domains on refusal
ok 5 - album union shares the actual picture/story staging budget and preserves all domains on refusal
  ---
  duration_ms: 289.429833
  ...
# Subtest: album union preserves draft edits, selection and assignments; repeats are idempotent and original hashes deduplicate
ok 6 - album union preserves draft edits, selection and assignments; repeats are idempotent and original hashes deduplicate
  ---
  duration_ms: 23.456459
  ...
# Subtest: album conflicts, borrowed metadata and missing originals refuse before a draft can change
ok 7 - album conflicts, borrowed metadata and missing originals refuse before a draft can change
  ---
  duration_ms: 16.10475
  ...
# Subtest: complete union uses existing CAS and quota admission; failed save preserves previous album
ok 8 - complete union uses existing CAS and quota admission; failed save preserves previous album
  ---
  duration_ms: 14.909042
  ...
# Subtest: catalog rejects assignments, path escapes, invalid source URLs, duplicates and accessors without invoking them
ok 9 - catalog rejects assignments, path escapes, invalid source URLs, duplicates and accessors without invoking them
  ---
  duration_ms: 5.390584
  ...
# Subtest: download verifies actual framing and exact catalog identity with a captured version-local request
ok 10 - download verifies actual framing and exact catalog identity with a captured version-local request
  ---
  duration_ms: 307.508708
  ...
# Subtest: missing size headers cannot hide excess bytes; timeout cancels a stalled reader
ok 11 - missing size headers cannot hide excess bytes; timeout cancels a stalled reader
  ---
  duration_ms: 28.060875
  ...
# Subtest: cancelled native inspection joins its cleanup and cannot return a prepared album
ok 12 - cancelled native inspection joins its cleanup and cannot return a prepared album
  ---
  duration_ms: 6.23475
  ...
# Subtest: complete album admission refuses partial HTTP responses
ok 13 - complete album admission refuses partial HTTP responses
  ---
  duration_ms: 5.213875
  ...
# Subtest: cancel joins a deferred fetch and its deferred body cancellation before release
ok 14 - cancel joins a deferred fetch and its deferred body cancellation before release
  ---
  duration_ms: 3.898292
  ...
# Subtest: a noncooperative request has a finite cleanup refusal and its later body is still discarded
ok 15 - a noncooperative request has a finite cleanup refusal and its later body is still discarded
  ---
  duration_ms: 10.603042
  ...
# Subtest: catalogues support more than four albums and published original rights without admitting personal uploads
ok 16 - catalogues support more than four albums and published original rights without admitting personal uploads
  ---
  duration_ms: 105.468917
  ...
# Subtest: v2 album addition tags new songs without overwriting existing tags or losing installed catalogue bytes
ok 17 - v2 album addition tags new songs without overwriting existing tags or losing installed catalogue bytes
  ---
  duration_ms: 34.6695
  ...
# Subtest: only code-admitted archive inventory authorizes immutable objects; successful verification is reused
ok 18 - only code-admitted archive inventory authorizes immutable objects; successful verification is reused
  ---
  duration_ms: 21.09625
  ...
# Subtest: unknown archives, foreign owners, hashes, redirects and mismatched inventory facts cannot fetch objects
ok 19 - unknown archives, foreign owners, hashes, redirects and mismatched inventory facts cannot fetch objects
  ---
  duration_ms: 143.290958
  ...
# Subtest: inventory bounds prohibit duplicate objects, path aliases and archive budget overflow
ok 20 - inventory bounds prohibit duplicate objects, path aliases and archive budget overflow
  ---
  duration_ms: 0.819917
  ...
# Subtest: local originals work without an admitted network archive and cancellation cannot prime inventory authority
ok 21 - local originals work without an admitted network archive and cancellation cannot prime inventory authority
  ---
  duration_ms: 3.451125
  ...
# Subtest: trusted offload adopts historical installs and preserves edited metadata, IDs and explicit playlists
ok 22 - trusted offload adopts historical installs and preserves edited metadata, IDs and explicit playlists
  ---
  duration_ms: 214.025917
  ...
# Subtest: bonus pins stay finite and cannot confer network authority or relax ordinary upload ownership
ok 23 - bonus pins stay finite and cannot confer network authority or relax ordinary upload ownership
  ---
  duration_ms: 17.61475
  ...
# Subtest: offload retains exact bytes shared with another downloaded album and a separate personal upload
ok 24 - offload retains exact bytes shared with another downloaded album and a separate personal upload
  ---
  duration_ms: 60.336541
  ...
# Subtest: Download again restores only surviving declared IDs without resurrecting deleted tracks or overwriting edits
ok 25 - Download again restores only surviving declared IDs without resurrecting deleted tracks or overwriting edits
  ---
  duration_ms: 40.883958
  ...
# Subtest: complete backups require every offloaded bonus original and restore all pins downloaded
ok 26 - complete backups require every offloaded bonus original and restore all pins downloaded
  ---
  duration_ms: 146.552292
  ...
# Subtest: DB5 offload and restoration use atomic generations, shared budget and rollback without changing playlist references
ok 27 - DB5 offload and restoration use atomic generations, shared budget and rollback without changing playlist references
  ---
  duration_ms: 62.14575
  ...
# Subtest: selected creator shares keep only relevant bonus pins and additive partial restores do not discard siblings
ok 28 - selected creator shares keep only relevant bonus pins and additive partial restores do not discard siblings
  ---
  duration_ms: 34.677791
  ...
# Subtest: additional styles have distinct queues and mixes preserve explicit former genre choices
ok 29 - additional styles have distinct queues and mixes preserve explicit former genre choices
  ---
  duration_ms: 45.173458
  ...
# Subtest: historical procedural identities retain their real rock, chiptune and ambient categories
ok 30 - historical procedural identities retain their real rock, chiptune and ambient categories
  ---
  duration_ms: 0.285917
  ...
# Subtest: UA-FPV remains a dedicated selectable collection and participates in Ukrainian and mixed queues
ok 31 - UA-FPV remains a dedicated selectable collection and participates in Ukrainian and mixed queues
  ---
  duration_ms: 2.321042
  ...
# Subtest: catalogue library v3 is opt-in and migration owns metadata without changing any legacy IDs or capacity
ok 32 - catalogue library v3 is opt-in and migration owns metadata without changing any legacy IDs or capacity
  ---
  duration_ms: 228.620042
  ...
# Subtest: catalogue pins validate identity, role, provenance and confined paths without reading accessors
ok 33 - catalogue pins validate identity, role, provenance and confined paths without reading accessors
  ---
  duration_ms: 5.917041
  ...
# Subtest: scene, genres, fusion, uploaded tags and explicit playlists resolve independently of simulation
ok 34 - scene, genres, fusion, uploaded tags and explicit playlists resolve independently of simulation
  ---
  duration_ms: 19.567667
  ...
# Subtest: automatic theme preference chooses among scene-eligible recordings without suppressing available menu music
ok 35 - automatic theme preference chooses among scene-eligible recordings without suppressing available menu music
  ---
  duration_ms: 5.19375
  ...
# Subtest: unavailable Ukrainian and fusion styles stay empty; installed-only never discards catalogue pins
ok 36 - unavailable Ukrainian and fusion styles stay empty; installed-only never discards catalogue pins
  ---
  duration_ms: 7.941958
  ...
# Subtest: unavailable My Mix and explicit offline playlists never substitute unrelated families
ok 37 - unavailable My Mix and explicit offline playlists never substitute unrelated families
  ---
  duration_ms: 1.368709
  ...
# Subtest: v2 generated playlists repeat with shuffle and avoid boundary repetition while old and custom ordering stays intact
ok 38 - v2 generated playlists repeat with shuffle and avoid boundary repetition while old and custom ordering stays intact
  ---
  duration_ms: 4.852334
  ...
# Subtest: streamable catalogue pins do not require installed originals, but upload and installed ownership do
ok 39 - streamable catalogue pins do not require installed originals, but upload and installed ownership do
  ---
  duration_ms: 170.089416
  ...
# Subtest: complete v2 backup installs all pinned originals on restore and still imports unchanged v1
ok 40 - complete v2 backup installs all pinned originals on restore and still imports unchanged v1
  ---
  duration_ms: 29.5465
  ...
# Subtest: DB5 upgrade preserves v1 row and originals until explicit Save and rejects old-version readers
ok 41 - DB5 upgrade preserves v1 row and originals until explicit Save and rejects old-version readers
  ---
  duration_ms: 11.475666
  ...
# Subtest: v2 commits require explicit DB5 and storage-only catalogue removal keeps mixed playlist references
ok 42 - v2 commits require explicit DB5 and storage-only catalogue removal keeps mixed playlist references
  ---
  duration_ms: 205.938167
  ...
# Subtest: DB5 generation and shared staging budget refusals keep catalogue, uploads and other domains intact
ok 43 - DB5 generation and shared staging budget refusals keep catalogue, uploads and other domains intact
  ---
  duration_ms: 20.36625
  ...
# Subtest: catalogue rejects conflicting facts for one recording and v2 backup rejects omitted originals
ok 44 - catalogue rejects conflicting facts for one recording and v2 backup rejects omitted originals
  ---
  duration_ms: 2.3545
  ...
# Subtest: offloading catalogue aliases never reclaims the same original owned by an upload
ok 45 - offloading catalogue aliases never reclaims the same original owned by an upload
  ---
  duration_ms: 11.619291
  ...
# Subtest: a native transaction failure rolls back new catalogue originals and metadata together
ok 46 - a native transaction failure rolls back new catalogue originals and metadata together
  ---
  duration_ms: 16.895042
  ...
# Subtest: temporary leases attenuate synth without restarting or changing saved controls
ok 47 - temporary leases attenuate synth without restarting or changing saved controls
  ---
  duration_ms: 10.144625
  ...
# Subtest: temporary leases attenuate MP3 without restarting or changing saved controls
ok 48 - temporary leases attenuate MP3 without restarting or changing saved controls
  ---
  duration_ms: 11.377917
  ...
# Subtest: volume edits, zero volume and paused listening intent survive lease release
ok 49 - volume edits, zero volume and paused listening intent survive lease release
  ---
  duration_ms: 6.223166
  ...
# Subtest: an idle lease neither enables audio nor changes explicit mute/master state
ok 50 - an idle lease neither enables audio nor changes explicit mute/master state
  ---
  duration_ms: 1.388041
  ...
# Subtest: lease changes during asynchronous original acquisition use the latest mix once playback begins
ok 51 - lease changes during asynchronous original acquisition use the latest mix once playback begins
  ---
  duration_ms: 5.786333
  ...
# Subtest: lease release composes with an in-flight fade and stays correct on the next track
ok 52 - lease release composes with an in-flight fade and stays correct on the next track
  ---
  duration_ms: 48.793
  ...
# Subtest: suspension and lease cleanup never resume playback or lose the surviving owner
ok 53 - suspension and lease cleanup never resume playback or lose the surviving owner
  ---
  duration_ms: 4.491167
  ...
# Subtest: player disposal clears only this player’s leases and late releases are terminal no-ops
ok 54 - player disposal clears only this player’s leases and late releases are terminal no-ops
  ---
  duration_ms: 2.475791
  ...
# Subtest: invalid factors and failed mixer acquisition do not leave hidden attenuation
ok 55 - invalid factors and failed mixer acquisition do not leave hidden attenuation
  ---
  duration_ms: 0.713959
  ...
# Subtest: reentrant disposal during mixer allocation cannot publish a surviving lease
ok 56 - reentrant disposal during mixer allocation cannot publish a surviving lease
  ---
  duration_ms: 0.3315
  ...
# Subtest: Settings music text follows master immediately and remains coherent after transport notifications
ok 57 - Settings music text follows master immediately and remains coherent after transport notifications
  ---
  duration_ms: 2606.7835
  ...
# Subtest: late Settings Play cancellation cannot replace a newer Library Pause label
ok 58 - late Settings Play cancellation cannot replace a newer Library Pause label
  ---
  duration_ms: 1154.819791
  ...
# Subtest: blocked Settings Play feedback survives master edits until a real transport retry
ok 59 - blocked Settings Play feedback survives master edits until a real transport retry
  ---
  duration_ms: 1137.79425
  ...
# Subtest: actual Settings → Studio uses stored MP3 selection, Next/Pause/Play and returns to a paused flight
ok 60 - actual Settings → Studio uses stored MP3 selection, Next/Pause/Play and returns to a paused flight
  ---
  duration_ms: 4079.913625
  ...
# Subtest: actual MP3 keeps its stream and position through menus, a real victory, results, next level and collection
ok 61 - actual MP3 keeps its stream and position through menus, a real victory, results, next level and collection
  ---
  duration_ms: 24098.629542
  ...
# Subtest: actual master, music and SFX controls remain independent and the studio fader persists to game settings
ok 62 - actual master, music and SFX controls remain independent and the studio fader persists to game settings
  ---
  duration_ms: 760.376625
  ...
# Subtest: Studio master controls preserve a paused MP3 and persist the shared setting without advancing flight
ok 63 - Studio master controls preserve a paused MP3 and persist the shared setting without advancing flight
  ---
  duration_ms: 576.428208
  ...
# Subtest: actual hide/focus restores listening on the same stream while flight stays paused until explicit Resume
ok 64 - actual hide/focus restores listening on the same stream while flight stays paused until explicit Resume
  ---
  duration_ms: 1609.620833
  ...
# Subtest: missing file-audio API disables Studio and leaves the original synth fallback usable
ok 65 - missing file-audio API disables Studio and leaves the original synth fallback usable
  ---
  duration_ms: 371.234375
  ...
# Subtest: actual audition hide/focus releases the preview and restores prior MP3 listening without resuming flight
ok 66 - actual audition hide/focus releases the preview and restores prior MP3 listening without resuming flight
  ---
  duration_ms: 676.573
  ...
# Subtest: a visible back/forward-cache pageshow restores music without requiring an extra focus event or resuming flight
ok 67 - a visible back/forward-cache pageshow restores music without requiring an extra focus event or resuming flight
  ---
  duration_ms: 1211.313541
  ...
# Subtest: actual Studio prepares without downloading; controller, keyboard and touch request its retained link without resuming flight
ok 68 - actual Studio prepares without downloading; controller, keyboard and touch request its retained link without resuming flight
  ---
  duration_ms: 3026.480334
  ...
# Subtest: closing Studio during pending Play respects play with saved audio disabled when flight starts
ok 69 - closing Studio during pending Play respects play with saved audio disabled when flight starts
  ---
  duration_ms: 688.004375
  ...
# Subtest: closing Studio during pending Play respects pause with saved audio disabled when flight starts
ok 70 - closing Studio during pending Play respects pause with saved audio disabled when flight starts
  ---
  duration_ms: 709.073875
  ...
# Subtest: closing Studio during pending Play respects pause with saved audio enabled when flight starts
ok 71 - closing Studio during pending Play respects pause with saved audio enabled when flight starts
  ---
  duration_ms: 805.129542
  ...
# Subtest: closing Studio during pending Play respects mute with saved audio enabled when flight starts
ok 72 - closing Studio during pending Play respects mute with saved audio enabled when flight starts
  ---
  duration_ms: 739.165583
  ...
# Subtest: a Studio 13% master commit remains exactly 13% in native-sanitized Settings and on reopening
ok 73 - a Studio 13% master commit remains exactly 13% in native-sanitized Settings and on reopening
  ---
  duration_ms: 2412.459333
  ...
# Subtest: changing-name master commands expose their next action without a toggle state or transport side effect
ok 74 - changing-name master commands expose their next action without a toggle state or transport side effect
  ---
  duration_ms: 1250.276583
  ...
# Subtest: actual Solo Settings and Studio input-and-change keyboard range edits persist through close/reopen without playback or flight advance
ok 75 - actual Solo Settings and Studio input-and-change keyboard range edits persist through close/reopen without playback or flight advance
  ---
  duration_ms: 1231.122583
  ...
# Subtest: actual Solo Settings and Studio change-only assistive range edits persist through close/reopen without playback or flight advance
ok 76 - actual Solo Settings and Studio change-only assistive range edits persist through close/reopen without playback or flight advance
  ---
  duration_ms: 1897.583958
  ...
# Subtest: MP3 master gain composes once with independent music leases without transport or library changes
ok 77 - MP3 master gain composes once with independent music leases without transport or library changes
  ---
  duration_ms: 50.851584
  ...
# Subtest: master changes during original acquisition govern eventual playback without overriding desired
ok 78 - master changes during original acquisition govern eventual playback without overriding desired
  ---
  duration_ms: 6.0215
  ...
# Subtest: deferred native Play after mute stays silent and cannot restart explicitly paused music
ok 79 - deferred native Play after mute stays silent and cannot restart explicitly paused music
  ---
  duration_ms: 4.392041
  ...
# Subtest: master unmute and lease cleanup cannot clear lifecycle suspension or disposed media ownership
ok 80 - master unmute and lease cleanup cannot clear lifecycle suspension or disposed media ownership
  ---
  duration_ms: 48.109833
  ...
# node:internal/modules/esm/resolve:283
#     throw new ERR_MODULE_NOT_FOUND(
#           ^
# Error [ERR_MODULE_NOT_FOUND]: Cannot find module '/Users/oleksandr.mekhovov/work/my_projects/go_test/.cache/worktrees/soundtrack-v3-latest/authoring/library/revealline-original-soundtrack/build.mjs' imported from /Users/oleksandr.mekhovov/work/my_projects/go_test/.cache/worktrees/soundtrack-v3-latest/game/test/soundtrack-original-flac-production.test.mjs
#     at finalizeResolution (node:internal/modules/esm/resolve:283:11)
#     at moduleResolve (node:internal/modules/esm/resolve:952:10)
#     at defaultResolve (node:internal/modules/esm/resolve:1188:11)
#     at ModuleLoader.defaultResolve (node:internal/modules/esm/loader:708:12)
#     at \#cachedDefaultResolve (node:internal/modules/esm/loader:657:25)
#     at ModuleLoader.resolve (node:internal/modules/esm/loader:640:38)
#     at ModuleLoader.getModuleJobForImport (node:internal/modules/esm/loader:264:38)
#     at ModuleJob._link (node:internal/modules/esm/module_job:168:49) {
#   code: 'ERR_MODULE_NOT_FOUND',
#   url: 'file:///Users/oleksandr.mekhovov/work/my_projects/go_test/.cache/worktrees/soundtrack-v3-latest/authoring/library/revealline-original-soundtrack/build.mjs'
# }
# Node.js v20.19.5
# Subtest: /Users/oleksandr.mekhovov/work/my_projects/go_test/.cache/worktrees/soundtrack-v3-latest/game/test/soundtrack-original-flac-production.test.mjs
not ok 10 - /Users/oleksandr.mekhovov/work/my_projects/go_test/.cache/worktrees/soundtrack-v3-latest/game/test/soundtrack-original-flac-production.test.mjs
  ---
  duration_ms: 126.701541
  location: '/Users/oleksandr.mekhovov/work/my_projects/go_test/.cache/worktrees/soundtrack-v3-latest/game/test/soundtrack-original-flac-production.test.mjs:1:1'
  failureType: 'testCodeFailure'
  exitCode: 1
  signal: ~
  error: 'test failed'
  code: 'ERR_TEST_FAILURE'
  ...
# Subtest: shared master immediately governs audition output while retaining local volume and transport
ok 82 - shared master immediately governs audition output while retaining local volume and transport
  ---
  duration_ms: 31.041959
  ...
# Subtest: master controls remain available during loading and host save failure does not veto session mute
ok 83 - master controls remain available during loading and host save failure does not veto session mute
  ---
  duration_ms: 1.874875
  ...
# Subtest: late audition and music Play completion cannot invoke the legacy master-enable callback
ok 84 - late audition and music Play completion cannot invoke the legacy master-enable callback
  ---
  duration_ms: 7.988166
  ...
# Subtest: first Studio read restores displaced Close focus after successful loading
ok 85 - first Studio read restores displaced Close focus after successful loading
  ---
  duration_ms: 156.631708
  ...
# Subtest: first Studio read restores displaced Close focus after a reported storage failure
ok 86 - first Studio read restores displaced Close focus after a reported storage failure
  ---
  duration_ms: 1.17125
  ...
# Subtest: first Studio read preserves a deliberate transport focus chosen while loading
ok 87 - first Studio read preserves a deliberate transport focus chosen while loading
  ---
  duration_ms: 3.075917
  ...
# Subtest: first Studio read relinquishes restoration after a later focus choice even if it blurs
ok 88 - first Studio read relinquishes restoration after a later focus choice even if it blurs
  ---
  duration_ms: 3.576375
  ...
# Subtest: first Studio read does not refocus a dialog closed externally during loading
ok 89 - first Studio read does not refocus a dialog closed externally during loading
  ---
  duration_ms: 1.494959
  ...
# Subtest: first Studio read does not refocus a disposed panel when its pending read settles
ok 90 - first Studio read does not refocus a disposed panel when its pending read settles
  ---
  duration_ms: 7.107667
  ...
# Subtest: first Studio read does not pull focus into a hidden document
ok 91 - first Studio read does not pull focus into a hidden document
  ---
  duration_ms: 1.204375
  ...
# Subtest: cached Studio reopening focuses Close without a second store read
ok 92 - cached Studio reopening focuses Close without a second store read
  ---
  duration_ms: 2.490875
  ...
# Subtest: first Studio read restores Close when disabling blurs later during success
ok 93 - first Studio read restores Close when disabling blurs later during success
  ---
  duration_ms: 3.025041
  ...
# Subtest: first Studio read restores Close when disabling blurs later during failure
ok 94 - first Studio read restores Close when disabling blurs later during failure
  ---
  duration_ms: 0.858167
  ...
# Subtest: late first-read blur does not override a later deliberate focus choice that also blurs
ok 95 - late first-read blur does not override a later deliberate focus choice that also blurs
  ---
  duration_ms: 0.879458
  ...
# Subtest: real MP3 batch import is a draft; one atomic save stores originals and metadata without restarting transport
ok 96 - real MP3 batch import is a draft; one atomic save stores originals and metadata without restarting transport
  ---
  duration_ms: 91.773666
  ...
# Subtest: a failing second file discards the whole batch while preserving an earlier unsaved draft
ok 97 - a failing second file discards the whole batch while preserving an earlier unsaved draft
  ---
  duration_ms: 30.59875
  ...
# Subtest: clone built-in playlist, mix MP3, move entries, configure shuffle and exact map assignment
ok 98 - clone built-in playlist, mix MP3, move entries, configure shuffle and exact map assignment
  ---
  duration_ms: 16.462125
  ...
# Subtest: removal checks playlist references and refuses deleting a playlist last entry
ok 99 - removal checks playlist references and refuses deleting a playlist last entry
  ---
  duration_ms: 146.404834
  ...
# Subtest: binary download and replacement draft preserve exact original audio; Undo cancels replacement
ok 100 - binary download and replacement draft preserve exact original audio; Undo cancels replacement
  ---
  duration_ms: 50.545167
  ...
# Subtest: concurrent writer conflict preserves a draft and never silently overwrites newer saved state
ok 101 - concurrent writer conflict preserves a draft and never silently overwrites newer saved state
  ---
  duration_ms: 6.771542
  ...
# Subtest: cancellation during the browser probe leaves saved bytes and draft untouched
ok 102 - cancellation during the browser probe leaves saved bytes and draft untouched
  ---
  duration_ms: 4.999958
  ...
# Subtest: MP3 audition pauses only music and restores previous intent; manual music playback ends the audition
ok 103 - MP3 audition pauses only music and restores previous intent; manual music playback ends the audition
  ---
  duration_ms: 4.663167
  ...
# Subtest: transport seeking and music volume use the public player API, while unavailable storage can retry
ok 104 - transport seeking and music volume use the public player API, while unavailable storage can retry
  ---
  duration_ms: 1.726375
  ...
# Subtest: cancel arriving after the native commit reports the completed save, never a false rollback
ok 105 - cancel arriving after the native commit reports the completed save, never a false rollback
  ---
  duration_ms: 8.832875
  ...
# Subtest: shared managed-media budget failure retains the old library and a recoverable unsaved draft
ok 106 - shared managed-media budget failure retains the old library and a recoverable unsaved draft
  ---
  duration_ms: 5.097417
  ...
# Subtest: a post-commit host refresh failure stays visible and does not falsely report an unsaved library
ok 107 - a post-commit host refresh failure stays visible and does not falsely report an unsaved library
  ---
  duration_ms: 28.883166
  ...
# Subtest: user transport, volume and successful audition notify host persistence; periodic updates do not
ok 108 - user transport, volume and successful audition notify host persistence; periodic updates do not
  ---
  duration_ms: 201.46075
  ...
# Subtest: hiding during audition restores remembered intent without starting hidden-page audio
ok 109 - hiding during audition restores remembered intent without starting hidden-page audio
  ---
  duration_ms: 20.623958
  ...
# Subtest: beforeAudio is an explicit activation hook, never called from ordinary studio rendering
ok 110 - beforeAudio is an explicit activation hook, never called from ordinary studio rendering
  ---
  duration_ms: 17.458625
  ...
# Subtest: New playlist uses the visibly selected library track rather than the separate append-track picker
ok 111 - New playlist uses the visibly selected library track rather than the separate append-track picker
  ---
  duration_ms: 23.873875
  ...
# Subtest: ordinary audition transport controls pause/resume, seek and change only audition volume without rewriting music intent
ok 112 - ordinary audition transport controls pause/resume, seek and change only audition volume without rewriting music intent
  ---
  duration_ms: 6.824083
  ...
# Subtest: preparing a visible native link is read-only and retains exact saved bytes for explicit retry
ok 113 - preparing a visible native link is read-only and retains exact saved bytes for explicit retry
  ---
  duration_ms: 88.727917
  ...
# Subtest: prepared download participates in local keyboard focus and discard never changes saved music
ok 114 - prepared download participates in local keyboard focus and discard never changes saved music
  ---
  duration_ms: 2.678917
  ...
# Subtest: adopted draft edits, Undo, import, save and reload invalidate a prepared copy without auto-downloading
ok 115 - adopted draft edits, Undo, import, save and reload invalidate a prepared copy without auto-downloading
  ---
  duration_ms: 84.418583
  ...
# Subtest: cancellation and disposal during real binary preparation cannot expose a late download
ok 116 - cancellation and disposal during real binary preparation cannot expose a late download
  ---
  duration_ms: 18.162333
  ...
# Subtest: native adapter receives prepared bytes synchronously on explicit activation and can retry a refusal
ok 117 - native adapter receives prepared bytes synchronously on explicit activation and can retry a refusal
  ---
  duration_ms: 153.914041
  ...
# Subtest: preparation announcements stay separate from the changing music clock
ok 118 - preparation announcements stay separate from the changing music clock
  ---
  duration_ms: 2.4055
  ...
# Subtest: pending audition visibly prepares and late playback cannot repopulate a closed/reopened panel
ok 119 - pending audition visibly prepares and late playback cannot repopulate a closed/reopened panel
  ---
  duration_ms: 21.606625
  ...
# Subtest: pending audition exposes feedback and Finish before playback settles (resolve)
ok 120 - pending audition exposes feedback and Finish before playback settles (resolve)
  ---
  duration_ms: 4.926416
  ...
# Subtest: pending audition exposes feedback and Finish before playback settles (reject)
ok 121 - pending audition exposes feedback and Finish before playback settles (reject)
  ---
  duration_ms: 6.159833
  ...
# Subtest: file picker cancellation preserves the Music draft and probe; dialog Escape retains its cancellation policy
ok 122 - file picker cancellation preserves the Music draft and probe; dialog Escape retains its cancellation policy
  ---
  duration_ms: 14.852583
  ...
# Subtest: shared master during pending audition keeps P01 Finish and retired intent (Finish/resolve)
ok 123 - shared master during pending audition keeps P01 Finish and retired intent (Finish/resolve)
  ---
  duration_ms: 3.062625
  ...
# Subtest: shared master during pending audition keeps P01 Finish and retired intent (Close/resolve)
ok 124 - shared master during pending audition keeps P01 Finish and retired intent (Close/resolve)
  ---
  duration_ms: 5.006709
  ...
# Subtest: shared master during pending audition keeps P01 Finish and retired intent (hidden/resolve)
ok 125 - shared master during pending audition keeps P01 Finish and retired intent (hidden/resolve)
  ---
  duration_ms: 2.97225
  ...
# Subtest: shared master during pending audition keeps P01 Finish and retired intent (dispose/resolve)
ok 126 - shared master during pending audition keeps P01 Finish and retired intent (dispose/resolve)
  ---
  duration_ms: 6.623291
  ...
# Subtest: shared master during pending audition keeps P01 Finish and retired intent (Finish/reject)
ok 127 - shared master during pending audition keeps P01 Finish and retired intent (Finish/reject)
  ---
  duration_ms: 7.372209
  ...
# Subtest: shared master during pending audition keeps P01 Finish and retired intent (Close/reject)
ok 128 - shared master during pending audition keeps P01 Finish and retired intent (Close/reject)
  ---
  duration_ms: 5.468166
  ...
# Subtest: shared master during pending audition keeps P01 Finish and retired intent (hidden/reject)
ok 129 - shared master during pending audition keeps P01 Finish and retired intent (hidden/reject)
  ---
  duration_ms: 3.37025
  ...
# Subtest: shared master during pending audition keeps P01 Finish and retired intent (dispose/reject)
ok 130 - shared master during pending audition keeps P01 Finish and retired intent (dispose/reject)
  ---
  duration_ms: 2.475458
  ...
# Subtest: a host adoption hook owns metadata installation before panel notification
ok 131 - a host adoption hook owns metadata installation before panel notification
  ---
  duration_ms: 3.346958
  ...
# Subtest: failed reload adoption retains the existing unsaved draft and player state
ok 132 - failed reload adoption retains the existing unsaved draft and player state
  ---
  duration_ms: 1.526458
  ...
# Subtest: post-commit adoption failure records the durable save and blocks Save & use follow-on selection
ok 133 - post-commit adoption failure records the durable save and blocks Save & use follow-on selection
  ---
  duration_ms: 4.19575
  ...
# Subtest: post-commit listening adoption failure preserves audition and cannot change the stale player
ok 134 - post-commit listening adoption failure preserves audition and cannot change the stale player
  ---
  duration_ms: 18.939459
  ...
# Subtest: explicit panel Play/Pause route through the session while audition holds stay temporary
ok 135 - explicit panel Play/Pause route through the session while audition holds stay temporary
  ---
  duration_ms: 143.895875
  ...
# Subtest: a disposed panel does not adopt a committed library or call the host afterward
ok 136 - a disposed panel does not adopt a committed library or call the host afterward
  ---
  duration_ms: 2.053667
  ...
# Subtest: the supported panel handle exposes its exact modal and lifetime for host input ownership
ok 137 - the supported panel handle exposes its exact modal and lifetime for host input ownership
  ---
  duration_ms: 0.861875
  ...
# Subtest: an asynchronous adoption rejection is awaited and cannot report a successful refresh
ok 138 - an asynchronous adoption rejection is awaited and cannot report a successful refresh
  ---
  duration_ms: 6.007833
  ...
# Subtest: the real Couch owner/session compose with panel save, audition and explicit Pause
ok 139 - the real Couch owner/session compose with panel save, audition and explicit Pause
  ---
  duration_ms: 32.973959
  ...
# Subtest: closing to a connected opener still notifies the host exactly once
ok 140 - closing to a connected opener still notifies the host exactly once
  ---
  duration_ms: 1.865709
  ...
# Subtest: repeated Open retains its original opener and does not create another modal visit
ok 141 - repeated Open retains its original opener and does not create another modal visit
  ---
  duration_ms: 0.873958
  ...
# Subtest: host focus ownership and hidden-page checks prevent stale opener restoration
ok 142 - host focus ownership and hidden-page checks prevent stale opener restoration
  ---
  duration_ms: 3.575917
  ...
# Subtest: explicit terminal close retires auditions without restoring music or opener focus
ok 143 - explicit terminal close retires auditions without restoring music or opener focus
  ---
  duration_ms: 4.362292
  ...
# Subtest: library task retains a keyboard owner after disabling its action (saved)
ok 144 - library task retains a keyboard owner after disabling its action (saved)
  ---
  duration_ms: 4.512459
  ...
# Subtest: library task retains a keyboard owner after disabling its action (reload)
ok 145 - library task retains a keyboard owner after disabling its action (reload)
  ---
  duration_ms: 1.392375
  ...
# Subtest: library task retains a keyboard owner after disabling its action (newer focus)
ok 146 - library task retains a keyboard owner after disabling its action (newer focus)
  ---
  duration_ms: 5.929708
  ...
# Subtest: library task retains a keyboard owner after disabling its action (hidden)
ok 147 - library task retains a keyboard owner after disabling its action (hidden)
  ---
  duration_ms: 1.602666
  ...
# Subtest: optional album additions preserve applied and unapplied drafts, playlist choice and playing transport
ok 148 - optional album additions preserve applied and unapplied drafts, playlist choice and playing transport
  ---
  duration_ms: 209.300792
  ...
# Subtest: cancelled album download preserves an earlier draft and typed editor fields
ok 149 - cancelled album download preserves an earlier draft and typed editor fields
  ---
  duration_ms: 18.031
  ...
# Subtest: album completion restores owned disabled-control focus and respects deliberate navigation
ok 150 - album completion restores owned disabled-control focus and respects deliberate navigation
  ---
  duration_ms: 22.597917
  ...
# Subtest: bonus album offload, undo and explicit download retain edited metadata, playlists and selection
ok 151 - bonus album offload, undo and explicit download retain edited metadata, playlists and selection
  ---
  duration_ms: 203.896042
  ...
# Subtest: bonus offload retains exact audio bytes still required by a separate personal upload
ok 152 - bonus offload retains exact audio bytes still required by a separate personal upload
  ---
  duration_ms: 137.046916
  ...
# Subtest: partially restored creator shares expose remaining offline audio and can be offloaded again
ok 153 - partially restored creator shares expose remaining offline audio and can be offloaded again
  ---
  duration_ms: 153.384625
  ...
# Subtest: cancelled bonus re-download retains the offloaded save and unapplied editor values
ok 154 - cancelled bonus re-download retains the offloaded save and unapplied editor values
  ---
  duration_ms: 32.739375
  ...
# Subtest: bonus offload save respects a newer writer and leaves saved bytes intact
ok 155 - bonus offload save respects a newer writer and leaves saved bytes intact
  ---
  duration_ms: 70.808167
  ...
# Subtest: removing a bonus track from a draft also removes its obsolete album pin
ok 156 - removing a bonus track from a draft also removes its obsolete album pin
  ---
  duration_ms: 31.268042
  ...
# Subtest: genre controls persist the actual checkbox selection without resuming intentional music pause
ok 157 - genre controls persist the actual checkbox selection without resuming intentional music pause
  ---
  duration_ms: 3.742417
  ...
# Subtest: additional genre choices save a specific style or selected cross-style mix without autoplay
ok 158 - additional genre choices save a specific style or selected cross-style mix without autoplay
  ---
  duration_ms: 125.834417
  ...
# Subtest: catalogue volume download and removal preserve playlists and original upload bytes
ok 159 - catalogue volume download and removal preserve playlists and original upload bytes
  ---
  duration_ms: 99.51025
  ...
# Subtest: creator tags and selected-playlist export preserve original bytes and additive import retains choices
ok 160 - creator tags and selected-playlist export preserve original bytes and additive import retains choices
  ---
  duration_ms: 34.372375
  ...
# Subtest: unclassified uploads retain scene, energy and world tags after saving and reloading
ok 161 - unclassified uploads retain scene, energy and world tags after saving and reloading
  ---
  duration_ms: 17.192583
  ...
# Subtest: album browsing retains unapplied music tags and genre checkbox edits
ok 162 - album browsing retains unapplied music tags and genre checkbox edits
  ---
  duration_ms: 139.096792
  ...
# Subtest: uninstalled trusted catalogue tracks show online availability and can be auditioned
ok 163 - uninstalled trusted catalogue tracks show online availability and can be auditioned
  ---
  duration_ms: 10.80975
  ...
# Subtest: oversized complete catalogue backup is refused before any original download
ok 164 - oversized complete catalogue backup is refused before any original download
  ---
  duration_ms: 242.265375
  ...
# Subtest: v3 restricted music exposes source and recovery notice without exporting its audio
ok 165 - v3 restricted music exposes source and recovery notice without exporting its audio
  ---
  duration_ms: 116.159333
  ...
# Subtest: recovery UI explains offline storage denied without requesting redistributable audio
ok 166 - recovery UI explains offline storage denied without requesting redistributable audio
  ---
  duration_ms: 49.58975
  ...
# Subtest: recovery UI explains offline storage unknown without requesting redistributable audio
ok 167 - recovery UI explains offline storage unknown without requesting redistributable audio
  ---
  duration_ms: 36.440333
  ...
# Subtest: restored reference-only UA-FPV music can install when offline rights allow it and remains excluded from export
ok 168 - restored reference-only UA-FPV music can install when offline rights allow it and remains excluded from export
  ---
  duration_ms: 107.248333
  ...
# Subtest: original MP3 download is explicit and preserves exact bytes
ok 169 - original MP3 download is explicit and preserves exact bytes
  ---
  duration_ms: 12.277167
  ...
# Subtest: cached restricted recordings cannot audition through either UI or direct handler
ok 170 - cached restricted recordings cannot audition through either UI or direct handler
  ---
  duration_ms: 51.209708
  ...
# Subtest: opening a legacy saved library preserves the shipped catalogue in player and host adoption
ok 171 - opening a legacy saved library preserves the shipped catalogue in player and host adoption
  ---
  duration_ms: 41.130667
  ...
# Subtest: transport settling refuses a predicate that never becomes ready
ok 172 - transport settling refuses a predicate that never becomes ready
  ---
  duration_ms: 24.433083
  ...
# Subtest: transport construction/settings/selection stay silent until explicit Play
ok 173 - transport construction/settings/selection stay silent until explicit Play
  ---
  duration_ms: 7.60475
  ...
# Subtest: preparing a local MP3 keeps playback silent, then a gesture wake starts it before context resume settles
ok 174 - preparing a local MP3 keeps playback silent, then a gesture wake starts it before context resume settles
  ---
  duration_ms: 5.029958
  ...
# Subtest: synth song boundary signals once at actual audio deadline and does not schedule the next song early
ok 175 - synth song boundary signals once at actual audio deadline and does not schedule the next song early
  ---
  duration_ms: 1.142042
  ...
# Subtest: music-only pause freezes position while gameplay SFX remain available; full lifecycle suspends both
ok 176 - music-only pause freezes position while gameplay SFX remain available; full lifecycle suspends both
  ---
  duration_ms: 3.479375
  ...
# Subtest: ordered mixed queue advances synth→MP3→end without another element or album decode
ok 177 - ordered mixed queue advances synth→MP3→end without another element or album decode
  ---
  duration_ms: 4.80575
  ...
# Subtest: repeat-one repeats only on natural end, while Next explicitly advances
ok 178 - repeat-one repeats only on natural end, while Next explicitly advances
  ---
  duration_ms: 159.225791
  ...
# Subtest: authored game music is the automatic fallback and changes only at a song boundary
ok 179 - authored game music is the automatic fallback and changes only at a song boundary
  ---
  duration_ms: 6.357167
  ...
# Subtest: scope assignments beat authored fallback and context updates wait for current song
ok 180 - scope assignments beat authored fallback and context updates wait for current song
  ---
  duration_ms: 4.287417
  ...
# Subtest: library metadata edits preserve current owned MP3 and object URL until natural boundary
ok 181 - library metadata edits preserve current owned MP3 and object URL until natural boundary
  ---
  duration_ms: 9.605
  ...
# Subtest: paused MP3 resumes the same URL/position and its ended handler remains active
ok 182 - paused MP3 resumes the same URL/position and its ended handler remains active
  ---
  duration_ms: 10.796708
  ...
# Subtest: one broken original is skipped once and a finite builtin fallback remains observable
ok 183 - one broken original is skipped once and a finite builtin fallback remains observable
  ---
  duration_ms: 1.605709
  ...
# Subtest: autoplay denial is observable, preserves current track, and requires another explicit Play
ok 184 - autoplay denial is observable, preserves current track, and requires another explicit Play
  ---
  duration_ms: 4.723417
  ...
# Subtest: a stale pending asset load cannot publish audio after explicit selection or disposal
ok 185 - a stale pending asset load cannot publish audio after explicit selection or disposal
  ---
  duration_ms: 2.816583
  ...
# Subtest: volume owns the music fader only, combines with master for MP3, and preserves SFX volume
ok 186 - volume owns the music fader only, combines with master for MP3, and preserves SFX volume
  ---
  duration_ms: 1.920625
  ...
# Subtest: seeking a paused synth before creating audio is retained for its first permitted playback
ok 187 - seeking a paused synth before creating audio is retained for its first permitted playback
  ---
  duration_ms: 2.597458
  ...
# Subtest: a complete synth rendition advances through real scheduler steps on a controlled audio clock
ok 188 - a complete synth rendition advances through real scheduler steps on a controlled audio clock
  ---
  duration_ms: 102.02875
  ...
# Subtest: repeat-all wraps and shuffled sessions preserve the exact authored entry multiset
ok 189 - repeat-all wraps and shuffled sessions preserve the exact authored entry multiset
  ---
  duration_ms: 121.825917
  ...
# Subtest: explicit switch fades only music and a pause during its fade cannot publish late playback
ok 190 - explicit switch fades only music and a pause during its fade cannot publish late playback
  ---
  duration_ms: 3.037375
  ...
# Subtest: lifecycle suspension of MP3 preserves listening intent and resumes the SFX context too
ok 191 - lifecycle suspension of MP3 preserves listening intent and resumes the SFX context too
  ---
  duration_ms: 1.554458
  ...
# Subtest: unsupported or corrupt originals never reach an object URL and fallback attempts stay finite
ok 192 - unsupported or corrupt originals never reach an object URL and fallback attempts stay finite
  ---
  duration_ms: 1.1055
  ...
# Subtest: a changed stored selection is adopted on the next boundary while unrelated metadata edits preserve a session choice
ok 193 - a changed stored selection is adopted on the next boundary while unrelated metadata edits preserve a session choice
  ---
  duration_ms: 4.249
  ...
# Subtest: disposal aborts a pending storage load and its late original cannot allocate a URL
ok 194 - disposal aborts a pending storage load and its late original cannot allocate a URL
  ---
  duration_ms: 0.8125
  ...
# Subtest: a delayed media play promise cannot restore playing status after transport pause
ok 195 - a delayed media play promise cannot restore playing status after transport pause
  ---
  duration_ms: 28.743125
  ...
# Subtest: returning explicitly to automatic selection restores the authored map recipe immediately
ok 196 - returning explicitly to automatic selection restores the authored map recipe immediately
  ---
  duration_ms: 1.86025
  ...
# Subtest: a delayed synth enable denial cannot overwrite pause, suspend or dispose state
ok 197 - a delayed synth enable denial cannot overwrite pause, suspend or dispose state
  ---
  duration_ms: 3.041666
  ...
# Subtest: restoring inactive listening intent after an audition never starts audio until host resume
ok 198 - restoring inactive listening intent after an audition never starts audio until host resume
  ---
  duration_ms: 181.944917
  ...
# Subtest: silent audio preparation reports a delayed read and stale completion cannot reclaim its status
ok 199 - silent audio preparation reports a delayed read and stale completion cannot reclaim its status
  ---
  duration_ms: 2.326958
  ...
# Subtest: earlier cached play settlement cannot clear a newer play preparation observer
ok 200 - earlier cached play settlement cannot clear a newer play preparation observer
  ---
  duration_ms: 1.498916
  ...
# Subtest: two streaming decks preload only the next track and genuinely overlap the audible boundary
ok 201 - two streaming decks preload only the next track and genuinely overlap the audible boundary
  ---
  duration_ms: 75.020791
  ...
# Subtest: pause during a crossfade cancels the outgoing deck and preserves the incoming position
ok 202 - pause during a crossfade cancels the outgoing deck and preserves the incoming position
  ---
  duration_ms: 8.479666
  ...
# Subtest: seek cancels next-track acquisition and late bytes cannot allocate a deck
ok 203 - seek cancels next-track acquisition and late bytes cannot allocate a deck
  ---
  duration_ms: 15.944208
  ...
# Subtest: library cancels next-track acquisition and late bytes cannot allocate a deck
ok 204 - library cancels next-track acquisition and late bytes cannot allocate a deck
  ---
  duration_ms: 14.266333
  ...
# Subtest: context cancels next-track acquisition and late bytes cannot allocate a deck
ok 205 - context cancels next-track acquisition and late bytes cannot allocate a deck
  ---
  duration_ms: 14.958916
  ...
# Subtest: suspend cancels next-track acquisition and late bytes cannot allocate a deck
ok 206 - suspend cancels next-track acquisition and late bytes cannot allocate a deck
  ---
  duration_ms: 87.581166
  ...
# Subtest: dispose cancels next-track acquisition and late bytes cannot allocate a deck
ok 207 - dispose cancels next-track acquisition and late bytes cannot allocate a deck
  ---
  duration_ms: 27.792167
  ...
# Subtest: a browser denying the second element reuses the permitted first deck for the entire queue
ok 208 - a browser denying the second element reuses the permitted first deck for the entire queue
  ---
  duration_ms: 37.272917
  ...
# Subtest: scene selection switches menu/gameplay music without changing paused listening intent
ok 209 - scene selection switches menu/gameplay music without changing paused listening intent
  ---
  duration_ms: 14.881209
  ...
# Subtest: empty Ukrainian/fusion selections stay silent with an explanation instead of unrelated fallback
ok 210 - empty Ukrainian/fusion selections stay silent with an explanation instead of unrelated fallback
  ---
  duration_ms: 3.7965
  ...
# Subtest: an offline Ukrainian queue tries each original once and stops without mislabelled fallback
ok 211 - an offline Ukrainian queue tries each original once and stops without mislabelled fallback
  ---
  duration_ms: 4.295834
  ...
# Subtest: failed restricted mixes and explicit v2 playlists preserve the selected music families
ok 212 - failed restricted mixes and explicit v2 playlists preserve the selected music families
  ---
  duration_ms: 13.572833
  ...
# Subtest: an explicit catalogue playlist with no installed recordings stays empty offline
ok 213 - an explicit catalogue playlist with no installed recordings stays empty offline
  ---
  duration_ms: 10.947791
  ...
# Subtest: offloaded bonus tracks are skipped without fetching and an empty explicit album asks for Download again
ok 214 - offloaded bonus tracks are skipped without fetching and an empty explicit album asks for Download again
  ---
  duration_ms: 200.421834
  ...
# Subtest: catalogue metadata drives playback and same-ID theme selection changes the next rendition
ok 215 - catalogue metadata drives playback and same-ID theme selection changes the next rendition
  ---
  duration_ms: 40.182958
  ...
# Subtest: short clips preserve their opening before entering the default crossfade window
ok 216 - short clips preserve their opening before entering the default crossfade window
  ---
  duration_ms: 8.900584
  ...
# Subtest: choosing an available genre clears the previous unavailable selection notice
ok 217 - choosing an available genre clears the previous unavailable selection notice
  ---
  duration_ms: 11.720917
  ...
# Subtest: import and offline preparation reject a falsely omitted permitted catalogue original
ok 218 - import and offline preparation reject a falsely omitted permitted catalogue original
  ---
  duration_ms: 14.990583
  ...
# Subtest: import and offline preparation reject a falsely omitted permitted upload alias
ok 219 - import and offline preparation reject a falsely omitted permitted upload alias
  ---
  duration_ms: 2.401708
  ...
# Subtest: a reference imported without authority cannot bypass trusted validation through share merge or replace stored originals
ok 220 - a reference imported without authority cannot bypass trusted validation through share merge or replace stored originals
  ---
  duration_ms: 17.604792
  ...
# Subtest: unknown restricted upload references survive export/import without acquiring byte or network authority
ok 221 - unknown restricted upload references survive export/import without acquiring byte or network authority
  ---
  duration_ms: 182.801625
  ...
# Subtest: trusted matching hash authority can require bytes for a previously unknown reference
ok 222 - trusted matching hash authority can require bytes for a previously unknown reference
  ---
  duration_ms: 53.7435
  ...
# Subtest: additive shares retain catalogue and renamed-upload references when offline storage is denied
ok 223 - additive shares retain catalogue and renamed-upload references when offline storage is denied
  ---
  duration_ms: 36.152166
  ...
# Subtest: additive shares retain catalogue and renamed-upload references when offline storage is unknown
ok 224 - additive shares retain catalogue and renamed-upload references when offline storage is unknown
  ---
  duration_ms: 150.507625
  ...
# Subtest: Installed only excludes restored aliases without bytes and recognizes the same original owned under another ID
ok 225 - Installed only excludes restored aliases without bytes and recognizes the same original owned under another ID
  ---
  duration_ms: 11.784583
  ...
# Subtest: catalogue v2 binds all policy fields to exact identity/hash and rejects unsafe metadata
ok 226 - catalogue v2 binds all policy fields to exact identity/hash and rejects unsafe metadata
  ---
  duration_ms: 3.290833
  ...
# Subtest: pins cannot grant permissions; trusted hash restrictions follow renamed personal uploads
ok 227 - pins cannot grant permissions; trusted hash restrictions follow renamed personal uploads
  ---
  duration_ms: 0.678167
  ...
# Subtest: v3 mixed recovery includes all permitted originals and explicit restricted references with exact playlist order
ok 228 - v3 mixed recovery includes all permitted originals and explicit restricted references with exact playlist order
  ---
  duration_ms: 200.102666
  ...
# Subtest: recovery preserves references when redistribution is allowed but offline storage is denied
ok 229 - recovery preserves references when redistribution is allowed but offline storage is denied
  ---
  duration_ms: 19.259375
  ...
# Subtest: recovery preserves references when redistribution is allowed but offline storage is unknown
ok 230 - recovery preserves references when redistribution is allowed but offline storage is unknown
  ---
  duration_ms: 8.684
  ...
# Subtest: restricted upload aliases cannot leak the same bytes through recovery or selected shares
ok 231 - restricted upload aliases cannot leak the same bytes through recovery or selected shares
  ---
  duration_ms: 19.822208
  ...
# Subtest: source denies restricted export and unknown offline permission before reading bytes or making network requests
ok 232 - source denies restricted export and unknown offline permission before reading bytes or making network requests
  ---
  duration_ms: 184.12
  ...
# Subtest: Recording mode requires verified gameplay-video rights and unregistered Content ID; ordinary listening remains independent
ok 233 - Recording mode requires verified gameplay-video rights and unregistered Content ID; ordinary listening remains independent
  ---
  duration_ms: 9.477709
  ...
# Subtest: automatic selection applies explicit energy preference after scene and theme; authored playlist order survives
ok 234 - automatic selection applies explicit energy preference after scene and theme; authored playlist order survives
  ---
  duration_ms: 4.775834
  ...
# Subtest: DB5 keeps v3 references atomic and rejects downgrade or stale writers
ok 235 - DB5 keeps v3 references atomic and rejects downgrade or stale writers
  ---
  duration_ms: 237.035042
  ...
# Subtest: full 256 catalogue + 123 uploads + 26 playlists stays within bounded metadata and 512-asset envelope
ok 236 - full 256 catalogue + 123 uploads + 26 playlists stays within bounded metadata and 512-asset envelope
  ---
  duration_ms: 2481.053792
  ...
# Subtest: v3 preserves an uploaded original filename through title edits and bundle/share recovery
ok 237 - v3 preserves an uploaded original filename through title edits and bundle/share recovery
  ---
  duration_ms: 37.127625
  ...
# Subtest: additive creator albums preserve the applied choice and draft, are idempotent, and reject identity collisions
ok 238 - additive creator albums preserve the applied choice and draft, are idempotent, and reject identity collisions
  ---
  duration_ms: 14.29825
  ...
# Subtest: sharing exports only the chosen playlist and requires declared recording permissions
ok 239 - sharing exports only the chosen playlist and requires declared recording permissions
  ---
  duration_ms: 3.67975
  ...
# Subtest: acoustic playlist shares round-trip originals, tags and ordered entries into an eligible automatic queue
ok 240 - acoustic playlist shares round-trip originals, tags and ordered entries into an eligible automatic queue
  ---
  duration_ms: 33.900708
  ...
# Subtest: chiptune playlist shares round-trip originals, tags and ordered entries into an eligible automatic queue
ok 241 - chiptune playlist shares round-trip originals, tags and ordered entries into an eligible automatic queue
  ---
  duration_ms: 175.203958
  ...
# Subtest: catalogue streaming trusts only shipped hashes and checks the entire original without saving it
ok 242 - catalogue streaming trusts only shipped hashes and checks the entire original without saving it
  ---
  duration_ms: 68.55025
  ...
# Subtest: offline listening does not fetch; an explicit download can fetch; stored originals work offline
ok 243 - offline listening does not fetch; an explicit download can fetch; stored originals work offline
  ---
  duration_ms: 6.330208
  ...
# Subtest: standalone export remains allowed when offline storage is denied
ok 244 - standalone export remains allowed when offline storage is denied
  ---
  duration_ms: 1.744292
  ...
# Subtest: standalone export remains allowed when offline storage is unknown
ok 245 - standalone export remains allowed when offline storage is unknown
  ---
  duration_ms: 2.638833
  ...
# Subtest: streaming rejects corrupt/truncated media and cancellation before a request
ok 246 - streaming rejects corrupt/truncated media and cancellation before a request
  ---
  duration_ms: 1.484708
  ...
# Subtest: the catalogue loader validates bounded version-local metadata and rejects foreign redirects
ok 247 - the catalogue loader validates bounded version-local metadata and rejects foreign redirects
  ---
  duration_ms: 0.76675
  ...
# Subtest: one atomic commit stores metadata and originals; reopening reads exact bytes and generation
ok 248 - one atomic commit stores metadata and originals; reopening reads exact bytes and generation
  ---
  duration_ms: 2.515833
  ...
# Subtest: a quota failure after a binary put rolls back all new metadata, deletion and bytes
ok 249 - a quota failure after a binary put rolls back all new metadata, deletion and bytes
  ---
  duration_ms: 3.154417
  ...
# Subtest: abort after first write rolls back and late transaction events cannot publish
ok 250 - abort after first write rolls back and late transaction events cannot publish
  ---
  duration_ms: 1.855333
  ...
# Subtest: competing writer during quota await is rejected by the transaction generation guard
ok 251 - competing writer during quota await is rejected by the transaction generation guard
  ---
  duration_ms: 4.536833
  ...
# Subtest: combined committed plus staging budget counts old and replacement bytes before deletion
ok 252 - combined committed plus staging budget counts old and replacement bytes before deletion
  ---
  duration_ms: 1.607541
  ...
# Subtest: same-hash originals are verified and reused without another audio put or duplicate staging budget
ok 253 - same-hash originals are verified and reused without another audio put or duplicate staging budget
  ---
  duration_ms: 2.252541
  ...
# Subtest: corrupt same-hash stored bytes are replaced and charged as new staging bytes
ok 254 - corrupt same-hash stored bytes are replaced and charged as new staging bytes
  ---
  duration_ms: 97.389625
  ...
# Subtest: advisory quota refusal and forged prepared objects cannot change stored content
ok 255 - advisory quota refusal and forged prepared objects cannot change stored content
  ---
  duration_ms: 0.702333
  ...
# Subtest: successful replacement removes unused originals in the same transaction; empty collection is explicit
ok 256 - successful replacement removes unused originals in the same transaction; empty collection is explicit
  ---
  duration_ms: 3.061208
  ...
# Subtest: missing original prevents complete export without rewriting the surviving metadata
ok 257 - missing original prevents complete export without rewriting the surviving metadata
  ---
  duration_ms: 2.133625
  ...
# Subtest: unavailable database and closed store report failure rather than claiming a save
ok 258 - unavailable database and closed store report failure rather than claiming a save
  ---
  duration_ms: 0.255708
  ...
# Subtest: decorating an exposed prepared Blob cannot bypass native committed/staging byte accounting
ok 259 - decorating an exposed prepared Blob cannot bypass native committed/staging byte accounting
  ---
  duration_ms: 3.842833
  ...
# Subtest: cancellation after native commit waits for completion and reports the actual committed result
ok 260 - cancellation after native commit waits for completion and reports the actual committed result
  ---
  duration_ms: 1.636334
  ...
# Subtest: v2 writers retain legacy genre choices and require v3 before writing expanded styles
ok 261 - v2 writers retain legacy genre choices and require v3 before writing expanded styles
  ---
  duration_ms: 1.554458
  ...
# Subtest: frozen DB5/v2 readers reject a v3 row without touching shared metadata or audio
ok 262 - frozen DB5/v2 readers reject a v3 row without touching shared metadata or audio
  ---
  duration_ms: 173.014208
  ...
# Subtest: an already-open frozen v2 audio writer cannot mutate any domain after concurrent v3 adoption
ok 263 - an already-open frozen v2 audio writer cannot mutate any domain after concurrent v3 adoption
  ---
  duration_ms: 30.077959
  ...
# Subtest: an already-open frozen v2 media writer cannot mutate any domain after concurrent v3 adoption
ok 264 - an already-open frozen v2 media writer cannot mutate any domain after concurrent v3 adoption
  ---
  duration_ms: 15.971166
  ...
# Subtest: an already-open frozen v2 story writer cannot mutate any domain after concurrent v3 adoption
ok 265 - an already-open frozen v2 story writer cannot mutate any domain after concurrent v3 adoption
  ---
  duration_ms: 10.311208
  ...
# Subtest: v3 automatic published music failure falls back once to available synthesized music
ok 266 - v3 automatic published music failure falls back once to available synthesized music
  ---
  duration_ms: 10.606041
  ...
# Subtest: explicit successful selection clears the previous failed recording notice
ok 267 - explicit successful selection clears the previous failed recording notice
  ---
  duration_ms: 23.433208
  ...
# Subtest: Recording mode excludes published music without video and Content ID authority
ok 268 - Recording mode excludes published music without video and Content ID authority
  ---
  duration_ms: 4.643125
  ...
# Subtest: enabling Recording mode retires current published audio and preserves paused intent
ok 269 - enabling Recording mode retires current published audio and preserves paused intent
  ---
  duration_ms: 10.240125
  ...
# Subtest: mixed soundtrack owns metadata, references existing synth recipes, and freezes output
ok 270 - mixed soundtrack owns metadata, references existing synth recipes, and freezes output
  ---
  duration_ms: 0.790959
  ...
# Subtest: model rejects accessors, coercion, missing fields, reserved identities and unresolved references
ok 271 - model rejects accessors, coercion, missing fields, reserved identities and unresolved references
  ---
  duration_ms: 1.639416
  ...
# Subtest: total track/playlist and entry limits include the immutable builtin collection
ok 272 - total track/playlist and entry limits include the immutable builtin collection
  ---
  duration_ms: 13.367708
  ...
# Subtest: duplicate hash metadata uses canonical fields and rejects actual conflicting facts
ok 273 - duplicate hash metadata uses canonical fields and rejects actual conflicting facts
  ---
  duration_ms: 0.30575
  ...
# Subtest: explicit selection wins over authored map, campaign, theme and global assignment
ok 274 - explicit selection wins over authored map, campaign, theme and global assignment
  ---
  duration_ms: 0.6925
  ...
# Subtest: presentation shuffle preserves duplicates, avoids a boundary repeat when possible, and rejects invalid randomness
ok 275 - presentation shuffle preserves duplicates, avoids a boundary repeat when possible, and rejects invalid randomness
  ---
  duration_ms: 0.432625
  ...
# Subtest: complete binary round trip preserves every raw MP3 byte and mixed playlist metadata
ok 276 - complete binary round trip preserves every raw MP3 byte and mixed playlist metadata
  ---
  duration_ms: 7.349542
  ...
# Subtest: two track records sharing one original transfer exactly one payload
ok 277 - two track records sharing one original transfer exactly one payload
  ---
  duration_ms: 5.314458
  ...
# Subtest: complete export/import fail on missing/extra/hash-corrupt media instead of producing partial backups
ok 278 - complete export/import fail on missing/extra/hash-corrupt media instead of producing partial backups
  ---
  duration_ms: 2.847708
  ...
# Subtest: bundle rejects truncated/trailing payload, invalid magic and manifest allocation abuse
ok 279 - bundle rejects truncated/trailing payload, invalid magic and manifest allocation abuse
  ---
  duration_ms: 2.96975
  ...
# Subtest: metadata and asset getters are never invoked and asynchronous caller edits cannot enter prepared import
ok 280 - metadata and asset getters are never invoked and asynchronous caller edits cannot enter prepared import
  ---
  duration_ms: 0.905084
  ...
# Subtest: media probe rejection, omitted environment probe, and cancellation cannot authorize an import
ok 281 - media probe rejection, omitted environment probe, and cancellation cannot authorize an import
  ---
  duration_ms: 2.609459
  ...
# Subtest: audio metadata validates provenance and frame-derived duration rather than trusting arbitrary imported duration
ok 282 - audio metadata validates provenance and frame-derived duration rather than trusting arbitrary imported duration
  ---
  duration_ms: 0.202958
  ...
# Subtest: five reserved genre playlists resolve each existing recipe through explicit selection
ok 283 - five reserved genre playlists resolve each existing recipe through explicit selection
  ---
  duration_ms: 0.66575
  ...
# Subtest: zero approved recordings creates no output directory or placeholder archive
ok 284 - zero approved recordings creates no output directory or placeholder archive
  ---
  duration_ms: 212.739
  ...
# Subtest: approved exact MP3 is staged once with pinned runtime inventory, reproducible catalogue candidate and credits
ok 285 - approved exact MP3 is staged once with pinned runtime inventory, reproducible catalogue candidate and credits
  ---
  duration_ms: 192.2495
  ...
# Subtest: identical approved recording bytes are deduplicated while both track credits remain pinned
ok 286 - identical approved recording bytes are deduplicated while both track credits remain pinned
  ---
  duration_ms: 42.268458
  ...
# Subtest: archive restaging reads approved source delivery after hosted admission removes the local runtime payload
ok 287 - archive restaging reads approved source delivery after hosted admission removes the local runtime payload
  ---
  duration_ms: 262.353334
  ...
# Subtest: an allowed recording alias cannot stage audio narrowed by another trusted same-hash entry
ok 288 - an allowed recording alias cannot stage audio narrowed by another trusted same-hash entry
  ---
  duration_ms: 33.924541
  ...
# Subtest: refuses unreviewed before copying any MP3
ok 289 - refuses unreviewed before copying any MP3
  ---
  duration_ms: 22.579958
  ...
# Subtest: refuses restricted before copying any MP3
ok 290 - refuses restricted before copying any MP3
  ---
  duration_ms: 24.405375
  ...
# Subtest: refuses changed bytes before copying any MP3
ok 291 - refuses changed bytes before copying any MP3
  ---
  duration_ms: 24.7745
  ...
# Subtest: refuses wrong MP3 metadata before copying any MP3
ok 292 - refuses wrong MP3 metadata before copying any MP3
  ---
  duration_ms: 29.995458
  ...
# Subtest: existing output is never replaced, even for an empty publication
ok 293 - existing output is never replaced, even for an empty publication
  ---
  duration_ms: 180.240333
  ...
# Subtest: output rejects cache-root, traversal and symlink escapes
ok 294 - output rejects cache-root, traversal and symlink escapes
  ---
  duration_ms: 46.572667
  ...
# Subtest: admission refuses non-project archive https://other.github.io/revealline-soundtracks-1/
ok 295 - admission refuses non-project archive https://other.github.io/revealline-soundtracks-1/
  ---
  duration_ms: 14.502167
  ...
# Subtest: admission refuses non-project archive https://mekhovov.github.io/other-1/
ok 296 - admission refuses non-project archive https://mekhovov.github.io/other-1/
  ---
  duration_ms: 11.892584
  ...
# Subtest: admission refuses non-project archive https://mekhovov.github.io/revealline-soundtracks-1/?q=x
ok 297 - admission refuses non-project archive https://mekhovov.github.io/revealline-soundtracks-1/?q=x
  ---
  duration_ms: 15.374208
  ...
# Subtest: admission refuses non-project archive http://mekhovov.github.io/revealline-soundtracks-1/
ok 298 - admission refuses non-project archive http://mekhovov.github.io/revealline-soundtracks-1/
  ---
  duration_ms: 12.46775
  ...
# Subtest: hard bounds include all payload files and reserve 1 GiB
ok 299 - hard bounds include all payload files and reserve 1 GiB
  ---
  duration_ms: 0.594334
  ...
# Subtest: low free-space preflight creates no output
ok 300 - low free-space preflight creates no output
  ---
  duration_ms: 57.734833
  ...
# Subtest: a failed write removes only its own new staging directory
ok 301 - a failed write removes only its own new staging directory
  ---
  duration_ms: 70.590333
  ...
# Subtest: CLI help and empty-publication staging are read-only and never invoke publication
ok 302 - CLI help and empty-publication staging are read-only and never invoke publication
  ---
  duration_ms: 265.94625
  ...
# Subtest: CC0 1.0 Universal compiles only with matching source evidence and preserves exact recording bytes and credit
ok 303 - CC0 1.0 Universal compiles only with matching source evidence and preserves exact recording bytes and credit
  ---
  duration_ms: 75.223917
  ...
# Subtest: CC BY 3.0 Unported compiles only with matching source evidence and preserves exact recording bytes and credit
ok 304 - CC BY 3.0 Unported compiles only with matching source evidence and preserves exact recording bytes and credit
  ---
  duration_ms: 27.2925
  ...
# Subtest: CC BY 4.0 International compiles only with matching source evidence and preserves exact recording bytes and credit
ok 305 - CC BY 4.0 International compiles only with matching source evidence and preserves exact recording bytes and credit
  ---
  duration_ms: 166.139833
  ...
# Subtest: CC BY 4.0 still refuses missing, different-source, different-version and unverified license evidence
ok 306 - CC BY 4.0 still refuses missing, different-source, different-version and unverified license evidence
  ---
  duration_ms: 31.753291
  ...
# Subtest: expansion derivatives require the same retained encoder settings as the prior CoreAudio batch
ok 307 - expansion derivatives require the same retained encoder settings as the prior CoreAudio batch
  ---
  duration_ms: 12.554708
  ...
# Subtest: noncommercial, no-derivatives and ShareAlike labels do not enter the explicit license allowlist
ok 308 - noncommercial, no-derivatives and ShareAlike labels do not enter the explicit license allowlist
  ---
  duration_ms: 16.314667
  ...
# Subtest: CC BY 4.0 cannot bypass source hashes, runtime pins, derivative provenance or album ownership
ok 309 - CC BY 4.0 cannot bypass source hashes, runtime pins, derivative provenance or album ownership
  ---
  duration_ms: 31.921709
  ...
# Subtest: CC BY 4.0 cannot authorize linked source audio
ok 310 - CC BY 4.0 cannot authorize linked source audio
  ---
  duration_ms: 9.688333
  ...
# Subtest: admitted exact hosted recordings are mapped to streaming objects and leave game payload
ok 311 - admitted exact hosted recordings are mapped to streaming objects and leave game payload
  ---
  duration_ms: 183.056084
  ...
# Subtest: empty or absent admissions keep reviewed local delivery unchanged
ok 312 - empty or absent admissions keep reviewed local delivery unchanged
  ---
  duration_ms: 35.359417
  ...
# Subtest: archive admission rejects wrong hosted hash
ok 313 - archive admission rejects wrong hosted hash
  ---
  duration_ms: 18.08225
  ...
# Subtest: archive admission rejects unverified objects
ok 314 - archive admission rejects unverified objects
  ---
  duration_ms: 115.346375
  ...
# Subtest: archive admission rejects unpublished identity
ok 315 - archive admission rejects unpublished identity
  ---
  duration_ms: 31.286917
  ...
# Subtest: archive admission rejects restricted rights
ok 316 - archive admission rejects restricted rights
  ---
  duration_ms: 10.218291
  ...
# Subtest: archive admission rejects changed inventory bytes
ok 317 - archive admission rejects changed inventory bytes
  ---
  duration_ms: 115.871709
  ...
# Subtest: archive admission rejects remote host
ok 318 - archive admission rejects remote host
  ---
  duration_ms: 26.694625
  ...
# Subtest: archive admission rejects repeated track identity
ok 319 - archive admission rejects repeated track identity
  ---
  duration_ms: 15.19175
  ...
# Subtest: archive admission rejects evidence traversal
ok 320 - archive admission rejects evidence traversal
  ---
  duration_ms: 17.075167
  ...
# Subtest: archive admission rejects extra objects even if inventory and verification agree
ok 321 - archive admission rejects extra objects even if inventory and verification agree
  ---
  duration_ms: 111.006792
  ...
# Subtest: archive evidence cannot resolve through a symlink
ok 322 - archive evidence cannot resolve through a symlink
  ---
  duration_ms: 144.240833
  ...
# Subtest: distinct archive IDs cannot remove local audio behind conflicting inventory pins at the same hosted URL
ok 323 - distinct archive IDs cannot remove local audio behind conflicting inventory pins at the same hosted URL
  ---
  duration_ms: 16.874833
  ...
# Subtest: an allowed alias cannot bypass another trusted same-hash redistribute restriction
ok 324 - an allowed alias cannot bypass another trusted same-hash redistribute restriction
  ---
  duration_ms: 11.161
  ...
# Subtest: an allowed alias cannot bypass another trusted same-hash webPlayback restriction
ok 325 - an allowed alias cannot bypass another trusted same-hash webPlayback restriction
  ---
  duration_ms: 37.650792
  ...
# Subtest: mapping one alias keeps shared local delivery needed by an unmapped alias
ok 326 - mapping one alias keeps shared local delivery needed by an unmapped alias
  ---
  duration_ms: 32.454167
  ...
# Subtest: publication writer preserves catalogue values and emits reproducible repository-formatted JavaScript
ok 327 - publication writer preserves catalogue values and emits reproducible repository-formatted JavaScript
  ---
  duration_ms: 415.222042
  ...
# Subtest: absent album opt-in preserves output bytes and does not read the audio producer
ok 328 - absent album opt-in preserves output bytes and does not read the audio producer
  ---
  duration_ms: 494.933792
  ...
# Subtest: opt-in album bytes join loose, ZIP and manifest once, excluded from core and legacy pack metadata
ok 329 - opt-in album bytes join loose, ZIP and manifest once, excluded from core and legacy pack metadata
  ---
  duration_ms: 176.572125
  ...
# Subtest: incorrect compiled body, symbolic source or automatic binary inclusion refuses without replacing old output
ok 330 - incorrect compiled body, symbolic source or automatic binary inclusion refuses without replacing old output
  ---
  duration_ms: 278.25375
  ...
# Subtest: candidate producer binds every admitted source and stays separate from published catalogue
ok 331 - candidate producer binds every admitted source and stays separate from published catalogue
  ---
  duration_ms: 2878.092792
  ...
# Subtest: approved original recordings are optional binaries while their catalogue remains offline metadata
ok 332 - approved original recordings are optional binaries while their catalogue remains offline metadata
  ---
  duration_ms: 210.0025
  ...
# Subtest: private packs preserve exact Unicode filenames and original bytes, deduplicate aliases and merge without changing the listener
ok 333 - private packs preserve exact Unicode filenames and original bytes, deduplicate aliases and merge without changing the listener
  ---
  duration_ms: 60.87825
  ...
# Subtest: volumes honor encoded-byte limits, keep aliases together, and are reproducible
ok 334 - volumes honor encoded-byte limits, keep aliases together, and are reproducible
  ---
  duration_ms: 421.169084
  ...
# Subtest: rejects oversized volumes and exhausted upload capacity before writing outputs
ok 335 - rejects oversized volumes and exhausted upload capacity before writing outputs
  ---
  duration_ms: 213.473375
  ...
# Subtest: refuses malformed audio and symlinks instead of converting or silently skipping files
ok 336 - refuses malformed audio and symlinks instead of converting or silently skipping files
  ---
  duration_ms: 10.938292
  ...
# Subtest: never overwrites originals or existing output, including symlinked source descendants
ok 337 - never overwrites originals or existing output, including symlinked source descendants
  ---
  duration_ms: 12.517459
  ...
# Subtest: disk reserve accounts for the whole output rather than only the next volume
ok 338 - disk reserve accounts for the whole output rather than only the next volume
  ---
  duration_ms: 0.478875
  ...
# Subtest: insufficient space rejects the complete planned output before creating its directory
ok 339 - insufficient space rejects the complete planned output before creating its directory
  ---
  duration_ms: 42.996958
  ...
# Subtest: disk reserve is rechecked immediately before output when available space drops
ok 340 - disk reserve is rechecked immediately before output when available space drops
  ---
  duration_ms: 18.779625
  ...
1..340
# tests 340
# suites 0
# pass 338
# fail 2
# cancelled 0
# skipped 0
# todo 0
# duration_ms 44601.598208
