TAP version 13
# Subtest: additional styles have distinct queues and mixes preserve explicit former genre choices
ok 1 - additional styles have distinct queues and mixes preserve explicit former genre choices
  ---
  duration_ms: 50.028333
  ...
# Subtest: historical procedural identities retain their real rock, chiptune and ambient categories
ok 2 - historical procedural identities retain their real rock, chiptune and ambient categories
  ---
  duration_ms: 0.975292
  ...
# Subtest: UA-FPV remains a dedicated selectable collection and participates in Ukrainian and mixed queues
ok 3 - UA-FPV remains a dedicated selectable collection and participates in Ukrainian and mixed queues
  ---
  duration_ms: 6.89275
  ...
# Subtest: catalogue library v3 is opt-in and migration owns metadata without changing any legacy IDs or capacity
ok 4 - catalogue library v3 is opt-in and migration owns metadata without changing any legacy IDs or capacity
  ---
  duration_ms: 36.929125
  ...
# Subtest: catalogue pins validate identity, role, provenance and confined paths without reading accessors
ok 5 - catalogue pins validate identity, role, provenance and confined paths without reading accessors
  ---
  duration_ms: 4.345667
  ...
# Subtest: scene, genres, fusion, uploaded tags and explicit playlists resolve independently of simulation
ok 6 - scene, genres, fusion, uploaded tags and explicit playlists resolve independently of simulation
  ---
  duration_ms: 12.965958
  ...
# Subtest: automatic theme preference chooses among scene-eligible recordings without suppressing available menu music
ok 7 - automatic theme preference chooses among scene-eligible recordings without suppressing available menu music
  ---
  duration_ms: 4.58775
  ...
# Subtest: unavailable Ukrainian and fusion styles stay empty; installed-only never discards catalogue pins
ok 8 - unavailable Ukrainian and fusion styles stay empty; installed-only never discards catalogue pins
  ---
  duration_ms: 2.261625
  ...
# Subtest: unavailable My Mix and explicit offline playlists never substitute unrelated families
ok 9 - unavailable My Mix and explicit offline playlists never substitute unrelated families
  ---
  duration_ms: 2.03575
  ...
# Subtest: v2 generated playlists repeat with shuffle and avoid boundary repetition while old and custom ordering stays intact
ok 10 - v2 generated playlists repeat with shuffle and avoid boundary repetition while old and custom ordering stays intact
  ---
  duration_ms: 2.98425
  ...
# Subtest: streamable catalogue pins do not require installed originals, but upload and installed ownership do
ok 11 - streamable catalogue pins do not require installed originals, but upload and installed ownership do
  ---
  duration_ms: 11.442208
  ...
# Subtest: complete v2 backup installs all pinned originals on restore and still imports unchanged v1
ok 12 - complete v2 backup installs all pinned originals on restore and still imports unchanged v1
  ---
  duration_ms: 30.14275
  ...
# Subtest: DB5 upgrade preserves v1 row and originals until explicit Save and rejects old-version readers
ok 13 - DB5 upgrade preserves v1 row and originals until explicit Save and rejects old-version readers
  ---
  duration_ms: 26.621709
  ...
# Subtest: v2 commits require explicit DB5 and storage-only catalogue removal keeps mixed playlist references
ok 14 - v2 commits require explicit DB5 and storage-only catalogue removal keeps mixed playlist references
  ---
  duration_ms: 22.433667
  ...
# Subtest: DB5 generation and shared staging budget refusals keep catalogue, uploads and other domains intact
ok 15 - DB5 generation and shared staging budget refusals keep catalogue, uploads and other domains intact
  ---
  duration_ms: 19.034916
  ...
# Subtest: catalogue rejects conflicting facts for one recording and v2 backup rejects omitted originals
ok 16 - catalogue rejects conflicting facts for one recording and v2 backup rejects omitted originals
  ---
  duration_ms: 1.193542
  ...
# Subtest: offloading catalogue aliases never reclaims the same original owned by an upload
ok 17 - offloading catalogue aliases never reclaims the same original owned by an upload
  ---
  duration_ms: 17.195791
  ...
# Subtest: a native transaction failure rolls back new catalogue originals and metadata together
ok 18 - a native transaction failure rolls back new catalogue originals and metadata together
  ---
  duration_ms: 16.066417
  ...
# Subtest: shared master immediately governs audition output while retaining local volume and transport
ok 19 - shared master immediately governs audition output while retaining local volume and transport
  ---
  duration_ms: 28.069667
  ...
# Subtest: master controls remain available during loading and host save failure does not veto session mute
ok 20 - master controls remain available during loading and host save failure does not veto session mute
  ---
  duration_ms: 3.014625
  ...
# Subtest: late audition and music Play completion cannot invoke the legacy master-enable callback
ok 21 - late audition and music Play completion cannot invoke the legacy master-enable callback
  ---
  duration_ms: 6.68525
  ...
# Subtest: first Studio read restores displaced Close focus after successful loading
ok 22 - first Studio read restores displaced Close focus after successful loading
  ---
  duration_ms: 8.318042
  ...
# Subtest: first Studio read restores displaced Close focus after a reported storage failure
ok 23 - first Studio read restores displaced Close focus after a reported storage failure
  ---
  duration_ms: 3.640916
  ...
# Subtest: first Studio read preserves a deliberate transport focus chosen while loading
ok 24 - first Studio read preserves a deliberate transport focus chosen while loading
  ---
  duration_ms: 4.160792
  ...
# Subtest: first Studio read relinquishes restoration after a later focus choice even if it blurs
ok 25 - first Studio read relinquishes restoration after a later focus choice even if it blurs
  ---
  duration_ms: 2.940875
  ...
# Subtest: first Studio read does not refocus a dialog closed externally during loading
ok 26 - first Studio read does not refocus a dialog closed externally during loading
  ---
  duration_ms: 1.884125
  ...
# Subtest: first Studio read does not refocus a disposed panel when its pending read settles
ok 27 - first Studio read does not refocus a disposed panel when its pending read settles
  ---
  duration_ms: 2.92425
  ...
# Subtest: first Studio read does not pull focus into a hidden document
ok 28 - first Studio read does not pull focus into a hidden document
  ---
  duration_ms: 1.474666
  ...
# Subtest: cached Studio reopening focuses Close without a second store read
ok 29 - cached Studio reopening focuses Close without a second store read
  ---
  duration_ms: 6.6655
  ...
# Subtest: first Studio read restores Close when disabling blurs later during success
ok 30 - first Studio read restores Close when disabling blurs later during success
  ---
  duration_ms: 1.18075
  ...
# Subtest: first Studio read restores Close when disabling blurs later during failure
ok 31 - first Studio read restores Close when disabling blurs later during failure
  ---
  duration_ms: 3.760083
  ...
# Subtest: late first-read blur does not override a later deliberate focus choice that also blurs
ok 32 - late first-read blur does not override a later deliberate focus choice that also blurs
  ---
  duration_ms: 1.078667
  ...
# Subtest: real MP3 batch import is a draft; one atomic save stores originals and metadata without restarting transport
ok 33 - real MP3 batch import is a draft; one atomic save stores originals and metadata without restarting transport
  ---
  duration_ms: 23.370958
  ...
# Subtest: a failing second file discards the whole batch while preserving an earlier unsaved draft
ok 34 - a failing second file discards the whole batch while preserving an earlier unsaved draft
  ---
  duration_ms: 11.002917
  ...
# Subtest: clone built-in playlist, mix MP3, move entries, configure shuffle and exact map assignment
ok 35 - clone built-in playlist, mix MP3, move entries, configure shuffle and exact map assignment
  ---
  duration_ms: 17.964625
  ...
# Subtest: removal checks playlist references and refuses deleting a playlist last entry
ok 36 - removal checks playlist references and refuses deleting a playlist last entry
  ---
  duration_ms: 23.503917
  ...
# Subtest: binary download and replacement draft preserve exact original audio; Undo cancels replacement
ok 37 - binary download and replacement draft preserve exact original audio; Undo cancels replacement
  ---
  duration_ms: 22.768
  ...
# Subtest: concurrent writer conflict preserves a draft and never silently overwrites newer saved state
ok 38 - concurrent writer conflict preserves a draft and never silently overwrites newer saved state
  ---
  duration_ms: 4.212666
  ...
# Subtest: cancellation during the browser probe leaves saved bytes and draft untouched
ok 39 - cancellation during the browser probe leaves saved bytes and draft untouched
  ---
  duration_ms: 5.065792
  ...
# Subtest: MP3 audition pauses only music and restores previous intent; manual music playback ends the audition
ok 40 - MP3 audition pauses only music and restores previous intent; manual music playback ends the audition
  ---
  duration_ms: 3.990208
  ...
# Subtest: transport seeking and music volume use the public player API, while unavailable storage can retry
ok 41 - transport seeking and music volume use the public player API, while unavailable storage can retry
  ---
  duration_ms: 2.970166
  ...
# Subtest: cancel arriving after the native commit reports the completed save, never a false rollback
ok 42 - cancel arriving after the native commit reports the completed save, never a false rollback
  ---
  duration_ms: 6.145291
  ...
# Subtest: shared managed-media budget failure retains the old library and a recoverable unsaved draft
ok 43 - shared managed-media budget failure retains the old library and a recoverable unsaved draft
  ---
  duration_ms: 5.1575
  ...
# Subtest: a post-commit host refresh failure stays visible and does not falsely report an unsaved library
ok 44 - a post-commit host refresh failure stays visible and does not falsely report an unsaved library
  ---
  duration_ms: 2.622708
  ...
# Subtest: user transport, volume and successful audition notify host persistence; periodic updates do not
ok 45 - user transport, volume and successful audition notify host persistence; periodic updates do not
  ---
  duration_ms: 3.679958
  ...
# Subtest: hiding during audition restores remembered intent without starting hidden-page audio
ok 46 - hiding during audition restores remembered intent without starting hidden-page audio
  ---
  duration_ms: 6.795834
  ...
# Subtest: beforeAudio is an explicit activation hook, never called from ordinary studio rendering
ok 47 - beforeAudio is an explicit activation hook, never called from ordinary studio rendering
  ---
  duration_ms: 5.820292
  ...
# Subtest: New playlist uses the visibly selected library track rather than the separate append-track picker
ok 48 - New playlist uses the visibly selected library track rather than the separate append-track picker
  ---
  duration_ms: 8.231541
  ...
# Subtest: ordinary audition transport controls pause/resume, seek and change only audition volume without rewriting music intent
ok 49 - ordinary audition transport controls pause/resume, seek and change only audition volume without rewriting music intent
  ---
  duration_ms: 4.364792
  ...
# Subtest: preparing a visible native link is read-only and retains exact saved bytes for explicit retry
ok 50 - preparing a visible native link is read-only and retains exact saved bytes for explicit retry
  ---
  duration_ms: 14.849208
  ...
# Subtest: prepared download participates in local keyboard focus and discard never changes saved music
ok 51 - prepared download participates in local keyboard focus and discard never changes saved music
  ---
  duration_ms: 2.108125
  ...
# Subtest: adopted draft edits, Undo, import, save and reload invalidate a prepared copy without auto-downloading
ok 52 - adopted draft edits, Undo, import, save and reload invalidate a prepared copy without auto-downloading
  ---
  duration_ms: 44.26075
  ...
# Subtest: cancellation and disposal during real binary preparation cannot expose a late download
ok 53 - cancellation and disposal during real binary preparation cannot expose a late download
  ---
  duration_ms: 16.571084
  ...
# Subtest: native adapter receives prepared bytes synchronously on explicit activation and can retry a refusal
ok 54 - native adapter receives prepared bytes synchronously on explicit activation and can retry a refusal
  ---
  duration_ms: 11.5035
  ...
# Subtest: preparation announcements stay separate from the changing music clock
ok 55 - preparation announcements stay separate from the changing music clock
  ---
  duration_ms: 0.974667
  ...
# Subtest: pending audition visibly prepares and late playback cannot repopulate a closed/reopened panel
ok 56 - pending audition visibly prepares and late playback cannot repopulate a closed/reopened panel
  ---
  duration_ms: 6.722792
  ...
# Subtest: pending audition exposes feedback and Finish before playback settles (resolve)
ok 57 - pending audition exposes feedback and Finish before playback settles (resolve)
  ---
  duration_ms: 7.512375
  ...
# Subtest: pending audition exposes feedback and Finish before playback settles (reject)
ok 58 - pending audition exposes feedback and Finish before playback settles (reject)
  ---
  duration_ms: 6.4755
  ...
# Subtest: file picker cancellation preserves the Music draft and probe; dialog Escape retains its cancellation policy
ok 59 - file picker cancellation preserves the Music draft and probe; dialog Escape retains its cancellation policy
  ---
  duration_ms: 13.366917
  ...
# Subtest: shared master during pending audition keeps P01 Finish and retired intent (Finish/resolve)
ok 60 - shared master during pending audition keeps P01 Finish and retired intent (Finish/resolve)
  ---
  duration_ms: 10.730875
  ...
# Subtest: shared master during pending audition keeps P01 Finish and retired intent (Close/resolve)
ok 61 - shared master during pending audition keeps P01 Finish and retired intent (Close/resolve)
  ---
  duration_ms: 5.275917
  ...
# Subtest: shared master during pending audition keeps P01 Finish and retired intent (hidden/resolve)
ok 62 - shared master during pending audition keeps P01 Finish and retired intent (hidden/resolve)
  ---
  duration_ms: 2.68175
  ...
# Subtest: shared master during pending audition keeps P01 Finish and retired intent (dispose/resolve)
ok 63 - shared master during pending audition keeps P01 Finish and retired intent (dispose/resolve)
  ---
  duration_ms: 4.676
  ...
# Subtest: shared master during pending audition keeps P01 Finish and retired intent (Finish/reject)
ok 64 - shared master during pending audition keeps P01 Finish and retired intent (Finish/reject)
  ---
  duration_ms: 6.458583
  ...
# Subtest: shared master during pending audition keeps P01 Finish and retired intent (Close/reject)
ok 65 - shared master during pending audition keeps P01 Finish and retired intent (Close/reject)
  ---
  duration_ms: 6.254291
  ...
# Subtest: shared master during pending audition keeps P01 Finish and retired intent (hidden/reject)
ok 66 - shared master during pending audition keeps P01 Finish and retired intent (hidden/reject)
  ---
  duration_ms: 6.436208
  ...
# Subtest: shared master during pending audition keeps P01 Finish and retired intent (dispose/reject)
ok 67 - shared master during pending audition keeps P01 Finish and retired intent (dispose/reject)
  ---
  duration_ms: 3.915834
  ...
# Subtest: a host adoption hook owns metadata installation before panel notification
ok 68 - a host adoption hook owns metadata installation before panel notification
  ---
  duration_ms: 2.643708
  ...
# Subtest: failed reload adoption retains the existing unsaved draft and player state
ok 69 - failed reload adoption retains the existing unsaved draft and player state
  ---
  duration_ms: 1.594458
  ...
# Subtest: post-commit adoption failure records the durable save and blocks Save & use follow-on selection
ok 70 - post-commit adoption failure records the durable save and blocks Save & use follow-on selection
  ---
  duration_ms: 5.349041
  ...
# Subtest: post-commit listening adoption failure preserves audition and cannot change the stale player
ok 71 - post-commit listening adoption failure preserves audition and cannot change the stale player
  ---
  duration_ms: 25.806292
  ...
# Subtest: explicit panel Play/Pause route through the session while audition holds stay temporary
ok 72 - explicit panel Play/Pause route through the session while audition holds stay temporary
  ---
  duration_ms: 42.689916
  ...
# Subtest: a disposed panel does not adopt a committed library or call the host afterward
ok 73 - a disposed panel does not adopt a committed library or call the host afterward
  ---
  duration_ms: 1.625083
  ...
# Subtest: the supported panel handle exposes its exact modal and lifetime for host input ownership
ok 74 - the supported panel handle exposes its exact modal and lifetime for host input ownership
  ---
  duration_ms: 0.812791
  ...
# Subtest: an asynchronous adoption rejection is awaited and cannot report a successful refresh
ok 75 - an asynchronous adoption rejection is awaited and cannot report a successful refresh
  ---
  duration_ms: 2.516958
  ...
# Subtest: the real Couch owner/session compose with panel save, audition and explicit Pause
ok 76 - the real Couch owner/session compose with panel save, audition and explicit Pause
  ---
  duration_ms: 48.633208
  ...
# Subtest: closing to a connected opener still notifies the host exactly once
ok 77 - closing to a connected opener still notifies the host exactly once
  ---
  duration_ms: 2.581083
  ...
# Subtest: repeated Open retains its original opener and does not create another modal visit
ok 78 - repeated Open retains its original opener and does not create another modal visit
  ---
  duration_ms: 3.125583
  ...
# Subtest: host focus ownership and hidden-page checks prevent stale opener restoration
ok 79 - host focus ownership and hidden-page checks prevent stale opener restoration
  ---
  duration_ms: 2.88225
  ...
# Subtest: explicit terminal close retires auditions without restoring music or opener focus
ok 80 - explicit terminal close retires auditions without restoring music or opener focus
  ---
  duration_ms: 6.112417
  ...
# Subtest: library task retains a keyboard owner after disabling its action (saved)
ok 81 - library task retains a keyboard owner after disabling its action (saved)
  ---
  duration_ms: 3.059292
  ...
# Subtest: library task retains a keyboard owner after disabling its action (reload)
ok 82 - library task retains a keyboard owner after disabling its action (reload)
  ---
  duration_ms: 2.295542
  ...
# Subtest: library task retains a keyboard owner after disabling its action (newer focus)
ok 83 - library task retains a keyboard owner after disabling its action (newer focus)
  ---
  duration_ms: 8.207
  ...
# Subtest: library task retains a keyboard owner after disabling its action (hidden)
ok 84 - library task retains a keyboard owner after disabling its action (hidden)
  ---
  duration_ms: 2.6095
  ...
# Subtest: optional album additions preserve applied and unapplied drafts, playlist choice and playing transport
ok 85 - optional album additions preserve applied and unapplied drafts, playlist choice and playing transport
  ---
  duration_ms: 57.537125
  ...
# Subtest: cancelled album download preserves an earlier draft and typed editor fields
ok 86 - cancelled album download preserves an earlier draft and typed editor fields
  ---
  duration_ms: 14.809625
  ...
# Subtest: album completion restores owned disabled-control focus and respects deliberate navigation
ok 87 - album completion restores owned disabled-control focus and respects deliberate navigation
  ---
  duration_ms: 17.836833
  ...
# Subtest: bonus album offload, undo and explicit download retain edited metadata, playlists and selection
ok 88 - bonus album offload, undo and explicit download retain edited metadata, playlists and selection
  ---
  duration_ms: 75.0335
  ...
# Subtest: bonus offload retains exact audio bytes still required by a separate personal upload
ok 89 - bonus offload retains exact audio bytes still required by a separate personal upload
  ---
  duration_ms: 64.976292
  ...
# Subtest: partially restored creator shares expose remaining offline audio and can be offloaded again
ok 90 - partially restored creator shares expose remaining offline audio and can be offloaded again
  ---
  duration_ms: 74.486458
  ...
# Subtest: cancelled bonus re-download retains the offloaded save and unapplied editor values
ok 91 - cancelled bonus re-download retains the offloaded save and unapplied editor values
  ---
  duration_ms: 28.756625
  ...
# Subtest: bonus offload save respects a newer writer and leaves saved bytes intact
ok 92 - bonus offload save respects a newer writer and leaves saved bytes intact
  ---
  duration_ms: 41.400625
  ...
# Subtest: removing a bonus track from a draft also removes its obsolete album pin
ok 93 - removing a bonus track from a draft also removes its obsolete album pin
  ---
  duration_ms: 39.086875
  ...
# Subtest: genre controls persist the actual checkbox selection without resuming intentional music pause
ok 94 - genre controls persist the actual checkbox selection without resuming intentional music pause
  ---
  duration_ms: 5.81375
  ...
# Subtest: additional genre choices save a specific style or selected cross-style mix without autoplay
ok 95 - additional genre choices save a specific style or selected cross-style mix without autoplay
  ---
  duration_ms: 13.705167
  ...
# Subtest: catalogue volume download and removal preserve playlists and original upload bytes
ok 96 - catalogue volume download and removal preserve playlists and original upload bytes
  ---
  duration_ms: 112.441875
  ...
# Subtest: creator tags and selected-playlist export preserve original bytes and additive import retains choices
ok 97 - creator tags and selected-playlist export preserve original bytes and additive import retains choices
  ---
  duration_ms: 38.675166
  ...
# Subtest: unclassified uploads retain scene, energy and world tags after saving and reloading
ok 98 - unclassified uploads retain scene, energy and world tags after saving and reloading
  ---
  duration_ms: 22.8045
  ...
# Subtest: album browsing retains unapplied music tags and genre checkbox edits
ok 99 - album browsing retains unapplied music tags and genre checkbox edits
  ---
  duration_ms: 14.146292
  ...
# Subtest: uninstalled trusted catalogue tracks show online availability and can be auditioned
ok 100 - uninstalled trusted catalogue tracks show online availability and can be auditioned
  ---
  duration_ms: 9.436584
  ...
# Subtest: oversized complete catalogue backup is refused before any original download
ok 101 - oversized complete catalogue backup is refused before any original download
  ---
  duration_ms: 95.887916
  ...
# Subtest: v3 restricted music exposes source and recovery notice without exporting its audio
ok 102 - v3 restricted music exposes source and recovery notice without exporting its audio
  ---
  duration_ms: 33.355208
  ...
# Subtest: recovery UI explains offline storage denied without requesting redistributable audio
ok 103 - recovery UI explains offline storage denied without requesting redistributable audio
  ---
  duration_ms: 24.441334
  ...
# Subtest: recovery UI explains offline storage unknown without requesting redistributable audio
ok 104 - recovery UI explains offline storage unknown without requesting redistributable audio
  ---
  duration_ms: 23.621208
  ...
# Subtest: restored reference-only UA-FPV music can install when offline rights allow it and remains excluded from export
ok 105 - restored reference-only UA-FPV music can install when offline rights allow it and remains excluded from export
  ---
  duration_ms: 32.404958
  ...
# Subtest: original MP3 download is explicit and preserves exact bytes
ok 106 - original MP3 download is explicit and preserves exact bytes
  ---
  duration_ms: 6.372583
  ...
# Subtest: cached restricted recordings cannot audition through either UI or direct handler
ok 107 - cached restricted recordings cannot audition through either UI or direct handler
  ---
  duration_ms: 25.41375
  ...
# Subtest: opening a legacy saved library preserves the shipped catalogue in player and host adoption
ok 108 - opening a legacy saved library preserves the shipped catalogue in player and host adoption
  ---
  duration_ms: 10.559625
  ...
# Subtest: transport settling refuses a predicate that never becomes ready
ok 109 - transport settling refuses a predicate that never becomes ready
  ---
  duration_ms: 22.327458
  ...
# Subtest: transport construction/settings/selection stay silent until explicit Play
ok 110 - transport construction/settings/selection stay silent until explicit Play
  ---
  duration_ms: 8.891583
  ...
# Subtest: preparing a local MP3 keeps playback silent, then a gesture wake starts it before context resume settles
ok 111 - preparing a local MP3 keeps playback silent, then a gesture wake starts it before context resume settles
  ---
  duration_ms: 4.702792
  ...
# Subtest: synth song boundary signals once at actual audio deadline and does not schedule the next song early
ok 112 - synth song boundary signals once at actual audio deadline and does not schedule the next song early
  ---
  duration_ms: 1.76525
  ...
# Subtest: music-only pause freezes position while gameplay SFX remain available; full lifecycle suspends both
ok 113 - music-only pause freezes position while gameplay SFX remain available; full lifecycle suspends both
  ---
  duration_ms: 2.108791
  ...
# Subtest: ordered mixed queue advances synth→MP3→end without another element or album decode
ok 114 - ordered mixed queue advances synth→MP3→end without another element or album decode
  ---
  duration_ms: 6.706208
  ...
# Subtest: repeat-one repeats only on natural end, while Next explicitly advances
ok 115 - repeat-one repeats only on natural end, while Next explicitly advances
  ---
  duration_ms: 4.23725
  ...
# Subtest: authored game music is the automatic fallback and changes only at a song boundary
ok 116 - authored game music is the automatic fallback and changes only at a song boundary
  ---
  duration_ms: 2.997375
  ...
# Subtest: scope assignments beat authored fallback and context updates wait for current song
ok 117 - scope assignments beat authored fallback and context updates wait for current song
  ---
  duration_ms: 5.170875
  ...
# Subtest: library metadata edits preserve current owned MP3 and object URL until natural boundary
ok 118 - library metadata edits preserve current owned MP3 and object URL until natural boundary
  ---
  duration_ms: 7.297667
  ...
# Subtest: paused MP3 resumes the same URL/position and its ended handler remains active
ok 119 - paused MP3 resumes the same URL/position and its ended handler remains active
  ---
  duration_ms: 6.222583
  ...
# Subtest: one broken original is skipped once and a finite builtin fallback remains observable
ok 120 - one broken original is skipped once and a finite builtin fallback remains observable
  ---
  duration_ms: 4.768958
  ...
# Subtest: autoplay denial is observable, preserves current track, and requires another explicit Play
ok 121 - autoplay denial is observable, preserves current track, and requires another explicit Play
  ---
  duration_ms: 3.445667
  ...
# Subtest: a stale pending asset load cannot publish audio after explicit selection or disposal
ok 122 - a stale pending asset load cannot publish audio after explicit selection or disposal
  ---
  duration_ms: 4.566875
  ...
# Subtest: volume owns the music fader only, combines with master for MP3, and preserves SFX volume
ok 123 - volume owns the music fader only, combines with master for MP3, and preserves SFX volume
  ---
  duration_ms: 0.370667
  ...
# Subtest: seeking a paused synth before creating audio is retained for its first permitted playback
ok 124 - seeking a paused synth before creating audio is retained for its first permitted playback
  ---
  duration_ms: 0.774458
  ...
# Subtest: a complete synth rendition advances through real scheduler steps on a controlled audio clock
ok 125 - a complete synth rendition advances through real scheduler steps on a controlled audio clock
  ---
  duration_ms: 25.889667
  ...
# Subtest: repeat-all wraps and shuffled sessions preserve the exact authored entry multiset
ok 126 - repeat-all wraps and shuffled sessions preserve the exact authored entry multiset
  ---
  duration_ms: 1.809209
  ...
# Subtest: explicit switch fades only music and a pause during its fade cannot publish late playback
ok 127 - explicit switch fades only music and a pause during its fade cannot publish late playback
  ---
  duration_ms: 8.016792
  ...
# Subtest: lifecycle suspension of MP3 preserves listening intent and resumes the SFX context too
ok 128 - lifecycle suspension of MP3 preserves listening intent and resumes the SFX context too
  ---
  duration_ms: 8.634917
  ...
# Subtest: unsupported or corrupt originals never reach an object URL and fallback attempts stay finite
ok 129 - unsupported or corrupt originals never reach an object URL and fallback attempts stay finite
  ---
  duration_ms: 3.900875
  ...
# Subtest: a changed stored selection is adopted on the next boundary while unrelated metadata edits preserve a session choice
ok 130 - a changed stored selection is adopted on the next boundary while unrelated metadata edits preserve a session choice
  ---
  duration_ms: 4.0915
  ...
# Subtest: disposal aborts a pending storage load and its late original cannot allocate a URL
ok 131 - disposal aborts a pending storage load and its late original cannot allocate a URL
  ---
  duration_ms: 1.548459
  ...
# Subtest: a delayed media play promise cannot restore playing status after transport pause
ok 132 - a delayed media play promise cannot restore playing status after transport pause
  ---
  duration_ms: 29.75675
  ...
# Subtest: returning explicitly to automatic selection restores the authored map recipe immediately
ok 133 - returning explicitly to automatic selection restores the authored map recipe immediately
  ---
  duration_ms: 1.24325
  ...
# Subtest: a delayed synth enable denial cannot overwrite pause, suspend or dispose state
ok 134 - a delayed synth enable denial cannot overwrite pause, suspend or dispose state
  ---
  duration_ms: 2.3935
  ...
# Subtest: restoring inactive listening intent after an audition never starts audio until host resume
ok 135 - restoring inactive listening intent after an audition never starts audio until host resume
  ---
  duration_ms: 4.291584
  ...
# Subtest: silent audio preparation reports a delayed read and stale completion cannot reclaim its status
ok 136 - silent audio preparation reports a delayed read and stale completion cannot reclaim its status
  ---
  duration_ms: 1.012
  ...
# Subtest: earlier cached play settlement cannot clear a newer play preparation observer
ok 137 - earlier cached play settlement cannot clear a newer play preparation observer
  ---
  duration_ms: 2.447792
  ...
# Subtest: two streaming decks preload only the next track and genuinely overlap the audible boundary
ok 138 - two streaming decks preload only the next track and genuinely overlap the audible boundary
  ---
  duration_ms: 78.235125
  ...
# Subtest: pause during a crossfade cancels the outgoing deck and preserves the incoming position
ok 139 - pause during a crossfade cancels the outgoing deck and preserves the incoming position
  ---
  duration_ms: 8.191625
  ...
# Subtest: seek cancels next-track acquisition and late bytes cannot allocate a deck
ok 140 - seek cancels next-track acquisition and late bytes cannot allocate a deck
  ---
  duration_ms: 14.30475
  ...
# Subtest: library cancels next-track acquisition and late bytes cannot allocate a deck
ok 141 - library cancels next-track acquisition and late bytes cannot allocate a deck
  ---
  duration_ms: 13.650084
  ...
# Subtest: context cancels next-track acquisition and late bytes cannot allocate a deck
ok 142 - context cancels next-track acquisition and late bytes cannot allocate a deck
  ---
  duration_ms: 17.399583
  ...
# Subtest: suspend cancels next-track acquisition and late bytes cannot allocate a deck
ok 143 - suspend cancels next-track acquisition and late bytes cannot allocate a deck
  ---
  duration_ms: 16.452042
  ...
# Subtest: dispose cancels next-track acquisition and late bytes cannot allocate a deck
ok 144 - dispose cancels next-track acquisition and late bytes cannot allocate a deck
  ---
  duration_ms: 15.654166
  ...
# Subtest: a browser denying the second element reuses the permitted first deck for the entire queue
ok 145 - a browser denying the second element reuses the permitted first deck for the entire queue
  ---
  duration_ms: 36.491125
  ...
# Subtest: scene selection switches menu/gameplay music without changing paused listening intent
ok 146 - scene selection switches menu/gameplay music without changing paused listening intent
  ---
  duration_ms: 18.160042
  ...
# Subtest: empty Ukrainian/fusion selections stay silent with an explanation instead of unrelated fallback
ok 147 - empty Ukrainian/fusion selections stay silent with an explanation instead of unrelated fallback
  ---
  duration_ms: 2.955625
  ...
# Subtest: an offline Ukrainian queue tries each original once and stops without mislabelled fallback
ok 148 - an offline Ukrainian queue tries each original once and stops without mislabelled fallback
  ---
  duration_ms: 2.73125
  ...
# Subtest: failed restricted mixes and explicit v2 playlists preserve the selected music families
ok 149 - failed restricted mixes and explicit v2 playlists preserve the selected music families
  ---
  duration_ms: 10.873833
  ...
# Subtest: an explicit catalogue playlist with no installed recordings stays empty offline
ok 150 - an explicit catalogue playlist with no installed recordings stays empty offline
  ---
  duration_ms: 11.381167
  ...
# Subtest: offloaded bonus tracks are skipped without fetching and an empty explicit album asks for Download again
ok 151 - offloaded bonus tracks are skipped without fetching and an empty explicit album asks for Download again
  ---
  duration_ms: 12.87775
  ...
# Subtest: catalogue metadata drives playback and same-ID theme selection changes the next rendition
ok 152 - catalogue metadata drives playback and same-ID theme selection changes the next rendition
  ---
  duration_ms: 23.906292
  ...
# Subtest: short clips preserve their opening before entering the default crossfade window
ok 153 - short clips preserve their opening before entering the default crossfade window
  ---
  duration_ms: 4.728917
  ...
# Subtest: choosing an available genre clears the previous unavailable selection notice
ok 154 - choosing an available genre clears the previous unavailable selection notice
  ---
  duration_ms: 8.109917
  ...
# Subtest: import and offline preparation reject a falsely omitted permitted catalogue original
ok 155 - import and offline preparation reject a falsely omitted permitted catalogue original
  ---
  duration_ms: 14.612958
  ...
# Subtest: import and offline preparation reject a falsely omitted permitted upload alias
ok 156 - import and offline preparation reject a falsely omitted permitted upload alias
  ---
  duration_ms: 3.659875
  ...
# Subtest: a reference imported without authority cannot bypass trusted validation through share merge or replace stored originals
ok 157 - a reference imported without authority cannot bypass trusted validation through share merge or replace stored originals
  ---
  duration_ms: 22.614583
  ...
# Subtest: unknown restricted upload references survive export/import without acquiring byte or network authority
ok 158 - unknown restricted upload references survive export/import without acquiring byte or network authority
  ---
  duration_ms: 25.192333
  ...
# Subtest: trusted matching hash authority can require bytes for a previously unknown reference
ok 159 - trusted matching hash authority can require bytes for a previously unknown reference
  ---
  duration_ms: 9.40225
  ...
# Subtest: additive shares retain catalogue and renamed-upload references when offline storage is denied
ok 160 - additive shares retain catalogue and renamed-upload references when offline storage is denied
  ---
  duration_ms: 30.448708
  ...
# Subtest: additive shares retain catalogue and renamed-upload references when offline storage is unknown
ok 161 - additive shares retain catalogue and renamed-upload references when offline storage is unknown
  ---
  duration_ms: 22.093125
  ...
# Subtest: Installed only excludes restored aliases without bytes and recognizes the same original owned under another ID
ok 162 - Installed only excludes restored aliases without bytes and recognizes the same original owned under another ID
  ---
  duration_ms: 6.17
  ...
# Subtest: catalogue v2 binds all policy fields to exact identity/hash and rejects unsafe metadata
ok 163 - catalogue v2 binds all policy fields to exact identity/hash and rejects unsafe metadata
  ---
  duration_ms: 2.694041
  ...
# Subtest: pins cannot grant permissions; trusted hash restrictions follow renamed personal uploads
ok 164 - pins cannot grant permissions; trusted hash restrictions follow renamed personal uploads
  ---
  duration_ms: 0.302833
  ...
# Subtest: v3 mixed recovery includes all permitted originals and explicit restricted references with exact playlist order
ok 165 - v3 mixed recovery includes all permitted originals and explicit restricted references with exact playlist order
  ---
  duration_ms: 38.697375
  ...
# Subtest: recovery preserves references when redistribution is allowed but offline storage is denied
ok 166 - recovery preserves references when redistribution is allowed but offline storage is denied
  ---
  duration_ms: 11.763958
  ...
# Subtest: recovery preserves references when redistribution is allowed but offline storage is unknown
ok 167 - recovery preserves references when redistribution is allowed but offline storage is unknown
  ---
  duration_ms: 7.08575
  ...
# Subtest: restricted upload aliases cannot leak the same bytes through recovery or selected shares
ok 168 - restricted upload aliases cannot leak the same bytes through recovery or selected shares
  ---
  duration_ms: 16.70125
  ...
# Subtest: source denies restricted export and unknown offline permission before reading bytes or making network requests
ok 169 - source denies restricted export and unknown offline permission before reading bytes or making network requests
  ---
  duration_ms: 17.839125
  ...
# Subtest: Recording mode requires verified gameplay-video rights and unregistered Content ID; ordinary listening remains independent
ok 170 - Recording mode requires verified gameplay-video rights and unregistered Content ID; ordinary listening remains independent
  ---
  duration_ms: 4.562584
  ...
# Subtest: automatic selection applies explicit energy preference after scene and theme; authored playlist order survives
ok 171 - automatic selection applies explicit energy preference after scene and theme; authored playlist order survives
  ---
  duration_ms: 3.265959
  ...
# Subtest: DB5 keeps v3 references atomic and rejects downgrade or stale writers
ok 172 - DB5 keeps v3 references atomic and rejects downgrade or stale writers
  ---
  duration_ms: 37.443792
  ...
# Subtest: full 256 catalogue + 123 uploads + 26 playlists stays within bounded metadata and 512-asset envelope
ok 173 - full 256 catalogue + 123 uploads + 26 playlists stays within bounded metadata and 512-asset envelope
  ---
  duration_ms: 713.627625
  ...
# Subtest: v3 preserves an uploaded original filename through title edits and bundle/share recovery
ok 174 - v3 preserves an uploaded original filename through title edits and bundle/share recovery
  ---
  duration_ms: 5.196709
  ...
# Subtest: additive creator albums preserve the applied choice and draft, are idempotent, and reject identity collisions
ok 175 - additive creator albums preserve the applied choice and draft, are idempotent, and reject identity collisions
  ---
  duration_ms: 8.65925
  ...
# Subtest: sharing exports only the chosen playlist and requires declared recording permissions
ok 176 - sharing exports only the chosen playlist and requires declared recording permissions
  ---
  duration_ms: 2.510958
  ...
# Subtest: acoustic playlist shares round-trip originals, tags and ordered entries into an eligible automatic queue
ok 177 - acoustic playlist shares round-trip originals, tags and ordered entries into an eligible automatic queue
  ---
  duration_ms: 17.466375
  ...
# Subtest: chiptune playlist shares round-trip originals, tags and ordered entries into an eligible automatic queue
ok 178 - chiptune playlist shares round-trip originals, tags and ordered entries into an eligible automatic queue
  ---
  duration_ms: 7.420458
  ...
# Subtest: catalogue streaming trusts only shipped hashes and checks the entire original without saving it
ok 179 - catalogue streaming trusts only shipped hashes and checks the entire original without saving it
  ---
  duration_ms: 14.215667
  ...
# Subtest: offline listening does not fetch; an explicit download can fetch; stored originals work offline
ok 180 - offline listening does not fetch; an explicit download can fetch; stored originals work offline
  ---
  duration_ms: 1.582666
  ...
# Subtest: standalone export remains allowed when offline storage is denied
ok 181 - standalone export remains allowed when offline storage is denied
  ---
  duration_ms: 1.81425
  ...
# Subtest: standalone export remains allowed when offline storage is unknown
ok 182 - standalone export remains allowed when offline storage is unknown
  ---
  duration_ms: 2.865459
  ...
# Subtest: streaming rejects corrupt/truncated media and cancellation before a request
ok 183 - streaming rejects corrupt/truncated media and cancellation before a request
  ---
  duration_ms: 1.498042
  ...
# Subtest: the catalogue loader validates bounded version-local metadata and rejects foreign redirects
ok 184 - the catalogue loader validates bounded version-local metadata and rejects foreign redirects
  ---
  duration_ms: 0.948709
  ...
# Subtest: v2 writers retain legacy genre choices and require v3 before writing expanded styles
ok 185 - v2 writers retain legacy genre choices and require v3 before writing expanded styles
  ---
  duration_ms: 1.859791
  ...
# Subtest: frozen DB5/v2 readers reject a v3 row without touching shared metadata or audio
ok 186 - frozen DB5/v2 readers reject a v3 row without touching shared metadata or audio
  ---
  duration_ms: 17.113083
  ...
# Subtest: an already-open frozen v2 audio writer cannot mutate any domain after concurrent v3 adoption
ok 187 - an already-open frozen v2 audio writer cannot mutate any domain after concurrent v3 adoption
  ---
  duration_ms: 11.023709
  ...
# Subtest: an already-open frozen v2 media writer cannot mutate any domain after concurrent v3 adoption
ok 188 - an already-open frozen v2 media writer cannot mutate any domain after concurrent v3 adoption
  ---
  duration_ms: 8.2885
  ...
# Subtest: an already-open frozen v2 story writer cannot mutate any domain after concurrent v3 adoption
ok 189 - an already-open frozen v2 story writer cannot mutate any domain after concurrent v3 adoption
  ---
  duration_ms: 9.199916
  ...
# Subtest: mixed soundtrack owns metadata, references existing synth recipes, and freezes output
ok 190 - mixed soundtrack owns metadata, references existing synth recipes, and freezes output
  ---
  duration_ms: 0.733834
  ...
# Subtest: model rejects accessors, coercion, missing fields, reserved identities and unresolved references
ok 191 - model rejects accessors, coercion, missing fields, reserved identities and unresolved references
  ---
  duration_ms: 3.614166
  ...
# Subtest: total track/playlist and entry limits include the immutable builtin collection
ok 192 - total track/playlist and entry limits include the immutable builtin collection
  ---
  duration_ms: 10.263084
  ...
# Subtest: duplicate hash metadata uses canonical fields and rejects actual conflicting facts
ok 193 - duplicate hash metadata uses canonical fields and rejects actual conflicting facts
  ---
  duration_ms: 0.269
  ...
# Subtest: explicit selection wins over authored map, campaign, theme and global assignment
ok 194 - explicit selection wins over authored map, campaign, theme and global assignment
  ---
  duration_ms: 0.946625
  ...
# Subtest: presentation shuffle preserves duplicates, avoids a boundary repeat when possible, and rejects invalid randomness
ok 195 - presentation shuffle preserves duplicates, avoids a boundary repeat when possible, and rejects invalid randomness
  ---
  duration_ms: 0.48575
  ...
# Subtest: complete binary round trip preserves every raw MP3 byte and mixed playlist metadata
ok 196 - complete binary round trip preserves every raw MP3 byte and mixed playlist metadata
  ---
  duration_ms: 5.28275
  ...
# Subtest: two track records sharing one original transfer exactly one payload
ok 197 - two track records sharing one original transfer exactly one payload
  ---
  duration_ms: 2.572583
  ...
# Subtest: complete export/import fail on missing/extra/hash-corrupt media instead of producing partial backups
ok 198 - complete export/import fail on missing/extra/hash-corrupt media instead of producing partial backups
  ---
  duration_ms: 1.752584
  ...
# Subtest: bundle rejects truncated/trailing payload, invalid magic and manifest allocation abuse
ok 199 - bundle rejects truncated/trailing payload, invalid magic and manifest allocation abuse
  ---
  duration_ms: 1.960125
  ...
# Subtest: metadata and asset getters are never invoked and asynchronous caller edits cannot enter prepared import
ok 200 - metadata and asset getters are never invoked and asynchronous caller edits cannot enter prepared import
  ---
  duration_ms: 0.843916
  ...
# Subtest: media probe rejection, omitted environment probe, and cancellation cannot authorize an import
ok 201 - media probe rejection, omitted environment probe, and cancellation cannot authorize an import
  ---
  duration_ms: 1.858125
  ...
# Subtest: audio metadata validates provenance and frame-derived duration rather than trusting arbitrary imported duration
ok 202 - audio metadata validates provenance and frame-derived duration rather than trusting arbitrary imported duration
  ---
  duration_ms: 0.14525
  ...
# Subtest: five reserved genre playlists resolve each existing recipe through explicit selection
ok 203 - five reserved genre playlists resolve each existing recipe through explicit selection
  ---
  duration_ms: 0.185125
  ...
1..203
# tests 203
# suites 0
# pass 203
# fail 0
# cancelled 0
# skipped 0
# todo 0
# duration_ms 2272.865791
