TAP version 13
# Subtest: five approved source frames retain exact IDs, revisions, PNG hashes and dimensions
ok 1 - five approved source frames retain exact IDs, revisions, PNG hashes and dimensions
  ---
  duration_ms: 25.574041
  ...
# Subtest: explicit Team roles reuse prepared slots without changing actual types or run state
ok 2 - explicit Team roles reuse prepared slots without changing actual types or run state
  ---
  duration_ms: 6.769542
  ...
# Subtest: Team 240px hybrid source detail and CSS body size stay separate from contact radii
ok 3 - Team 240px hybrid source detail and CSS body size stay separate from contact radii
  ---
  duration_ms: 3.983834
  ...
# Subtest: Team 200px props source detail and CSS body size stay separate from contact radii
ok 4 - Team 200px props source detail and CSS body size stay separate from contact radii
  ---
  duration_ms: 4.06825
  ...
# Subtest: Team 1152px hybrid source detail and CSS body size stay separate from contact radii
ok 5 - Team 1152px hybrid source detail and CSS body size stay separate from contact radii
  ---
  duration_ms: 3.489291
  ...
# Subtest: Team 479px hybrid source detail and CSS body size stay separate from contact radii
ok 6 - Team 479px hybrid source detail and CSS body size stay separate from contact radii
  ---
  duration_ms: 5.499042
  ...
# Subtest: Team 1152px microtile source detail and CSS body size stay separate from contact radii
ok 7 - Team 1152px microtile source detail and CSS body size stay separate from contact radii
  ---
  duration_ms: 3.092042
  ...
# Subtest: Team 640px props source detail and CSS body size stay separate from contact radii
ok 8 - Team 640px props source detail and CSS body size stay separate from contact radii
  ---
  duration_ms: 1.187084
  ...
# Subtest: real successive ticks animate pilots; pause and repeated paints preserve every cosmetic clock
ok 9 - real successive ticks animate pilots; pause and repeated paints preserve every cosmetic clock
  ---
  duration_ms: 8.110875
  ...
# Subtest: heading follows observed movement even when stale enemy velocity points elsewhere
ok 10 - heading follows observed movement even when stale enemy velocity points elsewhere
  ---
  duration_ms: 1.204334
  ...
# Subtest: reduced motion and zero motion scale keep poses static while real movement still advances
ok 11 - reduced motion and zero motion scale keep poses static while real movement still advances
  ---
  duration_ms: 9.332041
  ...
# Subtest: downed pilots freeze cosmetic motion and fresh attempts or replacement snapshots reset it
ok 12 - downed pilots freeze cosmetic motion and fresh attempts or replacement snapshots reset it
  ---
  duration_ms: 1.41425
  ...
# Subtest: prepared image and pivot geometry are borrowed once; reset and replacement never close shared images
ok 13 - prepared image and pivot geometry are borrowed once; reset and replacement never close shared images
  ---
  duration_ms: 4.047084
  ...
# Subtest: absent prepared roles keep truthful geometric fallback and failed snapshot reads leave old art usable
ok 14 - absent prepared roles keep truthful geometric fallback and failed snapshot reads leave old art usable
  ---
  duration_ms: 4.3575
  ...
# Subtest: actual painter places body images below 1/2, down/grace, lock/recovery/slow and stronghold cues
ok 15 - actual painter places body images below 1/2, down/grace, lock/recovery/slow and stronghold cues
  ---
  duration_ms: 74.3675
  ...
# Subtest: stronghold boss body stays beneath authored anchors and marker labels clear its envelope
ok 16 - stronghold boss body stays beneath authored anchors and marker labels clear its envelope
  ---
  duration_ms: 4.790791
  ...
# Subtest: bright required picture stays exact beneath actors while painting and body detail never change gameplay
ok 17 - bright required picture stays exact beneath actors while painting and body detail never change gameplay
  ---
  duration_ms: 234.170792
  ...
# Subtest: overlapping actor images cannot cover the final real enemy contact rings
ok 18 - overlapping actor images cannot cover the final real enemy contact rings
  ---
  duration_ms: 3.8355
  ...
# Subtest: charging hunters keep explicit phase text and slow pattern above their borrowed quad image
ok 19 - charging hunters keep explicit phase text and slow pattern above their borrowed quad image
  ---
  duration_ms: 2.00075
  ...
# Subtest: exposed and secured strongholds retain functional labels and anchors over stationary body art
ok 20 - exposed and secured strongholds retain functional labels and anchors over stationary body art
  ---
  duration_ms: 12.555958
  ...
# Subtest: minimum authored Team radius stays exact in the sampled frame and final footprint
ok 21 - minimum authored Team radius stays exact in the sampled frame and final footprint
  ---
  duration_ms: 1.484125
  ...
# Subtest: actual rescue of player 1 has a legible static role cue without a second progress gauge
ok 22 - actual rescue of player 1 has a legible static role cue without a second progress gauge
  ---
  duration_ms: 165.1185
  ...
# Subtest: actual rescue of player 2 has a legible static role cue without a second progress gauge
ok 23 - actual rescue of player 2 has a legible static role cue without a second progress gauge
  ---
  duration_ms: 168.108
  ...
# Subtest: the versioned historical policy names only the exact reviewed FPV wide scene
ok 24 - the versioned historical policy names only the exact reviewed FPV wide scene
  ---
  duration_ms: 5.115875
  ...
# Subtest: valid coverage and multi-core imports bind their complete content to the approved scene without changing it
ok 25 - valid coverage and multi-core imports bind their complete content to the approved scene without changing it
  ---
  duration_ms: 174.42925
  ...
# Subtest: historical revision values retain their original type and full pack ownership
ok 26 - historical revision values retain their original type and full pack ownership
  ---
  duration_ms: 324.843209
  ...
# Subtest: an exact binding table preserves historical string and integer level revisions without the generic policy
ok 27 - an exact binding table preserves historical string and integer level revisions without the generic policy
  ---
  duration_ms: 30.864583
  ...
# Subtest: the policy remains opt-in and malformed policy or historical input cannot introduce an image path
ok 28 - the policy remains opt-in and malformed policy or historical input cannot introduce an image path
  ---
  duration_ms: 20.161792
  ...
# Subtest: the starter namespace stays strict even with no exact rows; known custom namespaces cannot borrow generic approval
ok 29 - the starter namespace stays strict even with no exact rows; known custom namespaces cannot borrow generic approval
  ---
  duration_ms: 42.994792
  ...
# Subtest: missing, substituted, source-quality or cropped required scenery refuses before any original read
ok 30 - missing, substituted, source-quality or cropped required scenery refuses before any original read
  ---
  duration_ms: 190.043625
  ...
# Subtest: generic read, original hash and decode errors never become procedural and explicit Retry retains its captured row
ok 31 - generic read, original hash and decode errors never become procedural and explicit Retry retains its captured row
  ---
  duration_ms: 95.926083
  ...
# Subtest: a historical policy and authored pack are copied before callbacks can change their association
ok 32 - a historical policy and authored pack are copied before callbacks can change their association
  ---
  duration_ms: 16.142
  ...
# Subtest: generic Cancel and Retry release a late decoded image once without changing the newer accepted image
ok 33 - generic Cancel and Retry release a late decoded image once without changing the newer accepted image
  ---
  duration_ms: 30.136667
  ...
# Subtest: failed generic replacement and snapshot drift preserve the old image and require a deliberate new attempt
ok 34 - failed generic replacement and snapshot drift preserve the old image and require a deliberate new attempt
  ---
  duration_ms: 48.053917
  ...
# Subtest: the closed two-row authority is immutable and matches the complete authored starter pack
ok 35 - the closed two-row authority is immutable and matches the complete authored starter pack
  ---
  duration_ms: 3.418417
  ...
# Subtest: First Connection verifies its real approved PNG and returns a full-frame contain/nearest lease
ok 36 - First Connection verifies its real approved PNG and returns a full-frame contain/nearest lease
  ---
  duration_ms: 162.193666
  ...
# Subtest: Relay Yard verifies its real approved PNG and returns a full-frame contain/nearest lease
ok 37 - Relay Yard verifies its real approved PNG and returns a full-frame contain/nearest lease
  ---
  duration_ms: 15.116167
  ...
# Subtest: same-ID pack rename has no picture authority before any reader or decoder
ok 38 - same-ID pack rename has no picture authority before any reader or decoder
  ---
  duration_ms: 9.421916
  ...
# Subtest: same-ID selected level changed has no picture authority before any reader or decoder
ok 39 - same-ID selected level changed has no picture authority before any reader or decoder
  ---
  duration_ms: 12.8425
  ...
# Subtest: same-ID other level changed has no picture authority before any reader or decoder
ok 40 - same-ID other level changed has no picture authority before any reader or decoder
  ---
  duration_ms: 7.912583
  ...
# Subtest: pack revision changed has no picture authority before any reader or decoder
ok 41 - pack revision changed has no picture authority before any reader or decoder
  ---
  duration_ms: 5.44375
  ...
# Subtest: level revision changed has no picture authority before any reader or decoder
ok 42 - level revision changed has no picture authority before any reader or decoder
  ---
  duration_ms: 10.903042
  ...
# Subtest: unknown pack ID has no picture authority before any reader or decoder
ok 43 - unknown pack ID has no picture authority before any reader or decoder
  ---
  duration_ms: 5.105083
  ...
# Subtest: theme revision cannot substitute a broader FPV asset or procedural fallback
ok 44 - theme revision cannot substitute a broader FPV asset or procedural fallback
  ---
  duration_ms: 6.208083
  ...
# Subtest: older theme revision cannot substitute a broader FPV asset or procedural fallback
ok 45 - older theme revision cannot substitute a broader FPV asset or procedural fallback
  ---
  duration_ms: 3.155459
  ...
# Subtest: different collection cannot substitute a broader FPV asset or procedural fallback
ok 46 - different collection cannot substitute a broader FPV asset or procedural fallback
  ---
  duration_ms: 6.289083
  ...
# Subtest: different theme cannot substitute a broader FPV asset or procedural fallback
ok 47 - different theme cannot substitute a broader FPV asset or procedural fallback
  ---
  duration_ms: 6.54675
  ...
# Subtest: asset ID cannot substitute a broader FPV asset or procedural fallback
ok 48 - asset ID cannot substitute a broader FPV asset or procedural fallback
  ---
  duration_ms: 9.253041
  ...
# Subtest: asset revision cannot substitute a broader FPV asset or procedural fallback
ok 49 - asset revision cannot substitute a broader FPV asset or procedural fallback
  ---
  duration_ms: 5.060959
  ...
# Subtest: asset hash cannot substitute a broader FPV asset or procedural fallback
ok 50 - asset hash cannot substitute a broader FPV asset or procedural fallback
  ---
  duration_ms: 4.521166
  ...
# Subtest: asset bytes cannot substitute a broader FPV asset or procedural fallback
ok 51 - asset bytes cannot substitute a broader FPV asset or procedural fallback
  ---
  duration_ms: 41.097459
  ...
# Subtest: asset MIME cannot substitute a broader FPV asset or procedural fallback
ok 52 - asset MIME cannot substitute a broader FPV asset or procedural fallback
  ---
  duration_ms: 8.583666
  ...
# Subtest: asset dimensions cannot substitute a broader FPV asset or procedural fallback
ok 53 - asset dimensions cannot substitute a broader FPV asset or procedural fallback
  ---
  duration_ms: 48.635125
  ...
# Subtest: unreviewed asset cannot substitute a broader FPV asset or procedural fallback
ok 54 - unreviewed asset cannot substitute a broader FPV asset or procedural fallback
  ---
  duration_ms: 117.523958
  ...
# Subtest: cropped frame cannot substitute a broader FPV asset or procedural fallback
ok 55 - cropped frame cannot substitute a broader FPV asset or procedural fallback
  ---
  duration_ms: 8.494292
  ...
# Subtest: missing allowed slot cannot substitute a broader FPV asset or procedural fallback
ok 56 - missing allowed slot cannot substitute a broader FPV asset or procedural fallback
  ---
  duration_ms: 4.568541
  ...
# Subtest: a same-length changed original is rejected before decode and never becomes procedural
ok 57 - a same-length changed original is rejected before decode and never becomes procedural
  ---
  duration_ms: 48.33175
  ...
# Subtest: P02 retains the published P01 history and appends audio7 under a new fpv24
ok 58 - P02 retains the published P01 history and appends audio7 under a new fpv24
  ---
  duration_ms: 13025.593708
  ...
# Subtest: P03 retains the measured fpv25 source-stage checkpoint after published P02
ok 59 - P03 retains the measured fpv25 source-stage checkpoint after published P02
  ---
  duration_ms: 1740.040417
  ...
# Subtest: current P03 reproduction retains its measured source stage before any review successor
ok 60 - current P03 reproduction retains its measured source stage before any review successor
  ---
  duration_ms: 3109.142375
  ...
# Subtest: Journey music review retains fpv33 source evidence and every earlier immutable record
ok 61 - Journey music review retains fpv33 source evidence and every earlier immutable record
  ---
  duration_ms: 2118.829792
  ...
# Subtest: unchanged production preserves its exact document and appends changed revisions
ok 62 - unchanged production preserves its exact document and appends changed revisions
  ---
  duration_ms: 856.676833
  ...
# Subtest: review evidence gets an immutable successor and normal reproduction keeps the review
ok 63 - review evidence gets an immutable successor and normal reproduction keeps the review
  ---
  duration_ms: 1043.446959
  ...
# Subtest: production refuses silent slot contract mutation and can explicitly return to an old revision
ok 64 - production refuses silent slot contract mutation and can explicitly return to an old revision
  ---
  duration_ms: 725.027292
  ...
# Subtest: Livewire feedback dependencies bind only the reviewed v0.76 effects inputs
ok 65 - Livewire feedback dependencies bind only the reviewed v0.76 effects inputs
  ---
  duration_ms: 263.655792
  ...
# Subtest: soundtrack UI and audio bind only their reviewed current inputs
not ok 66 - soundtrack UI and audio bind only their reviewed current inputs
  ---
  duration_ms: 246.895208
  location: '/Users/oleksandr.mekhovov/work/my_projects/go_test/.cache/worktrees/soundtrack-v3-latest/game/test/presentation-production-history.test.mjs:444:1'
  failureType: 'testCodeFailure'
  error: 'audio.focus'
  code: 'ERR_ASSERTION'
  name: 'AssertionError'
  expected: true
  actual: false
  operator: '=='
  stack: |-
    TestContext.<anonymous> (file:///Users/oleksandr.mekhovov/work/my_projects/go_test/.cache/worktrees/soundtrack-v3-latest/game/test/presentation-production-history.test.mjs:470:14)
    async Test.run (node:internal/test_runner/test:797:9)
    async Test.processPendingSubtests (node:internal/test_runner/test:526:7)
  ...
# Subtest: soundtrack screen and P08-A motion reviews bind only the inspected current inputs
ok 67 - soundtrack screen and P08-A motion reviews bind only the inspected current inputs
  ---
  duration_ms: 244.833042
  ...
# Subtest: changed recipe inputs reopen only their own reviewed group
ok 68 - changed recipe inputs reopen only their own reviewed group
  ---
  duration_ms: 11150.745542
  ...
# Subtest: the whole production collection has capacity for immutable review successors
ok 69 - the whole production collection has capacity for immutable review successors
  ---
  duration_ms: 54246.737334
  ...
1..69
# tests 69
# suites 0
# pass 68
# fail 1
# cancelled 0
# skipped 0
# todo 0
# duration_ms 90278.018208
