TAP version 13
# Subtest: five approved source frames retain exact IDs, revisions, PNG hashes and dimensions
ok 1 - five approved source frames retain exact IDs, revisions, PNG hashes and dimensions
  ---
  duration_ms: 6.308791
  ...
# Subtest: explicit Team roles reuse prepared slots without changing actual types or run state
ok 2 - explicit Team roles reuse prepared slots without changing actual types or run state
  ---
  duration_ms: 2.83225
  ...
# Subtest: Team 240px hybrid source detail and CSS body size stay separate from contact radii
ok 3 - Team 240px hybrid source detail and CSS body size stay separate from contact radii
  ---
  duration_ms: 1.974708
  ...
# Subtest: Team 200px props source detail and CSS body size stay separate from contact radii
ok 4 - Team 200px props source detail and CSS body size stay separate from contact radii
  ---
  duration_ms: 11.973708
  ...
# Subtest: Team 1152px hybrid source detail and CSS body size stay separate from contact radii
ok 5 - Team 1152px hybrid source detail and CSS body size stay separate from contact radii
  ---
  duration_ms: 1.893333
  ...
# Subtest: Team 479px hybrid source detail and CSS body size stay separate from contact radii
ok 6 - Team 479px hybrid source detail and CSS body size stay separate from contact radii
  ---
  duration_ms: 1.735167
  ...
# Subtest: Team 1152px microtile source detail and CSS body size stay separate from contact radii
ok 7 - Team 1152px microtile source detail and CSS body size stay separate from contact radii
  ---
  duration_ms: 1.912333
  ...
# Subtest: Team 640px props source detail and CSS body size stay separate from contact radii
ok 8 - Team 640px props source detail and CSS body size stay separate from contact radii
  ---
  duration_ms: 1.047959
  ...
# Subtest: real successive ticks animate pilots; pause and repeated paints preserve every cosmetic clock
ok 9 - real successive ticks animate pilots; pause and repeated paints preserve every cosmetic clock
  ---
  duration_ms: 6.529667
  ...
# Subtest: heading follows observed movement even when stale enemy velocity points elsewhere
ok 10 - heading follows observed movement even when stale enemy velocity points elsewhere
  ---
  duration_ms: 0.961958
  ...
# Subtest: reduced motion and zero motion scale keep poses static while real movement still advances
ok 11 - reduced motion and zero motion scale keep poses static while real movement still advances
  ---
  duration_ms: 6.091416
  ...
# Subtest: downed pilots freeze cosmetic motion and fresh attempts or replacement snapshots reset it
ok 12 - downed pilots freeze cosmetic motion and fresh attempts or replacement snapshots reset it
  ---
  duration_ms: 1.005208
  ...
# Subtest: prepared image and pivot geometry are borrowed once; reset and replacement never close shared images
ok 13 - prepared image and pivot geometry are borrowed once; reset and replacement never close shared images
  ---
  duration_ms: 1.140541
  ...
# Subtest: absent prepared roles keep truthful geometric fallback and failed snapshot reads leave old art usable
ok 14 - absent prepared roles keep truthful geometric fallback and failed snapshot reads leave old art usable
  ---
  duration_ms: 0.804417
  ...
# Subtest: actual painter places body images below 1/2, down/grace, lock/recovery/slow and stronghold cues
ok 15 - actual painter places body images below 1/2, down/grace, lock/recovery/slow and stronghold cues
  ---
  duration_ms: 20.532709
  ...
# Subtest: stronghold boss body stays beneath authored anchors and marker labels clear its envelope
ok 16 - stronghold boss body stays beneath authored anchors and marker labels clear its envelope
  ---
  duration_ms: 3.841792
  ...
# Subtest: bright required picture stays exact beneath actors while painting and body detail never change gameplay
ok 17 - bright required picture stays exact beneath actors while painting and body detail never change gameplay
  ---
  duration_ms: 33.144084
  ...
# Subtest: overlapping actor images cannot cover the final real enemy contact rings
ok 18 - overlapping actor images cannot cover the final real enemy contact rings
  ---
  duration_ms: 2.821917
  ...
# Subtest: charging hunters keep explicit phase text and slow pattern above their borrowed quad image
ok 19 - charging hunters keep explicit phase text and slow pattern above their borrowed quad image
  ---
  duration_ms: 3.549583
  ...
# Subtest: exposed and secured strongholds retain functional labels and anchors over stationary body art
ok 20 - exposed and secured strongholds retain functional labels and anchors over stationary body art
  ---
  duration_ms: 2.54325
  ...
# Subtest: minimum authored Team radius stays exact in the sampled frame and final footprint
ok 21 - minimum authored Team radius stays exact in the sampled frame and final footprint
  ---
  duration_ms: 1.423458
  ...
# Subtest: actual rescue of player 1 has a legible static role cue without a second progress gauge
ok 22 - actual rescue of player 1 has a legible static role cue without a second progress gauge
  ---
  duration_ms: 203.844292
  ...
# Subtest: actual rescue of player 2 has a legible static role cue without a second progress gauge
ok 23 - actual rescue of player 2 has a legible static role cue without a second progress gauge
  ---
  duration_ms: 73.015084
  ...
# Subtest: the versioned historical policy names only the exact reviewed FPV wide scene
ok 24 - the versioned historical policy names only the exact reviewed FPV wide scene
  ---
  duration_ms: 0.971166
  ...
# Subtest: valid coverage and multi-core imports bind their complete content to the approved scene without changing it
ok 25 - valid coverage and multi-core imports bind their complete content to the approved scene without changing it
  ---
  duration_ms: 52.318792
  ...
# Subtest: historical revision values retain their original type and full pack ownership
ok 26 - historical revision values retain their original type and full pack ownership
  ---
  duration_ms: 107.719666
  ...
# Subtest: an exact binding table preserves historical string and integer level revisions without the generic policy
ok 27 - an exact binding table preserves historical string and integer level revisions without the generic policy
  ---
  duration_ms: 22.183833
  ...
# Subtest: the policy remains opt-in and malformed policy or historical input cannot introduce an image path
ok 28 - the policy remains opt-in and malformed policy or historical input cannot introduce an image path
  ---
  duration_ms: 32.653041
  ...
# Subtest: the starter namespace stays strict even with no exact rows; known custom namespaces cannot borrow generic approval
ok 29 - the starter namespace stays strict even with no exact rows; known custom namespaces cannot borrow generic approval
  ---
  duration_ms: 24.500625
  ...
# Subtest: missing, substituted, source-quality or cropped required scenery refuses before any original read
ok 30 - missing, substituted, source-quality or cropped required scenery refuses before any original read
  ---
  duration_ms: 74.35
  ...
# Subtest: generic read, original hash and decode errors never become procedural and explicit Retry retains its captured row
ok 31 - generic read, original hash and decode errors never become procedural and explicit Retry retains its captured row
  ---
  duration_ms: 73.516958
  ...
# Subtest: a historical policy and authored pack are copied before callbacks can change their association
ok 32 - a historical policy and authored pack are copied before callbacks can change their association
  ---
  duration_ms: 36.172416
  ...
# Subtest: generic Cancel and Retry release a late decoded image once without changing the newer accepted image
ok 33 - generic Cancel and Retry release a late decoded image once without changing the newer accepted image
  ---
  duration_ms: 33.18475
  ...
# Subtest: failed generic replacement and snapshot drift preserve the old image and require a deliberate new attempt
ok 34 - failed generic replacement and snapshot drift preserve the old image and require a deliberate new attempt
  ---
  duration_ms: 24.309333
  ...
# Subtest: the closed two-row authority is immutable and matches the complete authored starter pack
ok 35 - the closed two-row authority is immutable and matches the complete authored starter pack
  ---
  duration_ms: 2.8085
  ...
# Subtest: First Connection verifies its real approved PNG and returns a full-frame contain/nearest lease
ok 36 - First Connection verifies its real approved PNG and returns a full-frame contain/nearest lease
  ---
  duration_ms: 27.034166
  ...
# Subtest: Relay Yard verifies its real approved PNG and returns a full-frame contain/nearest lease
ok 37 - Relay Yard verifies its real approved PNG and returns a full-frame contain/nearest lease
  ---
  duration_ms: 20.263
  ...
# Subtest: same-ID pack rename has no picture authority before any reader or decoder
ok 38 - same-ID pack rename has no picture authority before any reader or decoder
  ---
  duration_ms: 8.495542
  ...
# Subtest: same-ID selected level changed has no picture authority before any reader or decoder
ok 39 - same-ID selected level changed has no picture authority before any reader or decoder
  ---
  duration_ms: 3.93675
  ...
# Subtest: same-ID other level changed has no picture authority before any reader or decoder
ok 40 - same-ID other level changed has no picture authority before any reader or decoder
  ---
  duration_ms: 6.76425
  ...
# Subtest: pack revision changed has no picture authority before any reader or decoder
ok 41 - pack revision changed has no picture authority before any reader or decoder
  ---
  duration_ms: 9.759375
  ...
# Subtest: level revision changed has no picture authority before any reader or decoder
ok 42 - level revision changed has no picture authority before any reader or decoder
  ---
  duration_ms: 7.643584
  ...
# Subtest: unknown pack ID has no picture authority before any reader or decoder
ok 43 - unknown pack ID has no picture authority before any reader or decoder
  ---
  duration_ms: 7.8915
  ...
# Subtest: theme revision cannot substitute a broader FPV asset or procedural fallback
ok 44 - theme revision cannot substitute a broader FPV asset or procedural fallback
  ---
  duration_ms: 7.846166
  ...
# Subtest: older theme revision cannot substitute a broader FPV asset or procedural fallback
ok 45 - older theme revision cannot substitute a broader FPV asset or procedural fallback
  ---
  duration_ms: 6.403083
  ...
# Subtest: different collection cannot substitute a broader FPV asset or procedural fallback
ok 46 - different collection cannot substitute a broader FPV asset or procedural fallback
  ---
  duration_ms: 3.316292
  ...
# Subtest: different theme cannot substitute a broader FPV asset or procedural fallback
ok 47 - different theme cannot substitute a broader FPV asset or procedural fallback
  ---
  duration_ms: 5.977959
  ...
# Subtest: asset ID cannot substitute a broader FPV asset or procedural fallback
ok 48 - asset ID cannot substitute a broader FPV asset or procedural fallback
  ---
  duration_ms: 10.243083
  ...
# Subtest: asset revision cannot substitute a broader FPV asset or procedural fallback
ok 49 - asset revision cannot substitute a broader FPV asset or procedural fallback
  ---
  duration_ms: 6.533417
  ...
# Subtest: asset hash cannot substitute a broader FPV asset or procedural fallback
ok 50 - asset hash cannot substitute a broader FPV asset or procedural fallback
  ---
  duration_ms: 6.329
  ...
# Subtest: asset bytes cannot substitute a broader FPV asset or procedural fallback
ok 51 - asset bytes cannot substitute a broader FPV asset or procedural fallback
  ---
  duration_ms: 3.798625
  ...
# Subtest: asset MIME cannot substitute a broader FPV asset or procedural fallback
ok 52 - asset MIME cannot substitute a broader FPV asset or procedural fallback
  ---
  duration_ms: 3.996666
  ...
# Subtest: asset dimensions cannot substitute a broader FPV asset or procedural fallback
ok 53 - asset dimensions cannot substitute a broader FPV asset or procedural fallback
  ---
  duration_ms: 3.815708
  ...
# Subtest: unreviewed asset cannot substitute a broader FPV asset or procedural fallback
ok 54 - unreviewed asset cannot substitute a broader FPV asset or procedural fallback
  ---
  duration_ms: 4.1055
  ...
# Subtest: cropped frame cannot substitute a broader FPV asset or procedural fallback
ok 55 - cropped frame cannot substitute a broader FPV asset or procedural fallback
  ---
  duration_ms: 2.839541
  ...
# Subtest: missing allowed slot cannot substitute a broader FPV asset or procedural fallback
ok 56 - missing allowed slot cannot substitute a broader FPV asset or procedural fallback
  ---
  duration_ms: 4.221625
  ...
# Subtest: a same-length changed original is rejected before decode and never becomes procedural
ok 57 - a same-length changed original is rejected before decode and never becomes procedural
  ---
  duration_ms: 6.706417
  ...
# Subtest: P02 retains the published P01 history and appends audio7 under a new fpv24
ok 58 - P02 retains the published P01 history and appends audio7 under a new fpv24
  ---
  duration_ms: 6994.455708
  ...
# Subtest: P03 retains the measured fpv25 source-stage checkpoint after published P02
ok 59 - P03 retains the measured fpv25 source-stage checkpoint after published P02
  ---
  duration_ms: 2277.055042
  ...
# Subtest: current P03 reproduction retains its measured source stage before any review successor
ok 60 - current P03 reproduction retains its measured source stage before any review successor
  ---
  duration_ms: 3447.77275
  ...
# Subtest: Journey music review retains fpv33 source evidence and every earlier immutable record
ok 61 - Journey music review retains fpv33 source evidence and every earlier immutable record
  ---
  duration_ms: 2720.534167
  ...
# Subtest: unchanged production preserves its exact document and appends changed revisions
ok 62 - unchanged production preserves its exact document and appends changed revisions
  ---
  duration_ms: 990.392042
  ...
# Subtest: review evidence gets an immutable successor and normal reproduction keeps the review
ok 63 - review evidence gets an immutable successor and normal reproduction keeps the review
  ---
  duration_ms: 1048.590792
  ...
# Subtest: production refuses silent slot contract mutation and can explicitly return to an old revision
ok 64 - production refuses silent slot contract mutation and can explicitly return to an old revision
  ---
  duration_ms: 884.367667
  ...
# Subtest: Livewire feedback dependencies bind only the reviewed v0.76 effects inputs
ok 65 - Livewire feedback dependencies bind only the reviewed v0.76 effects inputs
  ---
  duration_ms: 308.156166
  ...
# Subtest: soundtrack UI and audio bind only their reviewed current inputs
ok 66 - soundtrack UI and audio bind only their reviewed current inputs
  ---
  duration_ms: 418.5835
  ...
# Subtest: soundtrack screen and P08-A motion reviews bind only the inspected current inputs
ok 67 - soundtrack screen and P08-A motion reviews bind only the inspected current inputs
  ---
  duration_ms: 363.159541
  ...
# Subtest: changed recipe inputs reopen only their own reviewed group
ok 68 - changed recipe inputs reopen only their own reviewed group
  ---
  duration_ms: 12633.406708
  ...
# Subtest: the whole production collection has capacity for immutable review successors
ok 69 - the whole production collection has capacity for immutable review successors
  ---
  duration_ms: 25759.941666
  ...
1..69
# tests 69
# suites 0
# pass 69
# fail 0
# cancelled 0
# skipped 0
# todo 0
# duration_ms 58621.204584
