TAP version 13
# Subtest: the 36 complete planned briefs have correct roles and six fusions but publish no recordings
ok 1 - the 36 complete planned briefs have correct roles and six fusions but publish no recordings
  ---
  duration_ms: 15.476458
  ...
# Subtest: approved originals require exact master, MP3, rights and review pins before runtime publication
ok 2 - approved originals require exact master, MP3, rights and review pins before runtime publication
  ---
  duration_ms: 167.660125
  ...
# Subtest: ready promotion rejects unknown songs, personal rights and source-path escapes without creating output
ok 3 - ready promotion rejects unknown songs, personal rights and source-path escapes without creating output
  ---
  duration_ms: 3.676042
  ...
# Subtest: native 44.1 kHz PCM16 and float32 masters retain their actual format without upsampling
ok 4 - native 44.1 kHz PCM16 and float32 masters retain their actual format without upsampling
  ---
  duration_ms: 194.190792
  ...
# Subtest: a planned six-track volume cannot exceed its download budget
ok 5 - a planned six-track volume cannot exceed its download budget
  ---
  duration_ms: 2.136125
  ...
# Subtest: review references cannot escape their source tree or follow links
ok 6 - review references cannot escape their source tree or follow links
  ---
  duration_ms: 66.638
  ...
# Subtest: original v2 policy cannot silently acquire rights or bind another recording
ok 7 - original v2 policy cannot silently acquire rights or bind another recording
  ---
  duration_ms: 205.696458
  ...
# Subtest: production FLAC inspection retains native stereo resolution and sample count
ok 8 - production FLAC inspection retains native stereo resolution and sample count
  ---
  duration_ms: 1.187625
  ...
# Subtest: production rejects missing/truncated FLAC metadata, invalid resolution and absent audio
ok 9 - production rejects missing/truncated FLAC metadata, invalid resolution and absent audio
  ---
  duration_ms: 0.296375
  ...
# Subtest: candidate recordings do not become approved runtime originals
ok 10 - candidate recordings do not become approved runtime originals
  ---
  duration_ms: 3.001166
  ...
1..10
# tests 10
# suites 0
# pass 10
# fail 0
# cancelled 0
# skipped 0
# todo 0
# duration_ms 721.177708
