2026-09-17T04:15:13.4611311Z Current runner version: '2.337.0'
2026-09-17T04:15:13.4649134Z ##[group]Runner Image Provisioner
2026-09-17T04:15:13.4650494Z Hosted Compute Agent
2026-09-17T04:15:13.4651598Z Version: 20260828.587
2026-09-17T04:15:13.4652637Z Commit: abac92662cab4cc7352de4f9f9d2e2419aad9c29
2026-09-17T04:15:13.4653943Z Build Date: 2026-08-28T16:44:25Z
2026-09-17T04:15:13.4655195Z Worker ID: {9181b777-0213-458b-bbf0-b169fd0f506c}
2026-09-17T04:15:13.4656733Z Azure Region: eastus
2026-09-17T04:15:13.4657735Z ##[endgroup]
2026-09-17T04:15:13.4659947Z ##[group]Operating System
2026-09-17T04:15:13.4661102Z Ubuntu
2026-09-17T04:15:13.4662026Z 24.04.5
2026-09-17T04:15:13.4662818Z LTS
2026-09-17T04:15:13.4663819Z ##[endgroup]
2026-09-17T04:15:13.4664782Z ##[group]Runner Image
2026-09-17T04:15:13.4666168Z Image: ubuntu-24.04
2026-09-17T04:15:13.4667235Z Version: 20260907.300.1
2026-09-17T04:15:13.4669393Z Included Software: https://github.com/actions/runner-images/blob/ubuntu24/20260907.300/images/ubuntu/Ubuntu2404-Readme.md
2026-09-17T04:15:13.4672125Z Image Release: https://github.com/actions/runner-images/releases/tag/ubuntu24%2F20260907.300
2026-09-17T04:15:13.4673881Z ##[endgroup]
2026-09-17T04:15:13.4676098Z ##[group]GITHUB_TOKEN Permissions
2026-09-17T04:15:13.4679278Z Metadata: read
2026-09-17T04:15:13.4680174Z Pages: write
2026-09-17T04:15:13.4681844Z ##[endgroup]
2026-09-17T04:15:13.4685154Z Secret source: Actions
2026-09-17T04:15:13.4687056Z Cache mode: write
2026-09-17T04:15:13.4688564Z Prepare workflow directory
2026-09-17T04:15:13.5140681Z Prepare all required actions
2026-09-17T04:15:13.5191351Z Getting action download info
2026-09-17T04:15:13.6926327Z Download action repository 'actions/deploy-pages@v4' (SHA:d6db90164ac5ed86f2b6aed7e0febac5b3c0c03e)
2026-09-17T04:15:14.0804510Z Complete job name: deploy
2026-09-17T04:15:14.1613914Z Node 20 is being deprecated. This workflow is running with Node 24 by default. If you need to temporarily use Node 20, you can set the ACTIONS_ALLOW_USE_UNSECURE_NODE_VERSION=true environment variable. For more information see: https://github.blog/changelog/2025-09-19-deprecation-of-node-20-on-github-actions-runners/
2026-09-17T04:15:14.1623383Z ##[group]Run actions/deploy-pages@v4
2026-09-17T04:15:14.1624183Z with:
2026-09-17T04:15:14.1628065Z   token: ***
2026-09-17T04:15:14.1628541Z   timeout: 600000
2026-09-17T04:15:14.1628999Z   error_count: 10
2026-09-17T04:15:14.1629480Z   reporting_interval: 5000
2026-09-17T04:15:14.1630013Z   artifact_name: github-pages
2026-09-17T04:15:14.1630542Z   preview: false
2026-09-17T04:15:14.1631280Z ##[endgroup]
2026-09-17T04:15:14.3657038Z (node:2044) [DEP0040] DeprecationWarning: The `punycode` module is deprecated. Please use a userland alternative instead.
2026-09-17T04:15:14.3659279Z (Use `node --trace-deprecation ...` to show where the warning was created)
2026-09-17T04:15:14.4259333Z Fetching artifact metadata for "github-pages" in this workflow run
2026-09-17T04:15:14.4891276Z Found 2 artifact(s)
2026-09-17T04:15:14.4907893Z Creating Pages deployment with payload:
2026-09-17T04:15:14.4909598Z {
2026-09-17T04:15:14.4910987Z 	"artifact_id": 10480646275,
2026-09-17T04:15:14.4912781Z 	"pages_build_version": "3cdf85cfd5141756a5bc71d209f2d3224c3e7ff9",
2026-09-17T04:15:14.5018992Z 	"oidc_token": "***"
2026-09-17T04:15:14.5020401Z }
2026-09-17T04:15:14.7218742Z Created deployment for 3cdf85cfd5141756a5bc71d209f2d3224c3e7ff9, ID: 3cdf85cfd5141756a5bc71d209f2d3224c3e7ff9
2026-09-17T04:15:19.7235898Z Getting Pages deployment status...
2026-09-17T04:15:19.8819502Z Current status: deployment_in_progress
2026-09-17T04:15:24.8826660Z Getting Pages deployment status...
2026-09-17T04:15:25.0407185Z Current status: deployment_in_progress
2026-09-17T04:15:30.0417773Z Getting Pages deployment status...
2026-09-17T04:15:30.1726440Z Current status: syncing_files
2026-09-17T04:15:35.1729437Z Getting Pages deployment status...
2026-09-17T04:15:35.2907608Z Reported success!
2026-09-17T04:15:35.3184774Z Evaluate and set environment url
2026-09-17T04:15:35.3191195Z Evaluated environment url: https://mekhovov.github.io/revealline-archive-14/
2026-09-17T04:15:35.3192625Z Cleaning up orphan processes
2026-09-17T04:15:35.3500767Z ##[warning]Node.js 20 is deprecated. The following actions target Node.js 20 but are being forced to run on Node.js 24: actions/deploy-pages@v4. For more information see: https://github.blog/changelog/2025-09-19-deprecation-of-node-20-on-github-actions-runners/
