{
  "scope": "Finite actual About owner/router/navigation with modeled DOM and pad; not browser or physical input",
  "before": {
    "activeTag": "BODY",
    "activeId": "",
    "returnFocused": false,
    "controllerFocus": false,
    "clicks": 0,
    "status": ""
  },
  "afterJoin": {
    "activeTag": "A",
    "activeId": "about-return",
    "returnFocused": true,
    "controllerFocus": true,
    "clicks": 0,
    "status": "Controller joined. Release controls to continue."
  },
  "afterRelease": {
    "activeTag": "A",
    "activeId": "about-return",
    "returnFocused": true,
    "controllerFocus": true,
    "clicks": 0,
    "status": "D-pad: move · South: choose · East: Back · Keyboard and touch also work."
  },
  "afterFreshConfirm": {
    "activeTag": "A",
    "activeId": "about-return",
    "returnFocused": true,
    "controllerFocus": true,
    "clicks": 1,
    "status": "D-pad: move · South: choose · East: Back · Keyboard and touch also work."
  }
}
