TAP version 13
# Subtest: BoardPainter keeps separate default boss bodies beneath the shared explicit boss upload
ok 1 - BoardPainter keeps separate default boss bodies beneath the shared explicit boss upload
  ---
  duration_ms: 2.169833
  type: 'test'
  ...
# Subtest: facing uses newly observed tick positions instead of a stale velocity field
ok 2 - facing uses newly observed tick positions instead of a stale velocity field
  ---
  duration_ms: 0.418792
  type: 'test'
  ...
# Subtest: contour and outer patrols face their measured path without velocity fields
ok 3 - contour and outer patrols face their measured path without velocity fields
  ---
  duration_ms: 0.290042
  type: 'test'
  ...
# Subtest: pause and classic freeze retain heading, banking and animation clocks
ok 4 - pause and classic freeze retain heading, banking and animation clocks
  ---
  duration_ms: 0.270209
  type: 'test'
  ...
# Subtest: stun and dormancy stop active motion; reduced effects keep direction but no moving accents
ok 5 - stun and dormancy stop active motion; reduced effects keep direction but no moving accents
  ---
  duration_ms: 0.131291
  type: 'test'
  ...
# Subtest: stationary tread/walking phase stays still while idle rotor/antenna clock can continue
ok 6 - stationary tread/walking phase stays still while idle rotor/antenna clock can continue
  ---
  duration_ms: 0.056708
  type: 'test'
  ...
# Subtest: cosmetic size targets desktop/phone readability without altering contact radius
ok 7 - cosmetic size targets desktop/phone readability without altering contact radius
  ---
  duration_ms: 0.130708
  type: 'test'
  ...
# Subtest: four themes have distinct geometric silhouettes even with identical colors
ok 8 - four themes have distinct geometric silhouettes even with identical colors
  ---
  duration_ms: 0.767333
  type: 'test'
  ...
# Subtest: compact and detailed recipes differ; custom families resolve to the matching visual theme
ok 9 - compact and detailed recipes differ; custom families resolve to the matching visual theme
  ---
  duration_ms: 0.349583
  type: 'test'
  ...
# Subtest: every actor override keeps its own body slot, facing and unscaled collision cue
ok 10 - every actor override keeps its own body slot, facing and unscaled collision cue
  ---
  duration_ms: 0.526042
  type: 'test'
  ...
# Subtest: history is bounded and reset removes old headings; published frames cannot mutate history
ok 11 - history is bounded and reset removes old headings; published frames cannot mutate history
  ---
  duration_ms: 0.784292
  type: 'test'
  ...
# Subtest: trail core and head remain visible with reduced effects; animated packet stays on the cut
ok 12 - trail core and head remain visible with reduced effects; animated packet stays on the cut
  ---
  duration_ms: 0.340417
  type: 'test'
  ...
# Subtest: capture pulse touches only newly secured cells and is absent for reduced motion
ok 13 - capture pulse touches only newly secured cells and is absent for reduced motion
  ---
  duration_ms: 0.141667
  type: 'test'
  ...
# Subtest: integrated renderer animates observed actors and capture effects without changing replay authority
ok 14 - integrated renderer animates observed actors and capture effects without changing replay authority
  ---
  duration_ms: 31.534667
  type: 'test'
  ...
# Subtest: legacy: all four player rigs keep a readable bounded size across phone and desktop canvases
ok 15 - legacy: all four player rigs keep a readable bounded size across phone and desktop canvases
  ---
  duration_ms: 24.294459
  type: 'test'
  ...
# Subtest: wide: all four player rigs keep a readable bounded size across phone and desktop canvases
ok 16 - wide: all four player rigs keep a readable bounded size across phone and desktop canvases
  ---
  duration_ms: 24.236833
  type: 'test'
  ...
# Subtest: custom player art retains its aspect ratio and rotor anchor coordinates independently of enemy slots
ok 17 - custom player art retains its aspect ratio and rotor anchor coordinates independently of enemy slots
  ---
  duration_ms: 1.064291
  type: 'test'
  ...
# Subtest: player scale is cosmetic, independent of actor scale, and bounded even on very small canvases
ok 18 - player scale is cosmetic, independent of actor scale, and bounded even on very small canvases
  ---
  duration_ms: 3.234208
  type: 'test'
  ...
# Subtest: the larger player keeps direction response and animated rotors while pause and reduced effects freeze their clocks
ok 19 - the larger player keeps direction response and animated rotors while pause and reduced effects freeze their clocks
  ---
  duration_ms: 3.494917
  type: 'test'
  ...
# Subtest: explicit display width supports detached textures while invalid widths preserve direct-canvas and logical fallbacks
ok 20 - explicit display width supports detached textures while invalid widths preserve direct-canvas and logical fallbacks
  ---
  duration_ms: 7.551791
  type: 'test'
  ...
# Subtest: the whole 4:3 or 2:1 bitmap fits independently of its element slot
ok 21 - the whole 4:3 or 2:1 bitmap fits independently of its element slot
  ---
  duration_ms: 1.6835
  type: 'test'
  ...
# Subtest: one seat resizing never substitutes the other seat or changes bitmap geometry
ok 22 - one seat resizing never substitutes the other seat or changes bitmap geometry
  ---
  duration_ms: 0.627583
  type: 'test'
  ...
# Subtest: observer delivery does not read layout, duplicate writes or retain a hidden scale
ok 23 - observer delivery does not read layout, duplicate writes or retain a hidden scale
  ---
  duration_ms: 0.62475
  type: 'test'
  ...
# Subtest: cached-page restoration rejects old callbacks and measures again without resuming play
ok 24 - cached-page restoration rejects old callbacks and measures again without resuming play
  ---
  duration_ms: 0.294709
  type: 'test'
  ...
# Subtest: fractional deliveries do not rewrite CSS values after browser serialization
ok 25 - fractional deliveries do not rewrite CSS values after browser serialization
  ---
  duration_ms: 0.152
  type: 'test'
  ...
# Subtest: explicit geometry and resize reconciliation work without ResizeObserver
ok 26 - explicit geometry and resize reconciliation work without ResizeObserver
  ---
  duration_ms: 0.111
  type: 'test'
  ...
# Subtest: Versus keyboard master controls persist only the shared record; Team and another Versus restore without autoplay
    # Subtest: actual Versus controls
    ok 1 - actual Versus controls
      ---
      duration_ms: 1656.4315
      type: 'test'
      ...
    # Subtest: fresh Team receives settings, not music or progress
    ok 2 - fresh Team receives settings, not music or progress
      ---
      duration_ms: 45.166958
      type: 'test'
      ...
    # Subtest: fresh Versus restores without context creation or playing
    ok 3 - fresh Versus restores without context creation or playing
      ---
      duration_ms: 1825.1335
      type: 'test'
      ...
    1..3
ok 27 - Versus keyboard master controls persist only the shared record; Team and another Versus restore without autoplay
  ---
  duration_ms: 3527.723209
  type: 'test'
  ...
# Subtest: Versus starts muted, then master edits preserve active music intent and a paused duel checkpoint
ok 28 - Versus starts muted, then master edits preserve active music intent and a paused duel checkpoint
  ---
  duration_ms: 1766.9875
  type: 'test'
  ...
# Subtest: Versus controller edits the actual master slider without starting either board
ok 29 - Versus controller edits the actual master slider without starting either board
  ---
  duration_ms: 1632.710125
  type: 'test'
  ...
# Subtest: Team keyboard master edits remain accessible while paused and preserve its live board and unrelated feedback
ok 30 - Team keyboard master edits remain accessible while paused and preserve its live board and unrelated feedback
  ---
  duration_ms: 244.473584
  type: 'test'
  ...
# Subtest: Team keeps its sound explanation through saved edits, storage failure and recovery without starting play
ok 31 - Team keeps its sound explanation through saved edits, storage failure and recovery without starting play
  ---
  duration_ms: 112.733833
  type: 'test'
  ...
# Subtest: Versus sound edits survive paused Help pan and keyboard return without replacing audio feedback
ok 32 - Versus sound edits survive paused Help pan and keyboard return without replacing audio feedback
  ---
  duration_ms: 1887.568916
  type: 'test'
  ...
# Subtest: Team sound edits survive paused Help pan and keyboard return without replacing audio feedback
ok 33 - Team sound edits survive paused Help pan and keyboard return without replacing audio feedback
  ---
  duration_ms: 180.104334
  type: 'test'
  ...
# Subtest: actual Versus 4:3 boards fit each seat and render at the visible bitmap scale
ok 34 - actual Versus 4:3 boards fit each seat and render at the visible bitmap scale
  ---
  duration_ms: 136.378416
  type: 'test'
  ...
# Subtest: actual Versus 2:1 boards fit each seat and render at the visible bitmap scale
ok 35 - actual Versus 2:1 boards fit each seat and render at the visible bitmap scale
  ---
  duration_ms: 2228.253083
  type: 'test'
  ...
# Subtest: actual Versus resize follows independent touch pads and Large text without replacing either run
ok 36 - actual Versus resize follows independent touch pads and Large text without replacing either run
  ---
  duration_ms: 2254.509292
  type: 'test'
  ...
# Subtest: actual Versus zero/hidden bounds recover and stale observer callbacks cannot survive disposal
ok 37 - actual Versus zero/hidden bounds recover and stale observer callbacks cannot survive disposal
  ---
  duration_ms: 126.261333
  type: 'test'
  ...
# Subtest: fresh couch uses exact wide Pressure Lines originals, authored Arcade controls and independent continuations
ok 38 - fresh couch uses exact wide Pressure Lines originals, authored Arcade controls and independent continuations
  ---
  duration_ms: 1775.823708
  type: 'test'
  ...
# Subtest: an offline optional featured download leaves base Couch maps playable and solo storage untouched
ok 39 - an offline optional featured download leaves base Couch maps playable and solo storage untouched
  ---
  duration_ms: 104.373459
  type: 'test'
  ...
# Subtest: all three exact map pictures change together; explicit Tactical legacy choice clears the original binding
ok 40 - all three exact map pictures change together; explicit Tactical legacy choice clears the original binding
  ---
  duration_ms: 1730.941083
  type: 'test'
  ...
# Subtest: wrong decoded dimensions and complete decode failure release every allocated original
ok 41 - wrong decoded dimensions and complete decode failure release every allocated original
  ---
  duration_ms: 2101.851084
  type: 'test'
  ...
# Subtest: shipped artwork requires explicit contain fit and an original for each exact known level
ok 42 - shipped artwork requires explicit contain fit and an original for each exact known level
  ---
  duration_ms: 1541.486291
  type: 'test'
  ...
# Subtest: cancellation during complete decode rejects promptly, disposes earlier images and ignores a late result
ok 43 - cancellation during complete decode rejects promptly, disposes earlier images and ignores a late result
  ---
  duration_ms: 903.026125
  type: 'test'
  ...
# Subtest: failed original preparation leaves the real lobby Start disabled with its explicit error
ok 44 - failed original preparation leaves the real lobby Start disabled with its explicit error
  ---
  duration_ms: 999.787334
  type: 'test'
  ...
# Subtest: terminal pagehide during installed authority opening cannot publish released pictures or start a race
ok 45 - terminal pagehide during installed authority opening cannot publish released pictures or start a race
  ---
  duration_ms: 1233.705333
  type: 'test'
  ...
# Subtest: paused race-coop requires a fresh fixed decision and Stay retains both flights
ok 46 - paused race-coop requires a fresh fixed decision and Stay retains both flights
  ---
  duration_ms: 1854.7205
  type: 'test'
  ...
# Subtest: paused race-solo-return requires a fresh fixed decision and Stay retains both flights
ok 47 - paused race-solo-return requires a fresh fixed decision and Stay retains both flights
  ---
  duration_ms: 1630.550625
  type: 'test'
  ...
# Subtest: controller Team departure has its own neutral boundary and East returns to the in-panel opener
ok 48 - controller Team departure has its own neutral boundary and East returns to the in-panel opener
  ---
  duration_ms: 1667.85725
  type: 'test'
  ...
# Subtest: blur invalidates pending Versus departure without resuming or choosing a destination
ok 49 - blur invalidates pending Versus departure without resuming or choosing a destination
  ---
  duration_ms: 1518.659292
  type: 'test'
  ...
# Subtest: hidden invalidates pending Versus departure without resuming or choosing a destination
ok 50 - hidden invalidates pending Versus departure without resuming or choosing a destination
  ---
  duration_ms: 1466.536334
  type: 'test'
  ...
# Subtest: pagehide invalidates pending Versus departure without resuming or choosing a destination
ok 51 - pagehide invalidates pending Versus departure without resuming or choosing a destination
  ---
  duration_ms: 1589.765916
  type: 'test'
  ...
# Subtest: controller-loss invalidates pending Versus departure without resuming or choosing a destination
ok 52 - controller-loss invalidates pending Versus departure without resuming or choosing a destination
  ---
  duration_ms: 1510.655708
  type: 'test'
  ...
# Subtest: a real terminal draw keeps both destination links direct and does not start another round
ok 53 - a real terminal draw keeps both destination links direct and does not start another round
  ---
  duration_ms: 1564.0605
  type: 'test'
  ...
# Subtest: confirmation re-reads actual replace before allowing native departure
ok 54 - confirmation re-reads actual replace before allowing native departure
  ---
  duration_ms: 7.639167
  type: 'test'
  ...
# Subtest: confirmation re-reads actual advanceGeneration before allowing native departure
ok 55 - confirmation re-reads actual advanceGeneration before allowing native departure
  ---
  duration_ms: 7.149458
  type: 'test'
  ...
# Subtest: confirmation re-reads actual resume before allowing native departure
ok 56 - confirmation re-reads actual resume before allowing native departure
  ---
  duration_ms: 7.065375
  type: 'test'
  ...
# Subtest: Solo departure captures one validated scalar token and never adopts a newer return at Confirm
ok 57 - Solo departure captures one validated scalar token and never adopts a newer return at Confirm
  ---
  duration_ms: 7.272208
  type: 'test'
  ...
# Subtest: invalid scalar return reader keeps the fixed Solo Title fallback: () => null
ok 58 - invalid scalar return reader keeps the fixed Solo Title fallback: () => null
  ---
  duration_ms: 6.474458
  type: 'test'
  ...
# Subtest: invalid scalar return reader keeps the fixed Solo Title fallback: () => '../?stolen=1'
ok 59 - invalid scalar return reader keeps the fixed Solo Title fallback: () => '../?stolen=1'
  ---
  duration_ms: 6.678625
  type: 'test'
  ...
# Subtest: invalid scalar return reader keeps the fixed Solo Title fallback: () => 'A'.repeat(32)
ok 60 - invalid scalar return reader keeps the fixed Solo Title fallback: () => 'A'.repeat(32)
  ---
  duration_ms: 5.206708
  type: 'test'
  ...
# Subtest: invalid scalar return reader keeps the fixed Solo Title fallback: () => {\\n    throw Error('unavailable');\\n  }
ok 61 - invalid scalar return reader keeps the fixed Solo Title fallback: () => {\\n    throw Error('unavailable');\\n  }
  ---
  duration_ms: 5.702917
  type: 'test'
  ...
# Subtest: immediate: actual couch inputs keep both phase cues independent and freeze them on pause/finish
ok 62 - immediate: actual couch inputs keep both phase cues independent and freeze them on pause/finish
  ---
  duration_ms: 5075.271959
  type: 'test'
  ...
# Subtest: grid-center: actual couch inputs keep both phase cues independent and freeze them on pause/finish
ok 63 - grid-center: actual couch inputs keep both phase cues independent and freeze them on pause/finish
  ---
  duration_ms: 4859.301875
  type: 'test'
  ...
# Subtest: ordinary couch boards hide both empty encounter groups before and during a round
ok 64 - ordinary couch boards hide both empty encounter groups before and during a round
  ---
  duration_ms: 2085.042333
  type: 'test'
  ...
# Subtest: untouched prepared lobby focuses enabled Start once without controller ownership or starting
ok 65 - untouched prepared lobby focuses enabled Start once without controller ownership or starting
  ---
  duration_ms: 133.671459
  type: 'test'
  ...
# Subtest: delayed initial preparation leaves loading focus alone, then hands off to Ready Start
ok 66 - delayed initial preparation leaves loading focus alone, then hands off to Ready Start
  ---
  duration_ms: 63.654834
  type: 'test'
  ...
# Subtest: a deliberate current focus is never replaced by the initial handoff
ok 67 - a deliberate current focus is never replaced by the initial handoff
  ---
  duration_ms: 48.310792
  type: 'test'
  ...
# Subtest: a deliberate moved-away focus is never replaced by the initial handoff
ok 68 - a deliberate moved-away focus is never replaced by the initial handoff
  ---
  duration_ms: 45.24175
  type: 'test'
  ...
# Subtest: a deliberate pre-attached-recovery focus is never replaced by the initial handoff
ok 69 - a deliberate pre-attached-recovery focus is never replaced by the initial handoff
  ---
  duration_ms: 45.527917
  type: 'test'
  ...
# Subtest: initial-background permanently relinquishes initial focus even when ready later
ok 70 - initial-background permanently relinquishes initial focus even when ready later
  ---
  duration_ms: 53.908042
  type: 'test'
  ...
# Subtest: blur-return permanently relinquishes initial focus even when ready later
ok 71 - blur-return permanently relinquishes initial focus even when ready later
  ---
  duration_ms: 43.634084
  type: 'test'
  ...
# Subtest: hidden-return permanently relinquishes initial focus even when ready later
ok 72 - hidden-return permanently relinquishes initial focus even when ready later
  ---
  duration_ms: 41.803
  type: 'test'
  ...
# Subtest: pagehide-return permanently relinquishes initial focus even when ready later
ok 73 - pagehide-return permanently relinquishes initial focus even when ready later
  ---
  duration_ms: 44.406167
  type: 'test'
  ...
# Subtest: an initially disabled Start is never chosen as focus
ok 74 - an initially disabled Start is never chosen as focus
  ---
  duration_ms: 42.097667
  type: 'test'
  ...
# Subtest: an initially no-rect Start is never chosen as focus
ok 75 - an initially no-rect Start is never chosen as focus
  ---
  duration_ms: 40.916291
  type: 'test'
  ...
# Subtest: an initially css-hidden Start is never chosen as focus
ok 76 - an initially css-hidden Start is never chosen as focus
  ---
  duration_ms: 41.494708
  type: 'test'
  ...
# Subtest: an initially aria-hidden Start is never chosen as focus
ok 77 - an initially aria-hidden Start is never chosen as focus
  ---
  duration_ms: 37.838458
  type: 'test'
  ...
# Subtest: boot failure preserves recovery focus and cannot establish a Ready handoff
ok 78 - boot failure preserves recovery focus and cannot establish a Ready handoff
  ---
  duration_ms: 3.804583
  type: 'test'
  ...
# Subtest: interrupted async Start confirmation stays ready after blur and return until a fresh Start
ok 79 - interrupted async Start confirmation stays ready after blur and return until a fresh Start
  ---
  duration_ms: 10154.272458
  type: 'test'
  ...
# Subtest: cancelled Start confirmation cannot overwrite Retry for the same untouched attempt
ok 80 - cancelled Start confirmation cannot overwrite Retry for the same untouched attempt
  ---
  duration_ms: 11784.077542
  type: 'test'
  ...
# Subtest: installed couch reader authenticates the same three originals without acquiring a writer or changing solo data
ok 81 - installed couch reader authenticates the same three originals without acquiring a writer or changing solo data
  ---
  duration_ms: 11948.362209
  type: 'test'
  ...
# Subtest: publication rejects a changed original generation after actual decode and a changed pointer before Start
ok 82 - publication rejects a changed original generation after actual decode and a changed pointer before Start
  ---
  duration_ms: 12747.878541
  type: 'test'
  ...
# Subtest: cancelled decode is joined before replacement and cannot publish a late image
ok 83 - cancelled decode is joined before replacement and cannot publish a late image
  ---
  duration_ms: 10916.330875
  type: 'test'
  ...
# Subtest: pending journals, missing descriptors and absent original bytes refuse instead of displaying generic artwork
ok 84 - pending journals, missing descriptors and absent original bytes refuse instead of displaying generic artwork
  ---
  duration_ms: 6435.096583
  type: 'test'
  ...
# Subtest: Couch recovers installed R5 originals when its optional shipped URL is unavailable
ok 85 - Couch recovers installed R5 originals when its optional shipped URL is unavailable
  ---
  duration_ms: 5298.275125
  type: 'test'
  ...
# Subtest: actual Couch selection shares the exact installed image, keeps separate motion and restores asynchronous action focus
ok 86 - actual Couch selection shares the exact installed image, keeps separate motion and restores asynchronous action focus
  ---
  duration_ms: 20742.03475
  type: 'test'
  ...
# Subtest: superseding embedded inspection cancels the old decoder between images and retains the exact legacy fit
ok 87 - superseding embedded inspection cancels the old decoder between images and retains the exact legacy fit
  ---
  duration_ms: 4099.487625
  type: 'test'
  ...
# Subtest: main-lobby Back cancels an explicitly pending Retry and never enables Start after the late decode
ok 88 - main-lobby Back cancels an explicitly pending Retry and never enables Start after the late decode
  ---
  duration_ms: 25478.620875
  type: 'test'
  ...
# Subtest: new Fracture owner keeps exact installed originals through the reader and shared Couch boards without solo writes
ok 89 - new Fracture owner keeps exact installed originals through the reader and shared Couch boards without solo writes
  ---
  duration_ms: 19672.79825
  type: 'test'
  ...
# Subtest: new Countercurrent owner keeps exact installed originals through the reader and shared Couch boards without solo writes
ok 90 - new Countercurrent owner keeps exact installed originals through the reader and shared Couch boards without solo writes
  ---
  duration_ms: 18739.41625
  type: 'test'
  ...
# Subtest: installed failed Next decode keeps completed Results, wins and the original available to View
ok 91 - installed failed Next decode keeps completed Results, wins and the original available to View
  ---
  duration_ms: 10173.191666
  type: 'test'
  ...
# Subtest: installed Next final confirmation refusal retains the prior lease until an explicit successful retry adopts Ready
ok 92 - installed Next final confirmation refusal retains the prior lease until an explicit successful retry adopts Ready
  ---
  duration_ms: 14557.433125
  type: 'test'
  ...
# Subtest: installed cancelled Next cannot overwrite a newer retry or revive Start after blur and return
ok 93 - installed cancelled Next cannot overwrite a newer retry or revive Start after blur and return
  ---
  duration_ms: 12496.93525
  type: 'test'
  ...
# Subtest: installed candidate ready callback cancel retains accepted ownership until a confirmed commit
ok 94 - installed candidate ready callback cancel retains accepted ownership until a confirmed commit
  ---
  duration_ms: 9563.887959
  type: 'test'
  ...
# Subtest: installed candidate ready callback replacement retains accepted ownership until a confirmed commit
ok 95 - installed candidate ready callback replacement retains accepted ownership until a confirmed commit
  ---
  duration_ms: 12096.598292
  type: 'test'
  ...
# Subtest: couch markup mounts controls with bare body
ok 96 - couch markup mounts controls with bare body
  ---
  duration_ms: 1.148083
  type: 'test'
  ...
# Subtest: couch markup mounts controls with body attributes
ok 97 - couch markup mounts controls with body attributes
  ---
  duration_ms: 0.758708
  type: 'test'
  ...
# Subtest: couch markup mounts controls with quoted delimiters and case
ok 98 - couch markup mounts controls with quoted delimiters and case
  ---
  duration_ms: 0.515208
  type: 'test'
  ...
# Subtest: couch markup rejects a missing or incomplete body with a controlled error
ok 99 - couch markup rejects a missing or incomplete body with a controlled error
  ---
  duration_ms: 0.974625
  type: 'test'
  ...
# Subtest: appending parsed text preserves nested boot and game controls
ok 100 - appending parsed text preserves nested boot and game controls
  ---
  duration_ms: 0.28575
  type: 'test'
  ...
# Subtest: ../couch/index.html has a visible static loading signal and a reachable exit before modules load
ok 101 - ../couch/index.html has a visible static loading signal and a reachable exit before modules load
  ---
  duration_ms: 3.697333
  type: 'test'
  ...
# Subtest: ../couch/relay-rescue.html has a visible static loading signal and a reachable exit before modules load
ok 102 - ../couch/relay-rescue.html has a visible static loading signal and a reachable exit before modules load
  ---
  duration_ms: 1.51925
  type: 'test'
  ...
# Subtest: ../replay-theater/index.html has a visible static loading signal and a reachable exit before modules load
ok 103 - ../replay-theater/index.html has a visible static loading signal and a reachable exit before modules load
  ---
  duration_ms: 2.096542
  type: 'test'
  ...
# Subtest: two sparse pads deliberately claim one menu; join/held Confirm cannot start or leak flight actions
ok 104 - two sparse pads deliberately claim one menu; join/held Confirm cannot start or leak flight actions
  ---
  duration_ms: 2204.692791
  type: 'test'
  ...
# Subtest: actual select previews cancel without replacing the duel and commit once through onchange
ok 105 - actual select previews cancel without replacing the duel and commit once through onchange
  ---
  duration_ms: 1765.476583
  type: 'test'
  ...
# Subtest: Back and Menu cancel previews or focus the primary action without starting or resetting
ok 106 - Back and Menu cancel previews or focus the primary action without starting or resetting
  ---
  duration_ms: 1851.623875
  type: 'test'
  ...
# Subtest: native menu focus cancels a held D-pad repeat until neutral without clearing either flight keyboard
ok 107 - native menu focus cancels a held D-pad repeat until neutral without clearing either flight keyboard
  ---
  duration_ms: 1757.757875
  type: 'test'
  ...
# Subtest: Ready slot loss consumes another pad Confirm; the surviving player keeps its slot
ok 108 - Ready slot loss consumes another pad Confirm; the surviving player keeps its slot
  ---
  duration_ms: 1743.037459
  type: 'test'
  ...
# Subtest: descriptor change at the same index pauses flight and requires neutral plus a new menu join
ok 109 - descriptor change at the same index pauses flight and requires neutral plus a new menu join
  ---
  duration_ms: 1704.306125
  type: 'test'
  ...
# Subtest: disconnect event at the same index pauses flight and requires neutral plus a new menu join
ok 110 - disconnect event at the same index pauses flight and requires neutral plus a new menu join
  ---
  duration_ms: 1865.651042
  type: 'test'
  ...
# Subtest: explicit menu release permits the other player to join, never transfers a held edge
ok 111 - explicit menu release permits the other player to join, never transfers a held edge
  ---
  duration_ms: 1645.125667
  type: 'test'
  ...
# Subtest: one hardware read per visible frame and no reads or ticks while unfocused, hidden or disposed
ok 112 - one hardware read per visible frame and no reads or ticks while unfocused, hidden or disposed
  ---
  duration_ms: 1671.651708
  type: 'test'
  ...
# Subtest: persisted return and Ready Escape preserve the true state and cancel a pending edit
ok 113 - persisted return and Ready Escape preserve the true state and cancel a pending edit
  ---
  duration_ms: 1837.603958
  type: 'test'
  ...
# Subtest: API errors and unsupported pads remain usable with keyboard and truthful Ready status
ok 114 - API errors and unsupported pads remain usable with keyboard and truthful Ready status
  ---
  duration_ms: 1653.223875
  type: 'test'
  ...
# Subtest: immediate: actual Sentinel round win and best-of-three rematch retain legal core route results
ok 115 - immediate: actual Sentinel round win and best-of-three rematch retain legal core route results
  ---
  duration_ms: 8508.922708
  type: 'test'
  ...
# Subtest: grid-center: actual Sentinel round win and best-of-three rematch retain legal core route results
ok 116 - grid-center: actual Sentinel round win and best-of-three rematch retain legal core route results
  ---
  duration_ms: 8645.018208
  type: 'test'
  ...
# Subtest: one lost craft does not expose shared menu; both ended draws retain explicit Next
ok 117 - one lost craft does not expose shared menu; both ended draws retain explicit Next
  ---
  duration_ms: 1797.567709
  type: 'test'
  ...
# Subtest: native checkboxes and both held touch pads stay independent after leaving controller navigation
ok 118 - native checkboxes and both held touch pads stay independent after leaving controller navigation
  ---
  duration_ms: 1708.253834
  type: 'test'
  ...
# Subtest: immediate: actual Pause retains two different requested turns and explicit Resume continues both
ok 119 - immediate: actual Pause retains two different requested turns and explicit Resume continues both
  ---
  duration_ms: 1637.173334
  type: 'test'
  ...
# Subtest: immediate: real recovery clears only that player's continuous intent before later substeps
ok 120 - immediate: real recovery clears only that player's continuous intent before later substeps
  ---
  duration_ms: 1837.789417
  type: 'test'
  ...
# Subtest: grid-center: actual Pause retains two different requested turns and explicit Resume continues both
ok 121 - grid-center: actual Pause retains two different requested turns and explicit Resume continues both
  ---
  duration_ms: 1707.000042
  type: 'test'
  ...
# Subtest: grid-center: real recovery clears only that player's continuous intent before later substeps
ok 122 - grid-center: real recovery clears only that player's continuous intent before later substeps
  ---
  duration_ms: 1723.239667
  type: 'test'
  ...
# Subtest: timeout draw keeps series at zero and needs a fresh explicit Next gesture
ok 123 - timeout draw keeps series at zero and needs a fresh explicit Next gesture
  ---
  duration_ms: 2046.907125
  type: 'test'
  ...
# Subtest: immediate, keyboard: real cut closure stops only its player across substeps and held input
ok 124 - immediate, keyboard: real cut closure stops only its player across substeps and held input
  ---
  duration_ms: 2368.671334
  type: 'test'
  ...
# Subtest: immediate, controller: real cut closure stops only its player across substeps and held input
ok 125 - immediate, controller: real cut closure stops only its player across substeps and held input
  ---
  duration_ms: 2491.565875
  type: 'test'
  ...
# Subtest: grid-center, keyboard: real cut closure stops only its player across substeps and held input
ok 126 - grid-center, keyboard: real cut closure stops only its player across substeps and held input
  ---
  duration_ms: 2773.395458
  type: 'test'
  ...
# Subtest: grid-center, controller: real cut closure stops only its player across substeps and held input
ok 127 - grid-center, controller: real cut closure stops only its player across substeps and held input
  ---
  duration_ms: 2645.695
  type: 'test'
  ...
# Subtest: Versus keyboard Enter ends paused Help once without resuming
ok 128 - Versus keyboard Enter ends paused Help once without resuming
  ---
  duration_ms: 2178.43475
  type: 'test'
  ...
# Subtest: Versus keyboard Space ends paused Help once without resuming
ok 129 - Versus keyboard Space ends paused Help once without resuming
  ---
  duration_ms: 1976.774958
  type: 'test'
  ...
# Subtest: Versus keyboard Escape ends paused Help once without resuming
ok 130 - Versus keyboard Escape ends paused Help once without resuming
  ---
  duration_ms: 2420.020458
  type: 'test'
  ...
# Subtest: Versus pointer and touch Done are stable end-only controls in lobby and pause
ok 131 - Versus pointer and touch Done are stable end-only controls in lobby and pause
  ---
  duration_ms: 2088.057167
  type: 'test'
  ...
# Subtest: Versus native content scrolling retains Done and the same paused attempt
ok 132 - Versus native content scrolling retains Done and the same paused attempt
  ---
  duration_ms: 1878.655708
  type: 'test'
  ...
# Subtest: Versus opted-in resize reveals the current reading unit without moving focus or resuming
ok 133 - Versus opted-in resize reveals the current reading unit without moving focus or resuming
  ---
  duration_ms: 1900.914708
  type: 'test'
  ...
# Subtest: Versus fresh input changes reading copy while an idle pad preserves keyboard ownership
ok 134 - Versus fresh input changes reading copy while an idle pad preserves keyboard ownership
  ---
  duration_ms: 1931.339167
  type: 'test'
  ...
# Subtest: Versus Help closure invalidates Done and terminal teardown removes reader listeners
ok 135 - Versus Help closure invalidates Done and terminal teardown removes reader listeners
  ---
  duration_ms: 1763.496666
  type: 'test'
  ...
# Subtest: Team keyboard Enter ends paused Help once without resuming
ok 136 - Team keyboard Enter ends paused Help once without resuming
  ---
  duration_ms: 539.7195
  type: 'test'
  ...
# Subtest: Team keyboard Space ends paused Help once without resuming
ok 137 - Team keyboard Space ends paused Help once without resuming
  ---
  duration_ms: 415.479084
  type: 'test'
  ...
# Subtest: Team keyboard Escape ends paused Help once without resuming
ok 138 - Team keyboard Escape ends paused Help once without resuming
  ---
  duration_ms: 404.218167
  type: 'test'
  ...
# Subtest: Team pointer and touch Done are stable end-only controls in lobby and pause
ok 139 - Team pointer and touch Done are stable end-only controls in lobby and pause
  ---
  duration_ms: 247.013417
  type: 'test'
  ...
# Subtest: Team native content scrolling retains Done and the same paused attempt
ok 140 - Team native content scrolling retains Done and the same paused attempt
  ---
  duration_ms: 227.884
  type: 'test'
  ...
# Subtest: Team opted-in resize reveals the current reading unit without moving focus or resuming
ok 141 - Team opted-in resize reveals the current reading unit without moving focus or resuming
  ---
  duration_ms: 200.6985
  type: 'test'
  ...
# Subtest: Team fresh input changes reading copy while an idle pad preserves keyboard ownership
ok 142 - Team fresh input changes reading copy while an idle pad preserves keyboard ownership
  ---
  duration_ms: 42.954917
  type: 'test'
  ...
# Subtest: Team Help closure invalidates Done and terminal teardown removes reader listeners
ok 143 - Team Help closure invalidates Done and terminal teardown removes reader listeners
  ---
  duration_ms: 28.854708
  type: 'test'
  ...
# Subtest: resize reveals current Ready Start beyond the left edge without activating it
ok 144 - resize reveals current Ready Start beyond the left edge without activating it
  ---
  duration_ms: 1578.587416
  type: 'test'
  ...
# Subtest: resize reveals current Ready Start beyond the top edge without activating it
ok 145 - resize reveals current Ready Start beyond the top edge without activating it
  ---
  duration_ms: 1466.241
  type: 'test'
  ...
# Subtest: resize reveals current Ready Start beyond the right edge without activating it
ok 146 - resize reveals current Ready Start beyond the right edge without activating it
  ---
  duration_ms: 1590.815584
  type: 'test'
  ...
# Subtest: resize reveals current Ready Start beyond the bottom edge without activating it
ok 147 - resize reveals current Ready Start beyond the bottom edge without activating it
  ---
  duration_ms: 1486.924709
  type: 'test'
  ...
# Subtest: resize cannot reveal an action that is disabled
ok 148 - resize cannot reveal an action that is disabled
  ---
  duration_ms: 1455.94
  type: 'test'
  ...
# Subtest: resize cannot reveal an action that is hidden-ancestor
ok 149 - resize cannot reveal an action that is hidden-ancestor
  ---
  duration_ms: 1414.228333
  type: 'test'
  ...
# Subtest: resize cannot reveal an action that is inert-ancestor
ok 150 - resize cannot reveal an action that is inert-ancestor
  ---
  duration_ms: 1433.98075
  type: 'test'
  ...
# Subtest: resize cannot reveal an action that is aria-hidden-ancestor
ok 151 - resize cannot reveal an action that is aria-hidden-ancestor
  ---
  duration_ms: 1527.732916
  type: 'test'
  ...
# Subtest: resize cannot reveal an action that is invisible
ok 152 - resize cannot reveal an action that is invisible
  ---
  duration_ms: 1455.402875
  type: 'test'
  ...
# Subtest: resize cannot reveal an action that is foreign-root
ok 153 - resize cannot reveal an action that is foreign-root
  ---
  duration_ms: 1468.411833
  type: 'test'
  ...
# Subtest: resize cannot reveal an action that is background
ok 154 - resize cannot reveal an action that is background
  ---
  duration_ms: 1548.931875
  type: 'test'
  ...
# Subtest: resize cannot reveal an action that is hidden-document
ok 155 - resize cannot reveal an action that is hidden-document
  ---
  duration_ms: 1461.327417
  type: 'test'
  ...
# Subtest: geometry publication cannot reveal the old action after other-focus
ok 156 - geometry publication cannot reveal the old action after other-focus
  ---
  duration_ms: 1450.690459
  type: 'test'
  ...
# Subtest: geometry publication cannot reveal the old action after new-screen
ok 157 - geometry publication cannot reveal the old action after new-screen
  ---
  duration_ms: 1460.65075
  type: 'test'
  ...
# Subtest: geometry publication cannot reveal the old action after background
ok 158 - geometry publication cannot reveal the old action after background
  ---
  duration_ms: 1440.974416
  type: 'test'
  ...
# Subtest: resize ignores descendant events, invalid dimensions and recursive delivery
ok 159 - resize ignores descendant events, invalid dimensions and recursive delivery
  ---
  duration_ms: 1560.408375
  type: 'test'
  ...
# Subtest: the final style read cannot authorize a scroll after foreground loss
ok 160 - the final style read cannot authorize a scroll after foreground loss
  ---
  duration_ms: 1420.232875
  type: 'test'
  ...
# Subtest: resize reveals paused Resume while preserving a real started cut and live canvas ownership
ok 161 - resize reveals paused Resume while preserving a real started cut and live canvas ownership
  ---
  duration_ms: 1538.4
  type: 'test'
  ...
# Subtest: resize reveals a real finished round action without replacing either run or result
ok 162 - resize reveals a real finished round action without replacing either run or result
  ---
  duration_ms: 1656.634917
  type: 'test'
  ...
# Subtest: resize stores no future focus intent and terminal disposal removes its listener
ok 163 - resize stores no future focus intent and terminal disposal removes its listener
  ---
  duration_ms: 1409.91075
  type: 'test'
  ...
# Subtest: Couch return reveal cannot outlive a focus callback's other-focus
ok 164 - Couch return reveal cannot outlive a focus callback's other-focus
  ---
  duration_ms: 1506.959041
  type: 'test'
  ...
# Subtest: Couch return reveal cannot outlive a focus callback's new-screen
ok 165 - Couch return reveal cannot outlive a focus callback's new-screen
  ---
  duration_ms: 1494.326083
  type: 'test'
  ...
# Subtest: Couch return reveal cannot outlive a focus callback's background
ok 166 - Couch return reveal cannot outlive a focus callback's background
  ---
  duration_ms: 1456.205542
  type: 'test'
  ...
# Subtest: Couch return reveal cannot outlive a focus callback's hidden
ok 167 - Couch return reveal cannot outlive a focus callback's hidden
  ---
  duration_ms: 1415.591584
  type: 'test'
  ...
# Subtest: Couch return reveal cannot outlive a focus callback's destroyed
ok 168 - Couch return reveal cannot outlive a focus callback's destroyed
  ---
  duration_ms: 1406.321084
  type: 'test'
  ...
# Subtest: Couch return reveal cannot outlive a focus callback's detached
ok 169 - Couch return reveal cannot outlive a focus callback's detached
  ---
  duration_ms: 1473.661333
  type: 'test'
  ...
# Subtest: Couch main Back reveals the same already-focused action without activating it
ok 170 - Couch main Back reveals the same already-focused action without activating it
  ---
  duration_ms: 1920.045
  type: 'test'
  ...
# Subtest: lobby, setup and children use reachable native controls and Back restores the actual opener
ok 171 - lobby, setup and children use reachable native controls and Back restores the actual opener
  ---
  duration_ms: 1517.903708
  type: 'test'
  ...
# Subtest: an embedded Couch route stays loading until its actual setup is prepared
ok 172 - an embedded Couch route stays loading until its actual setup is prepared
  ---
  duration_ms: 1448.580458
  type: 'test'
  ...
# Subtest: pause children and cancelled new match preserve two different continuations; reset is explicit
ok 173 - pause children and cancelled new match preserve two different continuations; reset is explicit
  ---
  duration_ms: 1522.701625
  type: 'test'
  ...
# Subtest: per-seat Auto expands on touch and defers collapse until pause without changing movement
ok 174 - per-seat Auto expands on touch and defers collapse until pause without changing movement
  ---
  duration_ms: 1426.140417
  type: 'test'
  ...
# Subtest: Always supports independent pointer players; Off wins over coarse and later touch
ok 175 - Always supports independent pointer players; Off wins over coarse and later touch
  ---
  duration_ms: 1412.997041
  type: 'test'
  ...
# Subtest: authored Arcade removes equipment controls and hints; Tactical reflects the equipped recipe
ok 176 - authored Arcade removes equipment controls and hints; Tactical reflects the equipped recipe
  ---
  duration_ms: 1476.732041
  type: 'test'
  ...
# Subtest: controller setup/help and repeated keyboard Confirm cannot leak through the flight boundary
ok 177 - controller setup/help and repeated keyboard Confirm cannot leak through the flight boundary
  ---
  duration_ms: 1531.674666
  type: 'test'
  ...
# Subtest: markup keeps touch crosses outside both arenas and uses separate screen roots
ok 178 - markup keeps touch crosses outside both arenas and uses separate screen roots
  ---
  duration_ms: 0.6665
  type: 'test'
  ...
# Subtest: controller can read and scroll Help without starting; Back exits reading then the child
ok 179 - controller can read and scroll Help without starting; Back exits reading then the child
  ---
  duration_ms: 1525.850959
  type: 'test'
  ...
# Subtest: a real finished draw exposes both frozen boards, Results returns without a new round
ok 180 - a real finished draw exposes both frozen boards, Results returns without a new round
  ---
  duration_ms: 1530.484667
  type: 'test'
  ...
# Subtest: an old held controller cannot reclaim a seat from accepted touch across pause and resume
ok 181 - an old held controller cannot reclaim a seat from accepted touch across pause and resume
  ---
  duration_ms: 1460.295875
  type: 'test'
  ...
# Subtest: blocked pad input and held keyboard repeats never replace newer touch modality
ok 182 - blocked pad input and held keyboard repeats never replace newer touch modality
  ---
  duration_ms: 1413.195291
  type: 'test'
  ...
# Subtest: accepted-input observer is optional and observer failures cannot reject or replay commands
ok 183 - accepted-input observer is optional and observer failures cannot reject or replay commands
  ---
  duration_ms: 1.805666
  type: 'test'
  ...
# Subtest: actual Versus signal-01 shares one exact approved picture and fit through Start and paused continuation
ok 184 - actual Versus signal-01 shares one exact approved picture and fit through Start and paused continuation
  ---
  duration_ms: 155.541041
  type: 'test'
  ...
# Subtest: actual Versus orchard-crossing shares one exact approved picture and fit through Start and paused continuation
ok 185 - actual Versus orchard-crossing shares one exact approved picture and fit through Start and paused continuation
  ---
  duration_ms: 1778.813459
  type: 'test'
  ...
# Subtest: required decode failure blocks Start; Retry retains the same attempt and chosen original
ok 186 - required decode failure blocks Start; Retry retains the same attempt and chosen original
  ---
  duration_ms: 68.585875
  type: 'test'
  ...
# Subtest: pending Retry owns Cancel and respects ready
ok 187 - pending Retry owns Cancel and respects ready
  ---
  duration_ms: 59.6
  type: 'test'
  ...
# Subtest: pending Retry owns Cancel and respects error
ok 188 - pending Retry owns Cancel and respects error
  ---
  duration_ms: 54.765208
  type: 'test'
  ...
# Subtest: pending Retry owns Cancel and respects deliberate focus
ok 189 - pending Retry owns Cancel and respects deliberate focus
  ---
  duration_ms: 56.537209
  type: 'test'
  ...
# Subtest: pending Retry owns Cancel and respects background return
ok 190 - pending Retry owns Cancel and respects background return
  ---
  duration_ms: 58.22875
  type: 'test'
  ...
# Subtest: pending Retry owns Cancel and respects scope return
ok 191 - pending Retry owns Cancel and respects scope return
  ---
  duration_ms: 55.967125
  type: 'test'
  ...
# Subtest: interrupted async Next stays ready after blur and return until a fresh Start
ok 192 - interrupted async Next stays ready after blur and return until a fresh Start
  ---
  duration_ms: 445.250708
  type: 'test'
  ...
# Next picture preparation failed. Error: Injected complete image decode refusal.
#     at Image.decode (file:///Users/oleksandr.mekhovov/work/my_projects/go_test/.cache/worktrees/p08-versus-footprint/game/test/couch-static-picture-host.test.mjs:77:15)
#     at async image.onload (file:///Users/oleksandr.mekhovov/work/my_projects/go_test/.cache/worktrees/p08-versus-footprint/game/couch/couch-static-pictures.mjs:165:11)
# Subtest: failed Next retains the completed round and its displayed original
ok 193 - failed Next retains the completed round and its displayed original
  ---
  duration_ms: 350.458709
  type: 'test'
  ...
# Subtest: whole optional snapshot failure retains explicit authored fallback with a visible notice
ok 194 - whole optional snapshot failure retains explicit authored fallback with a visible notice
  ---
  duration_ms: 1510.971458
  type: 'test'
  ...
# Subtest: Back cancels a pending required picture and late completion cannot resume or replace the accepted attempt
ok 195 - Back cancels a pending required picture and late completion cannot resume or replace the accepted attempt
  ---
  duration_ms: 108.634625
  type: 'test'
  ...
# Subtest: page disposal releases the owned picture URL once and preserves the original bytes
ok 196 - page disposal releases the owned picture URL once and preserves the original bytes
  ---
  duration_ms: 53.150958
  type: 'test'
  ...
# Subtest: initial required-picture loading leaves the actual lobby Cancel keyboard reachable
ok 197 - initial required-picture loading leaves the actual lobby Cancel keyboard reachable
  ---
  duration_ms: 44.62825
  type: 'test'
  ...
# Subtest: combined ready focus after a required picture respects untouched
ok 198 - combined ready focus after a required picture respects untouched
  ---
  duration_ms: 47.736875
  type: 'test'
  ...
# Subtest: combined ready focus after a required picture respects deliberate mode link
ok 199 - combined ready focus after a required picture respects deliberate mode link
  ---
  duration_ms: 43.197667
  type: 'test'
  ...
# Subtest: combined ready focus after a required picture respects blur and return
ok 200 - combined ready focus after a required picture respects blur and return
  ---
  duration_ms: 45.172166
  type: 'test'
  ...
# Subtest: combined ready focus after a required picture respects decode failure
ok 201 - combined ready focus after a required picture respects decode failure
  ---
  duration_ms: 38.963625
  type: 'test'
  ...
# Subtest: failed Next original read keeps Results and keyboard View, then retry adopts one new round
ok 202 - failed Next original read keeps Results and keyboard View, then retry adopts one new round
  ---
  duration_ms: 397.165208
  type: 'test'
  ...
# Subtest: pending completed Next preserves Results through Cancel
ok 203 - pending completed Next preserves Results through Cancel
  ---
  duration_ms: 404.734458
  type: 'test'
  ...
# Subtest: pending completed Next preserves Results through Help
ok 204 - pending completed Next preserves Results through Help
  ---
  duration_ms: 395.979959
  type: 'test'
  ...
# Subtest: pending completed Next preserves Results through View
ok 205 - pending completed Next preserves Results through View
  ---
  duration_ms: 372.191375
  type: 'test'
  ...
# Subtest: pending completed Next preserves Results through Setup confirmation
ok 206 - pending completed Next preserves Results through Setup confirmation
  ---
  duration_ms: 389.158875
  type: 'test'
  ...
# Subtest: pending completed Next preserves Results through dispose
ok 207 - pending completed Next preserves Results through dispose
  ---
  duration_ms: 371.182417
  type: 'test'
  ...
# Subtest: successful Next retires its original only after the new duel and picture are published
ok 208 - successful Next retires its original only after the new duel and picture are published
  ---
  duration_ms: 375.585208
  type: 'test'
  ...
# Next picture preparation failed. Error: Injected complete image decode refusal.
#     at Image.decode (file:///Users/oleksandr.mekhovov/work/my_projects/go_test/.cache/worktrees/p08-versus-footprint/game/test/couch-static-picture-host.test.mjs:77:15)
#     at async image.onload (file:///Users/oleksandr.mekhovov/work/my_projects/go_test/.cache/worktrees/p08-versus-footprint/game/couch/couch-static-pictures.mjs:165:11)
# Subtest: completed match wins reset only when an explicitly retried Next commits
ok 209 - completed match wins reset only when an explicitly retried Next commits
  ---
  duration_ms: 1030.824
  type: 'test'
  ...
# Subtest: pending Next respects a newer deliberate action focus when its picture completes
ok 210 - pending Next respects a newer deliberate action focus when its picture completes
  ---
  duration_ms: 362.504208
  type: 'test'
  ...
# Subtest: Next restoration cannot revive its intent after a queued newer focus choice returns to BODY
ok 211 - Next restoration cannot revive its intent after a queued newer focus choice returns to BODY
  ---
  duration_ms: 354.314333
  type: 'test'
  ...
# Subtest: confirmed new setup owns a fresh race after a cancelled Next decoder settles late
ok 212 - confirmed new setup owns a fresh race after a cancelled Next decoder settles late
  ---
  duration_ms: 426.848084
  type: 'test'
  ...
# Subtest: muted music and completed Results survive Next cancel, Help reading and a fresh retry
ok 213 - muted music and completed Results survive Next cancel, Help reading and a fresh retry
  ---
  duration_ms: 545.728167
  type: 'test'
  ...
# Subtest: muted music and completed Results survive Next decode refusal, Help reading and a fresh retry
ok 214 - muted music and completed Results survive Next decode refusal, Help reading and a fresh retry
  ---
  duration_ms: 553.100667
  type: 'test'
  ...
# Subtest: immediate: shared display edits preserve the actual paused Solo cut and replay
ok 215 - immediate: shared display edits preserve the actual paused Solo cut and replay
  ---
  duration_ms: 914.314458
  type: 'test'
  ...
# Subtest: grid-center: shared display edits preserve the actual paused Solo cut and replay
ok 216 - grid-center: shared display edits preserve the actual paused Solo cut and replay
  ---
  duration_ms: 928.045542
  type: 'test'
  ...
# Subtest: Solo to Team to Versus and back restores one display record without Couch profile writes
    # Subtest: Solo explicitly opts into the shared record
    ok 1 - Solo explicitly opts into the shared record
      ---
      duration_ms: 297.093083
      type: 'test'
      ...
    # Subtest: Team adopts and edits from its real paused Options
    ok 2 - Team adopts and edits from its real paused Options
      ---
      duration_ms: 235.101334
      type: 'test'
      ...
    # Subtest: Versus adopts, exposes controls to keyboard and changes only display state
    ok 3 - Versus adopts, exposes controls to keyboard and changes only display state
      ---
      duration_ms: 1720.194
      type: 'test'
      ...
    # Subtest: fresh Solo prefers the shared record over its older profile
    ok 4 - fresh Solo prefers the shared record over its older profile
      ---
      duration_ms: 269.331291
      type: 'test'
      ...
    1..4
ok 217 - Solo to Team to Versus and back restores one display record without Couch profile writes
  ---
  duration_ms: 2522.832916
  type: 'test'
  ...
# Subtest: Team system reduction preserves a raw false choice and a denied shared save stays session-only
ok 218 - Team system reduction preserves a raw false choice and a denied shared save stays session-only
  ---
  duration_ms: 25.231584
  type: 'test'
  ...
# Subtest: Versus controller selects the real display control without replacing or starting the duel
ok 219 - Versus controller selects the real display control without replacing or starting the duel
  ---
  duration_ms: 1676.959417
  type: 'test'
  ...
# Subtest: solo matching classes uses seven current starter bodies while manual old/new choices remain deliberate
ok 220 - solo matching classes uses seven current starter bodies while manual old/new choices remain deliberate
  ---
  duration_ms: 905.748834
  type: 'test'
  ...
# Subtest: explicit new saved appearance and suspended checkpoint survive normal host reload and Load
    # Subtest: save an unfinished flight using the selected new body
    ok 1 - save an unfinished flight using the selected new body
      ---
      duration_ms: 435.615208
      type: 'test'
      ...
    # Subtest: reload keeps that body and loads the exact saved checkpoint while paused
    ok 2 - reload keeps that body and loads the exact saved checkpoint while paused
      ---
      duration_ms: 333.41875
      type: 'test'
      ...
    1..2
ok 221 - explicit new saved appearance and suspended checkpoint survive normal host reload and Load
  ---
  duration_ms: 769.936292
  type: 'test'
  ...
# Subtest: custom FPV class mapping and unknown explicit appearance keep existing host fallbacks
    # Subtest: one authored class change disables the entire current recommendation guard
    ok 1 - one authored class change disables the entire current recommendation guard
      ---
      duration_ms: 243.654333
      type: 'test'
      ...
    # Subtest: a future body ID remains readable as data and displays the existing neutral fallback
    ok 2 - a future body ID remains readable as data and displays the existing neutral fallback
      ---
      duration_ms: 174.492291
      type: 'test'
      ...
    # Subtest: an unearned registered appearance keeps the default without rewriting its stored ID
    ok 3 - an unearned registered appearance keeps the default without rewriting its stored ID
      ---
      duration_ms: 178.923833
      type: 'test'
      ...
    1..3
ok 222 - custom FPV class mapping and unknown explicit appearance keep existing host fallbacks
  ---
  duration_ms: 597.574334
  type: 'test'
  ...
# Subtest: actual Couch recommendation switches both independent painters without touching match physics or profile
ok 223 - actual Couch recommendation switches both independent painters without touching match physics or profile
  ---
  duration_ms: 1600.040791
  type: 'test'
  ...
# Subtest: immediate: menu edits preserve the actual paused Solo cut, saved slot and replay
ok 224 - immediate: menu edits preserve the actual paused Solo cut, saved slot and replay
  ---
  duration_ms: 921.913125
  type: 'test'
  ...
# Subtest: grid-center: menu edits preserve the actual paused Solo cut, saved slot and replay
ok 225 - grid-center: menu edits preserve the actual paused Solo cut, saved slot and replay
  ---
  duration_ms: 921.4015
  type: 'test'
  ...
# Subtest: one separate menu record survives Solo, Team, Versus and Solo return without altering display or progress
    # Subtest: Solo opts into Ukrainian rich menus from the real Settings
    ok 1 - Solo opts into Ukrainian rich menus from the real Settings
      ---
      duration_ms: 270.448209
      type: 'test'
      ...
    # Subtest: Team changes menu styling from paused Options without changing a single painter command
    ok 2 - Team changes menu styling from paused Options without changing a single painter command
      ---
      duration_ms: 196.696208
      type: 'test'
      ...
    # Subtest: Versus Settings opens Appearance category, paused checkpoint and exact Back opener
    ok 3 - Versus Settings opens Appearance category, paused checkpoint and exact Back opener
      ---
      duration_ms: 1804.998125
      type: 'test'
      ...
    # Subtest: fresh Solo adopts without an implicit save or start
    ok 4 - fresh Solo adopts without an implicit save or start
      ---
      duration_ms: 269.418417
      type: 'test'
      ...
    1..4
ok 226 - one separate menu record survives Solo, Team, Versus and Solo return without altering display or progress
  ---
  duration_ms: 2542.945208
  type: 'test'
  ...
# Subtest: controller editing the new native selectors changes only menu style and preserves Ready
ok 227 - controller editing the new native selectors changes only menu style and preserves Ready
  ---
  duration_ms: 1805.399667
  type: 'test'
  ...
# Subtest: denied menu saving leaves Team local choice usable and does not replace the existing shared record
ok 228 - denied menu saving leaves Team local choice usable and does not replace the existing shared record
  ---
  duration_ms: 26.375541
  type: 'test'
  ...
# Subtest: a real host storage notification updates menus without moving focus, resuming or accepting stale records
ok 229 - a real host storage notification updates menus without moving focus, resuming or accepting stale records
  ---
  duration_ms: 1589.376041
  type: 'test'
  ...
# Subtest: actual Title Missions → team → Back restores exact menu without adoption
    # Subtest: depart through the real explicit controls
    ok 1 - depart through the real explicit controls
      ---
      duration_ms: 760.4465
      type: 'test'
      ...
    # Subtest: receiving Solo opens exact Missions focus, with no flight resume
    ok 2 - receiving Solo opens exact Missions focus, with no flight resume
      ---
      duration_ms: 550.57425
      type: 'test'
      ...
    # Subtest: the same return query is consumed, not replayed
    ok 3 - the same return query is consumed, not replayed
      ---
      duration_ms: 255.301917
      type: 'test'
      ...
    1..3
ok 230 - actual Title Missions → team → Back restores exact menu without adoption
  ---
  duration_ms: 1567.267084
  type: 'test'
  ...
# Subtest: actual paused cut Missions → team → Back restores exact menu without adoption
    # Subtest: depart through the real explicit controls
    ok 1 - depart through the real explicit controls
      ---
      duration_ms: 1065.898333
      type: 'test'
      ...
    # Subtest: receiving Solo opens exact Missions focus, with no flight resume
    ok 2 - receiving Solo opens exact Missions focus, with no flight resume
      ---
      duration_ms: 554.846541
      type: 'test'
      ...
    # Subtest: the same return query is consumed, not replayed
    ok 3 - the same return query is consumed, not replayed
      ---
      duration_ms: 258.802125
      type: 'test'
      ...
    1..3
ok 231 - actual paused cut Missions → team → Back restores exact menu without adoption
  ---
  duration_ms: 1880.018708
  type: 'test'
  ...
# Subtest: failed checked save stays paused; explicit Leave warns of loss and never overwrites a newer save
    # Subtest: preserve an externally changed slot through Leave and pagehide
    ok 1 - preserve an externally changed slot through Leave and pagehide
      ---
      duration_ms: 1051.713916
      type: 'test'
      ...
    1..1
ok 232 - failed checked save stays paused; explicit Leave warns of loss and never overwrites a newer save
  ---
  duration_ms: 1052.005084
  type: 'test'
  ...
# Subtest: storage failure after a successful check requires another deliberate Leave with truthful warning
ok 233 - storage failure after a successful check requires another deliberate Leave with truthful warning
  ---
  duration_ms: 774.687125
  type: 'test'
  ...
# Subtest: unavailable return storage preserves ready title with an explicit fixed fallback
    # Subtest: choose the warned fallback deliberately
    ok 1 - choose the warned fallback deliberately
      ---
      duration_ms: 724.354583
      type: 'test'
      ...
    1..1
ok 234 - unavailable return storage preserves ready title with an explicit fixed fallback
  ---
  duration_ms: 724.568584
  type: 'test'
  ...
# Subtest: unavailable return storage preserves verified flight with an explicit fixed fallback
    # Subtest: choose the warned fallback deliberately
    ok 1 - choose the warned fallback deliberately
      ---
      duration_ms: 1031.738083
      type: 'test'
      ...
    1..1
ok 235 - unavailable return storage preserves verified flight with an explicit fixed fallback
  ---
  duration_ms: 1031.873458
  type: 'test'
  ...
# Subtest: Stay cancels a pending verified-save wait and late completion cannot navigate or write
ok 236 - Stay cancels a pending verified-save wait and late completion cannot navigate or write
  ---
  duration_ms: 1057.899167
  type: 'test'
  ...
# Subtest: return with incompatible source falls back to visible Title without changing stored authority
    # Subtest: capture the installed menu identity
    ok 1 - capture the installed menu identity
      ---
      duration_ms: 261.86425
      type: 'test'
      ...
    # Subtest: reject stale context at the real receiving host
    ok 2 - reject stale context at the real receiving host
      ---
      duration_ms: 254.636709
      type: 'test'
      ...
    1..2
ok 237 - return with incompatible source falls back to visible Title without changing stored authority
  ---
  duration_ms: 516.759042
  type: 'test'
  ...
# Subtest: return with incompatible selection falls back to visible Title without changing stored authority
    # Subtest: capture the installed menu identity
    ok 1 - capture the installed menu identity
      ---
      duration_ms: 259.938209
      type: 'test'
      ...
    # Subtest: reject stale context at the real receiving host
    ok 2 - reject stale context at the real receiving host
      ---
      duration_ms: 253.403292
      type: 'test'
      ...
    1..2
ok 238 - return with incompatible selection falls back to visible Title without changing stored authority
  ---
  duration_ms: 513.551167
  type: 'test'
  ...
# Subtest: checked save quota failure never claims durable storage or navigates silently
ok 239 - checked save quota failure never claims durable storage or navigates silently
  ---
  duration_ms: 1043.738584
  type: 'test'
  ...
# Subtest: checked save readback failure never claims durable storage or navigates silently
ok 240 - checked save readback failure never claims durable storage or navigates silently
  ---
  duration_ms: 1055.949167
  type: 'test'
  ...
# Subtest: a newer slot after helper readback cannot become this departure’s saved authority
ok 241 - a newer slot after helper readback cannot become this departure’s saved authority
  ---
  duration_ms: 787.245417
  type: 'test'
  ...
# Subtest: pending theme preparation cannot depart with a stale visible selection
ok 242 - pending theme preparation cannot depart with a stale visible selection
  ---
  duration_ms: 358.410167
  type: 'test'
  ...
# Subtest: team: blur retires a pending save decision before late locks can write or navigate
ok 243 - team: blur retires a pending save decision before late locks can write or navigate
  ---
  duration_ms: 1100.620042
  type: 'test'
  ...
# Subtest: team: hidden retires a pending save decision before late locks can write or navigate
ok 244 - team: hidden retires a pending save decision before late locks can write or navigate
  ---
  duration_ms: 1475.4575
  type: 'test'
  ...
# Subtest: team: pagehide retires a pending save decision before late locks can write or navigate
ok 245 - team: pagehide retires a pending save decision before late locks can write or navigate
  ---
  duration_ms: 1589.4275
  type: 'test'
  ...
# Subtest: team: foreground lost during hint write cannot navigate or leave a reusable owned hint
ok 246 - team: foreground lost during hint write cannot navigate or leave a reusable owned hint
  ---
  duration_ms: 321.43125
  type: 'test'
  ...
# Subtest: team: Stay returns to the actual initiating link and other mode cannot steal its pending decision
ok 247 - team: Stay returns to the actual initiating link and other mode cannot steal its pending decision
  ---
  duration_ms: 1282.109333
  type: 'test'
  ...
# Subtest: team: modified gestures remain native and do not write or pause the existing flight
ok 248 - team: modified gestures remain native and do not write or pause the existing flight
  ---
  duration_ms: 1193.816125
  type: 'test'
  ...
# Subtest: team: rejected native dialog opening releases its owner and keeps the flight paused
ok 249 - team: rejected native dialog opening releases its owner and keeps the flight paused
  ---
  duration_ms: 1393.888833
  type: 'test'
  ...
# Subtest: actual Title Missions → versus → Back restores exact menu without adoption
    # Subtest: depart through the real explicit controls
    ok 1 - depart through the real explicit controls
      ---
      duration_ms: 700.672917
      type: 'test'
      ...
    # Subtest: actual Versus host returns through the fixed own link
    ok 2 - actual Versus host returns through the fixed own link
      ---
      duration_ms: 1630.634541
      type: 'test'
      ...
    # Subtest: receiving Solo opens exact Missions focus, with no flight resume
    ok 3 - receiving Solo opens exact Missions focus, with no flight resume
      ---
      duration_ms: 709.859
      type: 'test'
      ...
    # Subtest: the same return query is consumed, not replayed
    ok 4 - the same return query is consumed, not replayed
      ---
      duration_ms: 290.970666
      type: 'test'
      ...
    1..4
ok 250 - actual Title Missions → versus → Back restores exact menu without adoption
  ---
  duration_ms: 3332.708625
  type: 'test'
  ...
# Subtest: actual paused cut Missions → versus → Back restores exact menu without adoption
    # Subtest: depart through the real explicit controls
    ok 1 - depart through the real explicit controls
      ---
      duration_ms: 1114.349083
      type: 'test'
      ...
    # Subtest: actual Versus host returns through the fixed own link
    ok 2 - actual Versus host returns through the fixed own link
      ---
      duration_ms: 1626.365667
      type: 'test'
      ...
    # Subtest: receiving Solo opens exact Missions focus, with no flight resume
    ok 3 - receiving Solo opens exact Missions focus, with no flight resume
      ---
      duration_ms: 604.408125
      type: 'test'
      ...
    # Subtest: the same return query is consumed, not replayed
    ok 4 - the same return query is consumed, not replayed
      ---
      duration_ms: 271.378709
      type: 'test'
      ...
    1..4
ok 251 - actual paused cut Missions → versus → Back restores exact menu without adoption
  ---
  duration_ms: 3617.038792
  type: 'test'
  ...
# Subtest: failed checked save stays paused; explicit Leave warns of loss and never overwrites a newer save
    # Subtest: preserve an externally changed slot through Leave and pagehide
    ok 1 - preserve an externally changed slot through Leave and pagehide
      ---
      duration_ms: 1146.293958
      type: 'test'
      ...
    1..1
ok 252 - failed checked save stays paused; explicit Leave warns of loss and never overwrites a newer save
  ---
  duration_ms: 1146.709042
  type: 'test'
  ...
# Subtest: storage failure after a successful check requires another deliberate Leave with truthful warning
ok 253 - storage failure after a successful check requires another deliberate Leave with truthful warning
  ---
  duration_ms: 803.613458
  type: 'test'
  ...
# Subtest: unavailable return storage preserves ready title with an explicit fixed fallback
    # Subtest: choose the warned fallback deliberately
    ok 1 - choose the warned fallback deliberately
      ---
      duration_ms: 601.082583
      type: 'test'
      ...
    1..1
ok 254 - unavailable return storage preserves ready title with an explicit fixed fallback
  ---
  duration_ms: 601.223083
  type: 'test'
  ...
# Subtest: unavailable return storage preserves verified flight with an explicit fixed fallback
    # Subtest: choose the warned fallback deliberately
    ok 1 - choose the warned fallback deliberately
      ---
      duration_ms: 1169.002167
      type: 'test'
      ...
    1..1
ok 255 - unavailable return storage preserves verified flight with an explicit fixed fallback
  ---
  duration_ms: 1169.2205
  type: 'test'
  ...
# Subtest: Stay cancels a pending verified-save wait and late completion cannot navigate or write
ok 256 - Stay cancels a pending verified-save wait and late completion cannot navigate or write
  ---
  duration_ms: 1160.476083
  type: 'test'
  ...
# Subtest: return with incompatible source falls back to visible Title without changing stored authority
    # Subtest: capture the installed menu identity
    ok 1 - capture the installed menu identity
      ---
      duration_ms: 301.870083
      type: 'test'
      ...
    # Subtest: reject stale context at the real receiving host
    ok 2 - reject stale context at the real receiving host
      ---
      duration_ms: 274.498916
      type: 'test'
      ...
    1..2
ok 257 - return with incompatible source falls back to visible Title without changing stored authority
  ---
  duration_ms: 576.645542
  type: 'test'
  ...
# Subtest: return with incompatible selection falls back to visible Title without changing stored authority
    # Subtest: capture the installed menu identity
    ok 1 - capture the installed menu identity
      ---
      duration_ms: 278.841
      type: 'test'
      ...
    # Subtest: reject stale context at the real receiving host
    ok 2 - reject stale context at the real receiving host
      ---
      duration_ms: 269.7785
      type: 'test'
      ...
    1..2
ok 258 - return with incompatible selection falls back to visible Title without changing stored authority
  ---
  duration_ms: 548.826625
  type: 'test'
  ...
# Subtest: checked save quota failure never claims durable storage or navigates silently
ok 259 - checked save quota failure never claims durable storage or navigates silently
  ---
  duration_ms: 1269.727375
  type: 'test'
  ...
# Subtest: checked save readback failure never claims durable storage or navigates silently
ok 260 - checked save readback failure never claims durable storage or navigates silently
  ---
  duration_ms: 1245.732042
  type: 'test'
  ...
# Subtest: a newer slot after helper readback cannot become this departure’s saved authority
ok 261 - a newer slot after helper readback cannot become this departure’s saved authority
  ---
  duration_ms: 833.786625
  type: 'test'
  ...
# Subtest: pending theme preparation cannot depart with a stale visible selection
ok 262 - pending theme preparation cannot depart with a stale visible selection
  ---
  duration_ms: 385.950542
  type: 'test'
  ...
# Subtest: versus: blur retires a pending save decision before late locks can write or navigate
ok 263 - versus: blur retires a pending save decision before late locks can write or navigate
  ---
  duration_ms: 1172.770541
  type: 'test'
  ...
# Subtest: versus: hidden retires a pending save decision before late locks can write or navigate
ok 264 - versus: hidden retires a pending save decision before late locks can write or navigate
  ---
  duration_ms: 1200.393625
  type: 'test'
  ...
# Subtest: versus: pagehide retires a pending save decision before late locks can write or navigate
ok 265 - versus: pagehide retires a pending save decision before late locks can write or navigate
  ---
  duration_ms: 1192.047583
  type: 'test'
  ...
# Subtest: versus: foreground lost during hint write cannot navigate or leave a reusable owned hint
ok 266 - versus: foreground lost during hint write cannot navigate or leave a reusable owned hint
  ---
  duration_ms: 279.392834
  type: 'test'
  ...
# Subtest: versus: Stay returns to the actual initiating link and other mode cannot steal its pending decision
ok 267 - versus: Stay returns to the actual initiating link and other mode cannot steal its pending decision
  ---
  duration_ms: 1139.522041
  type: 'test'
  ...
# Subtest: versus: modified gestures remain native and do not write or pause the existing flight
ok 268 - versus: modified gestures remain native and do not write or pause the existing flight
  ---
  duration_ms: 1131.606334
  type: 'test'
  ...
# Subtest: versus: rejected native dialog opening releases its owner and keeps the flight paused
ok 269 - versus: rejected native dialog opening releases its owner and keeps the flight paused
  ---
  duration_ms: 1196.415875
  type: 'test'
  ...
# Subtest: Solo pageshow synchronously repairs stale form values even when saved preferences are unchanged
ok 270 - Solo pageshow synchronously repairs stale form values even when saved preferences are unchanged
  ---
  duration_ms: 651.359291
  type: 'test'
  ...
# Subtest: Solo the deferred pageshow task repairs form values restored after the event without writes
ok 271 - Solo the deferred pageshow task repairs form values restored after the event without writes
  ---
  duration_ms: 682.906333
  type: 'test'
  ...
# Subtest: Solo a newer explicit setting before deferred restoration keeps its current authority
ok 272 - Solo a newer explicit setting before deferred restoration keeps its current authority
  ---
  duration_ms: 556.350291
  type: 'test'
  ...
# Subtest: Solo terminal pagehide prevents a queued restoration or late pageshow from repainting
ok 273 - Solo terminal pagehide prevents a queued restoration or late pageshow from repainting
  ---
  duration_ms: 506.53
  type: 'test'
  ...
# Subtest: Versus pageshow synchronously repairs stale form values even when saved preferences are unchanged
ok 274 - Versus pageshow synchronously repairs stale form values even when saved preferences are unchanged
  ---
  duration_ms: 1700.921667
  type: 'test'
  ...
# Subtest: Versus the deferred pageshow task repairs form values restored after the event without writes
ok 275 - Versus the deferred pageshow task repairs form values restored after the event without writes
  ---
  duration_ms: 1835.429166
  type: 'test'
  ...
# Subtest: Versus a newer explicit setting before deferred restoration keeps its current authority
ok 276 - Versus a newer explicit setting before deferred restoration keeps its current authority
  ---
  duration_ms: 1667.187375
  type: 'test'
  ...
# Subtest: Versus terminal pagehide prevents a queued restoration or late pageshow from repainting
ok 277 - Versus terminal pagehide prevents a queued restoration or late pageshow from repainting
  ---
  duration_ms: 1715.914417
  type: 'test'
  ...
# Subtest: Team pageshow synchronously repairs stale form values even when saved preferences are unchanged
ok 278 - Team pageshow synchronously repairs stale form values even when saved preferences are unchanged
  ---
  duration_ms: 118.12925
  type: 'test'
  ...
# Subtest: Team the deferred pageshow task repairs form values restored after the event without writes
ok 279 - Team the deferred pageshow task repairs form values restored after the event without writes
  ---
  duration_ms: 93.505917
  type: 'test'
  ...
# Subtest: Team a newer explicit setting before deferred restoration keeps its current authority
ok 280 - Team a newer explicit setting before deferred restoration keeps its current authority
  ---
  duration_ms: 96.525875
  type: 'test'
  ...
# Subtest: Team terminal pagehide prevents a queued restoration or late pageshow from repainting
ok 281 - Team terminal pagehide prevents a queued restoration or late pageshow from repainting
  ---
  duration_ms: 74.944792
  type: 'test'
  ...
# Subtest: Versus Game data reveals its final hint layout after entry
ok 282 - Versus Game data reveals its final hint layout after entry
  ---
  duration_ms: 1973.531208
  type: 'test'
  ...
# Subtest: Versus Back during the final reading hint cannot reveal or refocus the retired reader
ok 283 - Versus Back during the final reading hint cannot reveal or refocus the retired reader
  ---
  duration_ms: 1758.581083
  type: 'test'
  ...
# Subtest: Versus disposal during the final reading hint cannot reveal or refocus the retired reader
ok 284 - Versus disposal during the final reading hint cannot reveal or refocus the retired reader
  ---
  duration_ms: 1761.336167
  type: 'test'
  ...
# Subtest: Versus Game data is keyboard reachable and PageDown/Home/End read complete copy before Back
ok 285 - Versus Game data is keyboard reachable and PageDown/Home/End read complete copy before Back
  ---
  duration_ms: 1740.992084
  type: 'test'
  ...
# Subtest: Versus controller enters Game data, scrolls and exits without resuming
ok 286 - Versus controller enters Game data, scrolls and exits without resuming
  ---
  duration_ms: 1845.911375
  type: 'test'
  ...
# Subtest: Versus category changes and Settings Back retire the reader and its Done action
ok 287 - Versus category changes and Settings Back retire the reader and its Done action
  ---
  duration_ms: 1862.04575
  type: 'test'
  ...
# Subtest: Versus touch scrolling and Done keep the complete copy and paused attempt
ok 288 - Versus touch scrolling and Done keep the complete copy and paused attempt
  ---
  duration_ms: 1713.864958
  type: 'test'
  ...
# Subtest: Team Game data reveals its final hint layout after entry
ok 289 - Team Game data reveals its final hint layout after entry
  ---
  duration_ms: 250.737542
  type: 'test'
  ...
# Subtest: Team Back during the final reading hint cannot reveal or refocus the retired reader
ok 290 - Team Back during the final reading hint cannot reveal or refocus the retired reader
  ---
  duration_ms: 217.186625
  type: 'test'
  ...
# Subtest: Team disposal during the final reading hint cannot reveal or refocus the retired reader
ok 291 - Team disposal during the final reading hint cannot reveal or refocus the retired reader
  ---
  duration_ms: 125.791625
  type: 'test'
  ...
# Subtest: Team Game data is keyboard reachable and PageDown/Home/End read complete copy before Back
ok 292 - Team Game data is keyboard reachable and PageDown/Home/End read complete copy before Back
  ---
  duration_ms: 211.14775
  type: 'test'
  ...
# Subtest: Team controller enters Game data, scrolls and exits without resuming
ok 293 - Team controller enters Game data, scrolls and exits without resuming
  ---
  duration_ms: 305.430041
  type: 'test'
  ...
# Subtest: Team category changes and Settings Back retire the reader and its Done action
ok 294 - Team category changes and Settings Back retire the reader and its Done action
  ---
  duration_ms: 215.561333
  type: 'test'
  ...
# Subtest: Team touch scrolling and Done keep the complete copy and paused attempt
ok 295 - Team touch scrolling and Done keep the complete copy and paused attempt
  ---
  duration_ms: 216.531667
  type: 'test'
  ...
# Subtest: Versus Settings uses native categories, consumes tab keys once and returns to its opener
ok 296 - Versus Settings uses native categories, consumes tab keys once and returns to its opener
  ---
  duration_ms: 1685.205542
  type: 'test'
  ...
# Subtest: paused Versus keeps both runs and requires explicit Resume after appearance changes
ok 297 - paused Versus keeps both runs and requires explicit Resume after appearance changes
  ---
  duration_ms: 1618.204708
  type: 'test'
  ...
# Subtest: Versus quick sound shares the Settings master without starting or replacing a match
ok 298 - Versus quick sound shares the Settings master without starting or replacing a match
  ---
  duration_ms: 1683.339709
  type: 'test'
  ...
# Subtest: modeled controller selects Settings categories and Back preserves its Ready match
ok 299 - modeled controller selects Settings categories and Back preserves its Ready match
  ---
  duration_ms: 1584.672666
  type: 'test'
  ...
# Subtest: solo matching classes uses seven current starter bodies while manual old/new choices remain deliberate
ok 300 - solo matching classes uses seven current starter bodies while manual old/new choices remain deliberate
  ---
  duration_ms: 926.299167
  type: 'test'
  ...
# Subtest: explicit new saved appearance and suspended checkpoint survive normal host reload and Load
    # Subtest: save an unfinished flight using the selected new body
    ok 1 - save an unfinished flight using the selected new body
      ---
      duration_ms: 475.836791
      type: 'test'
      ...
    # Subtest: reload keeps that body and loads the exact saved checkpoint while paused
    ok 2 - reload keeps that body and loads the exact saved checkpoint while paused
      ---
      duration_ms: 443.30975
      type: 'test'
      ...
    1..2
ok 301 - explicit new saved appearance and suspended checkpoint survive normal host reload and Load
  ---
  duration_ms: 920.02325
  type: 'test'
  ...
# Subtest: custom Ukraine class mapping and unknown explicit appearance keep existing host fallbacks
    # Subtest: one authored class change disables the entire current recommendation guard
    ok 1 - one authored class change disables the entire current recommendation guard
      ---
      duration_ms: 256.733333
      type: 'test'
      ...
    # Subtest: a future body ID remains readable as data and displays the existing neutral fallback
    ok 2 - a future body ID remains readable as data and displays the existing neutral fallback
      ---
      duration_ms: 196.436292
      type: 'test'
      ...
    # Subtest: an unearned registered appearance keeps the default without rewriting its stored ID
    ok 3 - an unearned registered appearance keeps the default without rewriting its stored ID
      ---
      duration_ms: 224.508333
      type: 'test'
      ...
    1..3
ok 302 - custom Ukraine class mapping and unknown explicit appearance keep existing host fallbacks
  ---
  duration_ms: 678.272333
  type: 'test'
  ...
# Subtest: actual Couch recommendation switches both independent painters without touching match physics or profile
ok 303 - actual Couch recommendation switches both independent painters without touching match physics or profile
  ---
  duration_ms: 1719.846875
  type: 'test'
  ...
1..303
# tests 352
# suites 0
# pass 352
# fail 0
# cancelled 0
# skipped 0
# todo 0
# duration_ms 261825.0575
