TAP version 13
# Subtest: BoardPainter keeps separate default boss bodies beneath the shared explicit boss upload
ok 1 - BoardPainter keeps separate default boss bodies beneath the shared explicit boss upload
  ---
  duration_ms: 2.140125
  ...
# Subtest: facing uses newly observed tick positions instead of a stale velocity field
ok 2 - facing uses newly observed tick positions instead of a stale velocity field
  ---
  duration_ms: 0.891417
  ...
# Subtest: contour and outer patrols face their measured path without velocity fields
ok 3 - contour and outer patrols face their measured path without velocity fields
  ---
  duration_ms: 0.210834
  ...
# Subtest: pause and classic freeze retain heading, banking and animation clocks
ok 4 - pause and classic freeze retain heading, banking and animation clocks
  ---
  duration_ms: 0.947667
  ...
# Subtest: stun and dormancy stop active motion; reduced effects keep direction but no moving accents
ok 5 - stun and dormancy stop active motion; reduced effects keep direction but no moving accents
  ---
  duration_ms: 0.224292
  ...
# Subtest: stationary tread/walking phase stays still while idle rotor/antenna clock can continue
ok 6 - stationary tread/walking phase stays still while idle rotor/antenna clock can continue
  ---
  duration_ms: 0.091542
  ...
# Subtest: cosmetic size targets desktop/phone readability without altering contact radius
ok 7 - cosmetic size targets desktop/phone readability without altering contact radius
  ---
  duration_ms: 0.451959
  ...
# Subtest: four themes have distinct geometric silhouettes even with identical colors
ok 8 - four themes have distinct geometric silhouettes even with identical colors
  ---
  duration_ms: 2.832
  ...
# Subtest: compact and detailed recipes differ; custom families resolve to the matching visual theme
ok 9 - compact and detailed recipes differ; custom families resolve to the matching visual theme
  ---
  duration_ms: 0.336125
  ...
# Subtest: every actor override keeps its own body slot, facing and unscaled collision cue
ok 10 - every actor override keeps its own body slot, facing and unscaled collision cue
  ---
  duration_ms: 0.341583
  ...
# Subtest: history is bounded and reset removes old headings; published frames cannot mutate history
ok 11 - history is bounded and reset removes old headings; published frames cannot mutate history
  ---
  duration_ms: 0.532958
  ...
# Subtest: trail core and head remain visible with reduced effects; animated packet stays on the cut
ok 12 - trail core and head remain visible with reduced effects; animated packet stays on the cut
  ---
  duration_ms: 0.19175
  ...
# Subtest: capture pulse touches only newly secured cells and is absent for reduced motion
ok 13 - capture pulse touches only newly secured cells and is absent for reduced motion
  ---
  duration_ms: 0.146458
  ...
# Subtest: integrated renderer animates observed actors and capture effects without changing replay authority
ok 14 - integrated renderer animates observed actors and capture effects without changing replay authority
  ---
  duration_ms: 43.175167
  ...
# Subtest: legacy: all four player rigs keep a readable bounded size across phone and desktop canvases
ok 15 - legacy: all four player rigs keep a readable bounded size across phone and desktop canvases
  ---
  duration_ms: 38.07
  ...
# Subtest: wide: all four player rigs keep a readable bounded size across phone and desktop canvases
ok 16 - wide: all four player rigs keep a readable bounded size across phone and desktop canvases
  ---
  duration_ms: 31.579333
  ...
# Subtest: custom player art retains its aspect ratio and rotor anchor coordinates independently of enemy slots
ok 17 - custom player art retains its aspect ratio and rotor anchor coordinates independently of enemy slots
  ---
  duration_ms: 1.524084
  ...
# Subtest: player scale is cosmetic, independent of actor scale, and bounded even on very small canvases
ok 18 - player scale is cosmetic, independent of actor scale, and bounded even on very small canvases
  ---
  duration_ms: 4.78725
  ...
# Subtest: the larger player keeps direction response and animated rotors while pause and reduced effects freeze their clocks
ok 19 - the larger player keeps direction response and animated rotors while pause and reduced effects freeze their clocks
  ---
  duration_ms: 4.130709
  ...
# Subtest: explicit display width supports detached textures while invalid widths preserve direct-canvas and logical fallbacks
ok 20 - explicit display width supports detached textures while invalid widths preserve direct-canvas and logical fallbacks
  ---
  duration_ms: 12.994958
  ...
# Subtest: the whole 4:3 or 2:1 bitmap fits independently of its element slot
ok 21 - the whole 4:3 or 2:1 bitmap fits independently of its element slot
  ---
  duration_ms: 4.102125
  ...
# Subtest: one seat resizing never substitutes the other seat or changes bitmap geometry
ok 22 - one seat resizing never substitutes the other seat or changes bitmap geometry
  ---
  duration_ms: 0.905333
  ...
# Subtest: observer delivery does not read layout, duplicate writes or retain a hidden scale
ok 23 - observer delivery does not read layout, duplicate writes or retain a hidden scale
  ---
  duration_ms: 0.299292
  ...
# Subtest: cached-page restoration rejects old callbacks and measures again without resuming play
ok 24 - cached-page restoration rejects old callbacks and measures again without resuming play
  ---
  duration_ms: 1.4275
  ...
# Subtest: fractional deliveries do not rewrite CSS values after browser serialization
ok 25 - fractional deliveries do not rewrite CSS values after browser serialization
  ---
  duration_ms: 1.169917
  ...
# Subtest: explicit geometry and resize reconciliation work without ResizeObserver
ok 26 - explicit geometry and resize reconciliation work without ResizeObserver
  ---
  duration_ms: 0.368417
  ...
# Subtest: Versus keyboard master controls persist only the shared record; Team and another Versus restore without autoplay
    # Subtest: actual Versus controls
    ok 1 - actual Versus controls
      ---
      duration_ms: 1765.713375
      ...
    # Subtest: fresh Team receives settings, not music or progress
    ok 2 - fresh Team receives settings, not music or progress
      ---
      duration_ms: 59.641042
      ...
    # Subtest: fresh Versus restores without context creation or playing
    ok 3 - fresh Versus restores without context creation or playing
      ---
      duration_ms: 1715.985208
      ...
    1..3
ok 27 - Versus keyboard master controls persist only the shared record; Team and another Versus restore without autoplay
  ---
  duration_ms: 3542.6055
  ...
# Subtest: Versus starts muted, then master edits preserve active music intent and a paused duel checkpoint
ok 28 - Versus starts muted, then master edits preserve active music intent and a paused duel checkpoint
  ---
  duration_ms: 1954.339875
  ...
# Subtest: Versus controller edits the actual master slider without starting either board
ok 29 - Versus controller edits the actual master slider without starting either board
  ---
  duration_ms: 1634.324583
  ...
# Subtest: Team keyboard master edits remain accessible while paused and preserve its live board and unrelated feedback
ok 30 - Team keyboard master edits remain accessible while paused and preserve its live board and unrelated feedback
  ---
  duration_ms: 301.639167
  ...
# Subtest: Team keeps its sound explanation through saved edits, storage failure and recovery without starting play
ok 31 - Team keeps its sound explanation through saved edits, storage failure and recovery without starting play
  ---
  duration_ms: 222.608
  ...
# Subtest: Versus sound edits survive paused Help pan and keyboard return without replacing audio feedback
ok 32 - Versus sound edits survive paused Help pan and keyboard return without replacing audio feedback
  ---
  duration_ms: 1761.366958
  ...
# Subtest: Team sound edits survive paused Help pan and keyboard return without replacing audio feedback
ok 33 - Team sound edits survive paused Help pan and keyboard return without replacing audio feedback
  ---
  duration_ms: 208.660125
  ...
# Subtest: actual Versus 4:3 boards fit each seat and render at the visible bitmap scale
ok 34 - actual Versus 4:3 boards fit each seat and render at the visible bitmap scale
  ---
  duration_ms: 197.147875
  ...
# Subtest: actual Versus 2:1 boards fit each seat and render at the visible bitmap scale
ok 35 - actual Versus 2:1 boards fit each seat and render at the visible bitmap scale
  ---
  duration_ms: 2258.805375
  ...
# Subtest: actual Versus resize follows independent touch pads and Large text without replacing either run
ok 36 - actual Versus resize follows independent touch pads and Large text without replacing either run
  ---
  duration_ms: 2383.749875
  ...
# Subtest: actual Versus zero/hidden bounds recover and stale observer callbacks cannot survive disposal
ok 37 - actual Versus zero/hidden bounds recover and stale observer callbacks cannot survive disposal
  ---
  duration_ms: 110.900958
  ...
# Subtest: fresh couch uses exact wide Pressure Lines originals, authored Arcade controls and independent continuations
ok 38 - fresh couch uses exact wide Pressure Lines originals, authored Arcade controls and independent continuations
  ---
  duration_ms: 1749.640792
  ...
# Subtest: an offline optional featured download leaves base Couch maps playable and solo storage untouched
ok 39 - an offline optional featured download leaves base Couch maps playable and solo storage untouched
  ---
  duration_ms: 130.065917
  ...
# Subtest: all three exact map pictures change together; explicit Tactical legacy choice clears the original binding
ok 40 - all three exact map pictures change together; explicit Tactical legacy choice clears the original binding
  ---
  duration_ms: 1654.496542
  ...
# Subtest: wrong decoded dimensions and complete decode failure release every allocated original
ok 41 - wrong decoded dimensions and complete decode failure release every allocated original
  ---
  duration_ms: 1837.861541
  ...
# Subtest: shipped artwork requires explicit contain fit and an original for each exact known level
ok 42 - shipped artwork requires explicit contain fit and an original for each exact known level
  ---
  duration_ms: 1570.284042
  ...
# Subtest: cancellation during complete decode rejects promptly, disposes earlier images and ignores a late result
ok 43 - cancellation during complete decode rejects promptly, disposes earlier images and ignores a late result
  ---
  duration_ms: 935.476542
  ...
# Subtest: failed original preparation leaves the real lobby Start disabled with its explicit error
ok 44 - failed original preparation leaves the real lobby Start disabled with its explicit error
  ---
  duration_ms: 934.777458
  ...
# Subtest: terminal pagehide during installed authority opening cannot publish released pictures or start a race
ok 45 - terminal pagehide during installed authority opening cannot publish released pictures or start a race
  ---
  duration_ms: 1148.148916
  ...
# Subtest: paused race-coop requires a fresh fixed decision and Stay retains both flights
ok 46 - paused race-coop requires a fresh fixed decision and Stay retains both flights
  ---
  duration_ms: 1764.124375
  ...
# Subtest: paused race-solo-return requires a fresh fixed decision and Stay retains both flights
ok 47 - paused race-solo-return requires a fresh fixed decision and Stay retains both flights
  ---
  duration_ms: 1677.547542
  ...
# Subtest: controller Team departure has its own neutral boundary and East returns to the in-panel opener
ok 48 - controller Team departure has its own neutral boundary and East returns to the in-panel opener
  ---
  duration_ms: 1715.355542
  ...
# Subtest: blur invalidates pending Versus departure without resuming or choosing a destination
ok 49 - blur invalidates pending Versus departure without resuming or choosing a destination
  ---
  duration_ms: 1654.38425
  ...
# Subtest: hidden invalidates pending Versus departure without resuming or choosing a destination
ok 50 - hidden invalidates pending Versus departure without resuming or choosing a destination
  ---
  duration_ms: 1538.625625
  ...
# Subtest: pagehide invalidates pending Versus departure without resuming or choosing a destination
ok 51 - pagehide invalidates pending Versus departure without resuming or choosing a destination
  ---
  duration_ms: 1729.782875
  ...
# Subtest: controller-loss invalidates pending Versus departure without resuming or choosing a destination
ok 52 - controller-loss invalidates pending Versus departure without resuming or choosing a destination
  ---
  duration_ms: 1591.565791
  ...
# Subtest: a real terminal draw keeps both destination links direct and does not start another round
ok 53 - a real terminal draw keeps both destination links direct and does not start another round
  ---
  duration_ms: 1680.808625
  ...
# Subtest: confirmation re-reads actual replace before allowing native departure
ok 54 - confirmation re-reads actual replace before allowing native departure
  ---
  duration_ms: 10.087
  ...
# Subtest: confirmation re-reads actual advanceGeneration before allowing native departure
ok 55 - confirmation re-reads actual advanceGeneration before allowing native departure
  ---
  duration_ms: 9.668209
  ...
# Subtest: confirmation re-reads actual resume before allowing native departure
ok 56 - confirmation re-reads actual resume before allowing native departure
  ---
  duration_ms: 10.175792
  ...
# Subtest: Solo departure captures one validated scalar token and never adopts a newer return at Confirm
ok 57 - Solo departure captures one validated scalar token and never adopts a newer return at Confirm
  ---
  duration_ms: 10.771458
  ...
# Subtest: invalid scalar return reader keeps the fixed Solo Title fallback: () => null
ok 58 - invalid scalar return reader keeps the fixed Solo Title fallback: () => null
  ---
  duration_ms: 8.642541
  ...
# Subtest: invalid scalar return reader keeps the fixed Solo Title fallback: () => '../?stolen=1'
ok 59 - invalid scalar return reader keeps the fixed Solo Title fallback: () => '../?stolen=1'
  ---
  duration_ms: 8.890625
  ...
# Subtest: invalid scalar return reader keeps the fixed Solo Title fallback: () => 'A'.repeat(32)
ok 60 - invalid scalar return reader keeps the fixed Solo Title fallback: () => 'A'.repeat(32)
  ---
  duration_ms: 8.806625
  ...
# Subtest: invalid scalar return reader keeps the fixed Solo Title fallback: () => {\\n    throw Error('unavailable');\\n  }
ok 61 - invalid scalar return reader keeps the fixed Solo Title fallback: () => {\\n    throw Error('unavailable');\\n  }
  ---
  duration_ms: 8.575375
  ...
# Subtest: immediate: actual couch inputs keep both phase cues independent and freeze them on pause/finish
ok 62 - immediate: actual couch inputs keep both phase cues independent and freeze them on pause/finish
  ---
  duration_ms: 6987.5085
  ...
# Subtest: grid-center: actual couch inputs keep both phase cues independent and freeze them on pause/finish
ok 63 - grid-center: actual couch inputs keep both phase cues independent and freeze them on pause/finish
  ---
  duration_ms: 6643.541958
  ...
# Subtest: ordinary couch boards hide both empty encounter groups before and during a round
ok 64 - ordinary couch boards hide both empty encounter groups before and during a round
  ---
  duration_ms: 2579.751583
  ...
# Subtest: untouched prepared lobby focuses enabled Start once without controller ownership or starting
ok 65 - untouched prepared lobby focuses enabled Start once without controller ownership or starting
  ---
  duration_ms: 149.656584
  ...
# Subtest: delayed initial preparation leaves loading focus alone, then hands off to Ready Start
ok 66 - delayed initial preparation leaves loading focus alone, then hands off to Ready Start
  ---
  duration_ms: 62.006791
  ...
# Subtest: a deliberate current focus is never replaced by the initial handoff
ok 67 - a deliberate current focus is never replaced by the initial handoff
  ---
  duration_ms: 52.601875
  ...
# Subtest: a deliberate moved-away focus is never replaced by the initial handoff
ok 68 - a deliberate moved-away focus is never replaced by the initial handoff
  ---
  duration_ms: 51.0895
  ...
# Subtest: a deliberate pre-attached-recovery focus is never replaced by the initial handoff
ok 69 - a deliberate pre-attached-recovery focus is never replaced by the initial handoff
  ---
  duration_ms: 55.870958
  ...
# Subtest: initial-background permanently relinquishes initial focus even when ready later
ok 70 - initial-background permanently relinquishes initial focus even when ready later
  ---
  duration_ms: 52.989667
  ...
# Subtest: blur-return permanently relinquishes initial focus even when ready later
ok 71 - blur-return permanently relinquishes initial focus even when ready later
  ---
  duration_ms: 51.467625
  ...
# Subtest: hidden-return permanently relinquishes initial focus even when ready later
ok 72 - hidden-return permanently relinquishes initial focus even when ready later
  ---
  duration_ms: 49.314208
  ...
# Subtest: pagehide-return permanently relinquishes initial focus even when ready later
ok 73 - pagehide-return permanently relinquishes initial focus even when ready later
  ---
  duration_ms: 50.247
  ...
# Subtest: an initially disabled Start is never chosen as focus
ok 74 - an initially disabled Start is never chosen as focus
  ---
  duration_ms: 48.319084
  ...
# Subtest: an initially no-rect Start is never chosen as focus
ok 75 - an initially no-rect Start is never chosen as focus
  ---
  duration_ms: 52.497125
  ...
# Subtest: an initially css-hidden Start is never chosen as focus
ok 76 - an initially css-hidden Start is never chosen as focus
  ---
  duration_ms: 49.883584
  ...
# Subtest: an initially aria-hidden Start is never chosen as focus
ok 77 - an initially aria-hidden Start is never chosen as focus
  ---
  duration_ms: 52.980042
  ...
# Subtest: boot failure preserves recovery focus and cannot establish a Ready handoff
ok 78 - boot failure preserves recovery focus and cannot establish a Ready handoff
  ---
  duration_ms: 6.760958
  ...
# Subtest: interrupted async Start confirmation stays ready after blur and return until a fresh Start
ok 79 - interrupted async Start confirmation stays ready after blur and return until a fresh Start
  ---
  duration_ms: 10262.482458
  ...
# Subtest: cancelled Start confirmation cannot overwrite Retry for the same untouched attempt
ok 80 - cancelled Start confirmation cannot overwrite Retry for the same untouched attempt
  ---
  duration_ms: 11438.925709
  ...
# Subtest: installed couch reader authenticates the same three originals without acquiring a writer or changing solo data
ok 81 - installed couch reader authenticates the same three originals without acquiring a writer or changing solo data
  ---
  duration_ms: 11430.025458
  ...
# Subtest: publication rejects a changed original generation after actual decode and a changed pointer before Start
ok 82 - publication rejects a changed original generation after actual decode and a changed pointer before Start
  ---
  duration_ms: 11828.546792
  ...
# Subtest: cancelled decode is joined before replacement and cannot publish a late image
ok 83 - cancelled decode is joined before replacement and cannot publish a late image
  ---
  duration_ms: 9134.97075
  ...
# Subtest: pending journals, missing descriptors and absent original bytes refuse instead of displaying generic artwork
ok 84 - pending journals, missing descriptors and absent original bytes refuse instead of displaying generic artwork
  ---
  duration_ms: 5687.237666
  ...
# Subtest: Couch recovers installed R5 originals when its optional shipped URL is unavailable
ok 85 - Couch recovers installed R5 originals when its optional shipped URL is unavailable
  ---
  duration_ms: 4974.959125
  ...
# Subtest: actual Couch selection shares the exact installed image, keeps separate motion and restores asynchronous action focus
ok 86 - actual Couch selection shares the exact installed image, keeps separate motion and restores asynchronous action focus
  ---
  duration_ms: 19892.11525
  ...
# Subtest: superseding embedded inspection cancels the old decoder between images and retains the exact legacy fit
ok 87 - superseding embedded inspection cancels the old decoder between images and retains the exact legacy fit
  ---
  duration_ms: 4263.498167
  ...
# Subtest: main-lobby Back cancels an explicitly pending Retry and never enables Start after the late decode
ok 88 - main-lobby Back cancels an explicitly pending Retry and never enables Start after the late decode
  ---
  duration_ms: 25316.53575
  ...
# Subtest: new Fracture owner keeps exact installed originals through the reader and shared Couch boards without solo writes
ok 89 - new Fracture owner keeps exact installed originals through the reader and shared Couch boards without solo writes
  ---
  duration_ms: 19847.861208
  ...
# Subtest: new Countercurrent owner keeps exact installed originals through the reader and shared Couch boards without solo writes
ok 90 - new Countercurrent owner keeps exact installed originals through the reader and shared Couch boards without solo writes
  ---
  duration_ms: 18975.231083
  ...
# Subtest: installed failed Next decode keeps completed Results, wins and the original available to View
ok 91 - installed failed Next decode keeps completed Results, wins and the original available to View
  ---
  duration_ms: 10121.862209
  ...
# Subtest: installed Next final confirmation refusal retains the prior lease until an explicit successful retry adopts Ready
ok 92 - installed Next final confirmation refusal retains the prior lease until an explicit successful retry adopts Ready
  ---
  duration_ms: 13875.681666
  ...
# Subtest: installed cancelled Next cannot overwrite a newer retry or revive Start after blur and return
ok 93 - installed cancelled Next cannot overwrite a newer retry or revive Start after blur and return
  ---
  duration_ms: 12901.870541
  ...
# Subtest: installed candidate ready callback cancel retains accepted ownership until a confirmed commit
ok 94 - installed candidate ready callback cancel retains accepted ownership until a confirmed commit
  ---
  duration_ms: 9344.173
  ...
# Subtest: installed candidate ready callback replacement retains accepted ownership until a confirmed commit
ok 95 - installed candidate ready callback replacement retains accepted ownership until a confirmed commit
  ---
  duration_ms: 11390.9645
  ...
# Subtest: couch markup mounts controls with bare body
ok 96 - couch markup mounts controls with bare body
  ---
  duration_ms: 1.253875
  ...
# Subtest: couch markup mounts controls with body attributes
ok 97 - couch markup mounts controls with body attributes
  ---
  duration_ms: 0.185375
  ...
# Subtest: couch markup mounts controls with quoted delimiters and case
ok 98 - couch markup mounts controls with quoted delimiters and case
  ---
  duration_ms: 0.099167
  ...
# Subtest: couch markup rejects a missing or incomplete body with a controlled error
ok 99 - couch markup rejects a missing or incomplete body with a controlled error
  ---
  duration_ms: 0.514083
  ...
# Subtest: appending parsed text preserves nested boot and game controls
ok 100 - appending parsed text preserves nested boot and game controls
  ---
  duration_ms: 0.35975
  ...
# Subtest: ../couch/index.html has a visible static loading signal and a reachable exit before modules load
ok 101 - ../couch/index.html has a visible static loading signal and a reachable exit before modules load
  ---
  duration_ms: 6.037875
  ...
# Subtest: ../couch/relay-rescue.html has a visible static loading signal and a reachable exit before modules load
ok 102 - ../couch/relay-rescue.html has a visible static loading signal and a reachable exit before modules load
  ---
  duration_ms: 1.320667
  ...
# Subtest: ../replay-theater/index.html has a visible static loading signal and a reachable exit before modules load
ok 103 - ../replay-theater/index.html has a visible static loading signal and a reachable exit before modules load
  ---
  duration_ms: 1.914625
  ...
# Subtest: two sparse pads deliberately claim one menu; join/held Confirm cannot start or leak flight actions
ok 104 - two sparse pads deliberately claim one menu; join/held Confirm cannot start or leak flight actions
  ---
  duration_ms: 2198.956375
  ...
# Subtest: actual select previews cancel without replacing the duel and commit once through onchange
ok 105 - actual select previews cancel without replacing the duel and commit once through onchange
  ---
  duration_ms: 2051.158958
  ...
# Subtest: Back and Menu cancel previews or focus the primary action without starting or resetting
ok 106 - Back and Menu cancel previews or focus the primary action without starting or resetting
  ---
  duration_ms: 1847.556625
  ...
# Subtest: native menu focus cancels a held D-pad repeat until neutral without clearing either flight keyboard
ok 107 - native menu focus cancels a held D-pad repeat until neutral without clearing either flight keyboard
  ---
  duration_ms: 1787.941167
  ...
# Subtest: Ready slot loss consumes another pad Confirm; the surviving player keeps its slot
ok 108 - Ready slot loss consumes another pad Confirm; the surviving player keeps its slot
  ---
  duration_ms: 1746.747625
  ...
# Subtest: descriptor change at the same index pauses flight and requires neutral plus a new menu join
ok 109 - descriptor change at the same index pauses flight and requires neutral plus a new menu join
  ---
  duration_ms: 1726.107875
  ...
# Subtest: disconnect event at the same index pauses flight and requires neutral plus a new menu join
ok 110 - disconnect event at the same index pauses flight and requires neutral plus a new menu join
  ---
  duration_ms: 1806.999083
  ...
# Subtest: explicit menu release permits the other player to join, never transfers a held edge
ok 111 - explicit menu release permits the other player to join, never transfers a held edge
  ---
  duration_ms: 1610.480292
  ...
# Subtest: one hardware read per visible frame and no reads or ticks while unfocused, hidden or disposed
ok 112 - one hardware read per visible frame and no reads or ticks while unfocused, hidden or disposed
  ---
  duration_ms: 1630.226
  ...
# Subtest: persisted return and Ready Escape preserve the true state and cancel a pending edit
ok 113 - persisted return and Ready Escape preserve the true state and cancel a pending edit
  ---
  duration_ms: 1733.050125
  ...
# Subtest: API errors and unsupported pads remain usable with keyboard and truthful Ready status
ok 114 - API errors and unsupported pads remain usable with keyboard and truthful Ready status
  ---
  duration_ms: 1558.399042
  ...
# Subtest: immediate: actual Sentinel round win and best-of-three rematch retain legal core route results
ok 115 - immediate: actual Sentinel round win and best-of-three rematch retain legal core route results
  ---
  duration_ms: 11744.152958
  ...
# Subtest: grid-center: actual Sentinel round win and best-of-three rematch retain legal core route results
ok 116 - grid-center: actual Sentinel round win and best-of-three rematch retain legal core route results
  ---
  duration_ms: 11335.003208
  ...
# Subtest: one lost craft does not expose shared menu; both ended draws retain explicit Next
ok 117 - one lost craft does not expose shared menu; both ended draws retain explicit Next
  ---
  duration_ms: 1668.817917
  ...
# Subtest: native checkboxes and both held touch pads stay independent after leaving controller navigation
ok 118 - native checkboxes and both held touch pads stay independent after leaving controller navigation
  ---
  duration_ms: 1819.234666
  ...
# Subtest: immediate: actual Pause retains two different requested turns and explicit Resume continues both
ok 119 - immediate: actual Pause retains two different requested turns and explicit Resume continues both
  ---
  duration_ms: 1586.345792
  ...
# Subtest: immediate: real recovery clears only that player's continuous intent before later substeps
ok 120 - immediate: real recovery clears only that player's continuous intent before later substeps
  ---
  duration_ms: 1586.963666
  ...
# Subtest: grid-center: actual Pause retains two different requested turns and explicit Resume continues both
ok 121 - grid-center: actual Pause retains two different requested turns and explicit Resume continues both
  ---
  duration_ms: 1574.5325
  ...
# Subtest: grid-center: real recovery clears only that player's continuous intent before later substeps
ok 122 - grid-center: real recovery clears only that player's continuous intent before later substeps
  ---
  duration_ms: 1652.107042
  ...
# Subtest: timeout draw keeps series at zero and needs a fresh explicit Next gesture
ok 123 - timeout draw keeps series at zero and needs a fresh explicit Next gesture
  ---
  duration_ms: 2075.11825
  ...
# Subtest: immediate, keyboard: real cut closure stops only its player across substeps and held input
ok 124 - immediate, keyboard: real cut closure stops only its player across substeps and held input
  ---
  duration_ms: 2374.881833
  ...
# Subtest: immediate, controller: real cut closure stops only its player across substeps and held input
ok 125 - immediate, controller: real cut closure stops only its player across substeps and held input
  ---
  duration_ms: 2457.556042
  ...
# Subtest: grid-center, keyboard: real cut closure stops only its player across substeps and held input
ok 126 - grid-center, keyboard: real cut closure stops only its player across substeps and held input
  ---
  duration_ms: 2466.454333
  ...
# Subtest: grid-center, controller: real cut closure stops only its player across substeps and held input
ok 127 - grid-center, controller: real cut closure stops only its player across substeps and held input
  ---
  duration_ms: 2361.331167
  ...
# Subtest: Versus keyboard Enter ends paused Help once without resuming
ok 128 - Versus keyboard Enter ends paused Help once without resuming
  ---
  duration_ms: 2136.675208
  ...
# Subtest: Versus keyboard Space ends paused Help once without resuming
ok 129 - Versus keyboard Space ends paused Help once without resuming
  ---
  duration_ms: 2074.770334
  ...
# Subtest: Versus keyboard Escape ends paused Help once without resuming
ok 130 - Versus keyboard Escape ends paused Help once without resuming
  ---
  duration_ms: 2051.654667
  ...
# Subtest: Versus pointer and touch Done are stable end-only controls in lobby and pause
ok 131 - Versus pointer and touch Done are stable end-only controls in lobby and pause
  ---
  duration_ms: 1929.5915
  ...
# Subtest: Versus native content scrolling retains Done and the same paused attempt
ok 132 - Versus native content scrolling retains Done and the same paused attempt
  ---
  duration_ms: 1730.507917
  ...
# Subtest: Versus opted-in resize reveals the current reading unit without moving focus or resuming
ok 133 - Versus opted-in resize reveals the current reading unit without moving focus or resuming
  ---
  duration_ms: 1707.028125
  ...
# Subtest: Versus fresh input changes reading copy while an idle pad preserves keyboard ownership
ok 134 - Versus fresh input changes reading copy while an idle pad preserves keyboard ownership
  ---
  duration_ms: 1856.673042
  ...
# Subtest: Versus Help closure invalidates Done and terminal teardown removes reader listeners
ok 135 - Versus Help closure invalidates Done and terminal teardown removes reader listeners
  ---
  duration_ms: 1455.271458
  ...
# Subtest: Team keyboard Enter ends paused Help once without resuming
ok 136 - Team keyboard Enter ends paused Help once without resuming
  ---
  duration_ms: 555.304625
  ...
# Subtest: Team keyboard Space ends paused Help once without resuming
ok 137 - Team keyboard Space ends paused Help once without resuming
  ---
  duration_ms: 517.382166
  ...
# Subtest: Team keyboard Escape ends paused Help once without resuming
ok 138 - Team keyboard Escape ends paused Help once without resuming
  ---
  duration_ms: 522.222583
  ...
# Subtest: Team pointer and touch Done are stable end-only controls in lobby and pause
ok 139 - Team pointer and touch Done are stable end-only controls in lobby and pause
  ---
  duration_ms: 311.754791
  ...
# Subtest: Team native content scrolling retains Done and the same paused attempt
ok 140 - Team native content scrolling retains Done and the same paused attempt
  ---
  duration_ms: 308.988959
  ...
# Subtest: Team opted-in resize reveals the current reading unit without moving focus or resuming
ok 141 - Team opted-in resize reveals the current reading unit without moving focus or resuming
  ---
  duration_ms: 276.895625
  ...
# Subtest: Team fresh input changes reading copy while an idle pad preserves keyboard ownership
ok 142 - Team fresh input changes reading copy while an idle pad preserves keyboard ownership
  ---
  duration_ms: 58.203708
  ...
# Subtest: Team Help closure invalidates Done and terminal teardown removes reader listeners
ok 143 - Team Help closure invalidates Done and terminal teardown removes reader listeners
  ---
  duration_ms: 33.554292
  ...
# Subtest: resize reveals current Ready Start beyond the left edge without activating it
ok 144 - resize reveals current Ready Start beyond the left edge without activating it
  ---
  duration_ms: 1584.898416
  ...
# Subtest: resize reveals current Ready Start beyond the top edge without activating it
ok 145 - resize reveals current Ready Start beyond the top edge without activating it
  ---
  duration_ms: 1609.360291
  ...
# Subtest: resize reveals current Ready Start beyond the right edge without activating it
ok 146 - resize reveals current Ready Start beyond the right edge without activating it
  ---
  duration_ms: 1728.978458
  ...
# Subtest: resize reveals current Ready Start beyond the bottom edge without activating it
ok 147 - resize reveals current Ready Start beyond the bottom edge without activating it
  ---
  duration_ms: 1514.698
  ...
# Subtest: resize cannot reveal an action that is disabled
ok 148 - resize cannot reveal an action that is disabled
  ---
  duration_ms: 1466.311458
  ...
# Subtest: resize cannot reveal an action that is hidden-ancestor
ok 149 - resize cannot reveal an action that is hidden-ancestor
  ---
  duration_ms: 1443.689792
  ...
# Subtest: resize cannot reveal an action that is inert-ancestor
ok 150 - resize cannot reveal an action that is inert-ancestor
  ---
  duration_ms: 1489.09675
  ...
# Subtest: resize cannot reveal an action that is aria-hidden-ancestor
ok 151 - resize cannot reveal an action that is aria-hidden-ancestor
  ---
  duration_ms: 1430.024083
  ...
# Subtest: resize cannot reveal an action that is invisible
ok 152 - resize cannot reveal an action that is invisible
  ---
  duration_ms: 1629.519792
  ...
# Subtest: resize cannot reveal an action that is foreign-root
ok 153 - resize cannot reveal an action that is foreign-root
  ---
  duration_ms: 1452.845125
  ...
# Subtest: resize cannot reveal an action that is background
ok 154 - resize cannot reveal an action that is background
  ---
  duration_ms: 1444.322042
  ...
# Subtest: resize cannot reveal an action that is hidden-document
ok 155 - resize cannot reveal an action that is hidden-document
  ---
  duration_ms: 1445.062
  ...
# Subtest: geometry publication cannot reveal the old action after other-focus
ok 156 - geometry publication cannot reveal the old action after other-focus
  ---
  duration_ms: 1482.322166
  ...
# Subtest: geometry publication cannot reveal the old action after new-screen
ok 157 - geometry publication cannot reveal the old action after new-screen
  ---
  duration_ms: 1381.034
  ...
# Subtest: geometry publication cannot reveal the old action after background
ok 158 - geometry publication cannot reveal the old action after background
  ---
  duration_ms: 1527.590917
  ...
# Subtest: resize ignores descendant events, invalid dimensions and recursive delivery
ok 159 - resize ignores descendant events, invalid dimensions and recursive delivery
  ---
  duration_ms: 1401.047042
  ...
# Subtest: the final style read cannot authorize a scroll after foreground loss
ok 160 - the final style read cannot authorize a scroll after foreground loss
  ---
  duration_ms: 1376.672
  ...
# Subtest: resize reveals paused Resume while preserving a real started cut and live canvas ownership
ok 161 - resize reveals paused Resume while preserving a real started cut and live canvas ownership
  ---
  duration_ms: 1445.690584
  ...
# Subtest: resize reveals a real finished round action without replacing either run or result
ok 162 - resize reveals a real finished round action without replacing either run or result
  ---
  duration_ms: 1587.021083
  ...
# Subtest: resize stores no future focus intent and terminal disposal removes its listener
ok 163 - resize stores no future focus intent and terminal disposal removes its listener
  ---
  duration_ms: 1457.459167
  ...
# Subtest: Couch return reveal cannot outlive a focus callback's other-focus
ok 164 - Couch return reveal cannot outlive a focus callback's other-focus
  ---
  duration_ms: 1607.016375
  ...
# Subtest: Couch return reveal cannot outlive a focus callback's new-screen
ok 165 - Couch return reveal cannot outlive a focus callback's new-screen
  ---
  duration_ms: 1508.058792
  ...
# Subtest: Couch return reveal cannot outlive a focus callback's background
ok 166 - Couch return reveal cannot outlive a focus callback's background
  ---
  duration_ms: 1480.277042
  ...
# Subtest: Couch return reveal cannot outlive a focus callback's hidden
ok 167 - Couch return reveal cannot outlive a focus callback's hidden
  ---
  duration_ms: 1508.309375
  ...
# Subtest: Couch return reveal cannot outlive a focus callback's destroyed
ok 168 - Couch return reveal cannot outlive a focus callback's destroyed
  ---
  duration_ms: 1592.490458
  ...
# Subtest: Couch return reveal cannot outlive a focus callback's detached
ok 169 - Couch return reveal cannot outlive a focus callback's detached
  ---
  duration_ms: 1453.484375
  ...
# Subtest: Couch main Back reveals the same already-focused action without activating it
ok 170 - Couch main Back reveals the same already-focused action without activating it
  ---
  duration_ms: 1442.521416
  ...
# Subtest: lobby, setup and children use reachable native controls and Back restores the actual opener
ok 171 - lobby, setup and children use reachable native controls and Back restores the actual opener
  ---
  duration_ms: 1462.429041
  ...
# Subtest: an embedded Couch route stays loading until its actual setup is prepared
ok 172 - an embedded Couch route stays loading until its actual setup is prepared
  ---
  duration_ms: 1442.728917
  ...
# Subtest: pause children and cancelled new match preserve two different continuations; reset is explicit
ok 173 - pause children and cancelled new match preserve two different continuations; reset is explicit
  ---
  duration_ms: 1726.083917
  ...
# Subtest: per-seat Auto expands on touch and defers collapse until pause without changing movement
ok 174 - per-seat Auto expands on touch and defers collapse until pause without changing movement
  ---
  duration_ms: 1536.980875
  ...
# Subtest: Always supports independent pointer players; Off wins over coarse and later touch
ok 175 - Always supports independent pointer players; Off wins over coarse and later touch
  ---
  duration_ms: 1504.615875
  ...
# Subtest: authored Arcade removes equipment controls and hints; Tactical reflects the equipped recipe
ok 176 - authored Arcade removes equipment controls and hints; Tactical reflects the equipped recipe
  ---
  duration_ms: 1464.903041
  ...
# Subtest: controller setup/help and repeated keyboard Confirm cannot leak through the flight boundary
ok 177 - controller setup/help and repeated keyboard Confirm cannot leak through the flight boundary
  ---
  duration_ms: 1577.881708
  ...
# Subtest: markup keeps touch crosses outside both arenas and uses separate screen roots
ok 178 - markup keeps touch crosses outside both arenas and uses separate screen roots
  ---
  duration_ms: 0.761917
  ...
# Subtest: controller can read and scroll Help without starting; Back exits reading then the child
ok 179 - controller can read and scroll Help without starting; Back exits reading then the child
  ---
  duration_ms: 1521.602125
  ...
# Subtest: a real finished draw exposes both frozen boards, Results returns without a new round
ok 180 - a real finished draw exposes both frozen boards, Results returns without a new round
  ---
  duration_ms: 1843.378
  ...
# Subtest: an old held controller cannot reclaim a seat from accepted touch across pause and resume
ok 181 - an old held controller cannot reclaim a seat from accepted touch across pause and resume
  ---
  duration_ms: 1567.762958
  ...
# Subtest: blocked pad input and held keyboard repeats never replace newer touch modality
ok 182 - blocked pad input and held keyboard repeats never replace newer touch modality
  ---
  duration_ms: 1465.926917
  ...
# Subtest: accepted-input observer is optional and observer failures cannot reject or replay commands
ok 183 - accepted-input observer is optional and observer failures cannot reject or replay commands
  ---
  duration_ms: 2.352459
  ...
# Subtest: actual Versus signal-01 shares one exact approved picture and fit through Start and paused continuation
ok 184 - actual Versus signal-01 shares one exact approved picture and fit through Start and paused continuation
  ---
  duration_ms: 179.170834
  ...
# Subtest: actual Versus orchard-crossing shares one exact approved picture and fit through Start and paused continuation
ok 185 - actual Versus orchard-crossing shares one exact approved picture and fit through Start and paused continuation
  ---
  duration_ms: 1646.23825
  ...
# Subtest: required decode failure blocks Start; Retry retains the same attempt and chosen original
ok 186 - required decode failure blocks Start; Retry retains the same attempt and chosen original
  ---
  duration_ms: 131.398084
  ...
# Subtest: pending Retry owns Cancel and respects ready
ok 187 - pending Retry owns Cancel and respects ready
  ---
  duration_ms: 77.638417
  ...
# Subtest: pending Retry owns Cancel and respects error
ok 188 - pending Retry owns Cancel and respects error
  ---
  duration_ms: 67.361667
  ...
# Subtest: pending Retry owns Cancel and respects deliberate focus
ok 189 - pending Retry owns Cancel and respects deliberate focus
  ---
  duration_ms: 67.909042
  ...
# Subtest: pending Retry owns Cancel and respects background return
ok 190 - pending Retry owns Cancel and respects background return
  ---
  duration_ms: 70.281
  ...
# Subtest: pending Retry owns Cancel and respects scope return
ok 191 - pending Retry owns Cancel and respects scope return
  ---
  duration_ms: 67.779333
  ...
# Subtest: interrupted async Next stays ready after blur and return until a fresh Start
ok 192 - interrupted async Next stays ready after blur and return until a fresh Start
  ---
  duration_ms: 651.072542
  ...
# Next picture preparation failed. Error: Injected complete image decode refusal.
#     at Image.decode (file:///Users/oleksandr.mekhovov/work/my_projects/go_test/.cache/worktrees/p08-versus-footprint/game/test/couch-static-picture-host.test.mjs:77:15)
#     at async image.onload (file:///Users/oleksandr.mekhovov/work/my_projects/go_test/.cache/worktrees/p08-versus-footprint/game/couch/couch-static-pictures.mjs:165:11)
# Subtest: failed Next retains the completed round and its displayed original
ok 193 - failed Next retains the completed round and its displayed original
  ---
  duration_ms: 507.456708
  ...
# Subtest: whole optional snapshot failure retains explicit authored fallback with a visible notice
ok 194 - whole optional snapshot failure retains explicit authored fallback with a visible notice
  ---
  duration_ms: 1516.567375
  ...
# Subtest: Back cancels a pending required picture and late completion cannot resume or replace the accepted attempt
ok 195 - Back cancels a pending required picture and late completion cannot resume or replace the accepted attempt
  ---
  duration_ms: 79.693
  ...
# Subtest: page disposal releases the owned picture URL once and preserves the original bytes
ok 196 - page disposal releases the owned picture URL once and preserves the original bytes
  ---
  duration_ms: 52.873542
  ...
# Subtest: initial required-picture loading leaves the actual lobby Cancel keyboard reachable
ok 197 - initial required-picture loading leaves the actual lobby Cancel keyboard reachable
  ---
  duration_ms: 48.788667
  ...
# Subtest: combined ready focus after a required picture respects untouched
ok 198 - combined ready focus after a required picture respects untouched
  ---
  duration_ms: 51.160834
  ...
# Subtest: combined ready focus after a required picture respects deliberate mode link
ok 199 - combined ready focus after a required picture respects deliberate mode link
  ---
  duration_ms: 50.627541
  ...
# Subtest: combined ready focus after a required picture respects blur and return
ok 200 - combined ready focus after a required picture respects blur and return
  ---
  duration_ms: 55.564375
  ...
# Subtest: combined ready focus after a required picture respects decode failure
ok 201 - combined ready focus after a required picture respects decode failure
  ---
  duration_ms: 51.09825
  ...
# Subtest: failed Next original read keeps Results and keyboard View, then retry adopts one new round
ok 202 - failed Next original read keeps Results and keyboard View, then retry adopts one new round
  ---
  duration_ms: 561.939375
  ...
# Subtest: pending completed Next preserves Results through Cancel
ok 203 - pending completed Next preserves Results through Cancel
  ---
  duration_ms: 600.127125
  ...
# Subtest: pending completed Next preserves Results through Help
ok 204 - pending completed Next preserves Results through Help
  ---
  duration_ms: 575.929416
  ...
# Subtest: pending completed Next preserves Results through View
ok 205 - pending completed Next preserves Results through View
  ---
  duration_ms: 538.946459
  ...
# Subtest: pending completed Next preserves Results through Setup confirmation
ok 206 - pending completed Next preserves Results through Setup confirmation
  ---
  duration_ms: 524.314541
  ...
# Subtest: pending completed Next preserves Results through dispose
ok 207 - pending completed Next preserves Results through dispose
  ---
  duration_ms: 522.841417
  ...
# Subtest: successful Next retires its original only after the new duel and picture are published
ok 208 - successful Next retires its original only after the new duel and picture are published
  ---
  duration_ms: 524.201875
  ...
# Next picture preparation failed. Error: Injected complete image decode refusal.
#     at Image.decode (file:///Users/oleksandr.mekhovov/work/my_projects/go_test/.cache/worktrees/p08-versus-footprint/game/test/couch-static-picture-host.test.mjs:77:15)
#     at async image.onload (file:///Users/oleksandr.mekhovov/work/my_projects/go_test/.cache/worktrees/p08-versus-footprint/game/couch/couch-static-pictures.mjs:165:11)
# Subtest: completed match wins reset only when an explicitly retried Next commits
ok 209 - completed match wins reset only when an explicitly retried Next commits
  ---
  duration_ms: 1502.118542
  ...
# Subtest: pending Next respects a newer deliberate action focus when its picture completes
ok 210 - pending Next respects a newer deliberate action focus when its picture completes
  ---
  duration_ms: 520.208916
  ...
# Subtest: Next restoration cannot revive its intent after a queued newer focus choice returns to BODY
ok 211 - Next restoration cannot revive its intent after a queued newer focus choice returns to BODY
  ---
  duration_ms: 517.645625
  ...
# Subtest: confirmed new setup owns a fresh race after a cancelled Next decoder settles late
ok 212 - confirmed new setup owns a fresh race after a cancelled Next decoder settles late
  ---
  duration_ms: 604.528167
  ...
# Subtest: muted music and completed Results survive Next cancel, Help reading and a fresh retry
ok 213 - muted music and completed Results survive Next cancel, Help reading and a fresh retry
  ---
  duration_ms: 794.033291
  ...
# Subtest: muted music and completed Results survive Next decode refusal, Help reading and a fresh retry
ok 214 - muted music and completed Results survive Next decode refusal, Help reading and a fresh retry
  ---
  duration_ms: 773.55775
  ...
# Subtest: immediate: shared display edits preserve the actual paused Solo cut and replay
ok 215 - immediate: shared display edits preserve the actual paused Solo cut and replay
  ---
  duration_ms: 1203.316959
  ...
# Subtest: grid-center: shared display edits preserve the actual paused Solo cut and replay
ok 216 - grid-center: shared display edits preserve the actual paused Solo cut and replay
  ---
  duration_ms: 1079.002
  ...
# Subtest: Solo to Team to Versus and back restores one display record without Couch profile writes
    # Subtest: Solo explicitly opts into the shared record
    ok 1 - Solo explicitly opts into the shared record
      ---
      duration_ms: 341.531667
      ...
    # Subtest: Team adopts and edits from its real paused Options
    ok 2 - Team adopts and edits from its real paused Options
      ---
      duration_ms: 279.341584
      ...
    # Subtest: Versus adopts, exposes controls to keyboard and changes only display state
    ok 3 - Versus adopts, exposes controls to keyboard and changes only display state
      ---
      duration_ms: 1829.806875
      ...
    # Subtest: fresh Solo prefers the shared record over its older profile
    ok 4 - fresh Solo prefers the shared record over its older profile
      ---
      duration_ms: 333.268084
      ...
    1..4
ok 217 - Solo to Team to Versus and back restores one display record without Couch profile writes
  ---
  duration_ms: 2785.137458
  ...
# Subtest: Team system reduction preserves a raw false choice and a denied shared save stays session-only
ok 218 - Team system reduction preserves a raw false choice and a denied shared save stays session-only
  ---
  duration_ms: 28.871125
  ...
# Subtest: Versus controller selects the real display control without replacing or starting the duel
ok 219 - Versus controller selects the real display control without replacing or starting the duel
  ---
  duration_ms: 1577.429833
  ...
# Subtest: solo matching classes uses seven current starter bodies while manual old/new choices remain deliberate
ok 220 - solo matching classes uses seven current starter bodies while manual old/new choices remain deliberate
  ---
  duration_ms: 1153.480709
  ...
# Subtest: explicit new saved appearance and suspended checkpoint survive normal host reload and Load
    # Subtest: save an unfinished flight using the selected new body
    ok 1 - save an unfinished flight using the selected new body
      ---
      duration_ms: 574.930375
      ...
    # Subtest: reload keeps that body and loads the exact saved checkpoint while paused
    ok 2 - reload keeps that body and loads the exact saved checkpoint while paused
      ---
      duration_ms: 484.209041
      ...
    1..2
ok 221 - explicit new saved appearance and suspended checkpoint survive normal host reload and Load
  ---
  duration_ms: 1060.29675
  ...
# Subtest: custom FPV class mapping and unknown explicit appearance keep existing host fallbacks
    # Subtest: one authored class change disables the entire current recommendation guard
    ok 1 - one authored class change disables the entire current recommendation guard
      ---
      duration_ms: 367.293625
      ...
    # Subtest: a future body ID remains readable as data and displays the existing neutral fallback
    ok 2 - a future body ID remains readable as data and displays the existing neutral fallback
      ---
      duration_ms: 247.159042
      ...
    # Subtest: an unearned registered appearance keeps the default without rewriting its stored ID
    ok 3 - an unearned registered appearance keeps the default without rewriting its stored ID
      ---
      duration_ms: 245.511125
      ...
    1..3
ok 222 - custom FPV class mapping and unknown explicit appearance keep existing host fallbacks
  ---
  duration_ms: 860.540459
  ...
# Subtest: actual Couch recommendation switches both independent painters without touching match physics or profile
ok 223 - actual Couch recommendation switches both independent painters without touching match physics or profile
  ---
  duration_ms: 1766.233125
  ...
# Subtest: immediate: menu edits preserve the actual paused Solo cut, saved slot and replay
ok 224 - immediate: menu edits preserve the actual paused Solo cut, saved slot and replay
  ---
  duration_ms: 1272.264625
  ...
# Subtest: grid-center: menu edits preserve the actual paused Solo cut, saved slot and replay
ok 225 - grid-center: menu edits preserve the actual paused Solo cut, saved slot and replay
  ---
  duration_ms: 1093.44375
  ...
# Subtest: one separate menu record survives Solo, Team, Versus and Solo return without altering display or progress
    # Subtest: Solo opts into Ukrainian rich menus from the real Settings
    ok 1 - Solo opts into Ukrainian rich menus from the real Settings
      ---
      duration_ms: 328.789209
      ...
    # Subtest: Team changes menu styling from paused Options without changing a single painter command
    ok 2 - Team changes menu styling from paused Options without changing a single painter command
      ---
      duration_ms: 240.368583
      ...
    # Subtest: Versus Settings opens Appearance category, paused checkpoint and exact Back opener
    ok 3 - Versus Settings opens Appearance category, paused checkpoint and exact Back opener
      ---
      duration_ms: 1789.543083
      ...
    # Subtest: fresh Solo adopts without an implicit save or start
    ok 4 - fresh Solo adopts without an implicit save or start
      ---
      duration_ms: 357.768959
      ...
    1..4
ok 226 - one separate menu record survives Solo, Team, Versus and Solo return without altering display or progress
  ---
  duration_ms: 2717.787375
  ...
# Subtest: controller editing the new native selectors changes only menu style and preserves Ready
ok 227 - controller editing the new native selectors changes only menu style and preserves Ready
  ---
  duration_ms: 1843.852292
  ...
# Subtest: denied menu saving leaves Team local choice usable and does not replace the existing shared record
ok 228 - denied menu saving leaves Team local choice usable and does not replace the existing shared record
  ---
  duration_ms: 30.441542
  ...
# Subtest: a real host storage notification updates menus without moving focus, resuming or accepting stale records
ok 229 - a real host storage notification updates menus without moving focus, resuming or accepting stale records
  ---
  duration_ms: 1586.677375
  ...
# Subtest: actual Title Missions → team → Back restores exact menu without adoption
    # Subtest: depart through the real explicit controls
    ok 1 - depart through the real explicit controls
      ---
      duration_ms: 998.60475
      ...
    # Subtest: receiving Solo opens exact Missions focus, with no flight resume
    ok 2 - receiving Solo opens exact Missions focus, with no flight resume
      ---
      duration_ms: 781.738709
      ...
    # Subtest: the same return query is consumed, not replayed
    ok 3 - the same return query is consumed, not replayed
      ---
      duration_ms: 351.314167
      ...
    1..3
ok 230 - actual Title Missions → team → Back restores exact menu without adoption
  ---
  duration_ms: 2132.665542
  ...
# Subtest: actual paused cut Missions → team → Back restores exact menu without adoption
    # Subtest: depart through the real explicit controls
    ok 1 - depart through the real explicit controls
      ---
      duration_ms: 1514.78725
      ...
    # Subtest: receiving Solo opens exact Missions focus, with no flight resume
    ok 2 - receiving Solo opens exact Missions focus, with no flight resume
      ---
      duration_ms: 816.799333
      ...
    # Subtest: the same return query is consumed, not replayed
    ok 3 - the same return query is consumed, not replayed
      ---
      duration_ms: 348.698292
      ...
    1..3
ok 231 - actual paused cut Missions → team → Back restores exact menu without adoption
  ---
  duration_ms: 2680.85625
  ...
# Subtest: failed checked save stays paused; explicit Leave warns of loss and never overwrites a newer save
    # Subtest: preserve an externally changed slot through Leave and pagehide
    ok 1 - preserve an externally changed slot through Leave and pagehide
      ---
      duration_ms: 1474.525291
      ...
    1..1
ok 232 - failed checked save stays paused; explicit Leave warns of loss and never overwrites a newer save
  ---
  duration_ms: 1474.82375
  ...
# Subtest: storage failure after a successful check requires another deliberate Leave with truthful warning
ok 233 - storage failure after a successful check requires another deliberate Leave with truthful warning
  ---
  duration_ms: 1007.337542
  ...
# Subtest: unavailable return storage preserves ready title with an explicit fixed fallback
    # Subtest: choose the warned fallback deliberately
    ok 1 - choose the warned fallback deliberately
      ---
      duration_ms: 856.608167
      ...
    1..1
ok 234 - unavailable return storage preserves ready title with an explicit fixed fallback
  ---
  duration_ms: 856.83925
  ...
# Subtest: unavailable return storage preserves verified flight with an explicit fixed fallback
    # Subtest: choose the warned fallback deliberately
    ok 1 - choose the warned fallback deliberately
      ---
      duration_ms: 1481.417625
      ...
    1..1
ok 235 - unavailable return storage preserves verified flight with an explicit fixed fallback
  ---
  duration_ms: 1481.571166
  ...
# Subtest: Stay cancels a pending verified-save wait and late completion cannot navigate or write
ok 236 - Stay cancels a pending verified-save wait and late completion cannot navigate or write
  ---
  duration_ms: 1472.566791
  ...
# Subtest: return with incompatible source falls back to visible Title without changing stored authority
    # Subtest: capture the installed menu identity
    ok 1 - capture the installed menu identity
      ---
      duration_ms: 340.019167
      ...
    # Subtest: reject stale context at the real receiving host
    ok 2 - reject stale context at the real receiving host
      ---
      duration_ms: 419.2275
      ...
    1..2
ok 237 - return with incompatible source falls back to visible Title without changing stored authority
  ---
  duration_ms: 759.546583
  ...
# Subtest: return with incompatible selection falls back to visible Title without changing stored authority
    # Subtest: capture the installed menu identity
    ok 1 - capture the installed menu identity
      ---
      duration_ms: 581.517834
      ...
    # Subtest: reject stale context at the real receiving host
    ok 2 - reject stale context at the real receiving host
      ---
      duration_ms: 452.277292
      ...
    1..2
ok 238 - return with incompatible selection falls back to visible Title without changing stored authority
  ---
  duration_ms: 1034.073584
  ...
# Subtest: checked save quota failure never claims durable storage or navigates silently
ok 239 - checked save quota failure never claims durable storage or navigates silently
  ---
  duration_ms: 1539.327375
  ...
# Subtest: checked save readback failure never claims durable storage or navigates silently
ok 240 - checked save readback failure never claims durable storage or navigates silently
  ---
  duration_ms: 1532.508792
  ...
# Subtest: a newer slot after helper readback cannot become this departure’s saved authority
ok 241 - a newer slot after helper readback cannot become this departure’s saved authority
  ---
  duration_ms: 1041.280291
  ...
# Subtest: pending theme preparation cannot depart with a stale visible selection
ok 242 - pending theme preparation cannot depart with a stale visible selection
  ---
  duration_ms: 465.388125
  ...
# Subtest: team: blur retires a pending save decision before late locks can write or navigate
ok 243 - team: blur retires a pending save decision before late locks can write or navigate
  ---
  duration_ms: 1515.478834
  ...
# Subtest: team: hidden retires a pending save decision before late locks can write or navigate
ok 244 - team: hidden retires a pending save decision before late locks can write or navigate
  ---
  duration_ms: 1488.042416
  ...
# Subtest: team: pagehide retires a pending save decision before late locks can write or navigate
ok 245 - team: pagehide retires a pending save decision before late locks can write or navigate
  ---
  duration_ms: 1554.268625
  ...
# Subtest: team: foreground lost during hint write cannot navigate or leave a reusable owned hint
ok 246 - team: foreground lost during hint write cannot navigate or leave a reusable owned hint
  ---
  duration_ms: 344.200292
  ...
# Subtest: team: Stay returns to the actual initiating link and other mode cannot steal its pending decision
ok 247 - team: Stay returns to the actual initiating link and other mode cannot steal its pending decision
  ---
  duration_ms: 1677.723041
  ...
# Subtest: team: modified gestures remain native and do not write or pause the existing flight
ok 248 - team: modified gestures remain native and do not write or pause the existing flight
  ---
  duration_ms: 1467.555083
  ...
# Subtest: team: rejected native dialog opening releases its owner and keeps the flight paused
ok 249 - team: rejected native dialog opening releases its owner and keeps the flight paused
  ---
  duration_ms: 1751.853083
  ...
# Subtest: actual Title Missions → versus → Back restores exact menu without adoption
    # Subtest: depart through the real explicit controls
    ok 1 - depart through the real explicit controls
      ---
      duration_ms: 1002.344083
      ...
    # Subtest: actual Versus host returns through the fixed own link
    ok 2 - actual Versus host returns through the fixed own link
      ---
      duration_ms: 1657.974667
      ...
    # Subtest: receiving Solo opens exact Missions focus, with no flight resume
    ok 3 - receiving Solo opens exact Missions focus, with no flight resume
      ---
      duration_ms: 821.844125
      ...
    # Subtest: the same return query is consumed, not replayed
    ok 4 - the same return query is consumed, not replayed
      ---
      duration_ms: 338.521291
      ...
    1..4
ok 250 - actual Title Missions → versus → Back restores exact menu without adoption
  ---
  duration_ms: 3821.230792
  ...
# Subtest: actual paused cut Missions → versus → Back restores exact menu without adoption
    # Subtest: depart through the real explicit controls
    ok 1 - depart through the real explicit controls
      ---
      duration_ms: 1451.756875
      ...
    # Subtest: actual Versus host returns through the fixed own link
    ok 2 - actual Versus host returns through the fixed own link
      ---
      duration_ms: 1615.821209
      ...
    # Subtest: receiving Solo opens exact Missions focus, with no flight resume
    ok 3 - receiving Solo opens exact Missions focus, with no flight resume
      ---
      duration_ms: 913.512125
      ...
    # Subtest: the same return query is consumed, not replayed
    ok 4 - the same return query is consumed, not replayed
      ---
      duration_ms: 347.491333
      ...
    1..4
ok 251 - actual paused cut Missions → versus → Back restores exact menu without adoption
  ---
  duration_ms: 4330.180417
  ...
# Subtest: failed checked save stays paused; explicit Leave warns of loss and never overwrites a newer save
    # Subtest: preserve an externally changed slot through Leave and pagehide
    ok 1 - preserve an externally changed slot through Leave and pagehide
      ---
      duration_ms: 1473.595208
      ...
    1..1
ok 252 - failed checked save stays paused; explicit Leave warns of loss and never overwrites a newer save
  ---
  duration_ms: 1473.760958
  ...
# Subtest: storage failure after a successful check requires another deliberate Leave with truthful warning
ok 253 - storage failure after a successful check requires another deliberate Leave with truthful warning
  ---
  duration_ms: 1042.834167
  ...
# Subtest: unavailable return storage preserves ready title with an explicit fixed fallback
    # Subtest: choose the warned fallback deliberately
    ok 1 - choose the warned fallback deliberately
      ---
      duration_ms: 764.013417
      ...
    1..1
ok 254 - unavailable return storage preserves ready title with an explicit fixed fallback
  ---
  duration_ms: 764.329166
  ...
# Subtest: unavailable return storage preserves verified flight with an explicit fixed fallback
    # Subtest: choose the warned fallback deliberately
    ok 1 - choose the warned fallback deliberately
      ---
      duration_ms: 1467.189792
      ...
    1..1
ok 255 - unavailable return storage preserves verified flight with an explicit fixed fallback
  ---
  duration_ms: 1467.495375
  ...
# Subtest: Stay cancels a pending verified-save wait and late completion cannot navigate or write
ok 256 - Stay cancels a pending verified-save wait and late completion cannot navigate or write
  ---
  duration_ms: 1502.409834
  ...
# Subtest: return with incompatible source falls back to visible Title without changing stored authority
    # Subtest: capture the installed menu identity
    ok 1 - capture the installed menu identity
      ---
      duration_ms: 329.567083
      ...
    # Subtest: reject stale context at the real receiving host
    ok 2 - reject stale context at the real receiving host
      ---
      duration_ms: 326.657375
      ...
    1..2
ok 257 - return with incompatible source falls back to visible Title without changing stored authority
  ---
  duration_ms: 656.474292
  ...
# Subtest: return with incompatible selection falls back to visible Title without changing stored authority
    # Subtest: capture the installed menu identity
    ok 1 - capture the installed menu identity
      ---
      duration_ms: 333.197375
      ...
    # Subtest: reject stale context at the real receiving host
    ok 2 - reject stale context at the real receiving host
      ---
      duration_ms: 385.46925
      ...
    1..2
ok 258 - return with incompatible selection falls back to visible Title without changing stored authority
  ---
  duration_ms: 718.907
  ...
# Subtest: checked save quota failure never claims durable storage or navigates silently
ok 259 - checked save quota failure never claims durable storage or navigates silently
  ---
  duration_ms: 1479.258167
  ...
# Subtest: checked save readback failure never claims durable storage or navigates silently
ok 260 - checked save readback failure never claims durable storage or navigates silently
  ---
  duration_ms: 1478.221167
  ...
# Subtest: a newer slot after helper readback cannot become this departure’s saved authority
ok 261 - a newer slot after helper readback cannot become this departure’s saved authority
  ---
  duration_ms: 1487.440208
  ...
# Subtest: pending theme preparation cannot depart with a stale visible selection
ok 262 - pending theme preparation cannot depart with a stale visible selection
  ---
  duration_ms: 442.25775
  ...
# Subtest: versus: blur retires a pending save decision before late locks can write or navigate
ok 263 - versus: blur retires a pending save decision before late locks can write or navigate
  ---
  duration_ms: 1559.611041
  ...
# Subtest: versus: hidden retires a pending save decision before late locks can write or navigate
ok 264 - versus: hidden retires a pending save decision before late locks can write or navigate
  ---
  duration_ms: 1486.621708
  ...
# Subtest: versus: pagehide retires a pending save decision before late locks can write or navigate
ok 265 - versus: pagehide retires a pending save decision before late locks can write or navigate
  ---
  duration_ms: 1610.425
  ...
# Subtest: versus: foreground lost during hint write cannot navigate or leave a reusable owned hint
ok 266 - versus: foreground lost during hint write cannot navigate or leave a reusable owned hint
  ---
  duration_ms: 384.802291
  ...
# Subtest: versus: Stay returns to the actual initiating link and other mode cannot steal its pending decision
ok 267 - versus: Stay returns to the actual initiating link and other mode cannot steal its pending decision
  ---
  duration_ms: 1560.8905
  ...
# Subtest: versus: modified gestures remain native and do not write or pause the existing flight
ok 268 - versus: modified gestures remain native and do not write or pause the existing flight
  ---
  duration_ms: 1437.312125
  ...
# Subtest: versus: rejected native dialog opening releases its owner and keeps the flight paused
ok 269 - versus: rejected native dialog opening releases its owner and keeps the flight paused
  ---
  duration_ms: 1564.809708
  ...
# Subtest: Solo pageshow synchronously repairs stale form values even when saved preferences are unchanged
ok 270 - Solo pageshow synchronously repairs stale form values even when saved preferences are unchanged
  ---
  duration_ms: 718.297375
  ...
# Subtest: Solo the deferred pageshow task repairs form values restored after the event without writes
ok 271 - Solo the deferred pageshow task repairs form values restored after the event without writes
  ---
  duration_ms: 599.650792
  ...
# Subtest: Solo a newer explicit setting before deferred restoration keeps its current authority
ok 272 - Solo a newer explicit setting before deferred restoration keeps its current authority
  ---
  duration_ms: 676.991958
  ...
# Subtest: Solo terminal pagehide prevents a queued restoration or late pageshow from repainting
ok 273 - Solo terminal pagehide prevents a queued restoration or late pageshow from repainting
  ---
  duration_ms: 624.761667
  ...
# Subtest: Versus pageshow synchronously repairs stale form values even when saved preferences are unchanged
ok 274 - Versus pageshow synchronously repairs stale form values even when saved preferences are unchanged
  ---
  duration_ms: 1609.705958
  ...
# Subtest: Versus the deferred pageshow task repairs form values restored after the event without writes
ok 275 - Versus the deferred pageshow task repairs form values restored after the event without writes
  ---
  duration_ms: 1553.264459
  ...
# Subtest: Versus a newer explicit setting before deferred restoration keeps its current authority
ok 276 - Versus a newer explicit setting before deferred restoration keeps its current authority
  ---
  duration_ms: 1588.1255
  ...
# Subtest: Versus terminal pagehide prevents a queued restoration or late pageshow from repainting
ok 277 - Versus terminal pagehide prevents a queued restoration or late pageshow from repainting
  ---
  duration_ms: 1501.512958
  ...
# Subtest: Team pageshow synchronously repairs stale form values even when saved preferences are unchanged
ok 278 - Team pageshow synchronously repairs stale form values even when saved preferences are unchanged
  ---
  duration_ms: 137.539667
  ...
# Subtest: Team the deferred pageshow task repairs form values restored after the event without writes
ok 279 - Team the deferred pageshow task repairs form values restored after the event without writes
  ---
  duration_ms: 124.378083
  ...
# Subtest: Team a newer explicit setting before deferred restoration keeps its current authority
ok 280 - Team a newer explicit setting before deferred restoration keeps its current authority
  ---
  duration_ms: 118.508542
  ...
# Subtest: Team terminal pagehide prevents a queued restoration or late pageshow from repainting
ok 281 - Team terminal pagehide prevents a queued restoration or late pageshow from repainting
  ---
  duration_ms: 89.843459
  ...
# Subtest: Versus Game data reveals its final hint layout after entry
ok 282 - Versus Game data reveals its final hint layout after entry
  ---
  duration_ms: 2169.526
  ...
# Subtest: Versus Back during the final reading hint cannot reveal or refocus the retired reader
ok 283 - Versus Back during the final reading hint cannot reveal or refocus the retired reader
  ---
  duration_ms: 1708.671166
  ...
# Subtest: Versus disposal during the final reading hint cannot reveal or refocus the retired reader
ok 284 - Versus disposal during the final reading hint cannot reveal or refocus the retired reader
  ---
  duration_ms: 1569.480916
  ...
# Subtest: Versus Game data is keyboard reachable and PageDown/Home/End read complete copy before Back
ok 285 - Versus Game data is keyboard reachable and PageDown/Home/End read complete copy before Back
  ---
  duration_ms: 1783.11675
  ...
# Subtest: Versus controller enters Game data, scrolls and exits without resuming
ok 286 - Versus controller enters Game data, scrolls and exits without resuming
  ---
  duration_ms: 1865.910667
  ...
# Subtest: Versus category changes and Settings Back retire the reader and its Done action
ok 287 - Versus category changes and Settings Back retire the reader and its Done action
  ---
  duration_ms: 1710.556208
  ...
# Subtest: Versus touch scrolling and Done keep the complete copy and paused attempt
ok 288 - Versus touch scrolling and Done keep the complete copy and paused attempt
  ---
  duration_ms: 1740.3615
  ...
# Subtest: Team Game data reveals its final hint layout after entry
ok 289 - Team Game data reveals its final hint layout after entry
  ---
  duration_ms: 380.358625
  ...
# Subtest: Team Back during the final reading hint cannot reveal or refocus the retired reader
ok 290 - Team Back during the final reading hint cannot reveal or refocus the retired reader
  ---
  duration_ms: 282.489
  ...
# Subtest: Team disposal during the final reading hint cannot reveal or refocus the retired reader
ok 291 - Team disposal during the final reading hint cannot reveal or refocus the retired reader
  ---
  duration_ms: 162.64825
  ...
# Subtest: Team Game data is keyboard reachable and PageDown/Home/End read complete copy before Back
ok 292 - Team Game data is keyboard reachable and PageDown/Home/End read complete copy before Back
  ---
  duration_ms: 273.594042
  ...
# Subtest: Team controller enters Game data, scrolls and exits without resuming
ok 293 - Team controller enters Game data, scrolls and exits without resuming
  ---
  duration_ms: 414.865583
  ...
# Subtest: Team category changes and Settings Back retire the reader and its Done action
ok 294 - Team category changes and Settings Back retire the reader and its Done action
  ---
  duration_ms: 279.962833
  ...
# Subtest: Team touch scrolling and Done keep the complete copy and paused attempt
ok 295 - Team touch scrolling and Done keep the complete copy and paused attempt
  ---
  duration_ms: 281.659292
  ...
# Subtest: Versus Settings uses native categories, consumes tab keys once and returns to its opener
ok 296 - Versus Settings uses native categories, consumes tab keys once and returns to its opener
  ---
  duration_ms: 1578.546125
  ...
# Subtest: paused Versus keeps both runs and requires explicit Resume after appearance changes
ok 297 - paused Versus keeps both runs and requires explicit Resume after appearance changes
  ---
  duration_ms: 1620.664667
  ...
# Subtest: Versus quick sound shares the Settings master without starting or replacing a match
ok 298 - Versus quick sound shares the Settings master without starting or replacing a match
  ---
  duration_ms: 1435.4115
  ...
# Subtest: modeled controller selects Settings categories and Back preserves its Ready match
ok 299 - modeled controller selects Settings categories and Back preserves its Ready match
  ---
  duration_ms: 1511.216958
  ...
# Subtest: solo matching classes uses seven current starter bodies while manual old/new choices remain deliberate
ok 300 - solo matching classes uses seven current starter bodies while manual old/new choices remain deliberate
  ---
  duration_ms: 1129.408416
  ...
# Subtest: explicit new saved appearance and suspended checkpoint survive normal host reload and Load
    # Subtest: save an unfinished flight using the selected new body
    ok 1 - save an unfinished flight using the selected new body
      ---
      duration_ms: 572.222958
      ...
    # Subtest: reload keeps that body and loads the exact saved checkpoint while paused
    ok 2 - reload keeps that body and loads the exact saved checkpoint while paused
      ---
      duration_ms: 461.195625
      ...
    1..2
ok 301 - explicit new saved appearance and suspended checkpoint survive normal host reload and Load
  ---
  duration_ms: 1034.500458
  ...
# Subtest: custom Ukraine class mapping and unknown explicit appearance keep existing host fallbacks
    # Subtest: one authored class change disables the entire current recommendation guard
    ok 1 - one authored class change disables the entire current recommendation guard
      ---
      duration_ms: 342.935958
      ...
    # Subtest: a future body ID remains readable as data and displays the existing neutral fallback
    ok 2 - a future body ID remains readable as data and displays the existing neutral fallback
      ---
      duration_ms: 243.350167
      ...
    # Subtest: an unearned registered appearance keeps the default without rewriting its stored ID
    ok 3 - an unearned registered appearance keeps the default without rewriting its stored ID
      ---
      duration_ms: 241.398
      ...
    1..3
ok 302 - custom Ukraine class mapping and unknown explicit appearance keep existing host fallbacks
  ---
  duration_ms: 828.246083
  ...
# Subtest: actual Couch recommendation switches both independent painters without touching match physics or profile
ok 303 - actual Couch recommendation switches both independent painters without touching match physics or profile
  ---
  duration_ms: 1633.393583
  ...
1..303
# tests 352
# suites 0
# pass 352
# fail 0
# cancelled 0
# skipped 0
# todo 0
# duration_ms 271947.772292
