{
  "status": "PASS",
  "base": "https://mekhovov.github.io/revealline/",
  "currentVersion": "v0.60.2",
  "gameSourceRevision": "ece40093940aabdc3b3659a07394b856f33ad4a1",
  "qualifiedSourceTree": "32b36e6e8fc605911b2cb98cd8f67c97b8f4e214",
  "controllerCommit": "082ef33adbb97f3b508a6ec4359294e7ae5e2663",
  "controllerTree": "e097715ace048c90f1d139df50874a8820502830",
  "deploymentId": 6501572504,
  "runId": 35215437655,
  "bindingSha256": "b91479376a207dad90638793eb916536d8622ed7e7011cafd7210efeee40ec24",
  "artifactReceiptSha256": "e5086c4bdb6ee749415111e971a319a010d5164db6163d73120ccc2446c16825",
  "expectedInventorySha256": "703394ebd17f84adcb9c0265362beaa8fa5b901eb1e8e7028f94b2e0fefbaa9c",
  "configurationSha256": "e278846e2d7ceb15239c793e4309f56bff4ec6fbb2cebfe856934fd6087a8dcf",
  "catalogSha256": "410638862e82688c335b4c658d70eee1abf45f150ea2cb6832fe09d6f2f0594d",
  "visibleFrozenVersions": [
    "v0.1.0",
    "v0.1.1",
    "v0.1.2",
    "v0.10.0",
    "v0.11.0",
    "v0.12.0",
    "v0.13.0",
    "v0.14.0",
    "v0.15.0",
    "v0.16.0",
    "v0.17.0",
    "v0.17.1",
    "v0.18.0",
    "v0.19.0",
    "v0.2.0",
    "v0.2.1",
    "v0.20.0",
    "v0.21.0",
    "v0.22.0",
    "v0.23.0",
    "v0.24.0",
    "v0.25.0",
    "v0.26.0",
    "v0.27.0",
    "v0.28.0",
    "v0.29.0",
    "v0.29.1",
    "v0.29.2",
    "v0.3.0",
    "v0.30.0",
    "v0.31.0",
    "v0.32.0",
    "v0.33.0",
    "v0.34.0",
    "v0.35.0",
    "v0.36.0",
    "v0.37.0",
    "v0.38.0",
    "v0.39.0",
    "v0.4.0",
    "v0.4.1",
    "v0.40.0",
    "v0.41.0",
    "v0.42.0",
    "v0.44.0",
    "v0.45.0",
    "v0.46.0",
    "v0.47.0",
    "v0.48.0",
    "v0.49.0",
    "v0.5.0",
    "v0.50.0",
    "v0.51.0",
    "v0.52.0",
    "v0.54.0",
    "v0.55.0",
    "v0.56.0",
    "v0.57.0",
    "v0.57.1",
    "v0.57.2",
    "v0.57.3",
    "v0.57.4",
    "v0.58.0",
    "v0.58.1",
    "v0.59.0",
    "v0.59.1",
    "v0.6.0",
    "v0.60.0",
    "v0.60.1",
    "v0.60.2",
    "v0.7.0",
    "v0.8.0",
    "v0.9.0"
  ],
  "comparisonOnlyVersions": [],
  "startedAt": "2026-09-17T11:28:48.243Z",
  "finishedAt": "2026-09-17T11:30:34.803Z",
  "mode": "full",
  "fullInventoryFiles": 2705,
  "files": 2705,
  "completedFiles": 2705,
  "expectedBytes": 639168008,
  "verifiedBytes": 639168008,
  "failedFiles": 0,
  "retries": 0,
  "skipped": [],
  "uninspectedFiles": 0,
  "allArtifactBodiesVerified": true,
  "criticalBrowserSmokeMayStart": false,
  "concurrency": 8,
  "requestTimeoutMs": 300000,
  "attemptsPerBody": 3,
  "sourcePinsUnchanged": true,
  "changedAuthorities": [],
  "failures": [],
  "runnerPins": [
    {
      "file": "/Users/oleksandr.mekhovov/work/my_projects/go_test/.cache/p05-practice-public-audit-ece40093/tools/audit-main.mjs",
      "sha256": "bfffdfb96de2e9297038b1deef8094bbde47806c7b556ffd8d083035174b7400"
    },
    {
      "file": "/Users/oleksandr.mekhovov/work/my_projects/go_test/.cache/p05-practice-public-audit-ece40093/tools/http-engine.mjs",
      "sha256": "7660dd3ac7453bc31f6ba26e005340dd719986ac7fc1a29bd42b30db71b81c6d"
    },
    {
      "file": "/Users/oleksandr.mekhovov/work/my_projects/go_test/.cache/p05-practice-public-audit-ece40093/tools/retained-catalog.json",
      "sha256": "bc5fa53e9b5911f9725bdeface4a02bc3371b189cdcf5607bb203cadcd19c804"
    }
  ],
  "rootGraphAndAliasesAndWorkersIncluded": true,
  "retainedHistoricalBridgesIncluded": true,
  "publicBrowserAcceptance": false,
  "boundaries": "Decoded HTTP bodies and required MIME only. Critical mode is partial; even a full pass does not prove browser play, offline, storage, migration or physical-device behavior. Pinned deployment snapshots are historical evidence, not a live API polling claim."
}
