{
  "status": "PREPARED_AUTHORITY_ONLY",
  "base": "https://mekhovov.github.io/revealline/",
  "currentVersion": "v0.60.2",
  "gameSourceRevision": "ece40093940aabdc3b3659a07394b856f33ad4a1",
  "qualifiedSourceTree": "32b36e6e8fc605911b2cb98cd8f67c97b8f4e214",
  "controllerCommit": "082ef33adbb97f3b508a6ec4359294e7ae5e2663",
  "controllerTree": "e097715ace048c90f1d139df50874a8820502830",
  "deploymentId": 6501572504,
  "runId": 35215437655,
  "bindingSha256": "b91479376a207dad90638793eb916536d8622ed7e7011cafd7210efeee40ec24",
  "artifactReceiptSha256": "e5086c4bdb6ee749415111e971a319a010d5164db6163d73120ccc2446c16825",
  "expectedInventorySha256": "703394ebd17f84adcb9c0265362beaa8fa5b901eb1e8e7028f94b2e0fefbaa9c",
  "configurationSha256": "e278846e2d7ceb15239c793e4309f56bff4ec6fbb2cebfe856934fd6087a8dcf",
  "catalogSha256": "410638862e82688c335b4c658d70eee1abf45f150ea2cb6832fe09d6f2f0594d",
  "visibleFrozenVersions": [
    "v0.1.0",
    "v0.1.1",
    "v0.1.2",
    "v0.10.0",
    "v0.11.0",
    "v0.12.0",
    "v0.13.0",
    "v0.14.0",
    "v0.15.0",
    "v0.16.0",
    "v0.17.0",
    "v0.17.1",
    "v0.18.0",
    "v0.19.0",
    "v0.2.0",
    "v0.2.1",
    "v0.20.0",
    "v0.21.0",
    "v0.22.0",
    "v0.23.0",
    "v0.24.0",
    "v0.25.0",
    "v0.26.0",
    "v0.27.0",
    "v0.28.0",
    "v0.29.0",
    "v0.29.1",
    "v0.29.2",
    "v0.3.0",
    "v0.30.0",
    "v0.31.0",
    "v0.32.0",
    "v0.33.0",
    "v0.34.0",
    "v0.35.0",
    "v0.36.0",
    "v0.37.0",
    "v0.38.0",
    "v0.39.0",
    "v0.4.0",
    "v0.4.1",
    "v0.40.0",
    "v0.41.0",
    "v0.42.0",
    "v0.44.0",
    "v0.45.0",
    "v0.46.0",
    "v0.47.0",
    "v0.48.0",
    "v0.49.0",
    "v0.5.0",
    "v0.50.0",
    "v0.51.0",
    "v0.52.0",
    "v0.54.0",
    "v0.55.0",
    "v0.56.0",
    "v0.57.0",
    "v0.57.1",
    "v0.57.2",
    "v0.57.3",
    "v0.57.4",
    "v0.58.0",
    "v0.58.1",
    "v0.59.0",
    "v0.59.1",
    "v0.6.0",
    "v0.60.0",
    "v0.60.1",
    "v0.60.2",
    "v0.7.0",
    "v0.8.0",
    "v0.9.0"
  ],
  "comparisonOnlyVersions": [],
  "files": 2705,
  "expectedBytes": 639168008,
  "hiddenFiles": [
    ".nojekyll",
    ".xonix-build.json",
    "releases/v0.60.2/site/.xonix-build.json"
  ],
  "networkRequests": 0,
  "outputWrites": 0,
  "publicAcceptance": false
}
