TAP version 13
# Subtest: About exposes history while pending and only changes explicit links: https://example.test/revealline/site/about.html\#versions
ok 1 - About exposes history while pending and only changes explicit links: https://example.test/revealline/site/about.html\#versions
  ---
  duration_ms: 37.367375
  ...
# Subtest: About exposes history while pending and only changes explicit links: https://example.test/revealline/releases/v0.60.8/site/site/about.html\#versions
ok 2 - About exposes history while pending and only changes explicit links: https://example.test/revealline/releases/v0.60.8/site/site/about.html\#versions
  ---
  duration_ms: 10.979833
  ...
# Subtest: About exposes history while pending and only changes explicit links: https://example.test/preview/releases/v0.60.8/site/site/about.html
ok 3 - About exposes history while pending and only changes explicit links: https://example.test/preview/releases/v0.60.8/site/site/about.html
  ---
  duration_ms: 9.172625
  ...
# Subtest: About retains current play and shared history when the archive request fails
ok 4 - About retains current play and shared history when the archive request fails
  ---
  duration_ms: 8.363167
  ...
# Subtest: release explorer resolves to the shared catalog from source and frozen game URLs
ok 5 - release explorer resolves to the shared catalog from source and frozen game URLs
  ---
  duration_ms: 0.66225
  ...
# Subtest: About accepts actual local and canonical archived play records without double-prefixing
ok 6 - About accepts actual local and canonical archived play records without double-prefixing
  ---
  duration_ms: 14.136708
  ...
# Subtest: archive links reject script schemes, credentials, traversal and non-game destinations
ok 7 - archive links reject script schemes, credentials, traversal and non-game destinations
  ---
  duration_ms: 0.204
  ...
# Subtest: About history resolves the shared catalog from source and frozen sibling game routes
ok 8 - About history resolves the shared catalog from source and frozen sibling game routes
  ---
  duration_ms: 0.093375
  ...
# Subtest: About rebases only validated local archive records against the fetched catalog URL
ok 9 - About rebases only validated local archive records against the fetched catalog URL
  ---
  duration_ms: 0.117916
  ...
1..9
# tests 9
# suites 0
# pass 9
# fail 0
# cancelled 0
# skipped 0
# todo 0
# duration_ms 106.514542
