TAP version 13
# Subtest: Mission setup keeps the original craft status in its modal and restores it after closing
ok 1 - Mission setup keeps the original craft status in its modal and restores it after closing # SKIP test name does not match pattern
  ---
  duration_ms: 0.574417
  ...
# Subtest: direct briefing and disposal retain one craft presenter outside hidden mission content
ok 2 - direct briefing and disposal retain one craft presenter outside hidden mission content # SKIP test name does not match pattern
  ---
  duration_ms: 1.113167
  ...
# Subtest: title keeps five game destinations and quick sound; About lives in Workshop and Back preserves an unstarted flight
not ok 3 - title keeps five game destinations and quick sound; About lives in Workshop and Back preserves an unstarted flight
  ---
  duration_ms: 75.470709
  location: '/Users/oleksandr.mekhovov/work/my_projects/go_test/.cache/worktrees/p03-release-history-about/game/test/field-kit-flow.test.mjs:67:1'
  failureType: 'testCodeFailure'
  error: |-
    The game could not load.: ENOENT: no such file or directory, open '/Users/oleksandr.mekhovov/work/my_projects/go_test/.cache/worktrees/p03-release-history-about/game/content/packs/archive-catalog.json'
    Error: ENOENT: no such file or directory, open '/Users/oleksandr.mekhovov/work/my_projects/go_test/.cache/worktrees/p03-release-history-about/game/content/packs/archive-catalog.json'
        at async open (node:internal/fs/promises:639:25)
        at async readFile (node:internal/fs/promises:1246:14)
        at async Object.json (file:///Users/oleksandr.mekhovov/work/my_projects/go_test/.cache/worktrees/p03-release-history-about/game/test/helpers/solo-dom.mjs:284:26)
        at async Promise.all (index 5)
        at async file:///Users/oleksandr.mekhovov/work/my_projects/go_test/.cache/worktrees/p03-release-history-about/game/app.mjs?difficultyHost=1:198:5
  code: 'ERR_ASSERTION'
  name: 'AssertionError'
  expected: true
  operator: '=='
  stack: |-
    async open (node:internal/fs/promises:639:25)
    async readFile (node:internal/fs/promises:1246:14)
    async Object.json (file:///Users/oleksandr.mekhovov/work/my_projects/go_test/.cache/worktrees/p03-release-history-about/game/test/helpers/solo-dom.mjs:284:26)
    async Promise.all (index 5)
    async file:///Users/oleksandr.mekhovov/work/my_projects/go_test/.cache/worktrees/p03-release-history-about/game/app.mjs?difficultyHost=1:198:5
    soloPage (file:///Users/oleksandr.mekhovov/work/my_projects/go_test/.cache/worktrees/p03-release-history-about/game/test/helpers/solo-dom.mjs:402:10)
    async TestContext.<anonymous> (file:///Users/oleksandr.mekhovov/work/my_projects/go_test/.cache/worktrees/p03-release-history-about/game/test/field-kit-flow.test.mjs:68:16)
    async Test.run (node:internal/test_runner/test:797:9)
    async Test.processPendingSubtests (node:internal/test_runner/test:526:7)
  ...
# Subtest: mission gallery pages reuse locks; concealed pictures have no original and selection does not launch
ok 4 - mission gallery pages reuse locks; concealed pictures have no original and selection does not launch # SKIP test name does not match pattern
  ---
  duration_ms: 0.373542
  ...
# Subtest: Deploy uses the existing start guard and Continue replaces Deploy after a paused flight
ok 5 - Deploy uses the existing start guard and Continue replaces Deploy after a paused flight # SKIP test name does not match pattern
  ---
  duration_ms: 0.044917
  ...
# Subtest: an accepted world change rebuilds mission thumbnails without starting the existing flight
ok 6 - an accepted world change rebuilds mission thumbnails without starting the existing flight # SKIP test name does not match pattern
  ---
  duration_ms: 0.12975
  ...
# Subtest: Missions button returns to home without resuming or changing a saved cut
ok 7 - Missions button returns to home without resuming or changing a saved cut # SKIP test name does not match pattern
  ---
  duration_ms: 0.038
  ...
# Subtest: Missions escape returns to home without resuming or changing a saved cut
ok 8 - Missions escape returns to home without resuming or changing a saved cut # SKIP test name does not match pattern
  ---
  duration_ms: 0.089209
  ...
# Subtest: Missions controller returns to home without resuming or changing a saved cut
ok 9 - Missions controller returns to home without resuming or changing a saved cut # SKIP test name does not match pattern
  ---
  duration_ms: 0.128833
  ...
# Subtest: Missions button returns to flight without resuming or changing a saved cut
ok 10 - Missions button returns to flight without resuming or changing a saved cut # SKIP test name does not match pattern
  ---
  duration_ms: 0.053875
  ...
# Subtest: Missions escape returns to flight without resuming or changing a saved cut
ok 11 - Missions escape returns to flight without resuming or changing a saved cut # SKIP test name does not match pattern
  ---
  duration_ms: 0.032833
  ...
# Subtest: Missions controller returns to flight without resuming or changing a saved cut
ok 12 - Missions controller returns to flight without resuming or changing a saved cut # SKIP test name does not match pattern
  ---
  duration_ms: 0.082292
  ...
# Subtest: Missions button returns to brief without resuming or changing a saved cut
ok 13 - Missions button returns to brief without resuming or changing a saved cut # SKIP test name does not match pattern
  ---
  duration_ms: 0.09075
  ...
# Subtest: Missions escape returns to brief without resuming or changing a saved cut
ok 14 - Missions escape returns to brief without resuming or changing a saved cut # SKIP test name does not match pattern
  ---
  duration_ms: 0.037791
  ...
# Subtest: Missions controller returns to brief without resuming or changing a saved cut
ok 15 - Missions controller returns to brief without resuming or changing a saved cut # SKIP test name does not match pattern
  ---
  duration_ms: 0.083042
  ...
# Subtest: Back to flight remains an intentional exit from title Missions
ok 16 - Back to flight remains an intentional exit from title Missions # SKIP test name does not match pattern
  ---
  duration_ms: 0.033708
  ...
# Subtest: controller Back retains a cancellation warning when a transaction keeps its dialog open
ok 17 - controller Back retains a cancellation warning when a transaction keeps its dialog open # SKIP test name does not match pattern
  ---
  duration_ms: 0.120959
  ...
1..17
# tests 17
# suites 0
# pass 0
# fail 1
# cancelled 0
# skipped 16
# todo 0
# duration_ms 204.405959
