TAP version 13
# Subtest: Mission setup keeps the original craft status in its modal and restores it after closing
ok 1 - Mission setup keeps the original craft status in its modal and restores it after closing # SKIP test name does not match pattern
  ---
  duration_ms: 0.592541
  ...
# Subtest: direct briefing and disposal retain one craft presenter outside hidden mission content
ok 2 - direct briefing and disposal retain one craft presenter outside hidden mission content # SKIP test name does not match pattern
  ---
  duration_ms: 0.047208
  ...
# Subtest: title keeps five game destinations and quick sound; About lives in Workshop and Back preserves an unstarted flight
not ok 3 - title keeps five game destinations and quick sound; About lives in Workshop and Back preserves an unstarted flight
  ---
  duration_ms: 56.655917
  location: '/Users/oleksandr.mekhovov/work/my_projects/go_test/.cache/worktrees/p03-release-history-about/game/test/field-kit-flow.test.mjs:67:1'
  failureType: 'testCodeFailure'
  error: |-
    The game could not load.: ENOENT: no such file or directory, open '/Users/oleksandr.mekhovov/work/my_projects/go_test/.cache/worktrees/p03-release-history-about/authoring/motion-lab/presets.json'
    Error: ENOENT: no such file or directory, open '/Users/oleksandr.mekhovov/work/my_projects/go_test/.cache/worktrees/p03-release-history-about/authoring/motion-lab/presets.json'
        at async open (node:internal/fs/promises:639:25)
        at async readFile (node:internal/fs/promises:1246:14)
        at async Object.json (file:///Users/oleksandr.mekhovov/work/my_projects/go_test/.cache/worktrees/p03-release-history-about/game/test/helpers/solo-dom.mjs:284:26)
        at async Promise.all (index 2)
        at async file:///Users/oleksandr.mekhovov/work/my_projects/go_test/.cache/worktrees/p03-release-history-about/game/app.mjs?difficultyHost=1:198:5
  code: 'ERR_ASSERTION'
  name: 'AssertionError'
  expected: true
  operator: '=='
  stack: |-
    async open (node:internal/fs/promises:639:25)
    async readFile (node:internal/fs/promises:1246:14)
    async Object.json (file:///Users/oleksandr.mekhovov/work/my_projects/go_test/.cache/worktrees/p03-release-history-about/game/test/helpers/solo-dom.mjs:284:26)
    async Promise.all (index 2)
    async file:///Users/oleksandr.mekhovov/work/my_projects/go_test/.cache/worktrees/p03-release-history-about/game/app.mjs?difficultyHost=1:198:5
    soloPage (file:///Users/oleksandr.mekhovov/work/my_projects/go_test/.cache/worktrees/p03-release-history-about/game/test/helpers/solo-dom.mjs:402:10)
    async TestContext.<anonymous> (file:///Users/oleksandr.mekhovov/work/my_projects/go_test/.cache/worktrees/p03-release-history-about/game/test/field-kit-flow.test.mjs:68:16)
    async Test.run (node:internal/test_runner/test:797:9)
    async Test.processPendingSubtests (node:internal/test_runner/test:526:7)
  ...
# Subtest: mission gallery pages reuse locks; concealed pictures have no original and selection does not launch
ok 4 - mission gallery pages reuse locks; concealed pictures have no original and selection does not launch # SKIP test name does not match pattern
  ---
  duration_ms: 0.407334
  ...
# Subtest: Deploy uses the existing start guard and Continue replaces Deploy after a paused flight
ok 5 - Deploy uses the existing start guard and Continue replaces Deploy after a paused flight # SKIP test name does not match pattern
  ---
  duration_ms: 0.071541
  ...
# Subtest: an accepted world change rebuilds mission thumbnails without starting the existing flight
ok 6 - an accepted world change rebuilds mission thumbnails without starting the existing flight # SKIP test name does not match pattern
  ---
  duration_ms: 0.203291
  ...
# Subtest: Missions button returns to home without resuming or changing a saved cut
ok 7 - Missions button returns to home without resuming or changing a saved cut # SKIP test name does not match pattern
  ---
  duration_ms: 0.044041
  ...
# Subtest: Missions escape returns to home without resuming or changing a saved cut
ok 8 - Missions escape returns to home without resuming or changing a saved cut # SKIP test name does not match pattern
  ---
  duration_ms: 0.094208
  ...
# Subtest: Missions controller returns to home without resuming or changing a saved cut
ok 9 - Missions controller returns to home without resuming or changing a saved cut # SKIP test name does not match pattern
  ---
  duration_ms: 0.121292
  ...
# Subtest: Missions button returns to flight without resuming or changing a saved cut
ok 10 - Missions button returns to flight without resuming or changing a saved cut # SKIP test name does not match pattern
  ---
  duration_ms: 0.051458
  ...
# Subtest: Missions escape returns to flight without resuming or changing a saved cut
ok 11 - Missions escape returns to flight without resuming or changing a saved cut # SKIP test name does not match pattern
  ---
  duration_ms: 0.049334
  ...
# Subtest: Missions controller returns to flight without resuming or changing a saved cut
ok 12 - Missions controller returns to flight without resuming or changing a saved cut # SKIP test name does not match pattern
  ---
  duration_ms: 0.083541
  ...
# Subtest: Missions button returns to brief without resuming or changing a saved cut
ok 13 - Missions button returns to brief without resuming or changing a saved cut # SKIP test name does not match pattern
  ---
  duration_ms: 0.068666
  ...
# Subtest: Missions escape returns to brief without resuming or changing a saved cut
ok 14 - Missions escape returns to brief without resuming or changing a saved cut # SKIP test name does not match pattern
  ---
  duration_ms: 0.032334
  ...
# Subtest: Missions controller returns to brief without resuming or changing a saved cut
ok 15 - Missions controller returns to brief without resuming or changing a saved cut # SKIP test name does not match pattern
  ---
  duration_ms: 0.081209
  ...
# Subtest: Back to flight remains an intentional exit from title Missions
ok 16 - Back to flight remains an intentional exit from title Missions # SKIP test name does not match pattern
  ---
  duration_ms: 0.031792
  ...
# Subtest: controller Back retains a cancellation warning when a transaction keeps its dialog open
ok 17 - controller Back retains a cancellation warning when a transaction keeps its dialog open # SKIP test name does not match pattern
  ---
  duration_ms: 0.110291
  ...
# Subtest: About exposes history while pending and only changes explicit links: https://example.test/revealline/site/about.html\#versions
not ok 18 - About exposes history while pending and only changes explicit links: https://example.test/revealline/site/about.html\#versions
  ---
  duration_ms: 17.066875
  location: '/Users/oleksandr.mekhovov/work/my_projects/go_test/.cache/worktrees/p03-release-history-about/game/test/landing-release-history-host.test.mjs:143:3'
  failureType: 'testCodeFailure'
  error: |-
    Archive link waits for its real URL, not a placeholder.
    + actual - expected
    
    + undefined
    - true
  code: 'ERR_ASSERTION'
  name: 'AssertionError'
  expected: true
  operator: 'strictEqual'
  stack: |-
    TestContext.<anonymous> (file:///Users/oleksandr.mekhovov/work/my_projects/go_test/.cache/worktrees/p03-release-history-about/game/test/landing-release-history-host.test.mjs:145:12)
    async Test.run (node:internal/test_runner/test:797:9)
    async Test.processPendingSubtests (node:internal/test_runner/test:526:7)
  ...
# Subtest: About exposes history while pending and only changes explicit links: https://example.test/revealline/releases/v0.60.8/site/site/about.html\#versions
not ok 19 - About exposes history while pending and only changes explicit links: https://example.test/revealline/releases/v0.60.8/site/site/about.html\#versions
  ---
  duration_ms: 4.011958
  location: '/Users/oleksandr.mekhovov/work/my_projects/go_test/.cache/worktrees/p03-release-history-about/game/test/landing-release-history-host.test.mjs:143:3'
  failureType: 'testCodeFailure'
  error: |-
    Archive link waits for its real URL, not a placeholder.
    + actual - expected
    
    + undefined
    - true
  code: 'ERR_ASSERTION'
  name: 'AssertionError'
  expected: true
  operator: 'strictEqual'
  stack: |-
    TestContext.<anonymous> (file:///Users/oleksandr.mekhovov/work/my_projects/go_test/.cache/worktrees/p03-release-history-about/game/test/landing-release-history-host.test.mjs:145:12)
    async Test.run (node:internal/test_runner/test:797:9)
    async Test.processPendingSubtests (node:internal/test_runner/test:526:7)
  ...
# Subtest: About exposes history while pending and only changes explicit links: https://example.test/preview/releases/v0.60.8/site/site/about.html
not ok 20 - About exposes history while pending and only changes explicit links: https://example.test/preview/releases/v0.60.8/site/site/about.html
  ---
  duration_ms: 1.891667
  location: '/Users/oleksandr.mekhovov/work/my_projects/go_test/.cache/worktrees/p03-release-history-about/game/test/landing-release-history-host.test.mjs:143:3'
  failureType: 'testCodeFailure'
  error: |-
    Archive link waits for its real URL, not a placeholder.
    + actual - expected
    
    + undefined
    - true
  code: 'ERR_ASSERTION'
  name: 'AssertionError'
  expected: true
  operator: 'strictEqual'
  stack: |-
    TestContext.<anonymous> (file:///Users/oleksandr.mekhovov/work/my_projects/go_test/.cache/worktrees/p03-release-history-about/game/test/landing-release-history-host.test.mjs:145:12)
    async Test.run (node:internal/test_runner/test:797:9)
    async Test.processPendingSubtests (node:internal/test_runner/test:526:7)
  ...
# Subtest: About retains current play and shared history when the archive request fails
not ok 21 - About retains current play and shared history when the archive request fails
  ---
  duration_ms: 13.890916
  location: '/Users/oleksandr.mekhovov/work/my_projects/go_test/.cache/worktrees/p03-release-history-about/game/test/landing-release-history-host.test.mjs:188:1'
  failureType: 'testCodeFailure'
  error: 'About owns the release-history route.'
  code: 'ERR_ASSERTION'
  name: 'AssertionError'
  expected: true
  actual: ~
  operator: '=='
  stack: |-
    TestContext.<anonymous> (file:///Users/oleksandr.mekhovov/work/my_projects/go_test/.cache/worktrees/p03-release-history-about/game/test/landing-release-history-host.test.mjs:192:10)
    async Test.run (node:internal/test_runner/test:797:9)
    async Test.processPendingSubtests (node:internal/test_runner/test:526:7)
  ...
# file:///Users/oleksandr.mekhovov/work/my_projects/go_test/.cache/worktrees/p03-release-history-about/game/test/site-release-links.test.mjs:6
#   archivedPlayHrefFromCatalog,
#   ^^^^^^^^^^^^^^^^^^^^^^^^^^^
# SyntaxError: The requested module '../../site/release-links.mjs' does not provide an export named 'archivedPlayHrefFromCatalog'
#     at ModuleJob._instantiate (node:internal/modules/esm/module_job:213:21)
#     at async ModuleJob.run (node:internal/modules/esm/module_job:320:5)
#     at async ModuleLoader.import (node:internal/modules/esm/loader:606:24)
#     at async asyncRunEntryPointWithESMLoader (node:internal/modules/run_main:117:5)
# Node.js v20.19.5
# Subtest: /Users/oleksandr.mekhovov/work/my_projects/go_test/.cache/worktrees/p03-release-history-about/game/test/site-release-links.test.mjs
not ok 3 - /Users/oleksandr.mekhovov/work/my_projects/go_test/.cache/worktrees/p03-release-history-about/game/test/site-release-links.test.mjs
  ---
  duration_ms: 39.347625
  location: '/Users/oleksandr.mekhovov/work/my_projects/go_test/.cache/worktrees/p03-release-history-about/game/test/site-release-links.test.mjs:1:1'
  failureType: 'testCodeFailure'
  exitCode: 1
  signal: ~
  error: 'test failed'
  code: 'ERR_TEST_FAILURE'
  ...
1..22
# tests 22
# suites 0
# pass 0
# fail 6
# cancelled 0
# skipped 16
# todo 0
# duration_ms 133.940291
