TAP version 13
# Subtest: all current HTML aliases preserve queries/fragments with auditable source and output hashes
ok 1 - all current HTML aliases preserve queries/fragments with auditable source and output hashes
  ---
  duration_ms: 29.220583
  ...
# Subtest: root retirement navigates only explicit HTML routes and never claims clients or touches saved/cache data
ok 2 - root retirement navigates only explicit HTML routes and never claims clients or touches saved/cache data
  ---
  duration_ms: 22.157541
  ...
# Subtest: retirement rejects a different registration scope without unregistering it
ok 3 - retirement rejects a different registration scope without unregistering it
  ---
  duration_ms: 10.301834
  ...
# Subtest: identical alias and worker bytes route localhost and project prefixes without crossing origins
ok 4 - identical alias and worker bytes route localhost and project prefixes without crossing origins
  ---
  duration_ms: 24.601584
  ...
# Subtest: actual launcher and runtime links stay versioned; About history uses the generated root catalog
ok 5 - actual launcher and runtime links stay versioned; About history uses the generated root catalog
  ---
  duration_ms: 18.7615
  ...
1..5
# tests 5
# suites 0
# pass 5
# fail 0
# cancelled 0
# skipped 0
# todo 0
# duration_ms 415.536
