TAP version 13
# Subtest: automatic menu choice preserves another authored theme and explicit Ukrainian never alters its canvas inputs
ok 1 - automatic menu choice preserves another authored theme and explicit Ukrainian never alters its canvas inputs
  ---
  duration_ms: 4.421
  ...
# Subtest: automatic FPV and declared unavailable-snapshot fallback select the approved menu palette only
ok 2 - automatic FPV and declared unavailable-snapshot fallback select the approved menu palette only
  ---
  duration_ms: 0.466709
  ...
# Subtest: invalid menu choices and unaccepted theme identifiers leave the current appearance intact
ok 3 - invalid menu choices and unaccepted theme identifiers leave the current appearance intact
  ---
  duration_ms: 0.598459
  ...
# Subtest: ornaments add no focus stops, leave existing anchor order intact and never enter arena or HUD
ok 4 - ornaments add no focus stops, leave existing anchor order intact and never enter arena or HUD
  ---
  duration_ms: 0.701708
  ...
# Subtest: replacement ownership removes old decorations and a stale completion cannot overwrite the new choice
ok 5 - replacement ownership removes old decorations and a stale completion cannot overwrite the new choice
  ---
  duration_ms: 0.367208
  ...
# Subtest: cleanup restores previous values but preserves a later external writer
ok 6 - cleanup restores previous values but preserves a later external writer
  ---
  duration_ms: 0.175166
  ...
# Subtest: approved token pairs preserve functional text and cue contrast on the menu panels
ok 7 - approved token pairs preserve functional text and cue contrast on the menu panels
  ---
  duration_ms: 0.286292
  ...
# Subtest: the static menu stylesheet does not animate decorations or style canvas, HUD, fonts or theme image variables
ok 8 - the static menu stylesheet does not animate decorations or style canvas, HUD, fonts or theme image variables
  ---
  duration_ms: 4.183708
  ...
# Subtest: a late player dialog and a rerendered dialog gain one decoration without adding input stops
ok 9 - a late player dialog and a rerendered dialog gain one decoration without adding input stops
  ---
  duration_ms: 0.827417
  ...
# Subtest: detached player dialogs release their decoration and reattachment remains owned; generic HUD additions are ignored
ok 10 - detached player dialogs release their decoration and reattachment remains owned; generic HUD additions are ignored
  ---
  duration_ms: 0.349333
  ...
# Subtest: queued mutation callbacks after disposal or ownership replacement cannot redecorate the page
ok 11 - queued mutation callbacks after disposal or ownership replacement cannot redecorate the page
  ---
  duration_ms: 0.876208
  ...
# Subtest: Couch ornament source rules reserve content and focus space without clipping
ok 12 - Couch ornament source rules reserve content and focus space without clipping
  ---
  duration_ms: 1.758833
  ...
# Subtest: real theater adopts shared text/cap before boot and changes presentation without changing verified playback
not ok 13 - real theater adopts shared text/cap before boot and changes presentation without changing verified playback
  ---
  duration_ms: 14.353708
  location: '/Users/oleksandr.mekhovov/work/my_projects/go_test/.cache/p03-replay-disabled-actions-9c89f997/proposal/game/test/replay-theater-display-host.test.mjs:268:1'
  failureType: 'testCodeFailure'
  error: "Cannot find module '/Users/oleksandr.mekhovov/work/my_projects/go_test/.cache/p03-replay-disabled-actions-9c89f997/proposal/game/replay-theater/app.mjs' imported from /Users/oleksandr.mekhovov/work/my_projects/go_test/.cache/p03-replay-disabled-actions-9c89f997/proposal/game/test/replay-theater-display-host.test.mjs"
  code: 'ERR_MODULE_NOT_FOUND'
  stack: |-
    finalizeResolution (node:internal/modules/esm/resolve:283:11)
    moduleResolve (node:internal/modules/esm/resolve:952:10)
    defaultResolve (node:internal/modules/esm/resolve:1188:11)
    ModuleLoader.defaultResolve (node:internal/modules/esm/loader:708:12)
    #cachedDefaultResolve (node:internal/modules/esm/loader:657:25)
    ModuleLoader.resolve (node:internal/modules/esm/loader:640:38)
    ModuleLoader.getModuleJobForImport (node:internal/modules/esm/loader:264:38)
    ModuleLoader.import (node:internal/modules/esm/loader:605:34)
    defaultImportModuleDynamicallyForModule (node:internal/modules/esm/utils:221:31)
    importModuleDynamicallyCallback (node:internal/modules/esm/utils:260:12)
  ...
# Subtest: real theater preserves denied-save intent and its recording across a persisted return
not ok 14 - real theater preserves denied-save intent and its recording across a persisted return
  ---
  duration_ms: 4.426125
  location: '/Users/oleksandr.mekhovov/work/my_projects/go_test/.cache/p03-replay-disabled-actions-9c89f997/proposal/game/test/replay-theater-display-host.test.mjs:339:1'
  failureType: 'testCodeFailure'
  error: "Cannot find module '/Users/oleksandr.mekhovov/work/my_projects/go_test/.cache/p03-replay-disabled-actions-9c89f997/proposal/game/replay-theater/app.mjs' imported from /Users/oleksandr.mekhovov/work/my_projects/go_test/.cache/p03-replay-disabled-actions-9c89f997/proposal/game/test/replay-theater-display-host.test.mjs"
  code: 'ERR_MODULE_NOT_FOUND'
  stack: |-
    finalizeResolution (node:internal/modules/esm/resolve:283:11)
    moduleResolve (node:internal/modules/esm/resolve:952:10)
    defaultResolve (node:internal/modules/esm/resolve:1188:11)
    ModuleLoader.defaultResolve (node:internal/modules/esm/loader:708:12)
    #cachedDefaultResolve (node:internal/modules/esm/loader:657:25)
    ModuleLoader.resolve (node:internal/modules/esm/loader:640:38)
    ModuleLoader.getModuleJobForImport (node:internal/modules/esm/loader:264:38)
    ModuleLoader.import (node:internal/modules/esm/loader:605:34)
    defaultImportModuleDynamicallyForModule (node:internal/modules/esm/utils:221:31)
    importModuleDynamicallyCallback (node:internal/modules/esm/utils:260:12)
  ...
# Subtest: real theater boot failure retains usable shared reading controls without playback
not ok 15 - real theater boot failure retains usable shared reading controls without playback
  ---
  duration_ms: 3.833958
  location: '/Users/oleksandr.mekhovov/work/my_projects/go_test/.cache/p03-replay-disabled-actions-9c89f997/proposal/game/test/replay-theater-display-host.test.mjs:378:1'
  failureType: 'testCodeFailure'
  error: "Cannot find module '/Users/oleksandr.mekhovov/work/my_projects/go_test/.cache/p03-replay-disabled-actions-9c89f997/proposal/game/replay-theater/app.mjs' imported from /Users/oleksandr.mekhovov/work/my_projects/go_test/.cache/p03-replay-disabled-actions-9c89f997/proposal/game/test/replay-theater-display-host.test.mjs"
  code: 'ERR_MODULE_NOT_FOUND'
  stack: |-
    finalizeResolution (node:internal/modules/esm/resolve:283:11)
    moduleResolve (node:internal/modules/esm/resolve:952:10)
    defaultResolve (node:internal/modules/esm/resolve:1188:11)
    ModuleLoader.defaultResolve (node:internal/modules/esm/loader:708:12)
    #cachedDefaultResolve (node:internal/modules/esm/loader:657:25)
    ModuleLoader.resolve (node:internal/modules/esm/loader:640:38)
    ModuleLoader.getModuleJobForImport (node:internal/modules/esm/loader:264:38)
    ModuleLoader.import (node:internal/modules/esm/loader:605:34)
    defaultImportModuleDynamicallyForModule (node:internal/modules/esm/utils:221:31)
    importModuleDynamicallyCallback (node:internal/modules/esm/utils:260:12)
  ...
# Subtest: terminal exit during delayed boot retires authority and fences late replay startup
not ok 16 - terminal exit during delayed boot retires authority and fences late replay startup
  ---
  duration_ms: 4.190375
  location: '/Users/oleksandr.mekhovov/work/my_projects/go_test/.cache/p03-replay-disabled-actions-9c89f997/proposal/game/test/replay-theater-display-host.test.mjs:390:1'
  failureType: 'testCodeFailure'
  error: "Cannot find module '/Users/oleksandr.mekhovov/work/my_projects/go_test/.cache/p03-replay-disabled-actions-9c89f997/proposal/game/replay-theater/app.mjs' imported from /Users/oleksandr.mekhovov/work/my_projects/go_test/.cache/p03-replay-disabled-actions-9c89f997/proposal/game/test/replay-theater-display-host.test.mjs"
  code: 'ERR_MODULE_NOT_FOUND'
  stack: |-
    finalizeResolution (node:internal/modules/esm/resolve:283:11)
    moduleResolve (node:internal/modules/esm/resolve:952:10)
    defaultResolve (node:internal/modules/esm/resolve:1188:11)
    ModuleLoader.defaultResolve (node:internal/modules/esm/loader:708:12)
    #cachedDefaultResolve (node:internal/modules/esm/loader:657:25)
    ModuleLoader.resolve (node:internal/modules/esm/loader:640:38)
    ModuleLoader.getModuleJobForImport (node:internal/modules/esm/loader:264:38)
    ModuleLoader.import (node:internal/modules/esm/loader:605:34)
    defaultImportModuleDynamicallyForModule (node:internal/modules/esm/utils:221:31)
    importModuleDynamicallyCallback (node:internal/modules/esm/utils:260:12)
  ...
# Subtest: native fragment Jump hands off to playback and the next Tab reaches Restart without changing the recording
not ok 17 - native fragment Jump hands off to playback and the next Tab reaches Restart without changing the recording
  ---
  duration_ms: 16.12275
  location: '/Users/oleksandr.mekhovov/work/my_projects/go_test/.cache/p03-replay-disabled-actions-9c89f997/proposal/game/test/replay-theater-navigation.test.mjs:271:1'
  failureType: 'testCodeFailure'
  error: "Cannot find module '/Users/oleksandr.mekhovov/work/my_projects/go_test/.cache/p03-replay-disabled-actions-9c89f997/proposal/game/replay-theater/app.mjs' imported from /Users/oleksandr.mekhovov/work/my_projects/go_test/.cache/p03-replay-disabled-actions-9c89f997/proposal/game/test/replay-theater-navigation.test.mjs"
  code: 'ERR_MODULE_NOT_FOUND'
  stack: |-
    finalizeResolution (node:internal/modules/esm/resolve:283:11)
    moduleResolve (node:internal/modules/esm/resolve:952:10)
    defaultResolve (node:internal/modules/esm/resolve:1188:11)
    ModuleLoader.defaultResolve (node:internal/modules/esm/loader:708:12)
    #cachedDefaultResolve (node:internal/modules/esm/loader:657:25)
    ModuleLoader.resolve (node:internal/modules/esm/loader:640:38)
    ModuleLoader.getModuleJobForImport (node:internal/modules/esm/loader:264:38)
    ModuleLoader.import (node:internal/modules/esm/loader:605:34)
    defaultImportModuleDynamicallyForModule (node:internal/modules/esm/utils:221:31)
    importModuleDynamicallyCallback (node:internal/modules/esm/utils:260:12)
  ...
# Subtest: Jump chooses Cancel for a held import and preserves the prior recording after rejection
not ok 18 - Jump chooses Cancel for a held import and preserves the prior recording after rejection
  ---
  duration_ms: 5.102584
  location: '/Users/oleksandr.mekhovov/work/my_projects/go_test/.cache/p03-replay-disabled-actions-9c89f997/proposal/game/test/replay-theater-navigation.test.mjs:302:1'
  failureType: 'testCodeFailure'
  error: "Cannot find module '/Users/oleksandr.mekhovov/work/my_projects/go_test/.cache/p03-replay-disabled-actions-9c89f997/proposal/game/replay-theater/app.mjs' imported from /Users/oleksandr.mekhovov/work/my_projects/go_test/.cache/p03-replay-disabled-actions-9c89f997/proposal/game/test/replay-theater-navigation.test.mjs"
  code: 'ERR_MODULE_NOT_FOUND'
  stack: |-
    finalizeResolution (node:internal/modules/esm/resolve:283:11)
    moduleResolve (node:internal/modules/esm/resolve:952:10)
    defaultResolve (node:internal/modules/esm/resolve:1188:11)
    ModuleLoader.defaultResolve (node:internal/modules/esm/loader:708:12)
    #cachedDefaultResolve (node:internal/modules/esm/loader:657:25)
    ModuleLoader.resolve (node:internal/modules/esm/loader:640:38)
    ModuleLoader.getModuleJobForImport (node:internal/modules/esm/loader:264:38)
    ModuleLoader.import (node:internal/modules/esm/loader:605:34)
    defaultImportModuleDynamicallyForModule (node:internal/modules/esm/utils:221:31)
    importModuleDynamicallyCallback (node:internal/modules/esm/utils:260:12)
  ...
# Subtest: Jump with no loaded recording reaches Load example without retrying the failed import
not ok 19 - Jump with no loaded recording reaches Load example without retrying the failed import
  ---
  duration_ms: 0.668417
  location: '/Users/oleksandr.mekhovov/work/my_projects/go_test/.cache/p03-replay-disabled-actions-9c89f997/proposal/game/test/replay-theater-navigation.test.mjs:332:1'
  failureType: 'testCodeFailure'
  error: "Cannot find module '/Users/oleksandr.mekhovov/work/my_projects/go_test/.cache/p03-replay-disabled-actions-9c89f997/proposal/game/replay-theater/app.mjs' imported from /Users/oleksandr.mekhovov/work/my_projects/go_test/.cache/p03-replay-disabled-actions-9c89f997/proposal/game/test/replay-theater-navigation.test.mjs"
  code: 'ERR_MODULE_NOT_FOUND'
  stack: |-
    finalizeResolution (node:internal/modules/esm/resolve:283:11)
    moduleResolve (node:internal/modules/esm/resolve:952:10)
    defaultResolve (node:internal/modules/esm/resolve:1188:11)
    ModuleLoader.defaultResolve (node:internal/modules/esm/loader:708:12)
    #cachedDefaultResolve (node:internal/modules/esm/loader:657:25)
    ModuleLoader.resolve (node:internal/modules/esm/loader:640:38)
    ModuleLoader.getModuleJobForImport (node:internal/modules/esm/loader:264:38)
    ModuleLoader.import (node:internal/modules/esm/loader:605:34)
    defaultImportModuleDynamicallyForModule (node:internal/modules/esm/utils:221:31)
    importModuleDynamicallyCallback (node:internal/modules/esm/utils:260:12)
  ...
# Subtest: Jump preserves modified clicks and yields to newer focus, input, background and terminal disposal
not ok 20 - Jump preserves modified clicks and yields to newer focus, input, background and terminal disposal
  ---
  duration_ms: 4.4305
  location: '/Users/oleksandr.mekhovov/work/my_projects/go_test/.cache/p03-replay-disabled-actions-9c89f997/proposal/game/test/replay-theater-navigation.test.mjs:346:1'
  failureType: 'testCodeFailure'
  error: "Cannot find module '/Users/oleksandr.mekhovov/work/my_projects/go_test/.cache/p03-replay-disabled-actions-9c89f997/proposal/game/replay-theater/app.mjs' imported from /Users/oleksandr.mekhovov/work/my_projects/go_test/.cache/p03-replay-disabled-actions-9c89f997/proposal/game/test/replay-theater-navigation.test.mjs"
  code: 'ERR_MODULE_NOT_FOUND'
  stack: |-
    finalizeResolution (node:internal/modules/esm/resolve:283:11)
    moduleResolve (node:internal/modules/esm/resolve:952:10)
    defaultResolve (node:internal/modules/esm/resolve:1188:11)
    ModuleLoader.defaultResolve (node:internal/modules/esm/loader:708:12)
    #cachedDefaultResolve (node:internal/modules/esm/loader:657:25)
    ModuleLoader.resolve (node:internal/modules/esm/loader:640:38)
    ModuleLoader.getModuleJobForImport (node:internal/modules/esm/loader:264:38)
    ModuleLoader.import (node:internal/modules/esm/loader:605:34)
    defaultImportModuleDynamicallyForModule (node:internal/modules/esm/utils:221:31)
    importModuleDynamicallyCallback (node:internal/modules/esm/utils:260:12)
  ...
# Subtest: completed Play and Step hand off to Restart with exact final checkpoints and local next Tab
not ok 21 - completed Play and Step hand off to Restart with exact final checkpoints and local next Tab
  ---
  duration_ms: 4.079334
  location: '/Users/oleksandr.mekhovov/work/my_projects/go_test/.cache/p03-replay-disabled-actions-9c89f997/proposal/game/test/replay-theater-navigation.test.mjs:439:1'
  failureType: 'testCodeFailure'
  error: "Cannot find module '/Users/oleksandr.mekhovov/work/my_projects/go_test/.cache/p03-replay-disabled-actions-9c89f997/proposal/game/replay-theater/app.mjs' imported from /Users/oleksandr.mekhovov/work/my_projects/go_test/.cache/p03-replay-disabled-actions-9c89f997/proposal/game/test/replay-theater-navigation.test.mjs"
  code: 'ERR_MODULE_NOT_FOUND'
  stack: |-
    finalizeResolution (node:internal/modules/esm/resolve:283:11)
    moduleResolve (node:internal/modules/esm/resolve:952:10)
    defaultResolve (node:internal/modules/esm/resolve:1188:11)
    ModuleLoader.defaultResolve (node:internal/modules/esm/loader:708:12)
    #cachedDefaultResolve (node:internal/modules/esm/loader:657:25)
    ModuleLoader.resolve (node:internal/modules/esm/loader:640:38)
    ModuleLoader.getModuleJobForImport (node:internal/modules/esm/loader:264:38)
    ModuleLoader.import (node:internal/modules/esm/loader:605:34)
    defaultImportModuleDynamicallyForModule (node:internal/modules/esm/utils:221:31)
    importModuleDynamicallyCallback (node:internal/modules/esm/utils:260:12)
  ...
# Subtest: completion preserves unrelated editor focus and does not steal background focus
not ok 22 - completion preserves unrelated editor focus and does not steal background focus
  ---
  duration_ms: 3.191333
  location: '/Users/oleksandr.mekhovov/work/my_projects/go_test/.cache/p03-replay-disabled-actions-9c89f997/proposal/game/test/replay-theater-navigation.test.mjs:460:1'
  failureType: 'testCodeFailure'
  error: "Cannot find module '/Users/oleksandr.mekhovov/work/my_projects/go_test/.cache/p03-replay-disabled-actions-9c89f997/proposal/game/replay-theater/app.mjs' imported from /Users/oleksandr.mekhovov/work/my_projects/go_test/.cache/p03-replay-disabled-actions-9c89f997/proposal/game/test/replay-theater-navigation.test.mjs"
  code: 'ERR_MODULE_NOT_FOUND'
  stack: |-
    finalizeResolution (node:internal/modules/esm/resolve:283:11)
    moduleResolve (node:internal/modules/esm/resolve:952:10)
    defaultResolve (node:internal/modules/esm/resolve:1188:11)
    ModuleLoader.defaultResolve (node:internal/modules/esm/loader:708:12)
    #cachedDefaultResolve (node:internal/modules/esm/loader:657:25)
    ModuleLoader.resolve (node:internal/modules/esm/loader:640:38)
    ModuleLoader.getModuleJobForImport (node:internal/modules/esm/loader:264:38)
    ModuleLoader.import (node:internal/modules/esm/loader:605:34)
    defaultImportModuleDynamicallyForModule (node:internal/modules/esm/utils:221:31)
    importModuleDynamicallyCallback (node:internal/modules/esm/utils:260:12)
  ...
# Subtest: immediate: keyboard transport, focus and Back preserve the real recorded cut through completion
not ok 23 - immediate: keyboard transport, focus and Back preserve the real recorded cut through completion
  ---
  duration_ms: 4.431167
  location: '/Users/oleksandr.mekhovov/work/my_projects/go_test/.cache/p03-replay-disabled-actions-9c89f997/proposal/game/test/replay-theater-navigation.test.mjs:487:3'
  failureType: 'testCodeFailure'
  error: "Cannot find module '/Users/oleksandr.mekhovov/work/my_projects/go_test/.cache/p03-replay-disabled-actions-9c89f997/proposal/game/replay-theater/app.mjs' imported from /Users/oleksandr.mekhovov/work/my_projects/go_test/.cache/p03-replay-disabled-actions-9c89f997/proposal/game/test/replay-theater-navigation.test.mjs"
  code: 'ERR_MODULE_NOT_FOUND'
  stack: |-
    finalizeResolution (node:internal/modules/esm/resolve:283:11)
    moduleResolve (node:internal/modules/esm/resolve:952:10)
    defaultResolve (node:internal/modules/esm/resolve:1188:11)
    ModuleLoader.defaultResolve (node:internal/modules/esm/loader:708:12)
    #cachedDefaultResolve (node:internal/modules/esm/loader:657:25)
    ModuleLoader.resolve (node:internal/modules/esm/loader:640:38)
    ModuleLoader.getModuleJobForImport (node:internal/modules/esm/loader:264:38)
    ModuleLoader.import (node:internal/modules/esm/loader:605:34)
    defaultImportModuleDynamicallyForModule (node:internal/modules/esm/utils:221:31)
    importModuleDynamicallyCallback (node:internal/modules/esm/utils:260:12)
  ...
# Subtest: grid-center: keyboard transport, focus and Back preserve the real recorded cut through completion
not ok 24 - grid-center: keyboard transport, focus and Back preserve the real recorded cut through completion
  ---
  duration_ms: 3.23025
  location: '/Users/oleksandr.mekhovov/work/my_projects/go_test/.cache/p03-replay-disabled-actions-9c89f997/proposal/game/test/replay-theater-navigation.test.mjs:487:3'
  failureType: 'testCodeFailure'
  error: "Cannot find module '/Users/oleksandr.mekhovov/work/my_projects/go_test/.cache/p03-replay-disabled-actions-9c89f997/proposal/game/replay-theater/app.mjs' imported from /Users/oleksandr.mekhovov/work/my_projects/go_test/.cache/p03-replay-disabled-actions-9c89f997/proposal/game/test/replay-theater-navigation.test.mjs"
  code: 'ERR_MODULE_NOT_FOUND'
  stack: |-
    finalizeResolution (node:internal/modules/esm/resolve:283:11)
    moduleResolve (node:internal/modules/esm/resolve:952:10)
    defaultResolve (node:internal/modules/esm/resolve:1188:11)
    ModuleLoader.defaultResolve (node:internal/modules/esm/loader:708:12)
    #cachedDefaultResolve (node:internal/modules/esm/loader:657:25)
    ModuleLoader.resolve (node:internal/modules/esm/loader:640:38)
    ModuleLoader.getModuleJobForImport (node:internal/modules/esm/loader:264:38)
    ModuleLoader.import (node:internal/modules/esm/loader:605:34)
    defaultImportModuleDynamicallyForModule (node:internal/modules/esm/utils:221:31)
    importModuleDynamicallyCallback (node:internal/modules/esm/utils:260:12)
  ...
# Subtest: controller joins without activation, previews native speed, cancels once and pauses before leaving
not ok 25 - controller joins without activation, previews native speed, cancels once and pauses before leaving
  ---
  duration_ms: 5.812709
  location: '/Users/oleksandr.mekhovov/work/my_projects/go_test/.cache/p03-replay-disabled-actions-9c89f997/proposal/game/test/replay-theater-navigation.test.mjs:519:1'
  failureType: 'testCodeFailure'
  error: "Cannot find module '/Users/oleksandr.mekhovov/work/my_projects/go_test/.cache/p03-replay-disabled-actions-9c89f997/proposal/game/replay-theater/app.mjs' imported from /Users/oleksandr.mekhovov/work/my_projects/go_test/.cache/p03-replay-disabled-actions-9c89f997/proposal/game/test/replay-theater-navigation.test.mjs"
  code: 'ERR_MODULE_NOT_FOUND'
  stack: |-
    finalizeResolution (node:internal/modules/esm/resolve:283:11)
    moduleResolve (node:internal/modules/esm/resolve:952:10)
    defaultResolve (node:internal/modules/esm/resolve:1188:11)
    ModuleLoader.defaultResolve (node:internal/modules/esm/loader:708:12)
    #cachedDefaultResolve (node:internal/modules/esm/loader:657:25)
    ModuleLoader.resolve (node:internal/modules/esm/loader:640:38)
    ModuleLoader.getModuleJobForImport (node:internal/modules/esm/loader:264:38)
    ModuleLoader.import (node:internal/modules/esm/loader:605:34)
    defaultImportModuleDynamicallyForModule (node:internal/modules/esm/utils:221:31)
    importModuleDynamicallyCallback (node:internal/modules/esm/utils:260:12)
  ...
# Subtest: Back cancels a deferred import without adoption; native text editing and file choice remain native
not ok 26 - Back cancels a deferred import without adoption; native text editing and file choice remain native
  ---
  duration_ms: 3.645417
  location: '/Users/oleksandr.mekhovov/work/my_projects/go_test/.cache/p03-replay-disabled-actions-9c89f997/proposal/game/test/replay-theater-navigation.test.mjs:557:1'
  failureType: 'testCodeFailure'
  error: "Cannot find module '/Users/oleksandr.mekhovov/work/my_projects/go_test/.cache/p03-replay-disabled-actions-9c89f997/proposal/game/replay-theater/app.mjs' imported from /Users/oleksandr.mekhovov/work/my_projects/go_test/.cache/p03-replay-disabled-actions-9c89f997/proposal/game/test/replay-theater-navigation.test.mjs"
  code: 'ERR_MODULE_NOT_FOUND'
  stack: |-
    finalizeResolution (node:internal/modules/esm/resolve:283:11)
    moduleResolve (node:internal/modules/esm/resolve:952:10)
    defaultResolve (node:internal/modules/esm/resolve:1188:11)
    ModuleLoader.defaultResolve (node:internal/modules/esm/loader:708:12)
    #cachedDefaultResolve (node:internal/modules/esm/loader:657:25)
    ModuleLoader.resolve (node:internal/modules/esm/loader:640:38)
    ModuleLoader.getModuleJobForImport (node:internal/modules/esm/loader:264:38)
    ModuleLoader.import (node:internal/modules/esm/loader:605:34)
    defaultImportModuleDynamicallyForModule (node:internal/modules/esm/utils:221:31)
    importModuleDynamicallyCallback (node:internal/modules/esm/utils:260:12)
  ...
# Subtest: blur, controller loss and page disposal pause exact playback and reject a late import
not ok 27 - blur, controller loss and page disposal pause exact playback and reject a late import
  ---
  duration_ms: 4.576041
  location: '/Users/oleksandr.mekhovov/work/my_projects/go_test/.cache/p03-replay-disabled-actions-9c89f997/proposal/game/test/replay-theater-navigation.test.mjs:599:1'
  failureType: 'testCodeFailure'
  error: "Cannot find module '/Users/oleksandr.mekhovov/work/my_projects/go_test/.cache/p03-replay-disabled-actions-9c89f997/proposal/game/replay-theater/app.mjs' imported from /Users/oleksandr.mekhovov/work/my_projects/go_test/.cache/p03-replay-disabled-actions-9c89f997/proposal/game/test/replay-theater-navigation.test.mjs"
  code: 'ERR_MODULE_NOT_FOUND'
  stack: |-
    finalizeResolution (node:internal/modules/esm/resolve:283:11)
    moduleResolve (node:internal/modules/esm/resolve:952:10)
    defaultResolve (node:internal/modules/esm/resolve:1188:11)
    ModuleLoader.defaultResolve (node:internal/modules/esm/loader:708:12)
    #cachedDefaultResolve (node:internal/modules/esm/loader:657:25)
    ModuleLoader.resolve (node:internal/modules/esm/loader:640:38)
    ModuleLoader.getModuleJobForImport (node:internal/modules/esm/loader:264:38)
    ModuleLoader.import (node:internal/modules/esm/loader:605:34)
    defaultImportModuleDynamicallyForModule (node:internal/modules/esm/utils:221:31)
    importModuleDynamicallyCallback (node:internal/modules/esm/utils:260:12)
  ...
# Subtest: real replay verification reports exact ticks and a cancelled artwork decode cannot adopt its candidate
not ok 28 - real replay verification reports exact ticks and a cancelled artwork decode cannot adopt its candidate
  ---
  duration_ms: 5.246375
  location: '/Users/oleksandr.mekhovov/work/my_projects/go_test/.cache/p03-replay-disabled-actions-9c89f997/proposal/game/test/replay-theater-navigation.test.mjs:644:1'
  failureType: 'testCodeFailure'
  error: "Cannot find module '/Users/oleksandr.mekhovov/work/my_projects/go_test/.cache/p03-replay-disabled-actions-9c89f997/proposal/game/replay-theater/app.mjs' imported from /Users/oleksandr.mekhovov/work/my_projects/go_test/.cache/p03-replay-disabled-actions-9c89f997/proposal/game/test/replay-theater-navigation.test.mjs"
  code: 'ERR_MODULE_NOT_FOUND'
  stack: |-
    finalizeResolution (node:internal/modules/esm/resolve:283:11)
    moduleResolve (node:internal/modules/esm/resolve:952:10)
    defaultResolve (node:internal/modules/esm/resolve:1188:11)
    ModuleLoader.defaultResolve (node:internal/modules/esm/loader:708:12)
    #cachedDefaultResolve (node:internal/modules/esm/loader:657:25)
    ModuleLoader.resolve (node:internal/modules/esm/loader:640:38)
    ModuleLoader.getModuleJobForImport (node:internal/modules/esm/loader:264:38)
    ModuleLoader.import (node:internal/modules/esm/loader:605:34)
    defaultImportModuleDynamicallyForModule (node:internal/modules/esm/utils:221:31)
    importModuleDynamicallyCallback (node:internal/modules/esm/utils:260:12)
  ...
# Subtest: Classic replay import stays paused and controller completion checks the exact v6 checkpoint
not ok 29 - Classic replay import stays paused and controller completion checks the exact v6 checkpoint
  ---
  duration_ms: 13.366375
  location: '/Users/oleksandr.mekhovov/work/my_projects/go_test/.cache/p03-replay-disabled-actions-9c89f997/proposal/game/test/replay-theater-navigation.test.mjs:690:1'
  failureType: 'testCodeFailure'
  error: "Cannot find module '/Users/oleksandr.mekhovov/work/my_projects/go_test/.cache/p03-replay-disabled-actions-9c89f997/proposal/game/replay-theater/app.mjs' imported from /Users/oleksandr.mekhovov/work/my_projects/go_test/.cache/p03-replay-disabled-actions-9c89f997/proposal/game/test/replay-theater-navigation.test.mjs"
  code: 'ERR_MODULE_NOT_FOUND'
  stack: |-
    finalizeResolution (node:internal/modules/esm/resolve:283:11)
    moduleResolve (node:internal/modules/esm/resolve:952:10)
    defaultResolve (node:internal/modules/esm/resolve:1188:11)
    ModuleLoader.defaultResolve (node:internal/modules/esm/loader:708:12)
    #cachedDefaultResolve (node:internal/modules/esm/loader:657:25)
    ModuleLoader.resolve (node:internal/modules/esm/loader:640:38)
    ModuleLoader.getModuleJobForImport (node:internal/modules/esm/loader:264:38)
    ModuleLoader.import (node:internal/modules/esm/loader:605:34)
    defaultImportModuleDynamicallyForModule (node:internal/modules/esm/utils:221:31)
    importModuleDynamicallyCallback (node:internal/modules/esm/utils:260:12)
  ...
1..29
# tests 29
# suites 0
# pass 12
# fail 17
# cancelled 0
# skipped 0
# todo 0
# duration_ms 823.570833
