TAP version 13
# Subtest: About exposes history while pending and only changes explicit links: https://example.test/revealline/site/about.html\#versions
not ok 1 - About exposes history while pending and only changes explicit links: https://example.test/revealline/site/about.html\#versions
  ---
  duration_ms: 28.252417
  location: '/Users/oleksandr.mekhovov/work/my_projects/go_test/.cache/worktrees/p03-release-history-about/game/test/landing-release-history-host.test.mjs:143:3'
  failureType: 'testCodeFailure'
  error: |-
    Build information precedes long page content so it is not displaced by that content.
    
    '' !== 'versions'
    
  code: 'ERR_ASSERTION'
  name: 'AssertionError'
  expected: 'versions'
  actual: ''
  operator: 'strictEqual'
  stack: |-
    TestContext.<anonymous> (file:///Users/oleksandr.mekhovov/work/my_projects/go_test/.cache/worktrees/p03-release-history-about/game/test/landing-release-history-host.test.mjs:158:12)
    async Test.run (node:internal/test_runner/test:797:9)
    async Test.processPendingSubtests (node:internal/test_runner/test:526:7)
  ...
# Subtest: About exposes history while pending and only changes explicit links: https://example.test/revealline/releases/v0.60.8/site/site/about.html\#versions
ok 2 - About exposes history while pending and only changes explicit links: https://example.test/revealline/releases/v0.60.8/site/site/about.html\#versions # SKIP test name does not match pattern
  ---
  duration_ms: 0.303875
  ...
# Subtest: About exposes history while pending and only changes explicit links: https://example.test/preview/releases/v0.60.8/site/site/about.html
ok 3 - About exposes history while pending and only changes explicit links: https://example.test/preview/releases/v0.60.8/site/site/about.html # SKIP test name does not match pattern
  ---
  duration_ms: 0.101583
  ...
# Subtest: About retains current play and shared history when the archive request fails
ok 4 - About retains current play and shared history when the archive request fails # SKIP test name does not match pattern
  ---
  duration_ms: 0.033833
  ...
1..4
# tests 4
# suites 0
# pass 0
# fail 1
# cancelled 0
# skipped 3
# todo 0
# duration_ms 72.586958
