TAP version 13
# Subtest: untouched prepared lobby focuses enabled Start once without controller ownership or starting
not ok 1 - untouched prepared lobby focuses enabled Start once without controller ownership or starting
  ---
  duration_ms: 91.907916
  type: 'test'
  location: '/Users/oleksandr.mekhovov/work/my_projects/go_test/.cache/worktrees/p03r5-versus-focus/game/test/couch-initial-focus.test.mjs:23:1'
  failureType: 'testCodeFailure'
  error: |-
    Expected values to be strictly equal:

    '' !== 'race-start'

  code: 'ERR_ASSERTION'
  name: 'AssertionError'
  expected: 'race-start'
  actual: ''
  operator: 'strictEqual'
  stack: |-
    TestContext.<anonymous> (file:///Users/oleksandr.mekhovov/work/my_projects/go_test/.cache/worktrees/p03r5-versus-focus/game/test/couch-initial-focus.test.mjs:25:10)
    async Test.run (node:internal/test_runner/test:1054:7)
    async startSubtestAfterBootstrap (node:internal/test_runner/harness:296:3)
  ...
# Subtest: delayed initial preparation leaves loading focus alone, then hands off to Ready Start
not ok 2 - delayed initial preparation leaves loading focus alone, then hands off to Ready Start
  ---
  duration_ms: 47.191625
  type: 'test'
  location: '/Users/oleksandr.mekhovov/work/my_projects/go_test/.cache/worktrees/p03r5-versus-focus/game/test/couch-initial-focus.test.mjs:54:1'
  failureType: 'testCodeFailure'
  error: |-
    Expected values to be strictly equal:

    '' !== 'race-start'

  code: 'ERR_ASSERTION'
  name: 'AssertionError'
  expected: 'race-start'
  actual: ''
  operator: 'strictEqual'
  stack: |-
    TestContext.<anonymous> (file:///Users/oleksandr.mekhovov/work/my_projects/go_test/.cache/worktrees/p03r5-versus-focus/game/test/couch-initial-focus.test.mjs:59:10)
    async Test.run (node:internal/test_runner/test:1054:7)
    async Test.processPendingSubtests (node:internal/test_runner/test:744:7)
  ...
# Subtest: a deliberate current focus is never replaced by the initial handoff
ok 3 - a deliberate current focus is never replaced by the initial handoff
  ---
  duration_ms: 39.99475
  type: 'test'
  ...
# Subtest: a deliberate moved-away focus is never replaced by the initial handoff
ok 4 - a deliberate moved-away focus is never replaced by the initial handoff
  ---
  duration_ms: 39.213209
  type: 'test'
  ...
# Subtest: a deliberate pre-attached-recovery focus is never replaced by the initial handoff
ok 5 - a deliberate pre-attached-recovery focus is never replaced by the initial handoff
  ---
  duration_ms: 42.7725
  type: 'test'
  ...
# Subtest: initial-background permanently relinquishes initial focus even when ready later
ok 6 - initial-background permanently relinquishes initial focus even when ready later
  ---
  duration_ms: 44.139333
  type: 'test'
  ...
# Subtest: blur-return permanently relinquishes initial focus even when ready later
ok 7 - blur-return permanently relinquishes initial focus even when ready later
  ---
  duration_ms: 37.572125
  type: 'test'
  ...
# Subtest: hidden-return permanently relinquishes initial focus even when ready later
ok 8 - hidden-return permanently relinquishes initial focus even when ready later
  ---
  duration_ms: 34.613417
  type: 'test'
  ...
# Subtest: an initially disabled Start is never chosen as focus
ok 9 - an initially disabled Start is never chosen as focus
  ---
  duration_ms: 33.596
  type: 'test'
  ...
# Subtest: an initially no-rect Start is never chosen as focus
ok 10 - an initially no-rect Start is never chosen as focus
  ---
  duration_ms: 29.835625
  type: 'test'
  ...
# Subtest: an initially css-hidden Start is never chosen as focus
ok 11 - an initially css-hidden Start is never chosen as focus
  ---
  duration_ms: 31.513917
  type: 'test'
  ...
# Subtest: an initially aria-hidden Start is never chosen as focus
ok 12 - an initially aria-hidden Start is never chosen as focus
  ---
  duration_ms: 34.359833
  type: 'test'
  ...
# Subtest: boot failure preserves recovery focus and cannot establish a Ready handoff
ok 13 - boot failure preserves recovery focus and cannot establish a Ready handoff
  ---
  duration_ms: 3.061292
  type: 'test'
  ...
# Subtest: required picture error keeps Start unavailable and does not steal its visible Cancel or setup choice
ok 14 - required picture error keeps Start unavailable and does not steal its visible Cancel or setup choice
  ---
  duration_ms: 34.310041
  type: 'test'
  ...
1..14
# tests 14
# suites 0
# pass 12
# fail 2
# cancelled 0
# skipped 0
# todo 0
# duration_ms 882.283333
