TAP version 13
# Subtest: Boost preference previews cancel without writes and commit once through the native setting
ok 1 - Boost preference previews cancel without writes and commit once through the native setting
  ---
  duration_ms: 14.064083
  ...
# Subtest: select browsing uses a separate preview, and Back cancels without changing or firing native handlers
ok 2 - select browsing uses a separate preview, and Back cancels without changing or firing native handlers
  ---
  duration_ms: 1.531167
  ...
# Subtest: selection previews describe the configured menu buttons without changing draft semantics
ok 3 - selection previews describe the configured menu buttons without changing draft semantics
  ---
  duration_ms: 1.711583
  ...
# Subtest: select Confirm commits once through the existing change handler and ignores disabled choices
ok 4 - select Confirm commits once through the existing change handler and ignores disabled choices
  ---
  duration_ms: 2.75725
  ...
# Subtest: stale disabled cancels a select preview without activating its replacement on the same Confirm
ok 5 - stale disabled cancels a select preview without activating its replacement on the same Confirm
  ---
  duration_ms: 0.644417
  ...
# Subtest: stale hidden cancels a select preview without activating its replacement on the same Confirm
ok 6 - stale hidden cancels a select preview without activating its replacement on the same Confirm
  ---
  duration_ms: 3.963792
  ...
# Subtest: stale detached cancels a select preview without activating its replacement on the same Confirm
ok 7 - stale detached cancels a select preview without activating its replacement on the same Confirm
  ---
  duration_ms: 0.518
  ...
# Subtest: stale options cancels a select preview without activating its replacement on the same Confirm
ok 8 - stale options cancels a select preview without activating its replacement on the same Confirm
  ---
  duration_ms: 0.685209
  ...
# Subtest: stale value cancels a select preview without activating its replacement on the same Confirm
ok 9 - stale value cancels a select preview without activating its replacement on the same Confirm
  ---
  duration_ms: 0.5875
  ...
# Subtest: stale focus cancels a select preview without activating its replacement on the same Confirm
ok 10 - stale focus cancels a select preview without activating its replacement on the same Confirm
  ---
  duration_ms: 0.3605
  ...
# Subtest: stale scope cancels a select preview without activating its replacement on the same Confirm
ok 11 - stale scope cancels a select preview without activating its replacement on the same Confirm
  ---
  duration_ms: 0.277916
  ...
# Subtest: modal root traps navigation and delegates protected Back without closing or touching background actions
ok 12 - modal root traps navigation and delegates protected Back without closing or touching background actions
  ---
  duration_ms: 6.458291
  ...
# Subtest: linear navigation skips hidden, disabled, inert, closed disclosure and host-rejected controls
ok 13 - linear navigation skips hidden, disabled, inert, closed disclosure and host-rejected controls
  ---
  duration_ms: 5.528916
  ...
# Subtest: gallery-grid uses geometric neighbors within a two-column layout
ok 14 - gallery-grid uses geometric neighbors within a two-column layout
  ---
  duration_ms: 2.595208
  ...
# Subtest: missions uses geometric neighbors within a two-column layout
ok 15 - missions uses geometric neighbors within a two-column layout
  ---
  duration_ms: 1.787208
  ...
# Subtest: slider draft clamps and commits one input/change pair; cancellation never writes the real value
ok 16 - slider draft clamps and commits one input/change pair; cancellation never writes the real value
  ---
  duration_ms: 46.642042
  ...
# Subtest: buttons and checkboxes activate through their existing handlers once per logical edge
ok 17 - buttons and checkboxes activate through their existing handlers once per logical edge
  ---
  duration_ms: 0.703792
  ...
# Subtest: file and text controls explain the host limitation without opening a picker or changing text
ok 18 - file and text controls explain the host limitation without opening a picker or changing text
  ---
  duration_ms: 0.549625
  ...
# Subtest: pointerdown relinquishes controller focus and cancels an uncommitted edit
ok 19 - pointerdown relinquishes controller focus and cancels an uncommitted edit
  ---
  duration_ms: 0.472583
  ...
# Subtest: keydown relinquishes controller focus and cancels an uncommitted edit
ok 20 - keydown relinquishes controller focus and cancels an uncommitted edit
  ---
  duration_ms: 0.64375
  ...
# Subtest: external focus changes cancel editing and a flight scope suppresses all menu actions
ok 21 - external focus changes cancel editing and a flight scope suppresses all menu actions
  ---
  duration_ms: 0.60925
  ...
# Subtest: destroy removes listeners and prevents all later controller actions
ok 22 - destroy removes listeners and prevents all later controller actions
  ---
  duration_ms: 0.253583
  ...
# Subtest: sync cancels a stale editor immediately, and an unchanged scope token cannot retain the old modal root
ok 23 - sync cancels a stale editor immediately, and an unchanged scope token cannot retain the old modal root
  ---
  duration_ms: 3.424917
  ...
# Subtest: a slider range change invalidates the draft before Confirm can commit an obsolete value
ok 24 - a slider range change invalidates the draft before Confirm can commit an obsolete value
  ---
  duration_ms: 0.990833
  ...
# Subtest: Menu cancels an editor first; clear relinquishes navigation without destroying normal DOM controls
ok 25 - Menu cancels an editor first; clear relinquishes navigation without destroying normal DOM controls
  ---
  duration_ms: 0.616458
  ...
# Subtest: a disabled focused button cannot redirect its Confirm into a neighboring destructive action
ok 26 - a disabled focused button cannot redirect its Confirm into a neighboring destructive action
  ---
  duration_ms: 0.283333
  ...
# Subtest: returning from a picture preserves the newly restored gallery origin instead of the modal default
ok 27 - returning from a picture preserves the newly restored gallery origin instead of the modal default
  ---
  duration_ms: 0.244209
  ...
# Subtest: joining engages the default focus without activating it or leaking the join into Confirm
ok 28 - joining engages the default focus without activating it or leaking the join into Confirm
  ---
  duration_ms: 0.264791
  ...
# Subtest: engaging a new scope preserves a host-restored gallery card without opening it
ok 29 - engaging a new scope preserves a host-restored gallery card without opening it
  ---
  duration_ms: 0.204209
  ...
# Subtest: engage never enters menu navigation during flight or after destruction
ok 30 - engage never enters menu navigation during flight or after destruction
  ---
  duration_ms: 0.11975
  ...
# Subtest: select previews stay outside the enclosing label and preserve its name source
ok 31 - select previews stay outside the enclosing label and preserve its name source
  ---
  duration_ms: 0.492958
  ...
# Subtest: range previews stay outside the enclosing label and preserve its name source
ok 32 - range previews stay outside the enclosing label and preserve its name source
  ---
  duration_ms: 0.40075
  ...
# Subtest: reading entry focuses a named region before notification and returns owned metadata
ok 33 - reading entry focuses a named region before notification and returns owned metadata
  ---
  duration_ms: 0.529875
  ...
# Subtest: reader scrolls vertically to both endpoints without moving focus, wrapping or repeating edge announcements
ok 34 - reader scrolls vertically to both endpoints without moving focus, wrapping or repeating edge announcements
  ---
  duration_ms: 1.212958
  ...
# Subtest: small and nonoverflowing readers have bounded steps and always permit immediate exit
ok 35 - small and nonoverflowing readers have bounded steps and always permit immediate exit
  ---
  duration_ms: 4.163458
  ...
# Subtest: reading back ends once and consumes the complete gesture before host actions
ok 36 - reading back ends once and consumes the complete gesture before host actions
  ---
  duration_ms: 3.131166
  ...
# Subtest: reading confirm ends once and consumes the complete gesture before host actions
ok 37 - reading confirm ends once and consumes the complete gesture before host actions
  ---
  duration_ms: 2.345875
  ...
# Subtest: reading menu ends once and consumes the complete gesture before host actions
ok 38 - reading menu ends once and consumes the complete gesture before host actions
  ---
  duration_ms: 0.483708
  ...
# Subtest: entry validates the entire surface before replacing a reader or cancelling an editor
ok 39 - entry validates the entire surface before replacing a reader or cancelling an editor
  ---
  duration_ms: 1.942667
  ...
# Subtest: removed region cancels reading and cannot redirect the invalidating Confirm to another action
ok 40 - removed region cancels reading and cannot redirect the invalidating Confirm to another action
  ---
  duration_ms: 0.351041
  ...
# Subtest: changed region identity cancels reading and cannot redirect the invalidating Confirm to another action
ok 41 - changed region identity cancels reading and cannot redirect the invalidating Confirm to another action
  ---
  duration_ms: 0.418791
  ...
# Subtest: hidden region cancels reading and cannot redirect the invalidating Confirm to another action
ok 42 - hidden region cancels reading and cannot redirect the invalidating Confirm to another action
  ---
  duration_ms: 0.251125
  ...
# Subtest: inert region cancels reading and cannot redirect the invalidating Confirm to another action
ok 43 - inert region cancels reading and cannot redirect the invalidating Confirm to another action
  ---
  duration_ms: 0.228292
  ...
# Subtest: removed origin cancels reading and cannot redirect the invalidating Confirm to another action
ok 44 - removed origin cancels reading and cannot redirect the invalidating Confirm to another action
  ---
  duration_ms: 0.246
  ...
# Subtest: disabled origin cancels reading and cannot redirect the invalidating Confirm to another action
ok 45 - disabled origin cancels reading and cannot redirect the invalidating Confirm to another action
  ---
  duration_ms: 0.325708
  ...
# Subtest: replaced content cancels reading and cannot redirect the invalidating Confirm to another action
ok 46 - replaced content cancels reading and cannot redirect the invalidating Confirm to another action
  ---
  duration_ms: 0.270292
  ...
# Subtest: removed marker cancels reading and cannot redirect the invalidating Confirm to another action
ok 47 - removed marker cancels reading and cannot redirect the invalidating Confirm to another action
  ---
  duration_ms: 8.663583
  ...
# Subtest: collapsed viewport cancels reading and cannot redirect the invalidating Confirm to another action
ok 48 - collapsed viewport cancels reading and cannot redirect the invalidating Confirm to another action
  ---
  duration_ms: 0.327084
  ...
# Subtest: scope and root changes cancel reading without restoring stale focus or activating the next dialog
ok 49 - scope and root changes cancel reading without restoring stale focus or activating the next dialog
  ---
  duration_ms: 0.333416
  ...
# Subtest: native focus, pointer and keyboard relinquish reading without stealing focus or swallowing native keys
ok 50 - native focus, pointer and keyboard relinquish reading without stealing focus or swallowing native keys
  ---
  duration_ms: 0.608333
  ...
# Subtest: an end-only Done button stays harmless after pointerdown already cancelled reading
ok 51 - an end-only Done button stays harmless after pointerdown already cancelled reading
  ---
  duration_ms: 0.136375
  ...
# Subtest: lifecycle clear cancels reading once, preserves scroll position and consumes stale input
ok 52 - lifecycle clear cancels reading once, preserves scroll position and consumes stale input
  ---
  duration_ms: 2.205542
  ...
# Subtest: real remapped router drives reading repeats and gates held buttons/sticks across entry and exit
ok 53 - real remapped router drives reading repeats and gates held buttons/sticks across entry and exit
  ---
  duration_ms: 6.007834
  ...
# Subtest: held Retry Confirm cannot leave the loss reader or leak ability and Toggle Boost into flight
ok 54 - held Retry Confirm cannot leave the loss reader or leak ability and Toggle Boost into flight
  ---
  duration_ms: 14.364667
  ...
# Subtest: reopening changed content starts at the top while unchanged content keeps its reading position
ok 55 - reopening changed content starts at the top while unchanged content keeps its reading position
  ---
  duration_ms: 1.00825
  ...
# Subtest: registered Done preserves the reader until native click and restores the origin after host disables Done
ok 56 - registered Done preserves the reader until native click and restores the origin after host disables Done
  ---
  duration_ms: 0.713917
  ...
# Subtest: Done descendant taps keep click semantics; pointercancel and other pointer gestures still relinquish
ok 57 - Done descendant taps keep click semantics; pointercancel and other pointer gestures still relinquish
  ---
  duration_ms: 0.45975
  ...
# Subtest: exit registration rejects unrelated or hidden controls without replacing a current reader
ok 58 - exit registration rejects unrelated or hidden controls without replacing a current reader
  ---
  duration_ms: 0.533959
  ...
# Subtest: actual two-surface host preserves a native Done click through document capture and returns focus
ok 59 - actual two-surface host preserves a native Done click through document capture and returns focus
  ---
  duration_ms: 8.867542
  ...
# Subtest: untouched prepared lobby focuses enabled Start once without controller ownership or starting
ok 60 - untouched prepared lobby focuses enabled Start once without controller ownership or starting
  ---
  duration_ms: 315.891375
  ...
# Subtest: delayed initial preparation leaves loading focus alone, then hands off to Ready Start
ok 61 - delayed initial preparation leaves loading focus alone, then hands off to Ready Start
  ---
  duration_ms: 115.475875
  ...
# Subtest: a deliberate current focus is never replaced by the initial handoff
ok 62 - a deliberate current focus is never replaced by the initial handoff
  ---
  duration_ms: 103.112875
  ...
# Subtest: a deliberate moved-away focus is never replaced by the initial handoff
ok 63 - a deliberate moved-away focus is never replaced by the initial handoff
  ---
  duration_ms: 86.938542
  ...
# Subtest: a deliberate pre-attached-recovery focus is never replaced by the initial handoff
ok 64 - a deliberate pre-attached-recovery focus is never replaced by the initial handoff
  ---
  duration_ms: 80.485792
  ...
# Subtest: initial-background permanently relinquishes initial focus even when ready later
ok 65 - initial-background permanently relinquishes initial focus even when ready later
  ---
  duration_ms: 88.852666
  ...
# Subtest: blur-return permanently relinquishes initial focus even when ready later
ok 66 - blur-return permanently relinquishes initial focus even when ready later
  ---
  duration_ms: 78.476542
  ...
# Subtest: hidden-return permanently relinquishes initial focus even when ready later
ok 67 - hidden-return permanently relinquishes initial focus even when ready later
  ---
  duration_ms: 82.860542
  ...
# Subtest: pagehide-return permanently relinquishes initial focus even when ready later
ok 68 - pagehide-return permanently relinquishes initial focus even when ready later
  ---
  duration_ms: 106.874208
  ...
# Subtest: an initially disabled Start is never chosen as focus
ok 69 - an initially disabled Start is never chosen as focus
  ---
  duration_ms: 87.543667
  ...
# Subtest: an initially no-rect Start is never chosen as focus
ok 70 - an initially no-rect Start is never chosen as focus
  ---
  duration_ms: 101.293709
  ...
# Subtest: an initially css-hidden Start is never chosen as focus
ok 71 - an initially css-hidden Start is never chosen as focus
  ---
  duration_ms: 132.021708
  ...
# Subtest: an initially aria-hidden Start is never chosen as focus
ok 72 - an initially aria-hidden Start is never chosen as focus
  ---
  duration_ms: 213.222375
  ...
# Subtest: boot failure preserves recovery focus and cannot establish a Ready handoff
ok 73 - boot failure preserves recovery focus and cannot establish a Ready handoff
  ---
  duration_ms: 19.7515
  ...
# Subtest: required picture error keeps Start unavailable and does not steal its visible Cancel or setup choice
ok 74 - required picture error keeps Start unavailable and does not steal its visible Cancel or setup choice
  ---
  duration_ms: 128.723334
  ...
# Subtest: simultaneous keyboard, held touch and controllers remain scoped to their player
ok 75 - simultaneous keyboard, held touch and controllers remain scoped to their player
  ---
  duration_ms: 13.417166
  ...
# Subtest: Stop blocks only that player held controller and keyboard until fresh input
ok 76 - Stop blocks only that player held controller and keyboard until fresh input
  ---
  duration_ms: 1.339833
  ...
# Subtest: two independent direction and boost pointers release separately
ok 77 - two independent direction and boost pointers release separately
  ---
  duration_ms: 0.625167
  ...
# Subtest: outside pointer release also works when pointer capture is unavailable
ok 78 - outside pointer release also works when pointer capture is unavailable
  ---
  duration_ms: 0.409709
  ...
# Subtest: tap toggles ignore native pointer clicks, while unaccompanied assistive clicks work
ok 79 - tap toggles ignore native pointer clicks, while unaccompanied assistive clicks work
  ---
  duration_ms: 0.429416
  ...
# Subtest: held button keyboard activation follows hold mode, release and blur
ok 80 - held button keyboard activation follows hold mode, release and blur
  ---
  duration_ms: 0.534625
  ...
# Subtest: Enter repeat and native key clicks cannot toggle twice or trigger the other player
ok 81 - Enter repeat and native key clicks cannot toggle twice or trigger the other player
  ---
  duration_ms: 46.498458
  ...
# Subtest: queued keyboard and touch actions survive zero ticks and consume once per fixed tick
ok 82 - queued keyboard and touch actions survive zero ticks and consume once per fixed tick
  ---
  duration_ms: 0.861
  ...
# Subtest: controller actions remain held for core edge detection without clearing local pending actions
ok 83 - controller actions remain held for core edge detection without clearing local pending actions
  ---
  duration_ms: 0.903625
  ...
# Subtest: pause button on a controller suppresses both same-sample commands until neutral after resume
ok 84 - pause button on a controller suppresses both same-sample commands until neutral after resume
  ---
  duration_ms: 1.579209
  ...
# Subtest: disconnect pauses both boards and a surviving controller keeps its original player slot
ok 85 - disconnect pauses both boards and a surviving controller keeps its original player slot
  ---
  duration_ms: 0.529291
  ...
# Subtest: blur, hidden page, pointer cancellation and unexpected capture loss pause and clear both players
ok 86 - blur, hidden page, pointer cancellation and unexpected capture loss pause and clear both players
  ---
  duration_ms: 7.506458
  ...
# Subtest: native form shortcuts are preserved, Escape still pauses from a focused control, and destroy removes all listeners
ok 87 - native form shortcuts are preserved, Escape still pauses from a focused control, and destroy removes all listeners
  ---
  duration_ms: 0.352125
  ...
# Subtest: focused music or action controls do not strand keyboard movement but retain native Enter
ok 88 - focused music or action controls do not strand keyboard movement but retain native Enter
  ---
  duration_ms: 0.24025
  ...
# Subtest: real duel receives equal scoped class recipes and equivalent keyboard/touch motion: immediate
ok 89 - real duel receives equal scoped class recipes and equivalent keyboard/touch motion: immediate
  ---
  duration_ms: 23.097
  ...
# Subtest: real duel receives equal scoped class recipes and equivalent keyboard/touch motion: grid-center
ok 90 - real duel receives equal scoped class recipes and equivalent keyboard/touch motion: grid-center
  ---
  duration_ms: 8.807334
  ...
# Subtest: real core gets one scan per held keyboard press and a fresh scan after release
ok 91 - real core gets one scan per held keyboard press and a fresh scan after release
  ---
  duration_ms: 6.817458
  ...
# Subtest: two sparse pads deliberately claim one menu; join/held Confirm cannot start or leak flight actions
ok 92 - two sparse pads deliberately claim one menu; join/held Confirm cannot start or leak flight actions
  ---
  duration_ms: 3550.730708
  ...
# Subtest: actual select previews cancel without replacing the duel and commit once through onchange
ok 93 - actual select previews cancel without replacing the duel and commit once through onchange
  ---
  duration_ms: 2560.008375
  ...
# Subtest: Back and Menu cancel previews or focus the primary action without starting or resetting
ok 94 - Back and Menu cancel previews or focus the primary action without starting or resetting
  ---
  duration_ms: 2625.232541
  ...
# Subtest: native menu focus cancels a held D-pad repeat until neutral without clearing either flight keyboard
ok 95 - native menu focus cancels a held D-pad repeat until neutral without clearing either flight keyboard
  ---
  duration_ms: 2416.508416
  ...
# Subtest: Ready slot loss consumes another pad Confirm; the surviving player keeps its slot
ok 96 - Ready slot loss consumes another pad Confirm; the surviving player keeps its slot
  ---
  duration_ms: 2015.637542
  ...
# Subtest: descriptor change at the same index pauses flight and requires neutral plus a new menu join
ok 97 - descriptor change at the same index pauses flight and requires neutral plus a new menu join
  ---
  duration_ms: 1938.619917
  ...
# Subtest: disconnect event at the same index pauses flight and requires neutral plus a new menu join
ok 98 - disconnect event at the same index pauses flight and requires neutral plus a new menu join
  ---
  duration_ms: 2147.094833
  ...
# Subtest: explicit menu release permits the other player to join, never transfers a held edge
ok 99 - explicit menu release permits the other player to join, never transfers a held edge
  ---
  duration_ms: 1957.575041
  ...
# Subtest: one hardware read per visible frame and no reads or ticks while unfocused, hidden or disposed
ok 100 - one hardware read per visible frame and no reads or ticks while unfocused, hidden or disposed
  ---
  duration_ms: 1912.617209
  ...
# Subtest: persisted return and Ready Escape preserve the true state and cancel a pending edit
ok 101 - persisted return and Ready Escape preserve the true state and cancel a pending edit
  ---
  duration_ms: 1861.920708
  ...
# Subtest: API errors and unsupported pads remain usable with keyboard and truthful Ready status
ok 102 - API errors and unsupported pads remain usable with keyboard and truthful Ready status
  ---
  duration_ms: 1924.99075
  ...
# Subtest: immediate: actual Sentinel round win and best-of-three rematch retain legal core route results
ok 103 - immediate: actual Sentinel round win and best-of-three rematch retain legal core route results
  ---
  duration_ms: 13082.320917
  ...
# Subtest: grid-center: actual Sentinel round win and best-of-three rematch retain legal core route results
ok 104 - grid-center: actual Sentinel round win and best-of-three rematch retain legal core route results
  ---
  duration_ms: 13379.052083
  ...
# Subtest: one lost craft does not expose shared menu; both ended draws retain explicit Next
ok 105 - one lost craft does not expose shared menu; both ended draws retain explicit Next
  ---
  duration_ms: 2476.259875
  ...
# Subtest: native checkboxes and both held touch pads stay independent after leaving controller navigation
ok 106 - native checkboxes and both held touch pads stay independent after leaving controller navigation
  ---
  duration_ms: 1853.806125
  ...
# Subtest: immediate: actual Pause retains two different requested turns and explicit Resume continues both
ok 107 - immediate: actual Pause retains two different requested turns and explicit Resume continues both
  ---
  duration_ms: 1805.351458
  ...
# Subtest: immediate: real recovery clears only that player's continuous intent before later substeps
ok 108 - immediate: real recovery clears only that player's continuous intent before later substeps
  ---
  duration_ms: 1629.529167
  ...
# Subtest: grid-center: actual Pause retains two different requested turns and explicit Resume continues both
ok 109 - grid-center: actual Pause retains two different requested turns and explicit Resume continues both
  ---
  duration_ms: 1654.702916
  ...
# Subtest: grid-center: real recovery clears only that player's continuous intent before later substeps
ok 110 - grid-center: real recovery clears only that player's continuous intent before later substeps
  ---
  duration_ms: 1511.681916
  ...
# Subtest: timeout draw keeps series at zero and needs a fresh explicit Next gesture
ok 111 - timeout draw keeps series at zero and needs a fresh explicit Next gesture
  ---
  duration_ms: 2063.089458
  ...
# Subtest: immediate, keyboard: real cut closure stops only its player across substeps and held input
ok 112 - immediate, keyboard: real cut closure stops only its player across substeps and held input
  ---
  duration_ms: 2306.36625
  ...
# Subtest: immediate, controller: real cut closure stops only its player across substeps and held input
ok 113 - immediate, controller: real cut closure stops only its player across substeps and held input
  ---
  duration_ms: 2251.925833
  ...
# Subtest: grid-center, keyboard: real cut closure stops only its player across substeps and held input
ok 114 - grid-center, keyboard: real cut closure stops only its player across substeps and held input
  ---
  duration_ms: 2367.682959
  ...
# Subtest: grid-center, controller: real cut closure stops only its player across substeps and held input
ok 115 - grid-center, controller: real cut closure stops only its player across substeps and held input
  ---
  duration_ms: 3102.79725
  ...
# Subtest: lobby, setup and children use reachable native controls and Back restores the actual opener
ok 116 - lobby, setup and children use reachable native controls and Back restores the actual opener
  ---
  duration_ms: 2823.770333
  ...
# Subtest: an embedded Couch route stays loading until its actual setup is prepared
ok 117 - an embedded Couch route stays loading until its actual setup is prepared
  ---
  duration_ms: 2341.348375
  ...
# Subtest: pause children and cancelled new match preserve two different continuations; reset is explicit
ok 118 - pause children and cancelled new match preserve two different continuations; reset is explicit
  ---
  duration_ms: 2375.942416
  ...
# Subtest: per-seat Auto expands on touch and defers collapse until pause without changing movement
ok 119 - per-seat Auto expands on touch and defers collapse until pause without changing movement
  ---
  duration_ms: 2242.177042
  ...
# Subtest: Always supports independent pointer players; Off wins over coarse and later touch
ok 120 - Always supports independent pointer players; Off wins over coarse and later touch
  ---
  duration_ms: 2179.902625
  ...
# Subtest: authored Arcade removes equipment controls and hints; Tactical reflects the equipped recipe
ok 121 - authored Arcade removes equipment controls and hints; Tactical reflects the equipped recipe
  ---
  duration_ms: 1815.601084
  ...
# Subtest: controller setup/help and repeated keyboard Confirm cannot leak through the flight boundary
ok 122 - controller setup/help and repeated keyboard Confirm cannot leak through the flight boundary
  ---
  duration_ms: 1903.079375
  ...
# Subtest: markup keeps touch crosses outside both arenas and uses separate screen roots
ok 123 - markup keeps touch crosses outside both arenas and uses separate screen roots
  ---
  duration_ms: 0.963542
  ...
# Subtest: controller can read and scroll Help without starting; Back exits reading then the child
ok 124 - controller can read and scroll Help without starting; Back exits reading then the child
  ---
  duration_ms: 2046.321375
  ...
# Subtest: a real finished draw exposes both frozen boards, Results returns without a new round
ok 125 - a real finished draw exposes both frozen boards, Results returns without a new round
  ---
  duration_ms: 2059.144292
  ...
# Subtest: an old held controller cannot reclaim a seat from accepted touch across pause and resume
ok 126 - an old held controller cannot reclaim a seat from accepted touch across pause and resume
  ---
  duration_ms: 1868.008084
  ...
# Subtest: blocked pad input and held keyboard repeats never replace newer touch modality
ok 127 - blocked pad input and held keyboard repeats never replace newer touch modality
  ---
  duration_ms: 1843.921875
  ...
# Subtest: accepted-input observer is optional and observer failures cannot reject or replay commands
ok 128 - accepted-input observer is optional and observer failures cannot reject or replay commands
  ---
  duration_ms: 2.863042
  ...
# Subtest: actual Versus signal-01 shares one exact approved picture and fit through Start and paused continuation
ok 129 - actual Versus signal-01 shares one exact approved picture and fit through Start and paused continuation
  ---
  duration_ms: 405.144
  ...
# Subtest: actual Versus orchard-crossing shares one exact approved picture and fit through Start and paused continuation
ok 130 - actual Versus orchard-crossing shares one exact approved picture and fit through Start and paused continuation
  ---
  duration_ms: 2804.20525
  ...
# Subtest: required decode failure blocks Start; Retry retains the same attempt and chosen original
ok 131 - required decode failure blocks Start; Retry retains the same attempt and chosen original
  ---
  duration_ms: 118.095
  ...
# Subtest: pending Retry owns Cancel and respects ready
ok 132 - pending Retry owns Cancel and respects ready
  ---
  duration_ms: 122.261792
  ...
# Subtest: pending Retry owns Cancel and respects error
ok 133 - pending Retry owns Cancel and respects error
  ---
  duration_ms: 109.2095
  ...
# Subtest: pending Retry owns Cancel and respects deliberate focus
ok 134 - pending Retry owns Cancel and respects deliberate focus
  ---
  duration_ms: 110.1115
  ...
# Subtest: pending Retry owns Cancel and respects background return
ok 135 - pending Retry owns Cancel and respects background return
  ---
  duration_ms: 132.34075
  ...
# Subtest: pending Retry owns Cancel and respects scope return
ok 136 - pending Retry owns Cancel and respects scope return
  ---
  duration_ms: 116.183209
  ...
# Subtest: interrupted async Next stays ready after blur and return until a fresh Start
ok 137 - interrupted async Next stays ready after blur and return until a fresh Start
  ---
  duration_ms: 877.915834
  ...
# Subtest: whole optional snapshot failure retains explicit authored fallback with a visible notice
ok 138 - whole optional snapshot failure retains explicit authored fallback with a visible notice
  ---
  duration_ms: 2246.5425
  ...
# Subtest: Back cancels a pending required picture and late completion cannot resume or replace the accepted attempt
ok 139 - Back cancels a pending required picture and late completion cannot resume or replace the accepted attempt
  ---
  duration_ms: 118.800667
  ...
# Subtest: page disposal releases the owned picture URL once and preserves the original bytes
ok 140 - page disposal releases the owned picture URL once and preserves the original bytes
  ---
  duration_ms: 80.204791
  ...
# Subtest: initial required-picture loading leaves the actual lobby Cancel keyboard reachable
ok 141 - initial required-picture loading leaves the actual lobby Cancel keyboard reachable
  ---
  duration_ms: 78.323125
  ...
1..141
# tests 141
# suites 0
# pass 141
# fail 0
# cancelled 0
# skipped 0
# todo 0
# duration_ms 74715.735708
