TAP version 13
# Subtest: untouched prepared lobby focuses enabled Start once without controller ownership or starting
ok 1 - untouched prepared lobby focuses enabled Start once without controller ownership or starting
  ---
  duration_ms: 594.460709
  type: 'test'
  ...
# Subtest: delayed initial preparation leaves loading focus alone, then hands off to Ready Start
ok 2 - delayed initial preparation leaves loading focus alone, then hands off to Ready Start
  ---
  duration_ms: 204.479
  type: 'test'
  ...
# Subtest: a deliberate current focus is never replaced by the initial handoff
ok 3 - a deliberate current focus is never replaced by the initial handoff
  ---
  duration_ms: 127.846125
  type: 'test'
  ...
# Subtest: a deliberate moved-away focus is never replaced by the initial handoff
ok 4 - a deliberate moved-away focus is never replaced by the initial handoff
  ---
  duration_ms: 136.306334
  type: 'test'
  ...
# Subtest: a deliberate pre-attached-recovery focus is never replaced by the initial handoff
ok 5 - a deliberate pre-attached-recovery focus is never replaced by the initial handoff
  ---
  duration_ms: 163.570042
  type: 'test'
  ...
# Subtest: initial-background permanently relinquishes initial focus even when ready later
ok 6 - initial-background permanently relinquishes initial focus even when ready later
  ---
  duration_ms: 183.209541
  type: 'test'
  ...
# Subtest: blur-return permanently relinquishes initial focus even when ready later
ok 7 - blur-return permanently relinquishes initial focus even when ready later
  ---
  duration_ms: 122.891541
  type: 'test'
  ...
# Subtest: hidden-return permanently relinquishes initial focus even when ready later
ok 8 - hidden-return permanently relinquishes initial focus even when ready later
  ---
  duration_ms: 94.125292
  type: 'test'
  ...
# Subtest: pagehide-return permanently relinquishes initial focus even when ready later
ok 9 - pagehide-return permanently relinquishes initial focus even when ready later
  ---
  duration_ms: 91.148125
  type: 'test'
  ...
# Subtest: an initially disabled Start is never chosen as focus
ok 10 - an initially disabled Start is never chosen as focus
  ---
  duration_ms: 81.1145
  type: 'test'
  ...
# Subtest: an initially no-rect Start is never chosen as focus
ok 11 - an initially no-rect Start is never chosen as focus
  ---
  duration_ms: 83.969208
  type: 'test'
  ...
# Subtest: an initially css-hidden Start is never chosen as focus
ok 12 - an initially css-hidden Start is never chosen as focus
  ---
  duration_ms: 98.918042
  type: 'test'
  ...
# Subtest: an initially aria-hidden Start is never chosen as focus
ok 13 - an initially aria-hidden Start is never chosen as focus
  ---
  duration_ms: 102.244375
  type: 'test'
  ...
# Subtest: boot failure preserves recovery focus and cannot establish a Ready handoff
ok 14 - boot failure preserves recovery focus and cannot establish a Ready handoff
  ---
  duration_ms: 9.623833
  type: 'test'
  ...
# Subtest: required picture error keeps Start unavailable and does not steal its visible Cancel or setup choice
ok 15 - required picture error keeps Start unavailable and does not steal its visible Cancel or setup choice
  ---
  duration_ms: 106.952042
  type: 'test'
  ...
1..15
# tests 15
# suites 0
# pass 15
# fail 0
# cancelled 0
# skipped 0
# todo 0
# duration_ms 2366.594417
