TAP version 13
# Subtest: pagehide-return permanently relinquishes initial focus even when ready later
not ok 1 - pagehide-return permanently relinquishes initial focus even when ready later
  ---
  duration_ms: 108.127375
  type: 'test'
  location: '/Users/oleksandr.mekhovov/work/my_projects/go_test/.cache/worktrees/p03r5-versus-focus/game/test/couch-initial-focus.test.mjs:105:3'
  failureType: 'testCodeFailure'
  error: |-
    Expected values to be strictly equal:

    false !== true

  code: 'ERR_ASSERTION'
  name: 'AssertionError'
  expected: true
  actual: false
  operator: 'strictEqual'
  stack: |-
    TestContext.<anonymous> (file:///Users/oleksandr.mekhovov/work/my_projects/go_test/.cache/worktrees/p03r5-versus-focus/game/test/couch-initial-focus.test.mjs:123:12)
    async Test.run (node:internal/test_runner/test:1054:7)
    async startSubtestAfterBootstrap (node:internal/test_runner/harness:296:3)
  ...
1..1
# tests 1
# suites 0
# pass 0
# fail 1
# cancelled 0
# skipped 0
# todo 0
# duration_ms 209.391459
