TAP version 13
# Subtest: Boost preference previews cancel without writes and commit once through the native setting
ok 1 - Boost preference previews cancel without writes and commit once through the native setting
  ---
  duration_ms: 6.499
  ...
# Subtest: select browsing uses a separate preview, and Back cancels without changing or firing native handlers
ok 2 - select browsing uses a separate preview, and Back cancels without changing or firing native handlers
  ---
  duration_ms: 0.545
  ...
# Subtest: selection previews describe the configured menu buttons without changing draft semantics
ok 3 - selection previews describe the configured menu buttons without changing draft semantics
  ---
  duration_ms: 0.438375
  ...
# Subtest: select Confirm commits once through the existing change handler and ignores disabled choices
ok 4 - select Confirm commits once through the existing change handler and ignores disabled choices
  ---
  duration_ms: 0.725125
  ...
# Subtest: stale disabled cancels a select preview without activating its replacement on the same Confirm
ok 5 - stale disabled cancels a select preview without activating its replacement on the same Confirm
  ---
  duration_ms: 0.395917
  ...
# Subtest: stale hidden cancels a select preview without activating its replacement on the same Confirm
ok 6 - stale hidden cancels a select preview without activating its replacement on the same Confirm
  ---
  duration_ms: 0.753541
  ...
# Subtest: stale detached cancels a select preview without activating its replacement on the same Confirm
ok 7 - stale detached cancels a select preview without activating its replacement on the same Confirm
  ---
  duration_ms: 0.429583
  ...
# Subtest: stale options cancels a select preview without activating its replacement on the same Confirm
ok 8 - stale options cancels a select preview without activating its replacement on the same Confirm
  ---
  duration_ms: 1.114875
  ...
# Subtest: stale value cancels a select preview without activating its replacement on the same Confirm
ok 9 - stale value cancels a select preview without activating its replacement on the same Confirm
  ---
  duration_ms: 0.699292
  ...
# Subtest: stale focus cancels a select preview without activating its replacement on the same Confirm
ok 10 - stale focus cancels a select preview without activating its replacement on the same Confirm
  ---
  duration_ms: 0.641333
  ...
# Subtest: stale scope cancels a select preview without activating its replacement on the same Confirm
ok 11 - stale scope cancels a select preview without activating its replacement on the same Confirm
  ---
  duration_ms: 0.339708
  ...
# Subtest: modal root traps navigation and delegates protected Back without closing or touching background actions
ok 12 - modal root traps navigation and delegates protected Back without closing or touching background actions
  ---
  duration_ms: 2.016375
  ...
# Subtest: linear navigation skips hidden, disabled, inert, closed disclosure and host-rejected controls
ok 13 - linear navigation skips hidden, disabled, inert, closed disclosure and host-rejected controls
  ---
  duration_ms: 2.370333
  ...
# Subtest: gallery-grid uses geometric neighbors within a two-column layout
ok 14 - gallery-grid uses geometric neighbors within a two-column layout
  ---
  duration_ms: 1.120041
  ...
# Subtest: missions uses geometric neighbors within a two-column layout
ok 15 - missions uses geometric neighbors within a two-column layout
  ---
  duration_ms: 2.361083
  ...
# Subtest: slider draft clamps and commits one input/change pair; cancellation never writes the real value
ok 16 - slider draft clamps and commits one input/change pair; cancellation never writes the real value
  ---
  duration_ms: 3.7785
  ...
# Subtest: buttons and checkboxes activate through their existing handlers once per logical edge
ok 17 - buttons and checkboxes activate through their existing handlers once per logical edge
  ---
  duration_ms: 0.370208
  ...
# Subtest: file and text controls explain the host limitation without opening a picker or changing text
ok 18 - file and text controls explain the host limitation without opening a picker or changing text
  ---
  duration_ms: 0.312667
  ...
# Subtest: pointerdown relinquishes controller focus and cancels an uncommitted edit
ok 19 - pointerdown relinquishes controller focus and cancels an uncommitted edit
  ---
  duration_ms: 0.2985
  ...
# Subtest: keydown relinquishes controller focus and cancels an uncommitted edit
ok 20 - keydown relinquishes controller focus and cancels an uncommitted edit
  ---
  duration_ms: 0.1865
  ...
# Subtest: external focus changes cancel editing and a flight scope suppresses all menu actions
ok 21 - external focus changes cancel editing and a flight scope suppresses all menu actions
  ---
  duration_ms: 0.210417
  ...
# Subtest: destroy removes listeners and prevents all later controller actions
ok 22 - destroy removes listeners and prevents all later controller actions
  ---
  duration_ms: 0.11775
  ...
# Subtest: sync cancels a stale editor immediately, and an unchanged scope token cannot retain the old modal root
ok 23 - sync cancels a stale editor immediately, and an unchanged scope token cannot retain the old modal root
  ---
  duration_ms: 1.940375
  ...
# Subtest: a slider range change invalidates the draft before Confirm can commit an obsolete value
ok 24 - a slider range change invalidates the draft before Confirm can commit an obsolete value
  ---
  duration_ms: 0.992584
  ...
# Subtest: Menu cancels an editor first; clear relinquishes navigation without destroying normal DOM controls
ok 25 - Menu cancels an editor first; clear relinquishes navigation without destroying normal DOM controls
  ---
  duration_ms: 0.79
  ...
# Subtest: a disabled focused button cannot redirect its Confirm into a neighboring destructive action
ok 26 - a disabled focused button cannot redirect its Confirm into a neighboring destructive action
  ---
  duration_ms: 0.221083
  ...
# Subtest: returning from a picture preserves the newly restored gallery origin instead of the modal default
ok 27 - returning from a picture preserves the newly restored gallery origin instead of the modal default
  ---
  duration_ms: 0.243083
  ...
# Subtest: joining engages the default focus without activating it or leaking the join into Confirm
ok 28 - joining engages the default focus without activating it or leaking the join into Confirm
  ---
  duration_ms: 0.245916
  ...
# Subtest: engaging a new scope preserves a host-restored gallery card without opening it
ok 29 - engaging a new scope preserves a host-restored gallery card without opening it
  ---
  duration_ms: 0.184792
  ...
# Subtest: engage never enters menu navigation during flight or after destruction
ok 30 - engage never enters menu navigation during flight or after destruction
  ---
  duration_ms: 0.118667
  ...
# Subtest: select previews stay outside the enclosing label and preserve its name source
ok 31 - select previews stay outside the enclosing label and preserve its name source
  ---
  duration_ms: 1.608209
  ...
# Subtest: range previews stay outside the enclosing label and preserve its name source
ok 32 - range previews stay outside the enclosing label and preserve its name source
  ---
  duration_ms: 0.687125
  ...
# Subtest: reading entry focuses a named region before notification and returns owned metadata
ok 33 - reading entry focuses a named region before notification and returns owned metadata
  ---
  duration_ms: 0.86775
  ...
# Subtest: reader scrolls vertically to both endpoints without moving focus, wrapping or repeating edge announcements
ok 34 - reader scrolls vertically to both endpoints without moving focus, wrapping or repeating edge announcements
  ---
  duration_ms: 0.76075
  ...
# Subtest: small and nonoverflowing readers have bounded steps and always permit immediate exit
ok 35 - small and nonoverflowing readers have bounded steps and always permit immediate exit
  ---
  duration_ms: 2.375375
  ...
# Subtest: reading back ends once and consumes the complete gesture before host actions
ok 36 - reading back ends once and consumes the complete gesture before host actions
  ---
  duration_ms: 0.989208
  ...
# Subtest: reading confirm ends once and consumes the complete gesture before host actions
ok 37 - reading confirm ends once and consumes the complete gesture before host actions
  ---
  duration_ms: 0.588208
  ...
# Subtest: reading menu ends once and consumes the complete gesture before host actions
ok 38 - reading menu ends once and consumes the complete gesture before host actions
  ---
  duration_ms: 0.94725
  ...
# Subtest: entry validates the entire surface before replacing a reader or cancelling an editor
ok 39 - entry validates the entire surface before replacing a reader or cancelling an editor
  ---
  duration_ms: 1.428042
  ...
# Subtest: removed region cancels reading and cannot redirect the invalidating Confirm to another action
ok 40 - removed region cancels reading and cannot redirect the invalidating Confirm to another action
  ---
  duration_ms: 0.296583
  ...
# Subtest: changed region identity cancels reading and cannot redirect the invalidating Confirm to another action
ok 41 - changed region identity cancels reading and cannot redirect the invalidating Confirm to another action
  ---
  duration_ms: 0.470417
  ...
# Subtest: hidden region cancels reading and cannot redirect the invalidating Confirm to another action
ok 42 - hidden region cancels reading and cannot redirect the invalidating Confirm to another action
  ---
  duration_ms: 0.246
  ...
# Subtest: inert region cancels reading and cannot redirect the invalidating Confirm to another action
ok 43 - inert region cancels reading and cannot redirect the invalidating Confirm to another action
  ---
  duration_ms: 0.215292
  ...
# Subtest: removed origin cancels reading and cannot redirect the invalidating Confirm to another action
ok 44 - removed origin cancels reading and cannot redirect the invalidating Confirm to another action
  ---
  duration_ms: 0.21075
  ...
# Subtest: disabled origin cancels reading and cannot redirect the invalidating Confirm to another action
ok 45 - disabled origin cancels reading and cannot redirect the invalidating Confirm to another action
  ---
  duration_ms: 0.255875
  ...
# Subtest: replaced content cancels reading and cannot redirect the invalidating Confirm to another action
ok 46 - replaced content cancels reading and cannot redirect the invalidating Confirm to another action
  ---
  duration_ms: 0.243875
  ...
# Subtest: removed marker cancels reading and cannot redirect the invalidating Confirm to another action
ok 47 - removed marker cancels reading and cannot redirect the invalidating Confirm to another action
  ---
  duration_ms: 4.155667
  ...
# Subtest: collapsed viewport cancels reading and cannot redirect the invalidating Confirm to another action
ok 48 - collapsed viewport cancels reading and cannot redirect the invalidating Confirm to another action
  ---
  duration_ms: 0.311875
  ...
# Subtest: scope and root changes cancel reading without restoring stale focus or activating the next dialog
ok 49 - scope and root changes cancel reading without restoring stale focus or activating the next dialog
  ---
  duration_ms: 0.215666
  ...
# Subtest: native focus, pointer and keyboard relinquish reading without stealing focus or swallowing native keys
ok 50 - native focus, pointer and keyboard relinquish reading without stealing focus or swallowing native keys
  ---
  duration_ms: 0.430833
  ...
# Subtest: an end-only Done button stays harmless after pointerdown already cancelled reading
ok 51 - an end-only Done button stays harmless after pointerdown already cancelled reading
  ---
  duration_ms: 0.151
  ...
# Subtest: lifecycle clear cancels reading once, preserves scroll position and consumes stale input
ok 52 - lifecycle clear cancels reading once, preserves scroll position and consumes stale input
  ---
  duration_ms: 0.194333
  ...
# Subtest: real remapped router drives reading repeats and gates held buttons/sticks across entry and exit
ok 53 - real remapped router drives reading repeats and gates held buttons/sticks across entry and exit
  ---
  duration_ms: 1.931833
  ...
# Subtest: held Retry Confirm cannot leave the loss reader or leak ability and Toggle Boost into flight
ok 54 - held Retry Confirm cannot leave the loss reader or leak ability and Toggle Boost into flight
  ---
  duration_ms: 5.3745
  ...
# Subtest: reopening changed content starts at the top while unchanged content keeps its reading position
ok 55 - reopening changed content starts at the top while unchanged content keeps its reading position
  ---
  duration_ms: 0.342917
  ...
# Subtest: registered Done preserves the reader until native click and restores the origin after host disables Done
ok 56 - registered Done preserves the reader until native click and restores the origin after host disables Done
  ---
  duration_ms: 0.221959
  ...
# Subtest: Done descendant taps keep click semantics; pointercancel and other pointer gestures still relinquish
ok 57 - Done descendant taps keep click semantics; pointercancel and other pointer gestures still relinquish
  ---
  duration_ms: 0.336708
  ...
# Subtest: exit registration rejects unrelated or hidden controls without replacing a current reader
ok 58 - exit registration rejects unrelated or hidden controls without replacing a current reader
  ---
  duration_ms: 0.404416
  ...
# Subtest: actual two-surface host preserves a native Done click through document capture and returns focus
ok 59 - actual two-surface host preserves a native Done click through document capture and returns focus
  ---
  duration_ms: 2.22625
  ...
# Subtest: untouched prepared lobby focuses enabled Start once without controller ownership or starting
ok 60 - untouched prepared lobby focuses enabled Start once without controller ownership or starting
  ---
  duration_ms: 160.826459
  ...
# Subtest: delayed initial preparation leaves loading focus alone, then hands off to Ready Start
ok 61 - delayed initial preparation leaves loading focus alone, then hands off to Ready Start
  ---
  duration_ms: 54.247833
  ...
# Subtest: a deliberate current focus is never replaced by the initial handoff
ok 62 - a deliberate current focus is never replaced by the initial handoff
  ---
  duration_ms: 47.370166
  ...
# Subtest: a deliberate moved-away focus is never replaced by the initial handoff
ok 63 - a deliberate moved-away focus is never replaced by the initial handoff
  ---
  duration_ms: 44.274542
  ...
# Subtest: a deliberate pre-attached-recovery focus is never replaced by the initial handoff
ok 64 - a deliberate pre-attached-recovery focus is never replaced by the initial handoff
  ---
  duration_ms: 44.093375
  ...
# Subtest: initial-background permanently relinquishes initial focus even when ready later
ok 65 - initial-background permanently relinquishes initial focus even when ready later
  ---
  duration_ms: 41.873333
  ...
# Subtest: blur-return permanently relinquishes initial focus even when ready later
ok 66 - blur-return permanently relinquishes initial focus even when ready later
  ---
  duration_ms: 38.677834
  ...
# Subtest: hidden-return permanently relinquishes initial focus even when ready later
ok 67 - hidden-return permanently relinquishes initial focus even when ready later
  ---
  duration_ms: 44.225958
  ...
# Subtest: an initially disabled Start is never chosen as focus
ok 68 - an initially disabled Start is never chosen as focus
  ---
  duration_ms: 42.408083
  ...
# Subtest: an initially no-rect Start is never chosen as focus
ok 69 - an initially no-rect Start is never chosen as focus
  ---
  duration_ms: 41.446667
  ...
# Subtest: an initially css-hidden Start is never chosen as focus
ok 70 - an initially css-hidden Start is never chosen as focus
  ---
  duration_ms: 38.8585
  ...
# Subtest: an initially aria-hidden Start is never chosen as focus
ok 71 - an initially aria-hidden Start is never chosen as focus
  ---
  duration_ms: 41.704625
  ...
# Subtest: boot failure preserves recovery focus and cannot establish a Ready handoff
ok 72 - boot failure preserves recovery focus and cannot establish a Ready handoff
  ---
  duration_ms: 4.11075
  ...
# Subtest: required picture error keeps Start unavailable and does not steal its visible Cancel or setup choice
ok 73 - required picture error keeps Start unavailable and does not steal its visible Cancel or setup choice
  ---
  duration_ms: 43.815708
  ...
# Subtest: simultaneous keyboard, held touch and controllers remain scoped to their player
ok 74 - simultaneous keyboard, held touch and controllers remain scoped to their player
  ---
  duration_ms: 3.028834
  ...
# Subtest: Stop blocks only that player held controller and keyboard until fresh input
ok 75 - Stop blocks only that player held controller and keyboard until fresh input
  ---
  duration_ms: 0.585791
  ...
# Subtest: two independent direction and boost pointers release separately
ok 76 - two independent direction and boost pointers release separately
  ---
  duration_ms: 0.522166
  ...
# Subtest: outside pointer release also works when pointer capture is unavailable
ok 77 - outside pointer release also works when pointer capture is unavailable
  ---
  duration_ms: 0.405458
  ...
# Subtest: tap toggles ignore native pointer clicks, while unaccompanied assistive clicks work
ok 78 - tap toggles ignore native pointer clicks, while unaccompanied assistive clicks work
  ---
  duration_ms: 0.38175
  ...
# Subtest: held button keyboard activation follows hold mode, release and blur
ok 79 - held button keyboard activation follows hold mode, release and blur
  ---
  duration_ms: 0.467
  ...
# Subtest: Enter repeat and native key clicks cannot toggle twice or trigger the other player
ok 80 - Enter repeat and native key clicks cannot toggle twice or trigger the other player
  ---
  duration_ms: 4.853958
  ...
# Subtest: queued keyboard and touch actions survive zero ticks and consume once per fixed tick
ok 81 - queued keyboard and touch actions survive zero ticks and consume once per fixed tick
  ---
  duration_ms: 0.738833
  ...
# Subtest: controller actions remain held for core edge detection without clearing local pending actions
ok 82 - controller actions remain held for core edge detection without clearing local pending actions
  ---
  duration_ms: 0.324375
  ...
# Subtest: pause button on a controller suppresses both same-sample commands until neutral after resume
ok 83 - pause button on a controller suppresses both same-sample commands until neutral after resume
  ---
  duration_ms: 0.451459
  ...
# Subtest: disconnect pauses both boards and a surviving controller keeps its original player slot
ok 84 - disconnect pauses both boards and a surviving controller keeps its original player slot
  ---
  duration_ms: 0.29025
  ...
# Subtest: blur, hidden page, pointer cancellation and unexpected capture loss pause and clear both players
ok 85 - blur, hidden page, pointer cancellation and unexpected capture loss pause and clear both players
  ---
  duration_ms: 1.629708
  ...
# Subtest: native form shortcuts are preserved, Escape still pauses from a focused control, and destroy removes all listeners
ok 86 - native form shortcuts are preserved, Escape still pauses from a focused control, and destroy removes all listeners
  ---
  duration_ms: 0.588625
  ...
# Subtest: focused music or action controls do not strand keyboard movement but retain native Enter
ok 87 - focused music or action controls do not strand keyboard movement but retain native Enter
  ---
  duration_ms: 0.5765
  ...
# Subtest: real duel receives equal scoped class recipes and equivalent keyboard/touch motion: immediate
ok 88 - real duel receives equal scoped class recipes and equivalent keyboard/touch motion: immediate
  ---
  duration_ms: 17.2095
  ...
# Subtest: real duel receives equal scoped class recipes and equivalent keyboard/touch motion: grid-center
ok 89 - real duel receives equal scoped class recipes and equivalent keyboard/touch motion: grid-center
  ---
  duration_ms: 9.928875
  ...
# Subtest: real core gets one scan per held keyboard press and a fresh scan after release
ok 90 - real core gets one scan per held keyboard press and a fresh scan after release
  ---
  duration_ms: 3.883875
  ...
# Subtest: two sparse pads deliberately claim one menu; join/held Confirm cannot start or leak flight actions
ok 91 - two sparse pads deliberately claim one menu; join/held Confirm cannot start or leak flight actions
  ---
  duration_ms: 1914.710459
  ...
# Subtest: actual select previews cancel without replacing the duel and commit once through onchange
ok 92 - actual select previews cancel without replacing the duel and commit once through onchange
  ---
  duration_ms: 1614.463125
  ...
# Subtest: Back and Menu cancel previews or focus the primary action without starting or resetting
ok 93 - Back and Menu cancel previews or focus the primary action without starting or resetting
  ---
  duration_ms: 1747.898
  ...
# Subtest: native menu focus cancels a held D-pad repeat until neutral without clearing either flight keyboard
ok 94 - native menu focus cancels a held D-pad repeat until neutral without clearing either flight keyboard
  ---
  duration_ms: 1591.38625
  ...
# Subtest: Ready slot loss consumes another pad Confirm; the surviving player keeps its slot
ok 95 - Ready slot loss consumes another pad Confirm; the surviving player keeps its slot
  ---
  duration_ms: 1784.760625
  ...
# Subtest: descriptor change at the same index pauses flight and requires neutral plus a new menu join
ok 96 - descriptor change at the same index pauses flight and requires neutral plus a new menu join
  ---
  duration_ms: 1670.595
  ...
# Subtest: disconnect event at the same index pauses flight and requires neutral plus a new menu join
ok 97 - disconnect event at the same index pauses flight and requires neutral plus a new menu join
  ---
  duration_ms: 1721.954959
  ...
# Subtest: explicit menu release permits the other player to join, never transfers a held edge
ok 98 - explicit menu release permits the other player to join, never transfers a held edge
  ---
  duration_ms: 1808.642
  ...
# Subtest: one hardware read per visible frame and no reads or ticks while unfocused, hidden or disposed
ok 99 - one hardware read per visible frame and no reads or ticks while unfocused, hidden or disposed
  ---
  duration_ms: 1946.063291
  ...
# Subtest: persisted return and Ready Escape preserve the true state and cancel a pending edit
ok 100 - persisted return and Ready Escape preserve the true state and cancel a pending edit
  ---
  duration_ms: 1744.198208
  ...
# Subtest: API errors and unsupported pads remain usable with keyboard and truthful Ready status
ok 101 - API errors and unsupported pads remain usable with keyboard and truthful Ready status
  ---
  duration_ms: 1583.659042
  ...
# Subtest: immediate: actual Sentinel round win and best-of-three rematch retain legal core route results
ok 102 - immediate: actual Sentinel round win and best-of-three rematch retain legal core route results
  ---
  duration_ms: 10576.330083
  ...
# Subtest: grid-center: actual Sentinel round win and best-of-three rematch retain legal core route results
ok 103 - grid-center: actual Sentinel round win and best-of-three rematch retain legal core route results
  ---
  duration_ms: 11895.975083
  ...
# Subtest: one lost craft does not expose shared menu; both ended draws retain explicit Next
ok 104 - one lost craft does not expose shared menu; both ended draws retain explicit Next
  ---
  duration_ms: 2214.784542
  ...
# Subtest: native checkboxes and both held touch pads stay independent after leaving controller navigation
ok 105 - native checkboxes and both held touch pads stay independent after leaving controller navigation
  ---
  duration_ms: 2966.113792
  ...
# Subtest: immediate: actual Pause retains two different requested turns and explicit Resume continues both
ok 106 - immediate: actual Pause retains two different requested turns and explicit Resume continues both
  ---
  duration_ms: 3078.564875
  ...
# Subtest: immediate: real recovery clears only that player's continuous intent before later substeps
ok 107 - immediate: real recovery clears only that player's continuous intent before later substeps
  ---
  duration_ms: 2108.222084
  ...
# Subtest: grid-center: actual Pause retains two different requested turns and explicit Resume continues both
ok 108 - grid-center: actual Pause retains two different requested turns and explicit Resume continues both
  ---
  duration_ms: 2215.117042
  ...
# Subtest: grid-center: real recovery clears only that player's continuous intent before later substeps
ok 109 - grid-center: real recovery clears only that player's continuous intent before later substeps
  ---
  duration_ms: 2274.730708
  ...
# Subtest: timeout draw keeps series at zero and needs a fresh explicit Next gesture
ok 110 - timeout draw keeps series at zero and needs a fresh explicit Next gesture
  ---
  duration_ms: 2363.869833
  ...
# Subtest: immediate, keyboard: real cut closure stops only its player across substeps and held input
ok 111 - immediate, keyboard: real cut closure stops only its player across substeps and held input
  ---
  duration_ms: 2869.208166
  ...
# Subtest: immediate, controller: real cut closure stops only its player across substeps and held input
ok 112 - immediate, controller: real cut closure stops only its player across substeps and held input
  ---
  duration_ms: 2908.720167
  ...
# Subtest: grid-center, keyboard: real cut closure stops only its player across substeps and held input
ok 113 - grid-center, keyboard: real cut closure stops only its player across substeps and held input
  ---
  duration_ms: 3229.541791
  ...
# Subtest: grid-center, controller: real cut closure stops only its player across substeps and held input
ok 114 - grid-center, controller: real cut closure stops only its player across substeps and held input
  ---
  duration_ms: 3159.082833
  ...
# Subtest: lobby, setup and children use reachable native controls and Back restores the actual opener
ok 115 - lobby, setup and children use reachable native controls and Back restores the actual opener
  ---
  duration_ms: 1477.006875
  ...
# Subtest: an embedded Couch route stays loading until its actual setup is prepared
ok 116 - an embedded Couch route stays loading until its actual setup is prepared
  ---
  duration_ms: 1379.643125
  ...
# Subtest: pause children and cancelled new match preserve two different continuations; reset is explicit
ok 117 - pause children and cancelled new match preserve two different continuations; reset is explicit
  ---
  duration_ms: 1633.762292
  ...
# Subtest: per-seat Auto expands on touch and defers collapse until pause without changing movement
ok 118 - per-seat Auto expands on touch and defers collapse until pause without changing movement
  ---
  duration_ms: 1479.687584
  ...
# Subtest: Always supports independent pointer players; Off wins over coarse and later touch
ok 119 - Always supports independent pointer players; Off wins over coarse and later touch
  ---
  duration_ms: 1530.800875
  ...
# Subtest: authored Arcade removes equipment controls and hints; Tactical reflects the equipped recipe
ok 120 - authored Arcade removes equipment controls and hints; Tactical reflects the equipped recipe
  ---
  duration_ms: 1719.961875
  ...
# Subtest: controller setup/help and repeated keyboard Confirm cannot leak through the flight boundary
ok 121 - controller setup/help and repeated keyboard Confirm cannot leak through the flight boundary
  ---
  duration_ms: 1597.305333
  ...
# Subtest: markup keeps touch crosses outside both arenas and uses separate screen roots
ok 122 - markup keeps touch crosses outside both arenas and uses separate screen roots
  ---
  duration_ms: 0.856375
  ...
# Subtest: controller can read and scroll Help without starting; Back exits reading then the child
ok 123 - controller can read and scroll Help without starting; Back exits reading then the child
  ---
  duration_ms: 1665.699333
  ...
# Subtest: a real finished draw exposes both frozen boards, Results returns without a new round
ok 124 - a real finished draw exposes both frozen boards, Results returns without a new round
  ---
  duration_ms: 1935.172333
  ...
# Subtest: an old held controller cannot reclaim a seat from accepted touch across pause and resume
ok 125 - an old held controller cannot reclaim a seat from accepted touch across pause and resume
  ---
  duration_ms: 1924.081125
  ...
# Subtest: blocked pad input and held keyboard repeats never replace newer touch modality
ok 126 - blocked pad input and held keyboard repeats never replace newer touch modality
  ---
  duration_ms: 1631.168209
  ...
# Subtest: accepted-input observer is optional and observer failures cannot reject or replay commands
ok 127 - accepted-input observer is optional and observer failures cannot reject or replay commands
  ---
  duration_ms: 1.949042
  ...
# Subtest: actual Versus signal-01 shares one exact approved picture and fit through Start and paused continuation
ok 128 - actual Versus signal-01 shares one exact approved picture and fit through Start and paused continuation
  ---
  duration_ms: 191.248416
  ...
# Subtest: actual Versus orchard-crossing shares one exact approved picture and fit through Start and paused continuation
ok 129 - actual Versus orchard-crossing shares one exact approved picture and fit through Start and paused continuation
  ---
  duration_ms: 1484.360625
  ...
# Subtest: required decode failure blocks Start; Retry retains the same attempt and chosen original
ok 130 - required decode failure blocks Start; Retry retains the same attempt and chosen original
  ---
  duration_ms: 70.249417
  ...
# Subtest: pending Retry owns Cancel and respects ready
ok 131 - pending Retry owns Cancel and respects ready
  ---
  duration_ms: 67.147209
  ...
# Subtest: pending Retry owns Cancel and respects error
ok 132 - pending Retry owns Cancel and respects error
  ---
  duration_ms: 63.039666
  ...
# Subtest: pending Retry owns Cancel and respects deliberate focus
ok 133 - pending Retry owns Cancel and respects deliberate focus
  ---
  duration_ms: 60.996417
  ...
# Subtest: pending Retry owns Cancel and respects background return
ok 134 - pending Retry owns Cancel and respects background return
  ---
  duration_ms: 66.089917
  ...
# Subtest: pending Retry owns Cancel and respects scope return
ok 135 - pending Retry owns Cancel and respects scope return
  ---
  duration_ms: 62.690625
  ...
# Subtest: interrupted async Next stays ready after blur and return until a fresh Start
ok 136 - interrupted async Next stays ready after blur and return until a fresh Start
  ---
  duration_ms: 497.835959
  ...
# Subtest: whole optional snapshot failure retains explicit authored fallback with a visible notice
ok 137 - whole optional snapshot failure retains explicit authored fallback with a visible notice
  ---
  duration_ms: 1489.792458
  ...
# Subtest: Back cancels a pending required picture and late completion cannot resume or replace the accepted attempt
ok 138 - Back cancels a pending required picture and late completion cannot resume or replace the accepted attempt
  ---
  duration_ms: 77.671542
  ...
# Subtest: page disposal releases the owned picture URL once and preserves the original bytes
ok 139 - page disposal releases the owned picture URL once and preserves the original bytes
  ---
  duration_ms: 52.003084
  ...
# Subtest: initial required-picture loading leaves the actual lobby Cancel keyboard reachable
ok 140 - initial required-picture loading leaves the actual lobby Cancel keyboard reachable
  ---
  duration_ms: 59.4115
  ...
1..140
# tests 140
# suites 0
# pass 140
# fail 0
# cancelled 0
# skipped 0
# todo 0
# duration_ms 71132.869
