TAP version 13
# Subtest: actual demo shares mute, volume and transport while demo Pause and credits preserve gameplay
ok 1 - actual demo shares mute, volume and transport while demo Pause and credits preserve gameplay
  ---
  duration_ms: 4120.366041
  ...
# Subtest: actual Play style starts paused music, preserves listening restrictions, and yields to newer close or Pause
ok 2 - actual Play style starts paused music, preserves listening restrictions, and yields to newer close or Pause
  ---
  duration_ms: 5432.789417
  ...
# Subtest: actual loading Demo Back owns Enter through restored Home and releases fresh input
ok 3 - actual loading Demo Back owns Enter through restored Home and releases fresh input
  ---
  duration_ms: 2180.699833
  ...
# Subtest: actual watching Demo Back owns Enter through restored Home and releases fresh input
ok 4 - actual watching Demo Back owns Enter through restored Home and releases fresh input
  ---
  duration_ms: 1822.925041
  ...
# Subtest: actual practice Demo Back owns Enter through restored Home and releases fresh input
ok 5 - actual practice Demo Back owns Enter through restored Home and releases fresh input
  ---
  duration_ms: 2553.79425
  ...
# Subtest: actual returned Demo Back owns Enter through restored Home and releases fresh input
ok 6 - actual returned Demo Back owns Enter through restored Home and releases fresh input
  ---
  duration_ms: 2293.358666
  ...
# Subtest: actual loading Demo Back owns NumpadEnter through restored Home and releases fresh input
ok 7 - actual loading Demo Back owns NumpadEnter through restored Home and releases fresh input
  ---
  duration_ms: 1509.046833
  ...
# Subtest: actual watching Demo Back owns NumpadEnter through restored Home and releases fresh input
ok 8 - actual watching Demo Back owns NumpadEnter through restored Home and releases fresh input
  ---
  duration_ms: 2636.873833
  ...
# Subtest: actual practice Demo Back owns NumpadEnter through restored Home and releases fresh input
ok 9 - actual practice Demo Back owns NumpadEnter through restored Home and releases fresh input
  ---
  duration_ms: 2278.683792
  ...
# Subtest: actual returned Demo Back owns NumpadEnter through restored Home and releases fresh input
ok 10 - actual returned Demo Back owns NumpadEnter through restored Home and releases fresh input
  ---
  duration_ms: 2120.16125
  ...
# Subtest: actual loading Demo Back owns Space through restored Home and releases fresh input
ok 11 - actual loading Demo Back owns Space through restored Home and releases fresh input
  ---
  duration_ms: 1470.234917
  ...
# Subtest: actual watching Demo Back owns Space through restored Home and releases fresh input
ok 12 - actual watching Demo Back owns Space through restored Home and releases fresh input
  ---
  duration_ms: 1945.686125
  ...
# Subtest: actual practice Demo Back owns Space through restored Home and releases fresh input
ok 13 - actual practice Demo Back owns Space through restored Home and releases fresh input
  ---
  duration_ms: 2270.535584
  ...
# Subtest: actual returned Demo Back owns Space through restored Home and releases fresh input
ok 14 - actual returned Demo Back owns Space through restored Home and releases fresh input
  ---
  duration_ms: 2193.801292
  ...
# Subtest: actual Demo audio UI retains native keyboard activation and range editing
ok 15 - actual Demo audio UI retains native keyboard activation and range editing
  ---
  duration_ms: 1728.213125
  ...
# Subtest: practice handoff requires every observed keyboard key to become neutral before fresh steering
ok 16 - practice handoff requires every observed keyboard key to become neutral before fresh steering
  ---
  duration_ms: 1.857709
  ...
# Subtest: blur: an unobservable outside key release cannot permanently block practice
ok 17 - blur: an unobservable outside key release cannot permanently block practice
  ---
  duration_ms: 0.252083
  ...
# Subtest: hidden: an unobservable outside key release cannot permanently block practice
ok 18 - hidden: an unobservable outside key release cannot permanently block practice
  ---
  duration_ms: 0.20175
  ...
# Subtest: ability: a quick keyboard or pointer impulse survives release until consumed once
ok 19 - ability: a quick keyboard or pointer impulse survives release until consumed once
  ---
  duration_ms: 0.378833
  ...
# Subtest: pickup: a quick keyboard or pointer impulse survives release until consumed once
ok 20 - pickup: a quick keyboard or pointer impulse survives release until consumed once
  ---
  duration_ms: 0.312291
  ...
# Subtest: releasing either Boost key or a separate touch cannot release another physical Boost owner
ok 21 - releasing either Boost key or a separate touch cannot release another physical Boost owner
  ---
  duration_ms: 0.233667
  ...
# Subtest: tap-steering toggles pointer Boost while keyboard Boost stays Hold, and lifecycle clear retires the latch
ok 22 - tap-steering toggles pointer Boost while keyboard Boost stays Hold, and lifecycle clear retires the latch
  ---
  duration_ms: 0.288125
  ...
# Subtest: click-only assistive Boost toggles without a release event and preserves independent keyboard Hold
ok 23 - click-only assistive Boost toggles without a release event and preserves independent keyboard Hold
  ---
  duration_ms: 0.393416
  ...
# Subtest: cancelling the active touch Boost toggle clears it while an unrelated finger cannot
ok 24 - cancelling the active touch Boost toggle clears it while an unrelated finger cannot
  ---
  duration_ms: 0.22225
  ...
# Subtest: stick: capture failure, outside release, cancellation and stale moves preserve one touch owner
ok 25 - stick: capture failure, outside release, cancellation and stale moves preserve one touch owner
  ---
  duration_ms: 0.457458
  ...
# Subtest: swipe: capture failure, outside release, cancellation and stale moves preserve one touch owner
ok 26 - swipe: capture failure, outside release, cancellation and stale moves preserve one touch owner
  ---
  duration_ms: 0.178875
  ...
# Subtest: deliberate clear retires a captured steering finger before late capture notifications
ok 27 - deliberate clear retires a captured steering finger before late capture notifications
  ---
  duration_ms: 0.158625
  ...
# Subtest: a fresh configured keyboard direction takes over once, survives async clear, and never leaks to ordinary input
ok 28 - a fresh configured keyboard direction takes over once, survives async clear, and never leaks to ordinary input
  ---
  duration_ms: 0.87975
  ...
# Subtest: Back exits watching on pointerdown and consumes its trailing PointerEvent click after Home restores
ok 29 - Back exits watching on pointerdown and consumes its trailing PointerEvent click after Home restores
  ---
  duration_ms: 0.130708
  ...
# Subtest: Back exits watching on pointerdown and consumes its trailing MouseEvent click after Home restores
ok 30 - Back exits watching on pointerdown and consumes its trailing MouseEvent click after Home restores
  ---
  duration_ms: 0.121209
  ...
# Subtest: Back inside Demo UI exits watching on Enter and consumes repeats, release and click after focus moves Home
ok 31 - Back inside Demo UI exits watching on Enter and consumes repeats, release and click after focus moves Home
  ---
  duration_ms: 0.124125
  ...
# Subtest: Back inside Demo UI exits loading on Enter and consumes repeats, release and click after focus moves Home
ok 32 - Back inside Demo UI exits loading on Enter and consumes repeats, release and click after focus moves Home
  ---
  duration_ms: 0.074291
  ...
# Subtest: Back inside Demo UI exits practice on Enter and consumes repeats, release and click after focus moves Home
ok 33 - Back inside Demo UI exits practice on Enter and consumes repeats, release and click after focus moves Home
  ---
  duration_ms: 0.1125
  ...
# Subtest: Back inside Demo UI exits watching on NumpadEnter and consumes repeats, release and click after focus moves Home
ok 34 - Back inside Demo UI exits watching on NumpadEnter and consumes repeats, release and click after focus moves Home
  ---
  duration_ms: 0.115083
  ...
# Subtest: Back inside Demo UI exits loading on NumpadEnter and consumes repeats, release and click after focus moves Home
ok 35 - Back inside Demo UI exits loading on NumpadEnter and consumes repeats, release and click after focus moves Home
  ---
  duration_ms: 0.072292
  ...
# Subtest: Back inside Demo UI exits practice on NumpadEnter and consumes repeats, release and click after focus moves Home
ok 36 - Back inside Demo UI exits practice on NumpadEnter and consumes repeats, release and click after focus moves Home
  ---
  duration_ms: 0.069291
  ...
# Subtest: Back inside Demo UI exits watching on Space and consumes repeats, release and click after focus moves Home
ok 37 - Back inside Demo UI exits watching on Space and consumes repeats, release and click after focus moves Home
  ---
  duration_ms: 0.109292
  ...
# Subtest: Back inside Demo UI exits loading on Space and consumes repeats, release and click after focus moves Home
ok 38 - Back inside Demo UI exits loading on Space and consumes repeats, release and click after focus moves Home
  ---
  duration_ms: 0.070375
  ...
# Subtest: Back inside Demo UI exits practice on Space and consumes repeats, release and click after focus moves Home
ok 39 - Back inside Demo UI exits practice on Space and consumes repeats, release and click after focus moves Home
  ---
  duration_ms: 0.12725
  ...
# Subtest: teardown removes keyboard, pointer and lifecycle observers
ok 40 - teardown removes keyboard, pointer and lifecycle observers
  ---
  duration_ms: 0.085125
  ...
# Subtest: PointerEvent click: another finger cannot duplicate the first play action
ok 41 - PointerEvent click: another finger cannot duplicate the first play action
  ---
  duration_ms: 0.106542
  ...
# Subtest: MouseEvent click: another finger cannot duplicate the first play action
ok 42 - MouseEvent click: another finger cannot duplicate the first play action
  ---
  duration_ms: 0.134166
  ...
# Subtest: fresh keyboard ability takes over with exactly one retained semantic action
ok 43 - fresh keyboard ability takes over with exactly one retained semantic action
  ---
  duration_ms: 0.101875
  ...
# Subtest: fresh keyboard pickup takes over with exactly one retained semantic action
ok 44 - fresh keyboard pickup takes over with exactly one retained semantic action
  ---
  duration_ms: 0.074583
  ...
# Subtest: fresh keyboard boost takes over with exactly one retained semantic action
ok 45 - fresh keyboard boost takes over with exactly one retained semantic action
  ---
  duration_ms: 0.069042
  ...
# Subtest: fresh keyboard hangar takes over with exactly one retained semantic action
ok 46 - fresh keyboard hangar takes over with exactly one retained semantic action
  ---
  duration_ms: 0.090375
  ...
# Subtest: keyboard auto-repeat, held entry keys, IME and modified shortcuts cannot take over
ok 47 - keyboard auto-repeat, held entry keys, IME and modified shortcuts cannot take over
  ---
  duration_ms: 0.262667
  ...
# Subtest: stick: watch touch waits for a recognized direction and forwards it once
ok 48 - stick: watch touch waits for a recognized direction and forwards it once
  ---
  duration_ms: 0.426834
  ...
# Subtest: swipe: watch touch waits for a recognized direction and forwards it once
ok 49 - swipe: watch touch waits for a recognized direction and forwards it once
  ---
  duration_ms: 0.337459
  ...
# Subtest: a deliberate canvas tap takes over without inventing a direction; cancellation and dragging do not
ok 50 - a deliberate canvas tap takes over without inventing a direction; cancellation and dragging do not
  ---
  duration_ms: 0.285084
  ...
# Subtest: pointer: explicit movement and action buttons take over once
ok 51 - pointer: explicit movement and action buttons take over once
  ---
  duration_ms: 0.150542
  ...
# Subtest: assistive: explicit movement and action buttons take over once
ok 52 - assistive: explicit movement and action buttons take over once
  ---
  duration_ms: 0.079292
  ...
# Subtest: fullscreen, next and menu buttons activate normally through pointer, keyboard and assistive clicks
ok 53 - fullscreen, next and menu buttons activate normally through pointer, keyboard and assistive clicks
  ---
  duration_ms: 0.174166
  ...
# Subtest: KeyP opens the watching menu while Escape exits
ok 54 - KeyP opens the watching menu while Escape exits
  ---
  duration_ms: 0.095917
  ...
# Subtest: KeyX opens the watching menu while Escape exits
ok 55 - KeyX opens the watching menu while Escape exits
  ---
  duration_ms: 0.065666
  ...
# Subtest: controller menu/back remain separate from gameplay takeover and pending preparation cannot navigate
ok 56 - controller menu/back remain separate from gameplay takeover and pending preparation cannot navigate
  ---
  duration_ms: 0.108375
  ...
# Subtest: real controller router: analog takes over only after join/neutral and a fresh deliberate edge
ok 57 - real controller router: analog takes over only after join/neutral and a fresh deliberate edge
  ---
  duration_ms: 3.219125
  ...
# Subtest: real controller router: dpad takes over only after join/neutral and a fresh deliberate edge
ok 58 - real controller router: dpad takes over only after join/neutral and a fresh deliberate edge
  ---
  duration_ms: 0.777625
  ...
# Subtest: real controller router: ability takes over only after join/neutral and a fresh deliberate edge
ok 59 - real controller router: ability takes over only after join/neutral and a fresh deliberate edge
  ---
  duration_ms: 0.361375
  ...
# Subtest: real controller router: pickup takes over only after join/neutral and a fresh deliberate edge
ok 60 - real controller router: pickup takes over only after join/neutral and a fresh deliberate edge
  ---
  duration_ms: 0.419
  ...
# Subtest: real controller router: boost takes over only after join/neutral and a fresh deliberate edge
ok 61 - real controller router: boost takes over only after join/neutral and a fresh deliberate edge
  ---
  duration_ms: 0.516292
  ...
# Subtest: real controller router: hangar takes over only after join/neutral and a fresh deliberate edge
ok 62 - real controller router: hangar takes over only after join/neutral and a fresh deliberate edge
  ---
  duration_ms: 0.3225
  ...
# Subtest: controller disconnect/reconnect and held controls do not interrupt watching or auto-takeover
ok 63 - controller disconnect/reconnect and held controls do not interrupt watching or auto-takeover
  ---
  duration_ms: 0.11275
  ...
# Subtest: spectator menu canvas gameplay keys take over; owned UI and lifecycle suspension do not
ok 64 - spectator menu canvas gameplay keys take over; owned UI and lifecycle suspension do not
  ---
  duration_ms: 0.145167
  ...
# Subtest: watching: audio controls and source links keep native activation and editing
ok 65 - watching: audio controls and source links keep native activation and editing
  ---
  duration_ms: 0.233708
  ...
# Subtest: practice: audio controls and source links keep native activation and editing
ok 66 - practice: audio controls and source links keep native activation and editing
  ---
  duration_ms: 0.15975
  ...
# Subtest: focused audio UI owns controller navigation until a new gameplay edge after leaving it
ok 67 - focused audio UI owns controller navigation until a new gameplay edge after leaving it
  ---
  duration_ms: 0.088959
  ...
# Subtest: practice audio focus retires held keyboard and multi-touch actions before the next frame
ok 68 - practice audio focus retires held keyboard and multi-touch actions before the next frame
  ---
  duration_ms: 0.133666
  ...
# Subtest: audio ownership clears queued practice impulses even before a focus or controller event
ok 69 - audio ownership clears queued practice impulses even before a focus or controller event
  ---
  duration_ms: 0.065458
  ...
# Subtest: touching audio UI retires a held practice action even when the browser keeps canvas focus
ok 70 - touching audio UI retires a held practice action even when the browser keeps canvas focus
  ---
  duration_ms: 0.071042
  ...
# Subtest: held controller boost cannot return from audio navigation as a practice action
ok 71 - held controller boost cannot return from audio navigation as a practice action
  ---
  duration_ms: 0.07375
  ...
# Subtest: spectator router preserves configured back with flight input and no duplicate gameplay action
ok 72 - spectator router preserves configured back with flight input and no duplicate gameplay action
  ---
  duration_ms: 0.298417
  ...
# Subtest: spectator router preserves configured menu with flight input and no duplicate gameplay action
ok 73 - spectator router preserves configured menu with flight input and no duplicate gameplay action
  ---
  duration_ms: 0.168708
  ...
# Subtest: spectator Back follows remapped menu binding, while ordinary flight retains its original pickup
ok 74 - spectator Back follows remapped menu binding, while ordinary flight retains its original pickup
  ---
  duration_ms: 0.434375
  ...
# Subtest: spectator hold Boost joins once from a fresh physical edge despite ineligible gameplay Boost
ok 75 - spectator hold Boost joins once from a fresh physical edge despite ineligible gameplay Boost
  ---
  duration_ms: 0.441166
  ...
# Subtest: spectator toggle Boost joins once from a fresh physical edge despite ineligible gameplay Boost
ok 76 - spectator toggle Boost joins once from a fresh physical edge despite ineligible gameplay Boost
  ---
  duration_ms: 0.339334
  ...
1..76
# tests 76
# suites 0
# pass 76
# fail 0
# cancelled 0
# skipped 0
# todo 0
# duration_ms 37525.018917
