TAP version 13
# Subtest: exact JSON byte boundary accepts null and booleans and rejects one byte less
ok 1 - exact JSON byte boundary accepts null and booleans and rejects one byte less
  ---
  duration_ms: 2.057458
  ...
# Subtest: exact JSON byte boundary accepts numbers including zero and exponents and rejects one byte less
ok 2 - exact JSON byte boundary accepts numbers including zero and exponents and rejects one byte less
  ---
  duration_ms: 0.5015
  ...
# Subtest: exact JSON byte boundary accepts empty and nested containers and rejects one byte less
ok 3 - exact JSON byte boundary accepts empty and nested containers and rejects one byte less
  ---
  duration_ms: 1.231958
  ...
# Subtest: exact JSON byte boundary accepts Unicode text and keys and rejects one byte less
ok 4 - exact JSON byte boundary accepts Unicode text and keys and rejects one byte less
  ---
  duration_ms: 0.274125
  ...
# Subtest: exact JSON byte boundary accepts escaped text and keys and rejects one byte less
ok 5 - exact JSON byte boundary accepts escaped text and keys and rejects one byte less
  ---
  duration_ms: 0.28625
  ...
# Subtest: exact JSON byte boundary accepts lone surrogate text and keys and rejects one byte less
ok 6 - exact JSON byte boundary accepts lone surrogate text and keys and rejects one byte less
  ---
  duration_ms: 0.134292
  ...
# Subtest: many short array values use their serialized bytes without charging index keys
ok 7 - many short array values use their serialized bytes without charging index keys
  ---
  duration_ms: 8.940291
  ...
# Subtest: the default 4 MiB ceiling still accepts exactly the limit and rejects one byte over
ok 8 - the default 4 MiB ceiling still accepts exactly the limit and rejects one byte over
  ---
  duration_ms: 122.182666
  ...
# Subtest: untrusted getters and toJSON hooks are rejected without invocation
ok 9 - untrusted getters and toJSON hooks are rejected without invocation
  ---
  duration_ms: 0.289084
  ...
# Subtest: exact byte accounting retains structural and shape protections
ok 10 - exact byte accounting retains structural and shape protections
  ---
  duration_ms: 0.337333
  ...
# Subtest: a maximum logical document admits only the bounded dictionary and wrapper overhead
ok 11 - a maximum logical document admits only the bounded dictionary and wrapper overhead
  ---
  duration_ms: 561.53325
  ...
# Subtest: envelope overhead cannot authorize another logical node or another dictionary entry
ok 12 - envelope overhead cannot authorize another logical node or another dictionary entry
  ---
  duration_ms: 532.354125
  ...
# Subtest: fitting legacy canonical bytes and independently owned records stay exact
ok 13 - fitting legacy canonical bytes and independently owned records stay exact
  ---
  duration_ms: 0.414958
  ...
# Subtest: large repeated provenance uses deterministic lossless metadata without editing input
ok 14 - large repeated provenance uses deterministic lossless metadata without editing input
  ---
  duration_ms: 201.729083
  ...
# Subtest: raw legacy arrays remain bounded while the explicit envelope admits up to4096
ok 15 - raw legacy arrays remain bounded while the explicit envelope admits up to4096
  ---
  duration_ms: 85.493917
  ...
# Subtest: only exact sorted used string dictionaries and integer indexes are accepted
ok 16 - only exact sorted used string dictionaries and integer indexes are accepted
  ---
  duration_ms: 1.970458
  ...
# Subtest: small wire dictionaries cannot bypass expanded bytes, strings, nodes or depth
ok 17 - small wire dictionaries cannot bypass expanded bytes, strings, nodes or depth
  ---
  duration_ms: 108.220416
  ...
# Subtest: logical8MiB and encoded5MiB ceilings are exact and independent
ok 18 - logical8MiB and encoded5MiB ceilings are exact and independent
  ---
  duration_ms: 425.093708
  ...
# Subtest: serialized raw and compact metadata accept exactly5MiB and reject the next byte
ok 19 - serialized raw and compact metadata accept exactly5MiB and reject the next byte
  ---
  duration_ms: 482.922041
  ...
# Subtest: codec never invokes toJSON or accepts custom prototypes and bounds dictionary cardinality
ok 20 - codec never invokes toJSON or accepts custom prototypes and bounds dictionary cardinality
  ---
  duration_ms: 32.911
  ...
# Subtest: Studio saves compact metadata, reads without migration writes and retains CAS history checks
ok 21 - Studio saves compact metadata, reads without migration writes and retains CAS history checks
  ---
  duration_ms: 6477.587583
  ...
# Subtest: unencodable edits fail before opening storage and malformed persisted dictionaries never write
ok 22 - unencodable edits fail before opening storage and malformed persisted dictionaries never write
  ---
  duration_ms: 673.114292
  ...
# Subtest: compiler and published Studio preserve compact logical history and validate before asset requests
ok 23 - compiler and published Studio preserve compact logical history and validate before asset requests
  ---
  duration_ms: 1674.719583
  ...
# Subtest: current production bytes stay exact and over-budget pretty Studio output retains bounded canonical bytes
not ok 24 - current production bytes stay exact and over-budget pretty Studio output retains bounded canonical bytes
  ---
  duration_ms: 6478.782417
  location: '/private/tmp/revealline-soundtrack-ledger-v106/game/test/presentation-metadata-io.test.mjs:184:1'
  failureType: 'testCodeFailure'
  error: |-
    Expected values to be strictly equal:
    + actual - expected

    + 3386243
    - 5242880
  code: 'ERR_ASSERTION'
  name: 'AssertionError'
  expected: 5242880
  actual: 3386243
  operator: 'strictEqual'
  stack: |-
    TestContext.<anonymous> (file:///private/tmp/revealline-soundtrack-ledger-v106/game/test/presentation-metadata-io.test.mjs:202:10)
    async Test.run (node:internal/test_runner/test:797:9)
    async Test.processPendingSubtests (node:internal/test_runner/test:526:7)
  ...
# Subtest: one keyed readonly transaction selects both domains without inventory reads or writes; its poster snapshot is branded
ok 25 - one keyed readonly transaction selects both domains without inventory reads or writes; its poster snapshot is branded
  ---
  duration_ms: 1210.809708
  ...
# Subtest: a queued assignment/binding edit cannot split the metadata instant and previously selected story stays exact
ok 26 - a queued assignment/binding edit cannot split the metadata instant and previously selected story stays exact
  ---
  duration_ms: 1052.711959
  ...
# Subtest: abort at a queued keyed read and closed adapters cannot publish selection or mutate rows
ok 27 - abort at a queued keyed read and closed adapters cannot publish selection or mutate rows
  ---
  duration_ms: 1169.183125
  ...
# Subtest: a v3 adapter explicitly refuses the combined contract without upgrading its database
ok 28 - a v3 adapter explicitly refuses the combined contract without upgrading its database
  ---
  duration_ms: 0.33025
  ...
# Subtest: individually valid retained documents exceeding their shared 2 MiB refuse the combined read
ok 29 - individually valid retained documents exceeding their shared 2 MiB refuse the combined read
  ---
  duration_ms: 1260.5695
  ...
# Subtest: valid logical history above 2048 records and 5MiB round-trips through compact model input
ok 30 - valid logical history above 2048 records and 5MiB round-trips through compact model input
  ---
  duration_ms: 1979.567583
  ...
# Subtest: decoded transport still rejects semantic references, executable recipes and unknown fields
ok 31 - decoded transport still rejects semantic references, executable recipes and unknown fields
  ---
  duration_ms: 1483.474292
  ...
# Subtest: compact successor keeps every historical record immutable and checks stale revisions
ok 32 - compact successor keeps every historical record immutable and checks stale revisions
  ---
  duration_ms: 1561.960917
  ...
# Subtest: a staged revision that cannot encode is rejected without changing source or incoming assets
ok 33 - a staged revision that cannot encode is rejected without changing source or incoming assets
  ---
  duration_ms: 786.4
  ...
# Subtest: nonbundle draft and resolve option ownership retain their existing 2048-item boundary
ok 34 - nonbundle draft and resolve option ownership retain their existing 2048-item boundary
  ---
  duration_ms: 209.923042
  ...
1..34
# tests 34
# suites 0
# pass 33
# fail 1
# cancelled 0
# skipped 0
# todo 0
# duration_ms 15494.588625
