{
  "status": "PASS",
  "base": "https://mekhovov.github.io/revealline/",
  "currentVersion": "v0.56.0",
  "gameSourceRevision": "20f017963e6f3875ce6388a198a6fb601e0aea40",
  "qualifiedSourceTree": "b48ab534db3a202ee070802957944fa898d864ef",
  "controllerCommit": "02364d4ad8832a4693e184f6d36c46dfabd58ef6",
  "controllerTree": "dc01d35c73eecfdc618a99df0cfd2a7960245624",
  "deploymentId": 6455476355,
  "runId": 34950891496,
  "bindingSha256": "1a511de9d081e87cf3ef97a47baf82654f9c7e388d9b5df354f79953eee8fb60",
  "artifactReceiptSha256": "8b30ecc6abba0ee4090f158135f595f5826a9280e82090ece1e6dd5b5e7bc000",
  "expectedInventorySha256": "45c0d50ceb298ea1b91fbf9fea916bb16c2d55cd116a299397a702552f42f707",
  "configurationSha256": "18cffd7b024c732dbf35c739a34d9ebc65668d64f2c7ffa607f228722d30c5a2",
  "catalogSha256": "405e397691d8fd37bbf3bc13b2b013eba9f2af64fb1c5a245260e2202e8f5abd",
  "visibleFrozenVersions": [
    "v0.1.0",
    "v0.1.1",
    "v0.1.2",
    "v0.10.0",
    "v0.11.0",
    "v0.12.0",
    "v0.13.0",
    "v0.14.0",
    "v0.15.0",
    "v0.16.0",
    "v0.17.0",
    "v0.17.1",
    "v0.18.0",
    "v0.19.0",
    "v0.2.0",
    "v0.2.1",
    "v0.20.0",
    "v0.21.0",
    "v0.22.0",
    "v0.23.0",
    "v0.24.0",
    "v0.25.0",
    "v0.26.0",
    "v0.27.0",
    "v0.28.0",
    "v0.29.0",
    "v0.29.1",
    "v0.29.2",
    "v0.3.0",
    "v0.30.0",
    "v0.31.0",
    "v0.32.0",
    "v0.33.0",
    "v0.34.0",
    "v0.35.0",
    "v0.36.0",
    "v0.37.0",
    "v0.38.0",
    "v0.39.0",
    "v0.4.0",
    "v0.4.1",
    "v0.40.0",
    "v0.41.0",
    "v0.42.0",
    "v0.44.0",
    "v0.45.0",
    "v0.46.0",
    "v0.47.0",
    "v0.48.0",
    "v0.49.0",
    "v0.5.0",
    "v0.50.0",
    "v0.51.0",
    "v0.52.0",
    "v0.54.0",
    "v0.55.0",
    "v0.56.0",
    "v0.6.0",
    "v0.7.0",
    "v0.8.0",
    "v0.9.0"
  ],
  "comparisonOnlyVersions": [],
  "startedAt": "2026-09-15T09:19:40.571Z",
  "finishedAt": "2026-09-15T09:21:38.987Z",
  "mode": "full",
  "fullInventoryFiles": 2337,
  "files": 2337,
  "completedFiles": 2337,
  "expectedBytes": 635636681,
  "verifiedBytes": 635636681,
  "failedFiles": 0,
  "retries": 0,
  "skipped": [],
  "uninspectedFiles": 0,
  "allArtifactBodiesVerified": true,
  "criticalBrowserSmokeMayStart": false,
  "concurrency": 8,
  "requestTimeoutMs": 300000,
  "attemptsPerBody": 3,
  "sourcePinsUnchanged": true,
  "changedAuthorities": [],
  "failures": [],
  "runnerPins": [
    {
      "file": "/Users/oleksandr.mekhovov/work/my_projects/go_test/.cache/round47/v056-public-audit/audit-main.mjs",
      "sha256": "2bdb85e583c8c5de7709018dd3bd285a8c827d2c6d7762e7e2d5cb4e9fe940df"
    },
    {
      "file": "/Users/oleksandr.mekhovov/work/my_projects/go_test/.cache/round47/v056-public-audit/http-engine.mjs",
      "sha256": "7660dd3ac7453bc31f6ba26e005340dd719986ac7fc1a29bd42b30db71b81c6d"
    },
    {
      "file": "/Users/oleksandr.mekhovov/work/my_projects/go_test/.cache/round47/v056-public-audit/retained-catalog.json",
      "sha256": "8b27f33322a7291f127051a1a53ff3b5fafa60c29f4499a3c5d2c80023eac19d"
    }
  ],
  "rootGraphAndAliasesAndWorkersIncluded": true,
  "retainedHistoricalBridgesIncluded": true,
  "publicBrowserAcceptance": false,
  "boundaries": "Decoded HTTP bodies and required MIME only. Critical mode is partial; even a full pass does not prove browser play, offline, storage, migration or physical-device behavior. Pinned deployment snapshots are historical evidence, not a live API polling claim."
}
