TAP version 13
# Subtest: chapter completion restores its still-owned actual button after native disable
ok 1 - chapter completion restores its still-owned actual button after native disable
  ---
  duration_ms: 1111.118375
  type: 'test'
  ...
# Subtest: chapter error restores its still-owned actual button after native disable
ok 2 - chapter error restores its still-owned actual button after native disable
  ---
  duration_ms: 648.964167
  type: 'test'
  ...
# Subtest: chapter completion does not reclaim focus after focus, even after returning to BODY
ok 3 - chapter completion does not reclaim focus after focus, even after returning to BODY
  ---
  duration_ms: 937.836083
  type: 'test'
  ...
# Subtest: chapter completion does not reclaim focus after blur, even after returning to BODY
ok 4 - chapter completion does not reclaim focus after blur, even after returning to BODY
  ---
  duration_ms: 639.341125
  type: 'test'
  ...
# Subtest: chapter completion does not reclaim focus after hidden, even after returning to BODY
ok 5 - chapter completion does not reclaim focus after hidden, even after returning to BODY
  ---
  duration_ms: 637.667666
  type: 'test'
  ...
# Subtest: chapter completion does not reclaim focus after pagehide, even after returning to BODY
ok 6 - chapter completion does not reclaim focus after pagehide, even after returning to BODY
  ---
  duration_ms: 657.528834
  type: 'test'
  ...
# Subtest: chapter completion does not reclaim focus after close, even after returning to BODY
ok 7 - chapter completion does not reclaim focus after close, even after returning to BODY
  ---
  duration_ms: 927.344209
  type: 'test'
  ...
# Subtest: chapter completion does not reclaim focus after new-dialog, even after returning to BODY
ok 8 - chapter completion does not reclaim focus after new-dialog, even after returning to BODY
  ---
  duration_ms: 936.102875
  type: 'test'
  ...
# Subtest: chapter completion does not reclaim focus after body-key, even after returning to BODY
ok 9 - chapter completion does not reclaim focus after body-key, even after returning to BODY
  ---
  duration_ms: 932.693917
  type: 'test'
  ...
# Subtest: chapter enable callback choosing another control is not overwritten
ok 10 - chapter enable callback choosing another control is not overwritten
  ---
  duration_ms: 923.635417
  type: 'test'
  ...
# Subtest: install completion restores its still-owned actual button after native disable
ok 11 - install completion restores its still-owned actual button after native disable
  ---
  duration_ms: 750.759083
  type: 'test'
  ...
# Subtest: install error restores its still-owned actual button after native disable
ok 12 - install error restores its still-owned actual button after native disable
  ---
  duration_ms: 665.770583
  type: 'test'
  ...
# Subtest: install completion does not reclaim focus after focus, even after returning to BODY
ok 13 - install completion does not reclaim focus after focus, even after returning to BODY
  ---
  duration_ms: 741.957875
  type: 'test'
  ...
# Subtest: install completion does not reclaim focus after blur, even after returning to BODY
ok 14 - install completion does not reclaim focus after blur, even after returning to BODY
  ---
  duration_ms: 750.701042
  type: 'test'
  ...
# Subtest: install completion does not reclaim focus after hidden, even after returning to BODY
ok 15 - install completion does not reclaim focus after hidden, even after returning to BODY
  ---
  duration_ms: 745.046167
  type: 'test'
  ...
# Subtest: install completion does not reclaim focus after pagehide, even after returning to BODY
ok 16 - install completion does not reclaim focus after pagehide, even after returning to BODY
  ---
  duration_ms: 684.30475
  type: 'test'
  ...
# Subtest: install completion does not reclaim focus after close, even after returning to BODY
ok 17 - install completion does not reclaim focus after close, even after returning to BODY
  ---
  duration_ms: 673.189
  type: 'test'
  ...
# Subtest: install completion does not reclaim focus after new-dialog, even after returning to BODY
ok 18 - install completion does not reclaim focus after new-dialog, even after returning to BODY
  ---
  duration_ms: 754.345375
  type: 'test'
  ...
# Subtest: install completion does not reclaim focus after body-key, even after returning to BODY
ok 19 - install completion does not reclaim focus after body-key, even after returning to BODY
  ---
  duration_ms: 750.773083
  type: 'test'
  ...
# Subtest: install enable callback choosing another control is not overwritten
ok 20 - install enable callback choosing another control is not overwritten
  ---
  duration_ms: 755.39925
  type: 'test'
  ...
# Subtest: explicit Library Cancel after a native Tab cycle renews return to the actual Install action
ok 21 - explicit Library Cancel after a native Tab cycle renews return to the actual Install action
  ---
  duration_ms: 667.001167
  type: 'test'
  ...
# Subtest: fresh explicit Cancel cannot restore after background
ok 22 - fresh explicit Cancel cannot restore after background
  ---
  duration_ms: 663.952167
  type: 'test'
  ...
# Subtest: fresh explicit Cancel cannot restore after closed-root
ok 23 - fresh explicit Cancel cannot restore after closed-root
  ---
  duration_ms: 667.7715
  type: 'test'
  ...
# Subtest: fresh explicit Cancel cannot restore after cleanup-focus
ok 24 - fresh explicit Cancel cannot restore after cleanup-focus
  ---
  duration_ms: 675.521875
  type: 'test'
  ...
# Subtest: fresh explicit Cancel cannot restore after cleanup-blur
ok 25 - fresh explicit Cancel cannot restore after cleanup-blur
  ---
  duration_ms: 674.767125
  type: 'test'
  ...
# Subtest: Cancel while actual pack commit is finishing remains detached and cannot restore focus
ok 26 - Cancel while actual pack commit is finishing remains detached and cannot restore focus
  ---
  duration_ms: 757.821458
  type: 'test'
  ...
# Subtest: fresh return intent refuses a target outside its captured dialog
ok 27 - fresh return intent refuses a target outside its captured dialog
  ---
  duration_ms: 678.597334
  type: 'test'
  ...
# Subtest: session-only Next prepares a new exact original without persistent writes
not ok 28 - session-only Next prepares a new exact original without persistent writes
  ---
  duration_ms: 5694.256125
  type: 'test'
  location: '/Users/oleksandr.mekhovov/work/my_projects/go_test/.cache/ux-delivery-review-20260922/pr233-merged-test/game/test/session-only-release-next-host.test.mjs:45:1'
  failureType: 'testCodeFailure'
  error: 'Asynchronous host action did not settle.'
  code: 'ERR_ASSERTION'
  name: 'AssertionError'
  expected: true
  actual: false
  operator: '=='
  stack: |-
    waitFor (file:///Users/oleksandr.mekhovov/work/my_projects/go_test/.cache/ux-delivery-review-20260922/pr233-merged-test/game/test/helpers/wait-for.mjs:15:12)
    async settle (file:///Users/oleksandr.mekhovov/work/my_projects/go_test/.cache/ux-delivery-review-20260922/pr233-merged-test/game/test/helpers/solo-dom.mjs:147:3)
    async TestContext.<anonymous> (file:///Users/oleksandr.mekhovov/work/my_projects/go_test/.cache/ux-delivery-review-20260922/pr233-merged-test/game/test/session-only-release-next-host.test.mjs:127:3)
    async Test.run (node:internal/test_runner/test:1054:7)
    async startSubtestAfterBootstrap (node:internal/test_runner/harness:296:3)
  ...
1..28
# tests 28
# suites 0
# pass 27
# fail 1
# cancelled 0
# skipped 0
# todo 0
# duration_ms 20496.655584
