TAP version 13
# Subtest: chapter completion restores its still-owned actual button after native disable
ok 1 - chapter completion restores its still-owned actual button after native disable
  ---
  duration_ms: 1285.344209
  ...
# Subtest: chapter error restores its still-owned actual button after native disable
ok 2 - chapter error restores its still-owned actual button after native disable
  ---
  duration_ms: 776.098792
  ...
# Subtest: chapter completion does not reclaim focus after focus, even after returning to BODY
ok 3 - chapter completion does not reclaim focus after focus, even after returning to BODY
  ---
  duration_ms: 1090.76225
  ...
# Subtest: chapter completion does not reclaim focus after blur, even after returning to BODY
ok 4 - chapter completion does not reclaim focus after blur, even after returning to BODY
  ---
  duration_ms: 750.288208
  ...
# Subtest: chapter completion does not reclaim focus after hidden, even after returning to BODY
ok 5 - chapter completion does not reclaim focus after hidden, even after returning to BODY
  ---
  duration_ms: 762.928209
  ...
# Subtest: chapter completion does not reclaim focus after pagehide, even after returning to BODY
ok 6 - chapter completion does not reclaim focus after pagehide, even after returning to BODY
  ---
  duration_ms: 749.13
  ...
# Subtest: chapter completion does not reclaim focus after close, even after returning to BODY
ok 7 - chapter completion does not reclaim focus after close, even after returning to BODY
  ---
  duration_ms: 1090.861
  ...
# Subtest: chapter completion does not reclaim focus after new-dialog, even after returning to BODY
ok 8 - chapter completion does not reclaim focus after new-dialog, even after returning to BODY
  ---
  duration_ms: 1082.644
  ...
# Subtest: chapter completion does not reclaim focus after body-key, even after returning to BODY
ok 9 - chapter completion does not reclaim focus after body-key, even after returning to BODY
  ---
  duration_ms: 1113.247917
  ...
# Subtest: chapter enable callback choosing another control is not overwritten
ok 10 - chapter enable callback choosing another control is not overwritten
  ---
  duration_ms: 1108.669708
  ...
# Subtest: install completion restores its still-owned actual button after native disable
ok 11 - install completion restores its still-owned actual button after native disable
  ---
  duration_ms: 882.653208
  ...
# Subtest: install error restores its still-owned actual button after native disable
ok 12 - install error restores its still-owned actual button after native disable
  ---
  duration_ms: 780.481291
  ...
# Subtest: install completion does not reclaim focus after focus, even after returning to BODY
ok 13 - install completion does not reclaim focus after focus, even after returning to BODY
  ---
  duration_ms: 897.450125
  ...
# Subtest: install completion does not reclaim focus after blur, even after returning to BODY
ok 14 - install completion does not reclaim focus after blur, even after returning to BODY
  ---
  duration_ms: 883.151042
  ...
# Subtest: install completion does not reclaim focus after hidden, even after returning to BODY
ok 15 - install completion does not reclaim focus after hidden, even after returning to BODY
  ---
  duration_ms: 895.216334
  ...
# Subtest: install completion does not reclaim focus after pagehide, even after returning to BODY
ok 16 - install completion does not reclaim focus after pagehide, even after returning to BODY
  ---
  duration_ms: 795.841833
  ...
# Subtest: install completion does not reclaim focus after close, even after returning to BODY
ok 17 - install completion does not reclaim focus after close, even after returning to BODY
  ---
  duration_ms: 790.070084
  ...
# Subtest: install completion does not reclaim focus after new-dialog, even after returning to BODY
ok 18 - install completion does not reclaim focus after new-dialog, even after returning to BODY
  ---
  duration_ms: 900.746833
  ...
# Subtest: install completion does not reclaim focus after body-key, even after returning to BODY
ok 19 - install completion does not reclaim focus after body-key, even after returning to BODY
  ---
  duration_ms: 885.378875
  ...
# Subtest: install enable callback choosing another control is not overwritten
ok 20 - install enable callback choosing another control is not overwritten
  ---
  duration_ms: 892.809666
  ...
# Subtest: explicit Library Cancel after a native Tab cycle renews return to the actual Install action
ok 21 - explicit Library Cancel after a native Tab cycle renews return to the actual Install action
  ---
  duration_ms: 793.134166
  ...
# Subtest: fresh explicit Cancel cannot restore after background
ok 22 - fresh explicit Cancel cannot restore after background
  ---
  duration_ms: 776.758834
  ...
# Subtest: fresh explicit Cancel cannot restore after closed-root
ok 23 - fresh explicit Cancel cannot restore after closed-root
  ---
  duration_ms: 812.195042
  ...
# Subtest: fresh explicit Cancel cannot restore after cleanup-focus
ok 24 - fresh explicit Cancel cannot restore after cleanup-focus
  ---
  duration_ms: 788.341125
  ...
# Subtest: fresh explicit Cancel cannot restore after cleanup-blur
ok 25 - fresh explicit Cancel cannot restore after cleanup-blur
  ---
  duration_ms: 804.076791
  ...
# Subtest: Cancel while actual pack commit is finishing remains detached and cannot restore focus
ok 26 - Cancel while actual pack commit is finishing remains detached and cannot restore focus
  ---
  duration_ms: 891.476416
  ...
# Subtest: fresh return intent refuses a target outside its captured dialog
ok 27 - fresh return intent refuses a target outside its captured dialog
  ---
  duration_ms: 776.964042
  ...
# Subtest: session-only Next prepares a new exact original without persistent writes
not ok 28 - session-only Next prepares a new exact original without persistent writes
  ---
  duration_ms: 5813.026375
  location: '/Users/oleksandr.mekhovov/work/my_projects/go_test/.cache/ux-delivery-review-20260922/pr233-merged-test/game/test/session-only-release-next-host.test.mjs:45:1'
  failureType: 'testCodeFailure'
  error: 'Asynchronous host action did not settle.'
  code: 'ERR_ASSERTION'
  name: 'AssertionError'
  expected: true
  actual: false
  operator: '=='
  stack: |-
    waitFor (file:///Users/oleksandr.mekhovov/work/my_projects/go_test/.cache/ux-delivery-review-20260922/pr233-merged-test/game/test/helpers/wait-for.mjs:15:12)
    async settle (file:///Users/oleksandr.mekhovov/work/my_projects/go_test/.cache/ux-delivery-review-20260922/pr233-merged-test/game/test/helpers/solo-dom.mjs:147:3)
    async TestContext.<anonymous> (file:///Users/oleksandr.mekhovov/work/my_projects/go_test/.cache/ux-delivery-review-20260922/pr233-merged-test/game/test/session-only-release-next-host.test.mjs:127:3)
    async Test.run (node:internal/test_runner/test:797:9)
    async Test.processPendingSubtests (node:internal/test_runner/test:526:7)
  ...
1..28
# tests 28
# suites 0
# pass 27
# fail 1
# cancelled 0
# skipped 0
# todo 0
# duration_ms 24134.88825
