TAP version 13
# Subtest: native Return remains available before loading and after theme failure: http://localhost:8000/authoring/enemy-catalog/
ok 1 - native Return remains available before loading and after theme failure: http://localhost:8000/authoring/enemy-catalog/ # SKIP test name does not match pattern
  ---
  duration_ms: 0.812125
  ...
# Subtest: native Return remains available before loading and after theme failure: https://example.test/revealline/releases/v0.60.8/site/authoring/enemy-catalog/
ok 2 - native Return remains available before loading and after theme failure: https://example.test/revealline/releases/v0.60.8/site/authoring/enemy-catalog/ # SKIP test name does not match pattern
  ---
  duration_ms: 0.090792
  ...
# Subtest: workshop modal Back keeps its draft before a separate keyboard Return to game
ok 3 - workshop modal Back keeps its draft before a separate keyboard Return to game # SKIP test name does not match pattern
  ---
  duration_ms: 0.043625
  ...
# Subtest: ready controller navigation keeps modal ownership then activates the page Return link explicitly
ok 4 - ready controller navigation keeps modal ownership then activates the page Return link explicitly # SKIP test name does not match pattern
  ---
  duration_ms: 0.04025
  ...
# Subtest: focused practice keeps parent controls idle and authenticated return restores the draft
ok 5 - focused practice keeps parent controls idle and authenticated return restores the draft # SKIP test name does not match pattern
  ---
  duration_ms: 0.044667
  ...
# Subtest: ordinary foreground startup still opens the panel once and retires loading listeners
not ok 6 - ordinary foreground startup still opens the panel once and retires loading listeners
  ---
  duration_ms: 61.05025
  location: '/Users/oleksandr.mekhovov/work/my_projects/go_test/.cache/worktrees/p03-enemy-startup-focus-v06120/game/test/enemy-workshop-host.test.mjs:384:1'
  failureType: 'testCodeFailure'
  error: |-
    Expected "actual" to be reference-equal to "expected":
    + actual - expected ... Lines skipped
    
    + <ref *2> Element {
    - <ref *3> HostElement {
        _rect: {
          height: 44,
    ...
          y: 0
        },
    +   _text: '',
    +   attributes: Map(0) {},
    +   captureListeners: Map(0) {},
    +   captures: Set(0) {},
    +   checked: false,
    +   children: [
    +     HostElement {
    +       _rect: {
    +         height: 44,
    +         width: 100,
    +         x: 0,
    +         y: 0
    +       },
    +       _text: 'Enemy workshop',
    +       attributes: Map(1) {
    +         'class' => 'field-kit-display'
    +       },
    +       captureListeners: Map(0) {},
    +       captures: Set(0) {},
    +       checked: false,
    +       children: [],
    +       classList: Classes {
    +         values: Set(1) {
    ...
    -   _text: 'Open workshop',
    -   attributes: Map(3) {
    -     'disabled' => '',
    -     'id' => 'open-catalog',
    -     'type' => 'button'
    -   },
    -   captureListeners: Map(0) {},
    -   captures: Set(0) {},
    -   checked: false,
    -   children: [],
    -   classList: Classes {
    -     values: Set(0) {}
    -   },
    -   clientHeight: 44,
    -   dataset: {},
    -   disabled: false,
    -   hidden: false,
    -   id: 'open-catalog',
    -   inert: false,
    -   listeners: Map(0) {},
    -   nodeName: 'BUTTON',
    -   nodeType: 1,
    -   onclick: [Function (anonymous)],
    ...
  code: 'ERR_TEST_FAILURE'
  ...
# Subtest: startup catalog Escape returns to Open workshop before forward page traversal
not ok 7 - startup catalog Escape returns to Open workshop before forward page traversal
  ---
  duration_ms: 28.056666
  location: '/Users/oleksandr.mekhovov/work/my_projects/go_test/.cache/worktrees/p03-enemy-startup-focus-v06120/game/test/enemy-workshop-host.test.mjs:401:3'
  failureType: 'testCodeFailure'
  error: |-
    Expected "actual" to be reference-equal to "expected":
    + actual - expected ... Lines skipped
    
    + <ref *2> Element {
    - <ref *3> HostElement {
        _rect: {
          height: 44,
    ...
          y: 0
        },
    +   _text: '',
    +   attributes: Map(0) {},
    +   captureListeners: Map(0) {},
    +   captures: Set(0) {},
    +   checked: false,
    +   children: [
    +     HostElement {
    +       _rect: {
    +         height: 44,
    +         width: 100,
    +         x: 0,
    +         y: 0
    +       },
    +       _text: 'Enemy workshop',
    +       attributes: Map(1) {
    +         'class' => 'field-kit-display'
    +       },
    +       captureListeners: Map(0) {},
    +       captures: Set(0) {},
    +       checked: false,
    +       children: [],
    +       classList: Classes {
    +         values: Set(1) {
    ...
    -   _text: 'Open workshop',
    -   attributes: Map(3) {
    -     'disabled' => '',
    -     'id' => 'open-catalog',
    -     'type' => 'button'
    -   },
    -   captureListeners: Map(0) {},
    -   captures: Set(0) {},
    -   checked: false,
    -   children: [],
    -   classList: Classes {
    -     values: Set(0) {}
    -   },
    -   clientHeight: 44,
    -   dataset: {},
    -   disabled: false,
    -   hidden: false,
    -   id: 'open-catalog',
    -   inert: false,
    -   listeners: Map(0) {},
    -   nodeName: 'BUTTON',
    -   nodeType: 1,
    -   onclick: [Function (anonymous)],
    ...
  code: 'ERR_TEST_FAILURE'
  ...
# Subtest: startup catalog Back returns to Open workshop before forward page traversal
not ok 8 - startup catalog Back returns to Open workshop before forward page traversal
  ---
  duration_ms: 23.806541
  location: '/Users/oleksandr.mekhovov/work/my_projects/go_test/.cache/worktrees/p03-enemy-startup-focus-v06120/game/test/enemy-workshop-host.test.mjs:401:3'
  failureType: 'testCodeFailure'
  error: |-
    Expected "actual" to be reference-equal to "expected":
    + actual - expected ... Lines skipped
    
    + <ref *2> Element {
    - <ref *3> HostElement {
        _rect: {
          height: 44,
    ...
          y: 0
        },
    +   _text: '',
    +   attributes: Map(0) {},
    +   captureListeners: Map(0) {},
    +   captures: Set(0) {},
    +   checked: false,
    +   children: [
    +     HostElement {
    +       _rect: {
    +         height: 44,
    +         width: 100,
    +         x: 0,
    +         y: 0
    +       },
    +       _text: 'Enemy workshop',
    +       attributes: Map(1) {
    +         'class' => 'field-kit-display'
    +       },
    +       captureListeners: Map(0) {},
    +       captures: Set(0) {},
    +       checked: false,
    +       children: [],
    +       classList: Classes {
    +         values: Set(1) {
    ...
    -   _text: 'Open workshop',
    -   attributes: Map(3) {
    -     'disabled' => '',
    -     'id' => 'open-catalog',
    -     'type' => 'button'
    -   },
    -   captureListeners: Map(0) {},
    -   captures: Set(0) {},
    -   checked: false,
    -   children: [],
    -   classList: Classes {
    -     values: Set(0) {}
    -   },
    -   clientHeight: 44,
    -   dataset: {},
    -   disabled: false,
    -   hidden: false,
    -   id: 'open-catalog',
    -   inert: false,
    -   listeners: Map(0) {},
    -   nodeName: 'BUTTON',
    -   nodeType: 1,
    -   onclick: [Function (anonymous)],
    ...
  code: 'ERR_TEST_FAILURE'
  ...
# Subtest: successful readiness preserves Return focus chosen before module
ok 9 - successful readiness preserves Return focus chosen before module # SKIP test name does not match pattern
  ---
  duration_ms: 0.258583
  ...
# Subtest: successful readiness preserves Return focus chosen during loading
ok 10 - successful readiness preserves Return focus chosen during loading # SKIP test name does not match pattern
  ---
  duration_ms: 0.089833
  ...
# Subtest: late readiness cannot revive retired opening after focus then return to body
ok 11 - late readiness cannot revive retired opening after focus then return to body # SKIP test name does not match pattern
  ---
  duration_ms: 0.065625
  ...
# Subtest: late readiness cannot revive retired opening after keyboard intent
ok 12 - late readiness cannot revive retired opening after keyboard intent # SKIP test name does not match pattern
  ---
  duration_ms: 0.02875
  ...
# Subtest: late readiness cannot revive retired opening after pointer intent
ok 13 - late readiness cannot revive retired opening after pointer intent # SKIP test name does not match pattern
  ---
  duration_ms: 0.071917
  ...
# Subtest: late readiness cannot revive retired opening after blur and refocus
ok 14 - late readiness cannot revive retired opening after blur and refocus # SKIP test name does not match pattern
  ---
  duration_ms: 0.027292
  ...
# Subtest: late readiness cannot revive retired opening after hide and show
ok 15 - late readiness cannot revive retired opening after hide and show # SKIP test name does not match pattern
  ---
  duration_ms: 0.109584
  ...
# Subtest: late readiness cannot revive retired opening after pagehide and pageshow
ok 16 - late readiness cannot revive retired opening after pagehide and pageshow # SKIP test name does not match pattern
  ---
  duration_ms: 0.034166
  ...
# Subtest: theme failure retires the startup lease and retains the existing reload/Return recovery
ok 17 - theme failure retires the startup lease and retains the existing reload/Return recovery
  ---
  duration_ms: 8.264875
  ...
# Subtest: terminal departure prevents late startup and feedback after theme status 200
ok 18 - terminal departure prevents late startup and feedback after theme status 200
  ---
  duration_ms: 1.649958
  ...
# Subtest: terminal departure prevents late startup and feedback after theme status 503
ok 19 - terminal departure prevents late startup and feedback after theme status 503
  ---
  duration_ms: 2.16325
  ...
# Subtest: persisted departure defers theme status 200 until restoration without auto-open
ok 20 - persisted departure defers theme status 200 until restoration without auto-open # SKIP test name does not match pattern
  ---
  duration_ms: 0.05225
  ...
# Subtest: persisted departure defers theme status 503 until restoration without auto-open
ok 21 - persisted departure defers theme status 503 until restoration without auto-open # SKIP test name does not match pattern
  ---
  duration_ms: 0.022208
  ...
# Subtest: terminal departure during theme body decoding prevents late owner initialization
ok 22 - terminal departure during theme body decoding prevents late owner initialization # SKIP test name does not match pattern
  ---
  duration_ms: 0.022292
  ...
1..22
# tests 22
# suites 0
# pass 3
# fail 3
# cancelled 0
# skipped 16
# todo 0
# duration_ms 171.91275
