TAP version 13
# Subtest: catalog close preserves the actual invoker and an explicit startup return target
ok 1 - catalog close preserves the actual invoker and an explicit startup return target
  ---
  duration_ms: 3.269542
  type: 'test'
  ...
# Subtest: catalog return target cannot override hidden
ok 2 - catalog return target cannot override hidden
  ---
  duration_ms: 0.496959
  type: 'test'
  ...
# Subtest: catalog return target cannot override blurred
ok 3 - catalog return target cannot override blurred
  ---
  duration_ms: 0.278958
  type: 'test'
  ...
# Subtest: catalog return target cannot override newer close focus
ok 4 - catalog return target cannot override newer close focus
  ---
  duration_ms: 0.318417
  type: 'test'
  ...
# Subtest: a close callback that reopens the catalog retains the newer visit and return target
ok 5 - a close callback that reopens the catalog retains the newer visit and return target
  ---
  duration_ms: 0.74775
  type: 'test'
  ...
# Subtest: actual catalog handlers isolate unsaved choices, save enabled/skin selections, restore and preview the chosen role
ok 6 - actual catalog handlers isolate unsaved choices, save enabled/skin selections, restore and preview the chosen role
  ---
  duration_ms: 2.190583
  type: 'test'
  ...
# Subtest: failed Apply retains the last saved draft; malformed or oversize imports cannot replace it
ok 7 - failed Apply retains the last saved draft; malformed or oversize imports cannot replace it
  ---
  duration_ms: 1.735709
  type: 'test'
  ...
# Subtest: cancelled catalog file reads cannot replace a draft or unlock a newer operation
ok 8 - cancelled catalog file reads cannot replace a draft or unlock a newer operation
  ---
  duration_ms: 1.307167
  type: 'test'
  ...
# Subtest: Stop waiting keeps an authoring save locked and reconciles its actual outcome
ok 9 - Stop waiting keeps an authoring save locked and reconciles its actual outcome
  ---
  duration_ms: 1.556458
  type: 'test'
  ...
# Subtest: shared keyboard/controller navigation reaches native catalog controls; Back cancels select edit before closing
ok 10 - shared keyboard/controller navigation reaches native catalog controls; Back cancels select edit before closing
  ---
  duration_ms: 22.568417
  type: 'test'
  ...
# Subtest: workshop native input clears held D-pad repeats until neutral and a fresh press
ok 11 - workshop native input clears held D-pad repeats until neutral and a fresh press
  ---
  duration_ms: 2.359708
  type: 'test'
  ...
# Subtest: workshop ignores a focused game iframe even when parent hasFocus is true, and requires neutral on return
ok 12 - workshop ignores a focused game iframe even when parent hasFocus is true, and requires neutral on return
  ---
  duration_ms: 2.454667
  type: 'test'
  ...
# Subtest: role detail reader stays controller scrollable and Back returns to its own button
ok 13 - role detail reader stays controller scrollable and Back returns to its own button
  ---
  duration_ms: 1.347084
  type: 'test'
  ...
# Subtest: file picker cancellation keeps Enemy Catalog choices and an in-flight save; dialog Escape still stops waiting
ok 14 - file picker cancellation keeps Enemy Catalog choices and an in-flight save; dialog Escape still stops waiting
  ---
  duration_ms: 0.849416
  type: 'test'
  ...
# Subtest: native Return remains available before loading and after theme failure: http://localhost:8000/authoring/enemy-catalog/
ok 15 - native Return remains available before loading and after theme failure: http://localhost:8000/authoring/enemy-catalog/
  ---
  duration_ms: 35.710375
  type: 'test'
  ...
# Subtest: native Return remains available before loading and after theme failure: https://example.test/revealline/releases/v0.60.8/site/authoring/enemy-catalog/
ok 16 - native Return remains available before loading and after theme failure: https://example.test/revealline/releases/v0.60.8/site/authoring/enemy-catalog/
  ---
  duration_ms: 8.8295
  type: 'test'
  ...
# Subtest: workshop modal Back keeps its draft before a separate keyboard Return to game
ok 17 - workshop modal Back keeps its draft before a separate keyboard Return to game
  ---
  duration_ms: 10.011375
  type: 'test'
  ...
# Subtest: ready controller navigation keeps modal ownership then activates the page Return link explicitly
ok 18 - ready controller navigation keeps modal ownership then activates the page Return link explicitly
  ---
  duration_ms: 23.824625
  type: 'test'
  ...
# Subtest: focused practice keeps parent controls idle and authenticated return restores the draft
ok 19 - focused practice keeps parent controls idle and authenticated return restores the draft
  ---
  duration_ms: 17.578792
  type: 'test'
  ...
# Subtest: ordinary foreground startup still opens the panel once and retires loading listeners
ok 20 - ordinary foreground startup still opens the panel once and retires loading listeners
  ---
  duration_ms: 9.469917
  type: 'test'
  ...
# Subtest: startup catalog Escape returns to Open workshop before Tab
ok 21 - startup catalog Escape returns to Open workshop before Tab
  ---
  duration_ms: 9.132833
  type: 'test'
  ...
# Subtest: startup catalog Back returns to Open workshop before Tab
ok 22 - startup catalog Back returns to Open workshop before Tab
  ---
  duration_ms: 8.912917
  type: 'test'
  ...
# Subtest: startup catalog Escape returns to Open workshop before ArrowRight
not ok 23 - startup catalog Escape returns to Open workshop before ArrowRight
  ---
  duration_ms: 8.822
  type: 'test'
  location: '/Users/oleksandr.mekhovov/work/my_projects/go_test/.cache/worktrees/p03-enemy-startup-focus-v06120/game/test/enemy-workshop-host.test.mjs:406:3'
  failureType: 'testCodeFailure'
  error: |-
    Expected values to be strictly equal:
    + actual - expected
    
    + null
    - '../../game/playground/'
    
  code: 'ERR_ASSERTION'
  name: 'AssertionError'
  expected: '../../game/playground/'
  actual: ~
  operator: 'strictEqual'
  stack: |-
    TestContext.<anonymous> (file:///Users/oleksandr.mekhovov/work/my_projects/go_test/.cache/worktrees/p03-enemy-startup-focus-v06120/game/test/enemy-workshop-host.test.mjs:417:12)
    async Test.run (node:internal/test_runner/test:1054:7)
    async Test.processPendingSubtests (node:internal/test_runner/test:744:7)
  ...
# Subtest: startup catalog Back returns to Open workshop before ArrowRight
not ok 24 - startup catalog Back returns to Open workshop before ArrowRight
  ---
  duration_ms: 9.232375
  type: 'test'
  location: '/Users/oleksandr.mekhovov/work/my_projects/go_test/.cache/worktrees/p03-enemy-startup-focus-v06120/game/test/enemy-workshop-host.test.mjs:406:3'
  failureType: 'testCodeFailure'
  error: |-
    Expected values to be strictly equal:
    + actual - expected
    
    + null
    - '../../game/playground/'
    
  code: 'ERR_ASSERTION'
  name: 'AssertionError'
  expected: '../../game/playground/'
  actual: ~
  operator: 'strictEqual'
  stack: |-
    TestContext.<anonymous> (file:///Users/oleksandr.mekhovov/work/my_projects/go_test/.cache/worktrees/p03-enemy-startup-focus-v06120/game/test/enemy-workshop-host.test.mjs:417:12)
    async Test.run (node:internal/test_runner/test:1054:7)
    async Test.processPendingSubtests (node:internal/test_runner/test:744:7)
  ...
# Subtest: successful readiness preserves Return focus chosen before module
ok 25 - successful readiness preserves Return focus chosen before module
  ---
  duration_ms: 8.003125
  type: 'test'
  ...
# Subtest: successful readiness preserves Return focus chosen during loading
ok 26 - successful readiness preserves Return focus chosen during loading
  ---
  duration_ms: 8.465417
  type: 'test'
  ...
# Subtest: late readiness cannot revive retired opening after focus then return to body
ok 27 - late readiness cannot revive retired opening after focus then return to body
  ---
  duration_ms: 6.194792
  type: 'test'
  ...
# Subtest: late readiness cannot revive retired opening after keyboard intent
ok 28 - late readiness cannot revive retired opening after keyboard intent
  ---
  duration_ms: 7.125709
  type: 'test'
  ...
# Subtest: late readiness cannot revive retired opening after pointer intent
ok 29 - late readiness cannot revive retired opening after pointer intent
  ---
  duration_ms: 7.845334
  type: 'test'
  ...
# Subtest: late readiness cannot revive retired opening after blur and refocus
ok 30 - late readiness cannot revive retired opening after blur and refocus
  ---
  duration_ms: 7.318833
  type: 'test'
  ...
# Subtest: late readiness cannot revive retired opening after hide and show
ok 31 - late readiness cannot revive retired opening after hide and show
  ---
  duration_ms: 8.714791
  type: 'test'
  ...
# Subtest: late readiness cannot revive retired opening after pagehide and pageshow
ok 32 - late readiness cannot revive retired opening after pagehide and pageshow
  ---
  duration_ms: 8.46625
  type: 'test'
  ...
# Subtest: theme failure retires the startup lease and retains the existing reload/Return recovery
ok 33 - theme failure retires the startup lease and retains the existing reload/Return recovery
  ---
  duration_ms: 9.00675
  type: 'test'
  ...
# Subtest: terminal departure prevents late startup and feedback after theme status 200
ok 34 - terminal departure prevents late startup and feedback after theme status 200
  ---
  duration_ms: 1.86875
  type: 'test'
  ...
# Subtest: terminal departure prevents late startup and feedback after theme status 503
ok 35 - terminal departure prevents late startup and feedback after theme status 503
  ---
  duration_ms: 1.571709
  type: 'test'
  ...
# Subtest: persisted departure defers theme status 200 until restoration without auto-open
ok 36 - persisted departure defers theme status 200 until restoration without auto-open
  ---
  duration_ms: 8.1335
  type: 'test'
  ...
# Subtest: persisted departure defers theme status 503 until restoration without auto-open
ok 37 - persisted departure defers theme status 503 until restoration without auto-open
  ---
  duration_ms: 7.873875
  type: 'test'
  ...
# Subtest: terminal departure during theme body decoding prevents late owner initialization
ok 38 - terminal departure during theme body decoding prevents late owner initialization
  ---
  duration_ms: 8.1785
  type: 'test'
  ...
# Subtest: return authority rejects outsiders, stale launches, malformed messages and repeats
ok 39 - return authority rejects outsiders, stale launches, malformed messages and repeats
  ---
  duration_ms: 1.665667
  type: 'test'
  ...
# Subtest: actual practice controller pause and Return reopens the unsaved parent draft with no flight progress
ok 40 - actual practice controller pause and Return reopens the unsaved parent draft with no flight progress
  ---
  duration_ms: 957.562208
  type: 'test'
  ...
# Subtest: ordinary and unrelated embedded game pages never receive a workshop return action
ok 41 - ordinary and unrelated embedded game pages never receive a workshop return action
  ---
  duration_ms: 332.967334
  type: 'test'
  ...
1..41
# tests 41
# suites 0
# pass 39
# fail 2
# cancelled 0
# skipped 0
# todo 0
# duration_ms 2057.896917
