TAP version 13
# Subtest: catalog close preserves the actual invoker and an explicit startup return target
ok 1 - catalog close preserves the actual invoker and an explicit startup return target
  ---
  duration_ms: 2.271875
  ...
# Subtest: catalog return target cannot override hidden
ok 2 - catalog return target cannot override hidden
  ---
  duration_ms: 0.420541
  ...
# Subtest: catalog return target cannot override blurred
ok 3 - catalog return target cannot override blurred
  ---
  duration_ms: 0.295
  ...
# Subtest: catalog return target cannot override newer close focus
ok 4 - catalog return target cannot override newer close focus
  ---
  duration_ms: 0.285708
  ...
# Subtest: actual catalog handlers isolate unsaved choices, save enabled/skin selections, restore and preview the chosen role
ok 5 - actual catalog handlers isolate unsaved choices, save enabled/skin selections, restore and preview the chosen role
  ---
  duration_ms: 3.920291
  ...
# Subtest: failed Apply retains the last saved draft; malformed or oversize imports cannot replace it
ok 6 - failed Apply retains the last saved draft; malformed or oversize imports cannot replace it
  ---
  duration_ms: 1.954417
  ...
# Subtest: cancelled catalog file reads cannot replace a draft or unlock a newer operation
ok 7 - cancelled catalog file reads cannot replace a draft or unlock a newer operation
  ---
  duration_ms: 1.26325
  ...
# Subtest: Stop waiting keeps an authoring save locked and reconciles its actual outcome
ok 8 - Stop waiting keeps an authoring save locked and reconciles its actual outcome
  ---
  duration_ms: 0.638
  ...
# Subtest: shared keyboard/controller navigation reaches native catalog controls; Back cancels select edit before closing
ok 9 - shared keyboard/controller navigation reaches native catalog controls; Back cancels select edit before closing
  ---
  duration_ms: 23.842083
  ...
# Subtest: workshop native input clears held D-pad repeats until neutral and a fresh press
ok 10 - workshop native input clears held D-pad repeats until neutral and a fresh press
  ---
  duration_ms: 2.856417
  ...
# Subtest: workshop ignores a focused game iframe even when parent hasFocus is true, and requires neutral on return
ok 11 - workshop ignores a focused game iframe even when parent hasFocus is true, and requires neutral on return
  ---
  duration_ms: 3.631792
  ...
# Subtest: role detail reader stays controller scrollable and Back returns to its own button
ok 12 - role detail reader stays controller scrollable and Back returns to its own button
  ---
  duration_ms: 1.422458
  ...
# Subtest: file picker cancellation keeps Enemy Catalog choices and an in-flight save; dialog Escape still stops waiting
ok 13 - file picker cancellation keeps Enemy Catalog choices and an in-flight save; dialog Escape still stops waiting
  ---
  duration_ms: 0.991583
  ...
# Subtest: native Return remains available before loading and after theme failure: http://localhost:8000/authoring/enemy-catalog/
ok 14 - native Return remains available before loading and after theme failure: http://localhost:8000/authoring/enemy-catalog/
  ---
  duration_ms: 58.194125
  ...
# Subtest: native Return remains available before loading and after theme failure: https://example.test/revealline/releases/v0.60.8/site/authoring/enemy-catalog/
ok 15 - native Return remains available before loading and after theme failure: https://example.test/revealline/releases/v0.60.8/site/authoring/enemy-catalog/
  ---
  duration_ms: 9.629
  ...
# Subtest: workshop modal Back keeps its draft before a separate keyboard Return to game
ok 16 - workshop modal Back keeps its draft before a separate keyboard Return to game
  ---
  duration_ms: 8.535125
  ...
# Subtest: ready controller navigation keeps modal ownership then activates the page Return link explicitly
ok 17 - ready controller navigation keeps modal ownership then activates the page Return link explicitly
  ---
  duration_ms: 28.602167
  ...
# Subtest: focused practice keeps parent controls idle and authenticated return restores the draft
ok 18 - focused practice keeps parent controls idle and authenticated return restores the draft
  ---
  duration_ms: 21.626291
  ...
# Subtest: ordinary foreground startup still opens the panel once and retires loading listeners
ok 19 - ordinary foreground startup still opens the panel once and retires loading listeners
  ---
  duration_ms: 7.976708
  ...
# Subtest: startup catalog Escape returns to Open workshop before forward page traversal
ok 20 - startup catalog Escape returns to Open workshop before forward page traversal
  ---
  duration_ms: 7.92225
  ...
# Subtest: startup catalog Back returns to Open workshop before forward page traversal
ok 21 - startup catalog Back returns to Open workshop before forward page traversal
  ---
  duration_ms: 8.622083
  ...
# Subtest: successful readiness preserves Return focus chosen before module
ok 22 - successful readiness preserves Return focus chosen before module
  ---
  duration_ms: 8.876791
  ...
# Subtest: successful readiness preserves Return focus chosen during loading
ok 23 - successful readiness preserves Return focus chosen during loading
  ---
  duration_ms: 8.115042
  ...
# Subtest: late readiness cannot revive retired opening after focus then return to body
ok 24 - late readiness cannot revive retired opening after focus then return to body
  ---
  duration_ms: 6.965292
  ...
# Subtest: late readiness cannot revive retired opening after keyboard intent
ok 25 - late readiness cannot revive retired opening after keyboard intent
  ---
  duration_ms: 8.82025
  ...
# Subtest: late readiness cannot revive retired opening after pointer intent
ok 26 - late readiness cannot revive retired opening after pointer intent
  ---
  duration_ms: 9.0025
  ...
# Subtest: late readiness cannot revive retired opening after blur and refocus
ok 27 - late readiness cannot revive retired opening after blur and refocus
  ---
  duration_ms: 8.813792
  ...
# Subtest: late readiness cannot revive retired opening after hide and show
ok 28 - late readiness cannot revive retired opening after hide and show
  ---
  duration_ms: 10.079459
  ...
# Subtest: late readiness cannot revive retired opening after pagehide and pageshow
ok 29 - late readiness cannot revive retired opening after pagehide and pageshow
  ---
  duration_ms: 7.495917
  ...
# Subtest: theme failure retires the startup lease and retains the existing reload/Return recovery
ok 30 - theme failure retires the startup lease and retains the existing reload/Return recovery
  ---
  duration_ms: 7.5215
  ...
# Subtest: terminal departure prevents late startup and feedback after theme status 200
ok 31 - terminal departure prevents late startup and feedback after theme status 200
  ---
  duration_ms: 1.875167
  ...
# Subtest: terminal departure prevents late startup and feedback after theme status 503
ok 32 - terminal departure prevents late startup and feedback after theme status 503
  ---
  duration_ms: 1.897958
  ...
# Subtest: persisted departure defers theme status 200 until restoration without auto-open
ok 33 - persisted departure defers theme status 200 until restoration without auto-open
  ---
  duration_ms: 8.831458
  ...
# Subtest: persisted departure defers theme status 503 until restoration without auto-open
ok 34 - persisted departure defers theme status 503 until restoration without auto-open
  ---
  duration_ms: 9.879625
  ...
# Subtest: terminal departure during theme body decoding prevents late owner initialization
ok 35 - terminal departure during theme body decoding prevents late owner initialization
  ---
  duration_ms: 8.254833
  ...
# Subtest: return authority rejects outsiders, stale launches, malformed messages and repeats
ok 36 - return authority rejects outsiders, stale launches, malformed messages and repeats
  ---
  duration_ms: 2.971291
  ...
# Subtest: actual practice controller pause and Return reopens the unsaved parent draft with no flight progress
not ok 37 - actual practice controller pause and Return reopens the unsaved parent draft with no flight progress
  ---
  duration_ms: 63.116209
  location: '/Users/oleksandr.mekhovov/work/my_projects/go_test/.cache/worktrees/p03-enemy-startup-focus-v06120/game/test/enemy-workshop-return.test.mjs:136:1'
  failureType: 'testCodeFailure'
  error: |-
    The game could not load.: ENOENT: no such file or directory, open '/Users/oleksandr.mekhovov/work/my_projects/go_test/.cache/worktrees/p03-enemy-startup-focus-v06120/game/content/campaign.json'
    Error: ENOENT: no such file or directory, open '/Users/oleksandr.mekhovov/work/my_projects/go_test/.cache/worktrees/p03-enemy-startup-focus-v06120/game/content/campaign.json'
        at async open (node:internal/fs/promises:639:25)
        at async readFile (node:internal/fs/promises:1246:14)
        at async Object.json (file:///Users/oleksandr.mekhovov/work/my_projects/go_test/.cache/worktrees/p03-enemy-startup-focus-v06120/game/test/helpers/solo-dom.mjs:284:26)
        at async Promise.all (index 0)
        at async file:///Users/oleksandr.mekhovov/work/my_projects/go_test/.cache/worktrees/p03-enemy-startup-focus-v06120/game/app.mjs?difficultyHost=1:197:5
  code: 'ERR_ASSERTION'
  name: 'AssertionError'
  expected: true
  operator: '=='
  stack: |-
    async open (node:internal/fs/promises:639:25)
    async readFile (node:internal/fs/promises:1246:14)
    async Object.json (file:///Users/oleksandr.mekhovov/work/my_projects/go_test/.cache/worktrees/p03-enemy-startup-focus-v06120/game/test/helpers/solo-dom.mjs:284:26)
    async Promise.all (index 0)
    async file:///Users/oleksandr.mekhovov/work/my_projects/go_test/.cache/worktrees/p03-enemy-startup-focus-v06120/game/app.mjs?difficultyHost=1:197:5
    soloPage (file:///Users/oleksandr.mekhovov/work/my_projects/go_test/.cache/worktrees/p03-enemy-startup-focus-v06120/game/test/helpers/solo-dom.mjs:402:10)
    async TestContext.<anonymous> (file:///Users/oleksandr.mekhovov/work/my_projects/go_test/.cache/worktrees/p03-enemy-startup-focus-v06120/game/test/enemy-workshop-return.test.mjs:169:10)
    async Test.run (node:internal/test_runner/test:797:9)
    async Test.processPendingSubtests (node:internal/test_runner/test:526:7)
  ...
# Subtest: ordinary and unrelated embedded game pages never receive a workshop return action
not ok 38 - ordinary and unrelated embedded game pages never receive a workshop return action
  ---
  duration_ms: 14.2875
  location: '/Users/oleksandr.mekhovov/work/my_projects/go_test/.cache/worktrees/p03-enemy-startup-focus-v06120/game/test/enemy-workshop-return.test.mjs:224:1'
  failureType: 'testCodeFailure'
  error: |-
    The game could not load.: ENOENT: no such file or directory, open '/Users/oleksandr.mekhovov/work/my_projects/go_test/.cache/worktrees/p03-enemy-startup-focus-v06120/game/content/campaign.json'
    Error: ENOENT: no such file or directory, open '/Users/oleksandr.mekhovov/work/my_projects/go_test/.cache/worktrees/p03-enemy-startup-focus-v06120/game/content/campaign.json'
        at async open (node:internal/fs/promises:639:25)
        at async readFile (node:internal/fs/promises:1246:14)
        at async Object.json (file:///Users/oleksandr.mekhovov/work/my_projects/go_test/.cache/worktrees/p03-enemy-startup-focus-v06120/game/test/helpers/solo-dom.mjs:284:26)
        at async Promise.all (index 0)
        at async file:///Users/oleksandr.mekhovov/work/my_projects/go_test/.cache/worktrees/p03-enemy-startup-focus-v06120/game/app.mjs?difficultyHost=2:197:5
  code: 'ERR_ASSERTION'
  name: 'AssertionError'
  expected: true
  operator: '=='
  stack: |-
    async open (node:internal/fs/promises:639:25)
    async readFile (node:internal/fs/promises:1246:14)
    async Object.json (file:///Users/oleksandr.mekhovov/work/my_projects/go_test/.cache/worktrees/p03-enemy-startup-focus-v06120/game/test/helpers/solo-dom.mjs:284:26)
    async Promise.all (index 0)
    async file:///Users/oleksandr.mekhovov/work/my_projects/go_test/.cache/worktrees/p03-enemy-startup-focus-v06120/game/app.mjs?difficultyHost=2:197:5
    soloPage (file:///Users/oleksandr.mekhovov/work/my_projects/go_test/.cache/worktrees/p03-enemy-startup-focus-v06120/game/test/helpers/solo-dom.mjs:402:10)
    async TestContext.<anonymous> (file:///Users/oleksandr.mekhovov/work/my_projects/go_test/.cache/worktrees/p03-enemy-startup-focus-v06120/game/test/enemy-workshop-return.test.mjs:225:16)
    async Test.run (node:internal/test_runner/test:797:9)
    async Test.processPendingSubtests (node:internal/test_runner/test:526:7)
  ...
1..38
# tests 38
# suites 0
# pass 36
# fail 2
# cancelled 0
# skipped 0
# todo 0
# duration_ms 819.856
