TAP version 13
# Subtest: catalog close preserves the actual invoker and an explicit startup return target
ok 1 - catalog close preserves the actual invoker and an explicit startup return target
  ---
  duration_ms: 2.340875
  ...
# Subtest: catalog return target cannot override hidden
ok 2 - catalog return target cannot override hidden
  ---
  duration_ms: 1.605125
  ...
# Subtest: catalog return target cannot override blurred
ok 3 - catalog return target cannot override blurred
  ---
  duration_ms: 0.350584
  ...
# Subtest: catalog return target cannot override newer close focus
ok 4 - catalog return target cannot override newer close focus
  ---
  duration_ms: 0.295833
  ...
# Subtest: a close callback that reopens the catalog retains the newer visit and return target
ok 5 - a close callback that reopens the catalog retains the newer visit and return target
  ---
  duration_ms: 0.578625
  ...
# Subtest: actual catalog handlers isolate unsaved choices, save enabled/skin selections, restore and preview the chosen role
ok 6 - actual catalog handlers isolate unsaved choices, save enabled/skin selections, restore and preview the chosen role
  ---
  duration_ms: 1.614083
  ...
# Subtest: failed Apply retains the last saved draft; malformed or oversize imports cannot replace it
ok 7 - failed Apply retains the last saved draft; malformed or oversize imports cannot replace it
  ---
  duration_ms: 1.224167
  ...
# Subtest: cancelled catalog file reads cannot replace a draft or unlock a newer operation
ok 8 - cancelled catalog file reads cannot replace a draft or unlock a newer operation
  ---
  duration_ms: 2.177083
  ...
# Subtest: Stop waiting keeps an authoring save locked and reconciles its actual outcome
ok 9 - Stop waiting keeps an authoring save locked and reconciles its actual outcome
  ---
  duration_ms: 1.214584
  ...
# Subtest: shared keyboard/controller navigation reaches native catalog controls; Back cancels select edit before closing
ok 10 - shared keyboard/controller navigation reaches native catalog controls; Back cancels select edit before closing
  ---
  duration_ms: 22.438708
  ...
# Subtest: workshop native input clears held D-pad repeats until neutral and a fresh press
ok 11 - workshop native input clears held D-pad repeats until neutral and a fresh press
  ---
  duration_ms: 3.307125
  ...
# Subtest: workshop ignores a focused game iframe even when parent hasFocus is true, and requires neutral on return
ok 12 - workshop ignores a focused game iframe even when parent hasFocus is true, and requires neutral on return
  ---
  duration_ms: 2.724458
  ...
# Subtest: role detail reader stays controller scrollable and Back returns to its own button
ok 13 - role detail reader stays controller scrollable and Back returns to its own button
  ---
  duration_ms: 1.133875
  ...
# Subtest: file picker cancellation keeps Enemy Catalog choices and an in-flight save; dialog Escape still stops waiting
ok 14 - file picker cancellation keeps Enemy Catalog choices and an in-flight save; dialog Escape still stops waiting
  ---
  duration_ms: 0.863541
  ...
# Subtest: native Return remains available before loading and after theme failure: http://localhost:8000/authoring/enemy-catalog/
ok 15 - native Return remains available before loading and after theme failure: http://localhost:8000/authoring/enemy-catalog/
  ---
  duration_ms: 40.363333
  ...
# Subtest: native Return remains available before loading and after theme failure: https://example.test/revealline/releases/v0.60.8/site/authoring/enemy-catalog/
ok 16 - native Return remains available before loading and after theme failure: https://example.test/revealline/releases/v0.60.8/site/authoring/enemy-catalog/
  ---
  duration_ms: 8.266792
  ...
# Subtest: workshop modal Back keeps its draft before a separate keyboard Return to game
ok 17 - workshop modal Back keeps its draft before a separate keyboard Return to game
  ---
  duration_ms: 9.142458
  ...
# Subtest: ready controller navigation keeps modal ownership then activates the page Return link explicitly
ok 18 - ready controller navigation keeps modal ownership then activates the page Return link explicitly
  ---
  duration_ms: 29.066625
  ...
# Subtest: focused practice keeps parent controls idle and authenticated return restores the draft
ok 19 - focused practice keeps parent controls idle and authenticated return restores the draft
  ---
  duration_ms: 19.124292
  ...
# Subtest: ordinary foreground startup still opens the panel once and retires loading listeners
ok 20 - ordinary foreground startup still opens the panel once and retires loading listeners
  ---
  duration_ms: 9.261125
  ...
# Subtest: startup catalog Escape returns to Open workshop before Tab
ok 21 - startup catalog Escape returns to Open workshop before Tab
  ---
  duration_ms: 9.336541
  ...
# Subtest: startup catalog Back returns to Open workshop before Tab
ok 22 - startup catalog Back returns to Open workshop before Tab
  ---
  duration_ms: 9.451666
  ...
# Subtest: startup catalog Escape returns to Open workshop before ArrowRight
not ok 23 - startup catalog Escape returns to Open workshop before ArrowRight
  ---
  duration_ms: 9.592458
  location: '/Users/oleksandr.mekhovov/work/my_projects/go_test/.cache/worktrees/p03-enemy-startup-focus-v06120/game/test/enemy-workshop-host.test.mjs:406:3'
  failureType: 'testCodeFailure'
  error: |-
    Expected values to be strictly equal:
    + actual - expected
    
    + null
    - '../../game/playground/'
  code: 'ERR_ASSERTION'
  name: 'AssertionError'
  expected: '../../game/playground/'
  actual: ~
  operator: 'strictEqual'
  stack: |-
    TestContext.<anonymous> (file:///Users/oleksandr.mekhovov/work/my_projects/go_test/.cache/worktrees/p03-enemy-startup-focus-v06120/game/test/enemy-workshop-host.test.mjs:417:12)
    async Test.run (node:internal/test_runner/test:797:9)
    async Test.processPendingSubtests (node:internal/test_runner/test:526:7)
  ...
# Subtest: startup catalog Back returns to Open workshop before ArrowRight
not ok 24 - startup catalog Back returns to Open workshop before ArrowRight
  ---
  duration_ms: 11.424875
  location: '/Users/oleksandr.mekhovov/work/my_projects/go_test/.cache/worktrees/p03-enemy-startup-focus-v06120/game/test/enemy-workshop-host.test.mjs:406:3'
  failureType: 'testCodeFailure'
  error: |-
    Expected values to be strictly equal:
    + actual - expected
    
    + null
    - '../../game/playground/'
  code: 'ERR_ASSERTION'
  name: 'AssertionError'
  expected: '../../game/playground/'
  actual: ~
  operator: 'strictEqual'
  stack: |-
    TestContext.<anonymous> (file:///Users/oleksandr.mekhovov/work/my_projects/go_test/.cache/worktrees/p03-enemy-startup-focus-v06120/game/test/enemy-workshop-host.test.mjs:417:12)
    async Test.run (node:internal/test_runner/test:797:9)
    async Test.processPendingSubtests (node:internal/test_runner/test:526:7)
  ...
# Subtest: successful readiness preserves Return focus chosen before module
ok 25 - successful readiness preserves Return focus chosen before module
  ---
  duration_ms: 8.269417
  ...
# Subtest: successful readiness preserves Return focus chosen during loading
ok 26 - successful readiness preserves Return focus chosen during loading
  ---
  duration_ms: 9.544792
  ...
# Subtest: late readiness cannot revive retired opening after focus then return to body
ok 27 - late readiness cannot revive retired opening after focus then return to body
  ---
  duration_ms: 8.937125
  ...
# Subtest: late readiness cannot revive retired opening after keyboard intent
ok 28 - late readiness cannot revive retired opening after keyboard intent
  ---
  duration_ms: 8.921709
  ...
# Subtest: late readiness cannot revive retired opening after pointer intent
ok 29 - late readiness cannot revive retired opening after pointer intent
  ---
  duration_ms: 8.649667
  ...
# Subtest: late readiness cannot revive retired opening after blur and refocus
ok 30 - late readiness cannot revive retired opening after blur and refocus
  ---
  duration_ms: 8.213916
  ...
# Subtest: late readiness cannot revive retired opening after hide and show
ok 31 - late readiness cannot revive retired opening after hide and show
  ---
  duration_ms: 8.186458
  ...
# Subtest: late readiness cannot revive retired opening after pagehide and pageshow
ok 32 - late readiness cannot revive retired opening after pagehide and pageshow
  ---
  duration_ms: 8.804458
  ...
# Subtest: theme failure retires the startup lease and retains the existing reload/Return recovery
ok 33 - theme failure retires the startup lease and retains the existing reload/Return recovery
  ---
  duration_ms: 8.415917
  ...
# Subtest: terminal departure prevents late startup and feedback after theme status 200
ok 34 - terminal departure prevents late startup and feedback after theme status 200
  ---
  duration_ms: 1.699708
  ...
# Subtest: terminal departure prevents late startup and feedback after theme status 503
ok 35 - terminal departure prevents late startup and feedback after theme status 503
  ---
  duration_ms: 2.812416
  ...
# Subtest: persisted departure defers theme status 200 until restoration without auto-open
ok 36 - persisted departure defers theme status 200 until restoration without auto-open
  ---
  duration_ms: 9.139917
  ...
# Subtest: persisted departure defers theme status 503 until restoration without auto-open
ok 37 - persisted departure defers theme status 503 until restoration without auto-open
  ---
  duration_ms: 8.396083
  ...
# Subtest: terminal departure during theme body decoding prevents late owner initialization
ok 38 - terminal departure during theme body decoding prevents late owner initialization
  ---
  duration_ms: 9.560458
  ...
# Subtest: return authority rejects outsiders, stale launches, malformed messages and repeats
ok 39 - return authority rejects outsiders, stale launches, malformed messages and repeats
  ---
  duration_ms: 2.611042
  ...
# Subtest: actual practice controller pause and Return reopens the unsaved parent draft with no flight progress
ok 40 - actual practice controller pause and Return reopens the unsaved parent draft with no flight progress
  ---
  duration_ms: 1211.511209
  ...
# Subtest: ordinary and unrelated embedded game pages never receive a workshop return action
ok 41 - ordinary and unrelated embedded game pages never receive a workshop return action
  ---
  duration_ms: 347.154708
  ...
1..41
# tests 41
# suites 0
# pass 39
# fail 2
# cancelled 0
# skipped 0
# todo 0
# duration_ms 2167.31175
