TAP version 13
# Subtest: the whole 4:3 or 2:1 bitmap fits independently of its element slot
ok 1 - the whole 4:3 or 2:1 bitmap fits independently of its element slot
  ---
  duration_ms: 0.789459
  type: 'test'
  ...
# Subtest: one seat resizing never substitutes the other seat or changes bitmap geometry
ok 2 - one seat resizing never substitutes the other seat or changes bitmap geometry
  ---
  duration_ms: 0.35925
  type: 'test'
  ...
# Subtest: observer delivery does not read layout, duplicate writes or retain a hidden scale
ok 3 - observer delivery does not read layout, duplicate writes or retain a hidden scale
  ---
  duration_ms: 0.671375
  type: 'test'
  ...
# Subtest: cached-page restoration rejects old callbacks and measures again without resuming play
ok 4 - cached-page restoration rejects old callbacks and measures again without resuming play
  ---
  duration_ms: 0.299875
  type: 'test'
  ...
# Subtest: fractional deliveries do not rewrite CSS values after browser serialization
ok 5 - fractional deliveries do not rewrite CSS values after browser serialization
  ---
  duration_ms: 0.140875
  type: 'test'
  ...
# Subtest: explicit geometry and resize reconciliation work without ResizeObserver
ok 6 - explicit geometry and resize reconciliation work without ResizeObserver
  ---
  duration_ms: 0.108333
  type: 'test'
  ...
1..6
# tests 6
# suites 0
# pass 6
# fail 0
# cancelled 0
# skipped 0
# todo 0
# duration_ms 49.018084
