TAP version 13
# Subtest: the whole 4:3 or 2:1 bitmap fits independently of its element slot
ok 1 - the whole 4:3 or 2:1 bitmap fits independently of its element slot
  ---
  duration_ms: 1.282917
  ...
# Subtest: one seat resizing never substitutes the other seat or changes bitmap geometry
ok 2 - one seat resizing never substitutes the other seat or changes bitmap geometry
  ---
  duration_ms: 0.336959
  ...
# Subtest: observer delivery does not read layout, duplicate writes or retain a hidden scale
ok 3 - observer delivery does not read layout, duplicate writes or retain a hidden scale
  ---
  duration_ms: 0.157208
  ...
# Subtest: cached-page restoration rejects old callbacks and measures again without resuming play
ok 4 - cached-page restoration rejects old callbacks and measures again without resuming play
  ---
  duration_ms: 0.391959
  ...
# Subtest: fractional deliveries do not rewrite CSS values after browser serialization
ok 5 - fractional deliveries do not rewrite CSS values after browser serialization
  ---
  duration_ms: 0.166375
  ...
# Subtest: explicit geometry and resize reconciliation work without ResizeObserver
ok 6 - explicit geometry and resize reconciliation work without ResizeObserver
  ---
  duration_ms: 0.133042
  ...
1..6
# tests 6
# suites 0
# pass 6
# fail 0
# cancelled 0
# skipped 0
# todo 0
# duration_ms 45.446541
