TAP version 13
# Subtest: history-restored selector follows current owner after pageshow (persisted=false)
not ok 1 - history-restored selector follows current owner after pageshow (persisted=false)
  ---
  duration_ms: 2.693916
  location: '/Users/oleksandr.mekhovov/work/my_projects/go_test/.cache/p05-tool-history-restoration-822f3290/parent/game/test/tool-display-restoration.test.mjs:70:3'
  failureType: 'testCodeFailure'
  error: |-
    Expected values to be strictly equal:
    + actual - expected
    
    + 'large'
    - 'standard'
  code: 'ERR_ASSERTION'
  name: 'AssertionError'
  expected: 'standard'
  actual: 'large'
  operator: 'strictEqual'
  stack: |-
    TestContext.<anonymous> (file:///Users/oleksandr.mekhovov/work/my_projects/go_test/.cache/p05-tool-history-restoration-822f3290/parent/game/test/tool-display-restoration.test.mjs:76:12)
    Test.runInAsyncScope (node:async_hooks:206:9)
    Test.run (node:internal/test_runner/test:796:25)
    Test.processPendingSubtests (node:internal/test_runner/test:526:18)
    node:internal/test_runner/harness:255:12
    node:internal/process/task_queues:140:7
    AsyncResource.runInAsyncScope (node:async_hooks:206:9)
    AsyncResource.runMicrotask (node:internal/process/task_queues:137:8)
  ...
# Subtest: history-restored selector follows current owner after pageshow (persisted=true)
not ok 2 - history-restored selector follows current owner after pageshow (persisted=true)
  ---
  duration_ms: 0.391292
  location: '/Users/oleksandr.mekhovov/work/my_projects/go_test/.cache/p05-tool-history-restoration-822f3290/parent/game/test/tool-display-restoration.test.mjs:70:3'
  failureType: 'testCodeFailure'
  error: |-
    Expected values to be strictly equal:
    + actual - expected
    
    + 'large'
    - 'standard'
  code: 'ERR_ASSERTION'
  name: 'AssertionError'
  expected: 'standard'
  actual: 'large'
  operator: 'strictEqual'
  stack: |-
    TestContext.<anonymous> (file:///Users/oleksandr.mekhovov/work/my_projects/go_test/.cache/p05-tool-history-restoration-822f3290/parent/game/test/tool-display-restoration.test.mjs:76:12)
    Test.runInAsyncScope (node:async_hooks:206:9)
    Test.run (node:internal/test_runner/test:796:25)
    Test.processPendingSubtests (node:internal/test_runner/test:526:18)
    Test.postRun (node:internal/test_runner/test:889:19)
    Test.run (node:internal/test_runner/test:835:12)
    async Test.processPendingSubtests (node:internal/test_runner/test:526:7)
  ...
# Subtest: persisted return first refreshes shared authority, then corrects late stale form state
not ok 3 - persisted return first refreshes shared authority, then corrects late stale form state
  ---
  duration_ms: 0.341375
  location: '/Users/oleksandr.mekhovov/work/my_projects/go_test/.cache/p05-tool-history-restoration-822f3290/parent/game/test/tool-display-restoration.test.mjs:89:1'
  failureType: 'testCodeFailure'
  error: |-
    Expected values to be strictly equal:
    + actual - expected
    
    + 'standard'
    - 'large'
  code: 'ERR_ASSERTION'
  name: 'AssertionError'
  expected: 'large'
  actual: 'standard'
  operator: 'strictEqual'
  stack: |-
    TestContext.<anonymous> (file:///Users/oleksandr.mekhovov/work/my_projects/go_test/.cache/p05-tool-history-restoration-822f3290/parent/game/test/tool-display-restoration.test.mjs:96:10)
    Test.runInAsyncScope (node:async_hooks:206:9)
    Test.run (node:internal/test_runner/test:796:25)
    Test.processPendingSubtests (node:internal/test_runner/test:526:18)
    Test.postRun (node:internal/test_runner/test:889:19)
    Test.run (node:internal/test_runner/test:835:12)
    async Test.processPendingSubtests (node:internal/test_runner/test:526:7)
  ...
# Subtest: history repair retains unsaved local intent and its persistence warning
not ok 4 - history repair retains unsaved local intent and its persistence warning
  ---
  duration_ms: 0.895208
  location: '/Users/oleksandr.mekhovov/work/my_projects/go_test/.cache/p05-tool-history-restoration-822f3290/parent/game/test/tool-display-restoration.test.mjs:104:1'
  failureType: 'testCodeFailure'
  error: |-
    Expected values to be strictly equal:
    + actual - expected
    
    + 'standard'
    - 'large'
  code: 'ERR_ASSERTION'
  name: 'AssertionError'
  expected: 'large'
  actual: 'standard'
  operator: 'strictEqual'
  stack: |-
    TestContext.<anonymous> (file:///Users/oleksandr.mekhovov/work/my_projects/go_test/.cache/p05-tool-history-restoration-822f3290/parent/game/test/tool-display-restoration.test.mjs:115:10)
    Test.runInAsyncScope (node:async_hooks:206:9)
    Test.run (node:internal/test_runner/test:796:25)
    Test.processPendingSubtests (node:internal/test_runner/test:526:18)
    Test.postRun (node:internal/test_runner/test:889:19)
    Test.run (node:internal/test_runner/test:835:12)
    async Test.processPendingSubtests (node:internal/test_runner/test:526:7)
  ...
# Subtest: deferred repair reads newer explicit intent instead of replaying the earlier snapshot
ok 5 - deferred repair reads newer explicit intent instead of replaying the earlier snapshot
  ---
  duration_ms: 0.29075
  ...
# Subtest: a second pageshow replaces its pending task and a frozen departure cancels it
not ok 6 - a second pageshow replaces its pending task and a frozen departure cancels it
  ---
  duration_ms: 0.280584
  location: '/Users/oleksandr.mekhovov/work/my_projects/go_test/.cache/p05-tool-history-restoration-822f3290/parent/game/test/tool-display-restoration.test.mjs:136:1'
  failureType: 'testCodeFailure'
  error: |-
    Expected values to be strictly equal:
    
    0 !== 1
    
  code: 'ERR_ASSERTION'
  name: 'AssertionError'
  expected: 1
  actual: 0
  operator: 'strictEqual'
  stack: |-
    TestContext.<anonymous> (file:///Users/oleksandr.mekhovov/work/my_projects/go_test/.cache/p05-tool-history-restoration-822f3290/parent/game/test/tool-display-restoration.test.mjs:140:10)
    Test.runInAsyncScope (node:async_hooks:206:9)
    Test.run (node:internal/test_runner/test:796:25)
    Test.processPendingSubtests (node:internal/test_runner/test:526:18)
    Test.postRun (node:internal/test_runner/test:889:19)
    Test.run (node:internal/test_runner/test:835:12)
    async Test.processPendingSubtests (node:internal/test_runner/test:526:7)
  ...
# Subtest: terminal disposal cancels deferred repair and stale callbacks cannot rewrite controls
not ok 7 - terminal disposal cancels deferred repair and stale callbacks cannot rewrite controls
  ---
  duration_ms: 0.242917
  location: '/Users/oleksandr.mekhovov/work/my_projects/go_test/.cache/p05-tool-history-restoration-822f3290/parent/game/test/tool-display-restoration.test.mjs:152:1'
  failureType: 'testCodeFailure'
  error: |-
    Expected values to be strictly equal:
    
    0 !== 1
    
  code: 'ERR_ASSERTION'
  name: 'AssertionError'
  expected: 1
  actual: 0
  operator: 'strictEqual'
  stack: |-
    TestContext.<anonymous> (file:///Users/oleksandr.mekhovov/work/my_projects/go_test/.cache/p05-tool-history-restoration-822f3290/parent/game/test/tool-display-restoration.test.mjs:156:10)
    Test.runInAsyncScope (node:async_hooks:206:9)
    Test.run (node:internal/test_runner/test:796:25)
    Test.processPendingSubtests (node:internal/test_runner/test:526:18)
    Test.postRun (node:internal/test_runner/test:889:19)
    Test.run (node:internal/test_runner/test:835:12)
    async Test.processPendingSubtests (node:internal/test_runner/test:526:7)
  ...
1..7
# tests 7
# suites 0
# pass 1
# fail 6
# cancelled 0
# skipped 0
# todo 0
# duration_ms 314.368458
