TAP version 13
# Subtest: immutable held patch pins its base while the actual renderer retains newer adapters
ok 1 - immutable held patch pins its base while the actual renderer retains newer adapters
  ---
  duration_ms: 1.9545
  type: 'test'
  ...
# Pinned renderer f93317fa0d48d862ecffa29d4cd3b854d04a35b9; patched renderer f731b54cf167c91adeea1df3203f3a56294524b5; patch SHA-256 c4fde0cb043e472517a7c0b22330bce42e3d34181d324ec15b1a0628abd846c9.
# Subtest: absent and disabled combat preserve both historical and current command streams and authority exactly
ok 2 - absent and disabled combat preserve both historical and current command streams and authority exactly
  ---
  duration_ms: 213.91025
  type: 'test'
  ...
# Subtest: absent and disabled combat leave current pursuit/interception warnings byte-for-command unchanged
ok 3 - absent and disabled combat leave current pursuit/interception warnings byte-for-command unchanged
  ---
  duration_ms: 617.566208
  type: 'test'
  ...
# Subtest: malformed active combat throws before canvas, caches, animation or painter state changes
ok 4 - malformed active combat throws before canvas, caches, animation or painter state changes
  ---
  duration_ms: 80.284291
  type: 'test'
  ...
# Subtest: actual warning bodies and rays sit below the live trail, ordinary keepers and craft
ok 5 - actual warning bodies and rays sit below the live trail, ordinary keepers and craft
  ---
  duration_ms: 37.81475
  type: 'test'
  ...
# Subtest: actual painter layers trail-pursuer/immediate with sentry warning, shot and real capture cancellation
ok 6 - actual painter layers trail-pursuer/immediate with sentry warning, shot and real capture cancellation
  ---
  duration_ms: 709.747791
  type: 'test'
  ...
# Subtest: actual painter layers trail-pursuer/grid-center with sentry warning, shot and real capture cancellation
ok 7 - actual painter layers trail-pursuer/grid-center with sentry warning, shot and real capture cancellation
  ---
  duration_ms: 481.08275
  type: 'test'
  ...
# Subtest: actual painter layers heading-interceptor/immediate with sentry warning, shot and real capture cancellation
ok 8 - actual painter layers heading-interceptor/immediate with sentry warning, shot and real capture cancellation
  ---
  duration_ms: 434.170375
  type: 'test'
  ...
# Subtest: actual painter layers heading-interceptor/grid-center with sentry warning, shot and real capture cancellation
ok 9 - actual painter layers heading-interceptor/grid-center with sentry warning, shot and real capture cancellation
  ---
  duration_ms: 383.742166
  type: 'test'
  ...
# Subtest: actual fired projectiles draw above keepers and below the craft with a readable diamond
ok 10 - actual fired projectiles draw above keepers and below the craft with a readable diamond
  ---
  duration_ms: 39.230875
  type: 'test'
  ...
# Subtest: real ram and terminal capture place inert scrap over the picture with no terminal live threats
ok 11 - real ram and terminal capture place inert scrap over the picture with no terminal live threats
  ---
  duration_ms: 91.433416
  type: 'test'
  ...
# Subtest: small and reduced viewports retain warning and shot cues, including real freeze pickups and pause
ok 12 - small and reduced viewports retain warning and shot cues, including real freeze pickups and pause
  ---
  duration_ms: 310.635792
  type: 'test'
  ...
# Subtest: the cosmetic scrap toggle cannot hide live warning bodies or projectiles
ok 13 - the cosmetic scrap toggle cannot hide live warning bodies or projectiles
  ---
  duration_ms: 69.242708
  type: 'test'
  ...
# Subtest: a real terminal capture is immediately static even unreduced, while surviving sentries stay hidden
ok 14 - a real terminal capture is immediately static even unreduced, while surviving sentries stay hidden
  ---
  duration_ms: 80.2815
  type: 'test'
  ...
# Subtest: one painter reuses a bounded sprite cache and resets it on setLevel and setLook
ok 15 - one painter reuses a bounded sprite cache and resets it on setLevel and setLook
  ---
  duration_ms: 2475.824416
  type: 'test'
  ...
# Subtest: original combat studies have complete preset/control evidence, explicit limits and independent authored copies
ok 16 - original combat studies have complete preset/control evidence, explicit limits and independent authored copies
  ---
  duration_ms: 1.366375
  type: 'test'
  ...
# Subtest: combat study clears and replays with combat on/off: two-bay-service/standard/grid-center/seed1
ok 17 - combat study clears and replays with combat on/off: two-bay-service/standard/grid-center/seed1
  ---
  duration_ms: 722.924292
  type: 'test'
  ...
# Subtest: combat study equal independent paired races with combat on/off: two-bay-service/standard/grid-center/seed1
ok 18 - combat study equal independent paired races with combat on/off: two-bay-service/standard/grid-center/seed1
  ---
  duration_ms: 339.269583
  type: 'test'
  ...
# Subtest: combat study clears and replays with combat on/off: workshop-sweep/standard/immediate/seed1
ok 19 - combat study clears and replays with combat on/off: workshop-sweep/standard/immediate/seed1
  ---
  duration_ms: 278.423167
  type: 'test'
  ...
# Subtest: combat study equal independent paired races with combat on/off: workshop-sweep/standard/immediate/seed1
ok 20 - combat study equal independent paired races with combat on/off: workshop-sweep/standard/immediate/seed1
  ---
  duration_ms: 209.802042
  type: 'test'
  ...
# Subtest: combat study clears and replays with combat on/off: workshop-sweep/gentle/immediate/seed1
ok 21 - combat study clears and replays with combat on/off: workshop-sweep/gentle/immediate/seed1
  ---
  duration_ms: 288.26675
  type: 'test'
  ...
# Subtest: combat study equal independent paired races with combat on/off: workshop-sweep/gentle/immediate/seed1
ok 22 - combat study equal independent paired races with combat on/off: workshop-sweep/gentle/immediate/seed1
  ---
  duration_ms: 143.754042
  type: 'test'
  ...
# Subtest: combat study clears and replays with combat on/off: workshop-sweep/gentle/grid-center/seed1
ok 23 - combat study clears and replays with combat on/off: workshop-sweep/gentle/grid-center/seed1
  ---
  duration_ms: 177.382958
  type: 'test'
  ...
# Subtest: combat study equal independent paired races with combat on/off: workshop-sweep/gentle/grid-center/seed1
ok 24 - combat study equal independent paired races with combat on/off: workshop-sweep/gentle/grid-center/seed1
  ---
  duration_ms: 159.483542
  type: 'test'
  ...
# Subtest: combat study clears and replays with combat on/off: workshop-sweep/standard/grid-center/seed1
ok 25 - combat study clears and replays with combat on/off: workshop-sweep/standard/grid-center/seed1
  ---
  duration_ms: 144.394291
  type: 'test'
  ...
# Subtest: combat study equal independent paired races with combat on/off: workshop-sweep/standard/grid-center/seed1
ok 26 - combat study equal independent paired races with combat on/off: workshop-sweep/standard/grid-center/seed1
  ---
  duration_ms: 133.695958
  type: 'test'
  ...
# Subtest: combat study clears and replays with combat on/off: workshop-sweep/expert/immediate/seed1
ok 27 - combat study clears and replays with combat on/off: workshop-sweep/expert/immediate/seed1
  ---
  duration_ms: 104.383834
  type: 'test'
  ...
# Subtest: combat study equal independent paired races with combat on/off: workshop-sweep/expert/immediate/seed1
ok 28 - combat study equal independent paired races with combat on/off: workshop-sweep/expert/immediate/seed1
  ---
  duration_ms: 109.707541
  type: 'test'
  ...
# Subtest: combat study clears and replays with combat on/off: workshop-sweep/expert/grid-center/seed1
ok 29 - combat study clears and replays with combat on/off: workshop-sweep/expert/grid-center/seed1
  ---
  duration_ms: 128.738458
  type: 'test'
  ...
# Subtest: combat study equal independent paired races with combat on/off: workshop-sweep/expert/grid-center/seed1
ok 30 - combat study equal independent paired races with combat on/off: workshop-sweep/expert/grid-center/seed1
  ---
  duration_ms: 100.459291
  type: 'test'
  ...
# Subtest: combat study clears and replays with combat on/off: sentry-detour/gentle/immediate/seed1
ok 31 - combat study clears and replays with combat on/off: sentry-detour/gentle/immediate/seed1
  ---
  duration_ms: 158.303958
  type: 'test'
  ...
# Subtest: combat study equal independent paired races with combat on/off: sentry-detour/gentle/immediate/seed1
ok 32 - combat study equal independent paired races with combat on/off: sentry-detour/gentle/immediate/seed1
  ---
  duration_ms: 168.166666
  type: 'test'
  ...
# Subtest: combat study clears and replays with combat on/off: sentry-detour/gentle/grid-center/seed1
ok 33 - combat study clears and replays with combat on/off: sentry-detour/gentle/grid-center/seed1
  ---
  duration_ms: 197.422291
  type: 'test'
  ...
# Subtest: combat study equal independent paired races with combat on/off: sentry-detour/gentle/grid-center/seed1
ok 34 - combat study equal independent paired races with combat on/off: sentry-detour/gentle/grid-center/seed1
  ---
  duration_ms: 167.922583
  type: 'test'
  ...
# Subtest: combat study clears and replays with combat on/off: sentry-detour/standard/immediate/seed1
ok 35 - combat study clears and replays with combat on/off: sentry-detour/standard/immediate/seed1
  ---
  duration_ms: 161.535167
  type: 'test'
  ...
# Subtest: combat study equal independent paired races with combat on/off: sentry-detour/standard/immediate/seed1
ok 36 - combat study equal independent paired races with combat on/off: sentry-detour/standard/immediate/seed1
  ---
  duration_ms: 138.358333
  type: 'test'
  ...
# Subtest: combat study clears and replays with combat on/off: sentry-detour/standard/grid-center/seed1
ok 37 - combat study clears and replays with combat on/off: sentry-detour/standard/grid-center/seed1
  ---
  duration_ms: 101.01925
  type: 'test'
  ...
# Subtest: combat study equal independent paired races with combat on/off: sentry-detour/standard/grid-center/seed1
ok 38 - combat study equal independent paired races with combat on/off: sentry-detour/standard/grid-center/seed1
  ---
  duration_ms: 87.777958
  type: 'test'
  ...
# Subtest: combat study clears and replays with combat on/off: sentry-detour/expert/immediate/seed1
ok 39 - combat study clears and replays with combat on/off: sentry-detour/expert/immediate/seed1
  ---
  duration_ms: 122.176
  type: 'test'
  ...
# Subtest: combat study equal independent paired races with combat on/off: sentry-detour/expert/immediate/seed1
ok 40 - combat study equal independent paired races with combat on/off: sentry-detour/expert/immediate/seed1
  ---
  duration_ms: 113.771541
  type: 'test'
  ...
# Subtest: combat study clears and replays with combat on/off: sentry-detour/expert/grid-center/seed1
ok 41 - combat study clears and replays with combat on/off: sentry-detour/expert/grid-center/seed1
  ---
  duration_ms: 146.931708
  type: 'test'
  ...
# Subtest: combat study equal independent paired races with combat on/off: sentry-detour/expert/grid-center/seed1
ok 42 - combat study equal independent paired races with combat on/off: sentry-detour/expert/grid-center/seed1
  ---
  duration_ms: 152.083542
  type: 'test'
  ...
# Subtest: combat study clears and replays with combat on/off: two-bay-service/gentle/immediate/seed1
ok 43 - combat study clears and replays with combat on/off: two-bay-service/gentle/immediate/seed1
  ---
  duration_ms: 174.512209
  type: 'test'
  ...
# Subtest: combat study equal independent paired races with combat on/off: two-bay-service/gentle/immediate/seed1
ok 44 - combat study equal independent paired races with combat on/off: two-bay-service/gentle/immediate/seed1
  ---
  duration_ms: 166.873459
  type: 'test'
  ...
# Subtest: combat study clears and replays with combat on/off: two-bay-service/gentle/grid-center/seed1
ok 45 - combat study clears and replays with combat on/off: two-bay-service/gentle/grid-center/seed1
  ---
  duration_ms: 171.258792
  type: 'test'
  ...
# Subtest: combat study equal independent paired races with combat on/off: two-bay-service/gentle/grid-center/seed1
ok 46 - combat study equal independent paired races with combat on/off: two-bay-service/gentle/grid-center/seed1
  ---
  duration_ms: 173.149709
  type: 'test'
  ...
# Subtest: combat study clears and replays with combat on/off: two-bay-service/standard/immediate/seed1
ok 47 - combat study clears and replays with combat on/off: two-bay-service/standard/immediate/seed1
  ---
  duration_ms: 176.028375
  type: 'test'
  ...
# Subtest: combat study equal independent paired races with combat on/off: two-bay-service/standard/immediate/seed1
ok 48 - combat study equal independent paired races with combat on/off: two-bay-service/standard/immediate/seed1
  ---
  duration_ms: 168.889667
  type: 'test'
  ...
# Subtest: combat study clears and replays with combat on/off: two-bay-service/expert/immediate/seed1
ok 49 - combat study clears and replays with combat on/off: two-bay-service/expert/immediate/seed1
  ---
  duration_ms: 212.768084
  type: 'test'
  ...
# Subtest: combat study equal independent paired races with combat on/off: two-bay-service/expert/immediate/seed1
ok 50 - combat study equal independent paired races with combat on/off: two-bay-service/expert/immediate/seed1
  ---
  duration_ms: 210.317875
  type: 'test'
  ...
# Subtest: combat study clears and replays with combat on/off: two-bay-service/expert/grid-center/seed1
ok 51 - combat study clears and replays with combat on/off: two-bay-service/expert/grid-center/seed1
  ---
  duration_ms: 235.975416
  type: 'test'
  ...
# Subtest: combat study equal independent paired races with combat on/off: two-bay-service/expert/grid-center/seed1
ok 52 - combat study equal independent paired races with combat on/off: two-bay-service/expert/grid-center/seed1
  ---
  duration_ms: 231.099209
  type: 'test'
  ...
# Subtest: combat study clears and replays with combat on/off: workshop-sweep/standard/immediate/seed2
ok 53 - combat study clears and replays with combat on/off: workshop-sweep/standard/immediate/seed2
  ---
  duration_ms: 81.629541
  type: 'test'
  ...
# Subtest: combat study equal independent paired races with combat on/off: workshop-sweep/standard/immediate/seed2
ok 54 - combat study equal independent paired races with combat on/off: workshop-sweep/standard/immediate/seed2
  ---
  duration_ms: 79.225958
  type: 'test'
  ...
# Subtest: combat study clears and replays with combat on/off: sentry-detour/standard/immediate/seed2
ok 55 - combat study clears and replays with combat on/off: sentry-detour/standard/immediate/seed2
  ---
  duration_ms: 139.470666
  type: 'test'
  ...
# Subtest: combat study equal independent paired races with combat on/off: sentry-detour/standard/immediate/seed2
ok 56 - combat study equal independent paired races with combat on/off: sentry-detour/standard/immediate/seed2
  ---
  duration_ms: 121.442917
  type: 'test'
  ...
# Subtest: combat study clears and replays with combat on/off: two-bay-service/standard/immediate/seed2
ok 57 - combat study clears and replays with combat on/off: two-bay-service/standard/immediate/seed2
  ---
  duration_ms: 172.612667
  type: 'test'
  ...
# Subtest: combat study equal independent paired races with combat on/off: two-bay-service/standard/immediate/seed2
ok 58 - combat study equal independent paired races with combat on/off: two-bay-service/standard/immediate/seed2
  ---
  duration_ms: 168.53375
  type: 'test'
  ...
# Subtest: existing projectile at closure wins; newly captured ground cannot retroactively absorb it
ok 59 - existing projectile at closure wins; newly captured ground cannot retroactively absorb it
  ---
  duration_ms: 16.3735
  type: 'test'
  ...
# Subtest: a later projectile hit is absorbed by accepted capture with no life lost
ok 60 - a later projectile hit is absorbed by accepted capture with no life lost
  ---
  duration_ms: 4.013375
  type: 'test'
  ...
# Subtest: ram/capture tie emits exactly one capture elimination
ok 61 - ram/capture tie emits exactly one capture elimination
  ---
  duration_ms: 3.44275
  type: 'test'
  ...
# Subtest: frozen patrol can be rammed; a frozen touching shot does not damage
ok 62 - frozen patrol can be rammed; a frozen touching shot does not damage
  ---
  duration_ms: 34.710583
  type: 'test'
  ...
# Subtest: already-fired contact wins its owner ram tie; a strictly earlier ram cancels the shot
ok 63 - already-fired contact wins its owner ram tie; a strictly earlier ram cancels the shot
  ---
  duration_ms: 3.460042
  type: 'test'
  ...
# Subtest: impact redeployment clears projectiles and warnings without costing a life
ok 64 - impact redeployment clears projectiles and warnings without costing a life
  ---
  duration_ms: 71.899375
  type: 'test'
  ...
# Subtest: remote disconnected chamber and isolated boss release remove combat actors without retaining field
ok 65 - remote disconnected chamber and isolated boss release remove combat actors without retaining field
  ---
  duration_ms: 4.323166
  type: 'test'
  ...
# Subtest: combat descriptors are optional and restricted to foundation-aware v5..v8
ok 66 - combat descriptors are optional and restricted to foundation-aware v5..v8
  ---
  duration_ms: 71.695875
  type: 'test'
  ...
# Subtest: strict descriptor and role-specific keys reject missing, unknown and malformed data even when disabled
ok 67 - strict descriptor and role-specific keys reject missing, unknown and malformed data even when disabled
  ---
  duration_ms: 103.460041
  type: 'test'
  ...
# Subtest: all numeric bounds are explicit, finite and inclusive; tick values must be integers
ok 68 - all numeric bounds are explicit, finite and inclusive; tick values must be integers
  ---
  duration_ms: 192.261125
  type: 'test'
  ...
# Subtest: bounded populations allow 24 patrols with 8 sentries and reject either excess
ok 69 - bounded populations allow 24 patrols with 8 sentries and reject either excess
  ---
  duration_ms: 12.038541
  type: 'test'
  ...
# Subtest: starts require legal unclaimed geometry, centered coordinates and two cells of spawn clearance
ok 70 - starts require legal unclaimed geometry, centered coordinates and two cells of spawn clearance
  ---
  duration_ms: 102.740792
  type: 'test'
  ...
# Subtest: patrol starts cannot overlap patrols or field enemies, including continuous-radius overlap
ok 71 - patrol starts cannot overlap patrols or field enemies, including continuous-radius overlap
  ---
  duration_ms: 8.807542
  type: 'test'
  ...
# Subtest: patrol IDs are globally unique across entities, terrain, bonuses, relays and directional zones
ok 72 - patrol IDs are globally unique across entities, terrain, bonuses, relays and directional zones
  ---
  duration_ms: 13.724583
  type: 'test'
  ...
# Subtest: the public JSON boundary rejects executable values and sparse arrays without invoking accessors
ok 73 - the public JSON boundary rejects executable values and sparse arrays without invoking accessors
  ---
  duration_ms: 0.667833
  type: 'test'
  ...
# Subtest: synthesized home IDs respect authored combat IDs even in disabled descriptors
ok 74 - synthesized home IDs respect authored combat IDs even in disabled descriptors
  ---
  duration_ms: 4.183208
  type: 'test'
  ...
# Subtest: absent and disabled descriptors create no runtime population or random draws
ok 75 - absent and disabled descriptors create no runtime population or random draws
  ---
  duration_ms: 88.114791
  type: 'test'
  ...
# Subtest: private stable-ID random streams ignore actor input order and preserve exact replay state
ok 76 - private stable-ID random streams ignore actor input order and preserve exact replay state
  ---
  duration_ms: 113.578167
  type: 'test'
  ...
# Subtest: diagonal speed is normalized and resolved exactly once; wall reflections stay legal
ok 77 - diagonal speed is normalized and resolved exactly once; wall reflections stay legal
  ---
  duration_ms: 25.991875
  type: 'test'
  ...
# Subtest: sentry opening, failed scan, locked aim, warning, recovery and rest have exact tick origins
ok 78 - sentry opening, failed scan, locked aim, warning, recovery and rest have exact tick origins
  ---
  duration_ms: 7.385625
  type: 'test'
  ...
# Subtest: warning cancels on return or occlusion, unrelated remote fill does not cancel
ok 79 - warning cancels on return or occlusion, unrelated remote fill does not cancel
  ---
  duration_ms: 9.689417
  type: 'test'
  ...
# Subtest: overdue stationary turns draw once on resume; no scan/turn catch-up bursts
ok 80 - overdue stationary turns draw once on resume; no scan/turn catch-up bursts
  ---
  duration_ms: 1.092291
  type: 'test'
  ...
# Subtest: freeze pauses movement/clocks/shot damage; slow scales travel, not warning
ok 81 - freeze pauses movement/clocks/shot damage; slow scales travel, not warning
  ---
  duration_ms: 7.9275
  type: 'test'
  ...
# Subtest: life recovery cancels threats even while frozen; elimination never respawns or scores
ok 82 - life recovery cancels threats even while frozen; elimination never respawns or scores
  ---
  duration_ms: 4.03325
  type: 'test'
  ...
# Subtest: capture removes radius-overlapping actors, bullets and warnings, never retaining remote chambers
ok 83 - capture removes radius-overlapping actors, bullets and warnings, never retaining remote chambers
  ---
  duration_ms: 1.265292
  type: 'test'
  ...
# Subtest: expiry precedes contact and terminal cleanup cannot create attacks
ok 84 - expiry precedes contact and terminal cleanup cannot create attacks
  ---
  duration_ms: 1.251209
  type: 'test'
  ...
# Subtest: projectile capacity is bounded, actor-ID ordered, skipped shots enter recovery
ok 85 - projectile capacity is bounded, actor-ID ordered, skipped shots enter recovery
  ---
  duration_ms: 1.081583
  type: 'test'
  ...
# Subtest: swept crossing rams and bullets hit between endpoints, boundary ties absorb
ok 86 - swept crossing rams and bullets hit between endpoints, boundary ties absorb
  ---
  duration_ms: 6.455916
  type: 'test'
  ...
# Subtest: native pixel roles/poses differ without colour and all mask rectangles use bounded integer coordinates
ok 87 - native pixel roles/poses differ without colour and all mask rectangles use bounded integer coordinates
  ---
  duration_ms: 1.862666
  type: 'test'
  ...
# Subtest: absent, disabled and explicitly invalid projections have no canvas or cache effects
ok 88 - absent, disabled and explicitly invalid projections have no canvas or cache effects
  ---
  duration_ms: 0.330208
  type: 'test'
  ...
# Subtest: pixel body size, accurate footprint and opaque mandatory cues at 200px
ok 89 - pixel body size, accurate footprint and opaque mandatory cues at 200px
  ---
  duration_ms: 0.654875
  type: 'test'
  ...
# Subtest: pixel body size, accurate footprint and opaque mandatory cues at 240px
ok 90 - pixel body size, accurate footprint and opaque mandatory cues at 240px
  ---
  duration_ms: 4.457083
  type: 'test'
  ...
# Subtest: pixel body size, accurate footprint and opaque mandatory cues at 294px
ok 91 - pixel body size, accurate footprint and opaque mandatory cues at 294px
  ---
  duration_ms: 0.63075
  type: 'test'
  ...
# Subtest: pixel body size, accurate footprint and opaque mandatory cues at 390px
ok 92 - pixel body size, accurate footprint and opaque mandatory cues at 390px
  ---
  duration_ms: 0.480375
  type: 'test'
  ...
# Subtest: pixel body size, accurate footprint and opaque mandatory cues at 600px
ok 93 - pixel body size, accurate footprint and opaque mandatory cues at 600px
  ---
  duration_ms: 3.517125
  type: 'test'
  ...
# Subtest: pixel body size, accurate footprint and opaque mandatory cues at 1152px
ok 94 - pixel body size, accurate footprint and opaque mandatory cues at 1152px
  ---
  duration_ms: 0.890084
  type: 'test'
  ...
# Subtest: pixel cache is bounded by six role/pose frames and replaced on a palette change; repeat frames do not advance poses
ok 95 - pixel cache is bounded by six role/pose frames and replaced on a palette change; repeat frames do not advance poses
  ---
  duration_ms: 0.830167
  type: 'test'
  ...
# Subtest: freeze/reduced effects and stationary phases use static bodies without deleting warning or projectile cues
ok 96 - freeze/reduced effects and stationary phases use static bodies without deleting warning or projectile cues
  ---
  duration_ms: 0.521792
  type: 'test'
  ...
# Subtest: warning keeps locked cross, ray beyond the aim and static remaining segment in monochrome
ok 97 - warning keeps locked cross, ray beyond the aim and static remaining segment in monochrome
  ---
  duration_ms: 0.241875
  type: 'test'
  ...
# Subtest: shots keep six-CSS-pixel core and direction tail, including frozen/reduced mode
ok 98 - shots keep six-CSS-pixel core and direction tail, including frozen/reduced mode
  ---
  duration_ms: 0.206333
  type: 'test'
  ...
# Subtest: warning countdown lies outside the complete painted body at every supported size
ok 99 - warning countdown lies outside the complete painted body at every supported size
  ---
  duration_ms: 0.262959
  type: 'test'
  ...
# Subtest: scrap persists without authority changes; sparks expire, reduce and stop on terminal frames
ok 100 - scrap persists without authority changes; sparks expire, reduce and stop on terminal frames
  ---
  duration_ms: 0.184166
  type: 'test'
  ...
# Subtest: terminal views hide live threats but retain optional inert scrap
ok 101 - terminal views hide live threats but retain optional inert scrap
  ---
  duration_ms: 0.049208
  type: 'test'
  ...
# Subtest: rendering real warning, shot and removal projections never changes simulation identity or state
ok 102 - rendering real warning, shot and removal projections never changes simulation identity or state
  ---
  duration_ms: 360.873166
  type: 'test'
  ...
# Subtest: maximum presentation populations have bounded drawing work and finite minimum-scale geometry
ok 103 - maximum presentation populations have bounded drawing work and finite minimum-scale geometry
  ---
  duration_ms: 0.733542
  type: 'test'
  ...
# Subtest: optional preparation preserves current pressure catalogue and every unrelated edition
ok 104 - optional preparation preserves current pressure catalogue and every unrelated edition
  ---
  duration_ms: 2846.074417
  type: 'test'
  ...
# Subtest: v9 optional scout/sentry edits keep pressure recipes, independent populations and explicit on/off identities
ok 105 - v9 optional scout/sentry edits keep pressure recipes, independent populations and explicit on/off identities
  ---
  duration_ms: 672.090292
  type: 'test'
  ...
# Subtest: trail-pursuer/immediate: independent locked attacks replay, restore and cancel on a real return
ok 106 - trail-pursuer/immediate: independent locked attacks replay, restore and cancel on a real return
  ---
  duration_ms: 351.293209
  type: 'test'
  ...
# Subtest: trail-pursuer/grid-center: independent locked attacks replay, restore and cancel on a real return
ok 107 - trail-pursuer/grid-center: independent locked attacks replay, restore and cancel on a real return
  ---
  duration_ms: 268.456833
  type: 'test'
  ...
# Subtest: heading-interceptor/immediate: independent locked attacks replay, restore and cancel on a real return
ok 108 - heading-interceptor/immediate: independent locked attacks replay, restore and cancel on a real return
  ---
  duration_ms: 261.772708
  type: 'test'
  ...
# Subtest: heading-interceptor/grid-center: independent locked attacks replay, restore and cancel on a real return
ok 109 - heading-interceptor/grid-center: independent locked attacks replay, restore and cancel on a real return
  ---
  duration_ms: 246.394125
  type: 'test'
  ...
# Subtest: static combat review paints all seven specimens with finite geometry through every control combination
ok 110 - static combat review paints all seven specimens with finite geometry through every control combination
  ---
  duration_ms: 247.143
  type: 'test'
  ...
# Subtest: public inputs and equal paired boards: ram/immediate/seed1
ok 111 - public inputs and equal paired boards: ram/immediate/seed1
  ---
  duration_ms: 338.936459
  type: 'test'
  ...
# Subtest: public inputs and equal paired boards: capture/immediate/seed1
ok 112 - public inputs and equal paired boards: capture/immediate/seed1
  ---
  duration_ms: 129.995666
  type: 'test'
  ...
# Subtest: public inputs and equal paired boards: evade/immediate/seed1
ok 113 - public inputs and equal paired boards: evade/immediate/seed1
  ---
  duration_ms: 98.419333
  type: 'test'
  ...
# Subtest: public inputs and equal paired boards: ram/immediate/seed7
ok 114 - public inputs and equal paired boards: ram/immediate/seed7
  ---
  duration_ms: 51.429792
  type: 'test'
  ...
# Subtest: public inputs and equal paired boards: capture/immediate/seed7
ok 115 - public inputs and equal paired boards: capture/immediate/seed7
  ---
  duration_ms: 45.127291
  type: 'test'
  ...
# Subtest: public inputs and equal paired boards: evade/immediate/seed7
ok 116 - public inputs and equal paired boards: evade/immediate/seed7
  ---
  duration_ms: 107.412875
  type: 'test'
  ...
# Subtest: public inputs and equal paired boards: ram/grid-center/seed1
ok 117 - public inputs and equal paired boards: ram/grid-center/seed1
  ---
  duration_ms: 60.347458
  type: 'test'
  ...
# Subtest: public inputs and equal paired boards: capture/grid-center/seed1
ok 118 - public inputs and equal paired boards: capture/grid-center/seed1
  ---
  duration_ms: 54.051125
  type: 'test'
  ...
# Subtest: public inputs and equal paired boards: evade/grid-center/seed1
ok 119 - public inputs and equal paired boards: evade/grid-center/seed1
  ---
  duration_ms: 54.693125
  type: 'test'
  ...
# Subtest: public inputs and equal paired boards: ram/grid-center/seed7
ok 120 - public inputs and equal paired boards: ram/grid-center/seed7
  ---
  duration_ms: 75.959
  type: 'test'
  ...
# Subtest: public inputs and equal paired boards: capture/grid-center/seed7
ok 121 - public inputs and equal paired boards: capture/grid-center/seed7
  ---
  duration_ms: 56.37
  type: 'test'
  ...
# Subtest: public inputs and equal paired boards: evade/grid-center/seed7
ok 122 - public inputs and equal paired boards: evade/grid-center/seed7
  ---
  duration_ms: 49.446416
  type: 'test'
  ...
# Subtest: public warning/shot timing, fixed aim, expiry and subsequent scan do not depend on render batches
ok 123 - public warning/shot timing, fixed aim, expiry and subsequent scan do not depend on render batches
  ---
  duration_ms: 5.091875
  type: 'test'
  ...
# Subtest: suspend/restore preserves warning/projectile authority and exact continuation at tick300
ok 124 - suspend/restore preserves warning/projectile authority and exact continuation at tick300
  ---
  duration_ms: 120.000458
  type: 'test'
  ...
# Subtest: suspend/restore preserves warning/projectile authority and exact continuation at tick380
ok 125 - suspend/restore preserves warning/projectile authority and exact continuation at tick380
  ---
  duration_ms: 129.247625
  type: 'test'
  ...
# Subtest: stationary exposed craft is hit by one telegraphed shot and life recovery clears all threats
ok 126 - stationary exposed craft is hit by one telegraphed shot and life recovery clears all threats
  ---
  duration_ms: 29.305958
  type: 'test'
  ...
# Subtest: public keeper collision is not replaced by optional patrol rules
ok 127 - public keeper collision is not replaced by optional patrol rules
  ---
  duration_ms: 151.934917
  type: 'test'
  ...
# Subtest: combat projection is exact, owned, deeply frozen, and does not expose private simulation state
ok 128 - combat projection is exact, owned, deeply frozen, and does not expose private simulation state
  ---
  duration_ms: 96.257417
  type: 'test'
  ...
# Subtest: absent and disabled descriptors are null; active empty populations remain valid
ok 129 - absent and disabled descriptors are null; active empty populations remain valid
  ---
  duration_ms: 142.640458
  type: 'test'
  ...
# Subtest: only matching foundation-aware level/ruleset pairs are accepted
ok 130 - only matching foundation-aware level/ruleset pairs are accepted
  ---
  duration_ms: 139.719625
  type: 'test'
  ...
# Subtest: warning progress, stationary phases, pause and freeze use authoritative actor ticks only
ok 131 - warning progress, stationary phases, pause and freeze use authoritative actor ticks only
  ---
  duration_ms: 575.778084
  type: 'test'
  ...
# Subtest: warning ray passes its locked point and clips with the existing projectile radius envelope
ok 132 - warning ray passes its locked point and clips with the existing projectile radius envelope
  ---
  duration_ms: 89.056875
  type: 'test'
  ...
# Subtest: projectile projection preserves direction and stays visible during freeze while actors use actual motion
ok 133 - projectile projection preserves direction and stays visible during freeze while actors use actual motion
  ---
  duration_ms: 95.773041
  type: 'test'
  ...
# Subtest: eliminations project event positions once and terminal views retain inert records
ok 134 - eliminations project event positions once and terminal views retain inert records
  ---
  duration_ms: 234.1525
  type: 'test'
  ...
# Subtest: a real winning closure at the exact recovery deadline preserves a valid static terminal actor
ok 135 - a real winning closure at the exact recovery deadline preserves a valid static terminal actor
  ---
  duration_ms: 130.608416
  type: 'test'
  ...
# Subtest: malformed active descriptor, actor, clocks and geometry fail visibly instead of hiding hazards
ok 136 - malformed active descriptor, actor, clocks and geometry fail visibly instead of hiding hazards
  ---
  duration_ms: 550.94875
  type: 'test'
  ...
# Subtest: projectile and elimination ownership, capacities and live/dead phases are validated
ok 137 - projectile and elimination ownership, capacities and live/dead phases are validated
  ---
  duration_ms: 357.278375
  type: 'test'
  ...
# Subtest: maximum valid actor/elimination populations remain bounded and a ninth sentry is rejected
ok 138 - maximum valid actor/elimination populations remain bounded and a ninth sentry is rejected
  ---
  duration_ms: 69.9815
  type: 'test'
  ...
# Subtest: accessors on nested descriptors, state, IDs, arrays and private fields are never executed
ok 139 - accessors on nested descriptors, state, IDs, arrays and private fields are never executed
  ---
  duration_ms: 100.097084
  type: 'test'
  ...
# Subtest: suspend/restore reconstructs warning, shot and elimination projections without event replay
ok 140 - suspend/restore reconstructs warning, shot and elimination projections without event replay
  ---
  duration_ms: 164.394833
  type: 'test'
  ...
# Subtest: prepare is a deterministic private catalogue upgrade with one disabled mission and scoped revisions
ok 141 - prepare is a deterministic private catalogue upgrade with one disabled mission and scoped revisions
  ---
  duration_ms: 377.788083
  type: 'test'
  ...
# Subtest: preparing a prepared mission and setting its current state are exact owned no-ops
ok 142 - preparing a prepared mission and setting its current state are exact owned no-ops
  ---
  duration_ms: 337.369167
  type: 'test'
  ...
# Subtest: on/off retains descriptors and unrelated content while reversal creates a new edition
ok 143 - on/off retains descriptors and unrelated content while reversal creates a new edition
  ---
  duration_ms: 427.806458
  type: 'test'
  ...
# Subtest: every old catalogue upgrades without changing unrelated levels or resolved ordinary physics in any preset
ok 144 - every old catalogue upgrades without changing unrelated levels or resolved ordinary physics in any preset
  ---
  duration_ms: 841.156416
  type: 'test'
  ...
# Subtest: toggle compiles every preset with authored actors preserved and equal Solo/Versus boards
ok 145 - toggle compiles every preset with authored actors preserved and equal Solo/Versus boards
  ---
  duration_ms: 492.67025
  type: 'test'
  ...
# Subtest: invalid commands, unprepared data and Team authoring roll back without partial edits
ok 146 - invalid commands, unprepared data and Team authoring roll back without partial edits
  ---
  duration_ms: 330.842042
  type: 'test'
  ...
# Subtest: draft history undoes and redoes preparation and toggles with their complete revision graph
ok 147 - draft history undoes and redoes preparation and toggles with their complete revision graph
  ---
  duration_ms: 121.33525
  type: 'test'
  ...
# Subtest: removing the last optional actor preserves prepared combat and never downgrades the catalogue
ok 148 - removing the last optional actor preserves prepared combat and never downgrades the catalogue
  ---
  duration_ms: 180.032625
  type: 'test'
  ...
# Subtest: v8 inherits every historical recipe exactly and resolves optional speed/rest once
ok 149 - v8 inherits every historical recipe exactly and resolves optional speed/rest once
  ---
  duration_ms: 1.389709
  type: 'test'
  ...
# Subtest: compiler separates explicit combat population, preserves ordinary identity and matches paired race
ok 150 - compiler separates explicit combat population, preserves ordinary identity and matches paired race
  ---
  duration_ms: 549.139333
  type: 'test'
  ...
# Subtest: combat is additive across mission geometry editions and the total actor budget remains shared
ok 151 - combat is additive across mission geometry editions and the total actor budget remains shared
  ---
  duration_ms: 293.979
  type: 'test'
  ...
# Subtest: missing flags, unknown fields, arbitrary physics, invalid disabled placement and Team combat fail closed
ok 152 - missing flags, unknown fields, arbitrary physics, invalid disabled placement and Team combat fail closed
  ---
  duration_ms: 338.759459
  type: 'test'
  ...
# Subtest: pressure report keeps disabled authored speeds explicit without reporting active combat pressure
ok 153 - pressure report keeps disabled authored speeds explicit without reporting active combat pressure
  ---
  duration_ms: 182.592083
  type: 'test'
  ...
# Subtest: frozen capture overlay removes non-retaining scout without changing state; disabled actors remain authored
ok 154 - frozen capture overlay removes non-retaining scout without changing state; disabled actors remain authored
  ---
  duration_ms: 260.677583
  type: 'test'
  ...
# Subtest: active optional actors in initially empty chambers get honest auto-fill diagnostics
ok 155 - active optional actors in initially empty chambers get honest auto-fill diagnostics
  ---
  duration_ms: 68.319667
  type: 'test'
  ...
# Subtest: Solo optional encounters prepare an exact no-awards practice scenario with explicit state
ok 156 - Solo optional encounters prepare an exact no-awards practice scenario with explicit state
  ---
  duration_ms: 278.033625
  type: 'test'
  ...
# Subtest: authoring silhouettes distinguish scout, sentry and retaining keeper without colour
ok 157 - authoring silhouettes distinguish scout, sentry and retaining keeper without colour
  ---
  duration_ms: 0.491667
  type: 'test'
  ...
# Subtest: event advice matches existing Retry reason and tip without its consequence note
ok 158 - event advice matches existing Retry reason and tip without its consequence note
  ---
  duration_ms: 4.874875
  type: 'test'
  ...
# Subtest: event advice does not coerce unknown causes or share mutable output
ok 159 - event advice does not coerce unknown causes or share mutable output
  ---
  duration_ms: 0.822417
  type: 'test'
  ...
# Subtest: event advice resolves the current locale on each call
ok 160 - event advice resolves the current locale on each call
  ---
  duration_ms: 0.609125
  type: 'test'
  ...
# Subtest: a retained failure cause never explains a running, recovering or won attempt
ok 161 - a retained failure cause never explains a running, recovering or won attempt
  ---
  duration_ms: 0.123958
  type: 'test'
  ...
# Subtest: projection reads no accessor or unrelated simulation state
ok 162 - projection reads no accessor or unrelated simulation state
  ---
  duration_ms: 0.259792
  type: 'test'
  ...
# Subtest: lost runs with untrusted causes receive the same fixed fallback without coercion
ok 163 - lost runs with untrusted causes receive the same fixed fallback without coercion
  ---
  duration_ms: 0.772292
  type: 'test'
  ...
# Subtest: output is an owned bounded text projection with no source mutation or shared result
ok 164 - output is an owned bounded text projection with no source mutation or shared result
  ---
  duration_ms: 0.417208
  type: 'test'
  ...
# Subtest: practice context changes only the consequence note and never claims a campaign reward
ok 165 - practice context changes only the consequence note and never claims a campaign reward
  ---
  duration_ms: 0.459375
  type: 'test'
  ...
# Subtest: an explicit practice choice must be an owned boolean without running options getters
ok 166 - an explicit practice choice must be an owned boolean without running options getters
  ---
  duration_ms: 0.668541
  type: 'test'
  ...
# Subtest: optional sentry shot has specific localized loss advice without changing practice ownership
ok 167 - optional sentry shot has specific localized loss advice without changing practice ownership
  ---
  duration_ms: 0.842834
  type: 'test'
  ...
# Subtest: combat preparation creates disabled authoring; checkbox selections require explicit Apply
ok 168 - combat preparation creates disabled authoring; checkbox selections require explicit Apply
  ---
  duration_ms: 315.877041
  type: 'test'
  ...
# Subtest: rejected preparation or toggle adoption leaves the owner draft intact
ok 169 - rejected preparation or toggle adoption leaves the owner draft intact
  ---
  duration_ms: 82.522875
  type: 'test'
  ...
# Subtest: current pressure draft keeps v9 recipes through optional preparation, actor editing and explicit enable
ok 170 - current pressure draft keeps v9 recipes through optional preparation, actor editing and explicit enable
  ---
  duration_ms: 167.925208
  type: 'test'
  ...
# Subtest: combat controls reject stale maps, flags and mission selections until refreshed
ok 171 - combat controls reject stale maps, flags and mission selections until refreshed
  ---
  duration_ms: 80.049958
  type: 'test'
  ...
# Subtest: Team and empty selections disable combat controls and cannot apply editions
ok 172 - Team and empty selections disable combat controls and cannot apply editions
  ---
  duration_ms: 1.028
  type: 'test'
  ...
# Subtest: both editors initialize before deferred source adoption without reading a draft
ok 173 - both editors initialize before deferred source adoption without reading a draft
  ---
  duration_ms: 37.678375
  type: 'test'
  ...
# Subtest: optional actor choices require a capable catalogue and a prepared mission setting
ok 174 - optional actor choices require a capable catalogue and a prepared mission setting
  ---
  duration_ms: 51.216167
  type: 'test'
  ...
# Subtest: optional controls expose headings, tiers, exact pressure-v2 sentry timing and keeper distinction
ok 175 - optional controls expose headings, tiers, exact pressure-v2 sentry timing and keeper distinction
  ---
  duration_ms: 29.780917
  type: 'test'
  ...
# Subtest: optional actor CRUD applies through shared validation, rolls back invalid fields and retains combat after removal
ok 176 - optional actor CRUD applies through shared validation, rolls back invalid fields and retains combat after removal
  ---
  duration_ms: 201.69275
  type: 'test'
  ...
# Subtest: current gameplay translates every inspector warning without changing its canonical report
ok 177 - current gameplay translates every inspector warning without changing its canonical report
  ---
  duration_ms: 137.171792
  type: 'test'
  ...
# Subtest: authored rule captions use Ukrainian life plurals, including zero and decimal counts
ok 178 - authored rule captions use Ukrainian life plurals, including zero and decimal counts
  ---
  duration_ms: 83.211958
  type: 'test'
  ...
# Subtest: Studio translates exact starter fields, while changed owners retain all authored copy
ok 179 - Studio translates exact starter fields, while changed owners retain all authored copy
  ---
  duration_ms: 1.114333
  type: 'test'
  ...
# Subtest: live board copy and empty transitions retain draft input, selection and simulation identity
ok 180 - live board copy and empty transitions retain draft input, selection and simulation identity
  ---
  duration_ms: 104.551042
  type: 'test'
  ...
# Subtest: Solo rules preserve both difficulty editions and all actual preset values: false
ok 181 - Solo rules preserve both difficulty editions and all actual preset values: false
  ---
  duration_ms: 71.484666
  type: 'test'
  ...
# Subtest: Solo rules preserve both difficulty editions and all actual preset values: true
ok 182 - Solo rules preserve both difficulty editions and all actual preset values: true
  ---
  duration_ms: 93.734292
  type: 'test'
  ...
# Subtest: Team rules preserve both difficulty editions and all actual preset values: false
ok 183 - Team rules preserve both difficulty editions and all actual preset values: false
  ---
  duration_ms: 39.057334
  type: 'test'
  ...
# Subtest: Team rules preserve both difficulty editions and all actual preset values: true
ok 184 - Team rules preserve both difficulty editions and all actual preset values: true
  ---
  duration_ms: 44.385042
  type: 'test'
  ...
# Subtest: directional diagrams translate authored geometry without rewriting resolved rules
ok 185 - directional diagrams translate authored geometry without rewriting resolved rules
  ---
  duration_ms: 183.389167
  type: 'test'
  ...
# Subtest: relay diagrams translate authored geometry without rewriting resolved rules
ok 186 - relay diagrams translate authored geometry without rewriting resolved rules
  ---
  duration_ms: 175.394625
  type: 'test'
  ...
# Subtest: timed pickups diagrams translate authored geometry without rewriting resolved rules
ok 187 - timed pickups diagrams translate authored geometry without rewriting resolved rules
  ---
  duration_ms: 1091.833584
  type: 'test'
  ...
# Subtest: combat diagrams translate authored geometry without rewriting resolved rules
ok 188 - combat diagrams translate authored geometry without rewriting resolved rules
  ---
  duration_ms: 62.751667
  type: 'test'
  ...
# Subtest: sentinel diagrams translate authored geometry without rewriting resolved rules
ok 189 - sentinel diagrams translate authored geometry without rewriting resolved rules
  ---
  duration_ms: 116.149375
  type: 'test'
  ...
# Subtest: optional Solo preview advertises practice scope in either locale without claiming Team support
ok 190 - optional Solo preview advertises practice scope in either locale without claiming Team support
  ---
  duration_ms: 80.779667
  type: 'test'
  ...
# Subtest: Studio slow preview warns once, then accepts later exact-document readiness
ok 191 - Studio slow preview warns once, then accepts later exact-document readiness
  ---
  duration_ms: 0.821083
  type: 'test'
  ...
# Subtest: Studio accepts ready without depending on the iframe load event
ok 192 - Studio accepts ready without depending on the iframe load event
  ---
  duration_ms: 0.111958
  type: 'test'
  ...
# Subtest: Studio terminal boot failure settles even after a slow warning
ok 193 - Studio terminal boot failure settles even after a slow warning
  ---
  duration_ms: 0.052459
  type: 'test'
  ...
# Subtest: stale, blank and foreign preview documents cannot report ready
ok 194 - stale, blank and foreign preview documents cannot report ready
  ---
  duration_ms: 0.119208
  type: 'test'
  ...
# Subtest: replaced previews stop before reading or notifying, including queued callbacks
ok 195 - replaced previews stop before reading or notifying, including queued callbacks
  ---
  duration_ms: 0.0575
  type: 'test'
  ...
# Subtest: closing or leaving Studio cancels the owned monitor and late callbacks
ok 196 - closing or leaving Studio cancels the owned monitor and late callbacks
  ---
  duration_ms: 0.091834
  type: 'test'
  ...
# Subtest: inaccessible frame remains unknown and does not throw or claim successful boot
ok 197 - inaccessible frame remains unknown and does not throw or claim successful boot
  ---
  duration_ms: 0.095375
  type: 'test'
  ...
# Subtest: owned practice observes a post-ready render failure without repeating readiness
ok 198 - owned practice observes a post-ready render failure without repeating readiness
  ---
  duration_ms: 0.057709
  type: 'test'
  ...
# Subtest: foreign or replaced practice cannot overwrite an accepted ready status with failure
ok 199 - foreign or replaced practice cannot overwrite an accepted ready status with failure
  ---
  duration_ms: 0.234167
  type: 'test'
  ...
# Subtest: practice render failure before first readiness is visible without a ready flash
ok 200 - practice render failure before first readiness is visible without a ready flash
  ---
  duration_ms: 0.244041
  type: 'test'
  ...
# Subtest: Studio pagehide persisted=false retires pending media without focus or late launch
ok 201 - Studio pagehide persisted=false retires pending media without focus or late launch
  ---
  duration_ms: 155.63275
  type: 'test'
  ...
# Subtest: Studio pagehide persisted=true retires pending media without focus or late launch
ok 202 - Studio pagehide persisted=true retires pending media without focus or late launch
  ---
  duration_ms: 46.018625
  type: 'test'
  ...
# Subtest: Studio BFcache retirement stops post-ready monitoring and deliberate relaunch gets a fresh owner
ok 203 - Studio BFcache retirement stops post-ready monitoring and deliberate relaunch gets a fresh owner
  ---
  duration_ms: 70.09025
  type: 'test'
  ...
1..203
# tests 203
# suites 0
# pass 203
# fail 0
# cancelled 0
# skipped 0
# todo 0
# duration_ms 7982.875541
