TAP version 13
# Subtest: automatic first preparation cancels to the visible native summary, retaining late disposal
ok 1 - automatic first preparation cancels to the visible native summary, retaining late disposal
  ---
  duration_ms: 14.874875
  type: 'test'
  ...
# Subtest: mission and Load cancellation each return to their own visible opener
ok 2 - mission and Load cancellation each return to their own visible opener
  ---
  duration_ms: 13.521959
  type: 'test'
  ...
# Subtest: appearance cancellation returns to Actors without changing the retained run or override
ok 3 - appearance cancellation returns to Actors without changing the retained run or override
  ---
  duration_ms: 10.989042
  type: 'test'
  ...
# Subtest: collapsed or unavailable setup falls back to summary or enabled Start without reopening details
ok 4 - collapsed or unavailable setup falls back to summary or enabled Start without reopening details
  ---
  duration_ms: 11.226
  type: 'test'
  ...
# Subtest: cancellation preserves unrelated focus and old completion cannot retire a newer opener
ok 5 - cancellation preserves unrelated focus and old completion cannot retire a newer opener
  ---
  duration_ms: 12.91375
  type: 'test'
  ...
# Subtest: host measures only opted-in uninterrupted play and retains both painter costs
ok 6 - host measures only opted-in uninterrupted play and retains both painter costs
  ---
  duration_ms: 11.916
  type: 'test'
  ...
# Subtest: changing comparison conditions and viewport resets samples without mixing configurations
ok 7 - changing comparison conditions and viewport resets samples without mixing configurations
  ---
  duration_ms: 12.006917
  type: 'test'
  ...
# Subtest: a controller pause during the actual input poll cannot append a paused timing sample
ok 8 - a controller pause during the actual input poll cannot append a paused timing sample
  ---
  duration_ms: 8.7695
  type: 'test'
  ...
# Subtest: Retry cue and background return begin new measurement segments without sampling waits
ok 9 - Retry cue and background return begin new measurement segments without sampling waits
  ---
  duration_ms: 12.644333
  type: 'test'
  ...
# Subtest: new or reset measurements distinguish no samples from zero CPU cost
ok 10 - new or reset measurements distinguish no samples from zero CPU cost
  ---
  duration_ms: 0.797
  type: 'test'
  ...
# Subtest: nearest-rank percentiles keep actual pacing and the two draw costs independent
ok 11 - nearest-rank percentiles keep actual pacing and the two draw costs independent
  ---
  duration_ms: 0.58125
  type: 'test'
  ...
# Subtest: rolling frame window evicts old outliers and missing view samples together
ok 12 - rolling frame window evicts old outliers and missing view samples together
  ---
  duration_ms: 0.159875
  type: 'test'
  ...
# Subtest: excluded gaps add no artificial normal frame, draw duration or window eviction
ok 13 - excluded gaps add no artificial normal frame, draw duration or window eviction
  ---
  duration_ms: 0.087709
  type: 'test'
  ...
# Subtest: invalid records are rejected atomically without dropping prior observations
ok 14 - invalid records are rejected atomically without dropping prior observations
  ---
  duration_ms: 0.094833
  type: 'test'
  ...
# Subtest: window capacity is finite and bounded
ok 15 - window capacity is finite and bounded
  ---
  duration_ms: 0.385417
  type: 'test'
  ...
# Subtest: active candidate provenance accounts only the two actually owned Scout images
ok 16 - active candidate provenance accounts only the two actually owned Scout images
  ---
  duration_ms: 4.362875
  type: 'test'
  ...
# Subtest: approved/shared memory stays unknown even when no candidate override is loaded
ok 17 - approved/shared memory stays unknown even when no candidate override is loaded
  ---
  duration_ms: 0.078625
  type: 'test'
  ...
# Subtest: unknown, duplicate and unsafe candidate entries do not become invented bytes
ok 18 - unknown, duplicate and unsafe candidate entries do not become invented bytes
  ---
  duration_ms: 0.294083
  type: 'test'
  ...
1..18
# tests 18
# suites 0
# pass 18
# fail 0
# cancelled 0
# skipped 0
# todo 0
# duration_ms 288.281208
