{
  "directory": "/Users/oleksandr.mekhovov/work/my_projects/go_test/.cache/p05-motion-public-audit-628e95da/hosted-observation-after-1",
  "run": {
    "id": 35300937871,
    "status": "completed",
    "conclusion": "success",
    "head_sha": "d5e131081764d7547fdfa9d749e3a73b296e19a5"
  },
  "jobs": [
    {
      "id": 105463235421,
      "name": "assemble",
      "status": "completed",
      "conclusion": "success"
    },
    {
      "id": 105463583751,
      "name": "deploy",
      "status": "completed",
      "conclusion": "success"
    }
  ],
  "artifacts": [
    {
      "id": 10529652622,
      "name": "frozen-pages-receipts",
      "size_in_bytes": 137045,
      "digest": "sha256:1e34a7ad86595250d72b25c33817e3f3f4f206e9d1e04a2c82d721289c3b8c85"
    },
    {
      "id": 10529537668,
      "name": "github-pages",
      "size_in_bytes": 528782315,
      "digest": "sha256:bf0cb23c7fdc85eb5693a26b64dd13bcac81dd8b056858cf245cba0a8c56c76b"
    }
  ],
  "deployment": {
    "id": 6516490967,
    "sha": "d5e131081764d7547fdfa9d749e3a73b296e19a5",
    "environment": "github-pages"
  },
  "latestStatus": {
    "id": 18505659971,
    "state": "success",
    "log_url": "https://github.com/mekhovov/revealline/actions/runs/35300937871/job/105463583751",
    "environment_url": "https://mekhovov.github.io/revealline/"
  }
}
