{
  "directory": "/Users/oleksandr.mekhovov/work/my_projects/go_test/.cache/p05-motion-public-audit-628e95da/hosted-observation-before-1",
  "run": {
    "id": 35300937871,
    "status": "in_progress",
    "conclusion": null,
    "head_sha": "d5e131081764d7547fdfa9d749e3a73b296e19a5"
  },
  "jobs": [
    {
      "id": 105463235421,
      "name": "assemble",
      "status": "in_progress",
      "conclusion": null
    }
  ],
  "artifacts": [
    {
      "id": 10529652622,
      "name": "frozen-pages-receipts",
      "size_in_bytes": 137045,
      "digest": "sha256:1e34a7ad86595250d72b25c33817e3f3f4f206e9d1e04a2c82d721289c3b8c85"
    }
  ],
  "deployment": {
    "id": null,
    "sha": null,
    "environment": null
  },
  "latestStatus": {
    "id": null,
    "state": null,
    "log_url": null,
    "environment_url": null
  }
}
