{
  "status": "PASS_LIVE_AUTHORITIES_UNCHANGED_AFTER_FULL_AUDIT",
  "at": "2026-09-18T03:05:35.512671+00:00",
  "controllerCommit": "d5e131081764d7547fdfa9d749e3a73b296e19a5",
  "controllerTree": "4252be1dbbb867e335f99468655bde56d5efe196",
  "deploymentId": 6516490967,
  "runId": 35300937871,
  "latestSuccessStatusId": 18505659971,
  "latestStableVersion": "v0.60.9",
  "releaseId": 391164971,
  "assets": [
    {
      "id": 571591361,
      "name": "distribution.zip",
      "size": 313264696,
      "digest": "sha256:a1d9f73fa49521dda8543fa7581892d32f0ca13f6c38e9c05677d6d8fbd7397e",
      "state": "uploaded",
      "browser_download_url": "https://github.com/mekhovov/revealline/releases/download/v0.60.9/distribution.zip"
    },
    {
      "id": 571582974,
      "name": "distribution.zip.sha256",
      "size": 83,
      "digest": "sha256:893ce60e0923dbc76eee5488242e896ff6e0120ee7fbc30fc3955b3e3b80cc77",
      "state": "uploaded",
      "browser_download_url": "https://github.com/mekhovov/revealline/releases/download/v0.60.9/distribution.zip.sha256"
    },
    {
      "id": 571582968,
      "name": "manifest.json",
      "size": 127378,
      "digest": "sha256:291f670c35e2b487f3914d2456aca11ee4b54c089595bd2825e090743ae404f5",
      "state": "uploaded",
      "browser_download_url": "https://github.com/mekhovov/revealline/releases/download/v0.60.9/manifest.json"
    },
    {
      "id": 571583020,
      "name": "qualification-evidence-record.json",
      "size": 12762,
      "digest": "sha256:5001978051b151be6e47eb0152bd900a628708973a128cf28cb488c6e622f63c",
      "state": "uploaded",
      "browser_download_url": "https://github.com/mekhovov/revealline/releases/download/v0.60.9/qualification-evidence-record.json"
    },
    {
      "id": 571582972,
      "name": "release.json",
      "size": 465,
      "digest": "sha256:629b09175d48ee333dbe265fdbdce58d07fe3a7d3bb024ec9f9c6fba53138013",
      "state": "uploaded",
      "browser_download_url": "https://github.com/mekhovov/revealline/releases/download/v0.60.9/release.json"
    },
    {
      "id": 571582967,
      "name": "source-qualification-evidence.zip",
      "size": 2000802,
      "digest": "sha256:7d663e7649418b867bd1a54d390e76d770ef20e23125276f7d080f5cb1086d8f",
      "state": "uploaded",
      "browser_download_url": "https://github.com/mekhovov/revealline/releases/download/v0.60.9/source-qualification-evidence.zip"
    },
    {
      "id": 571582969,
      "name": "source-qualification.json",
      "size": 75425,
      "digest": "sha256:0b8fdff6a5946223b07a496b05a5ce1556a6b2b62f6f247100c64c6b6b407cd4",
      "state": "uploaded",
      "browser_download_url": "https://github.com/mekhovov/revealline/releases/download/v0.60.9/source-qualification.json"
    },
    {
      "id": 571590355,
      "name": "source.tar",
      "size": 1053491200,
      "digest": "sha256:0e9dfeaf2a1b118586bd78359a551867ee993a9df7b669d78b07c09791c512b4",
      "state": "uploaded",
      "browser_download_url": "https://github.com/mekhovov/revealline/releases/download/v0.60.9/source.tar"
    },
    {
      "id": 571583018,
      "name": "verification.json",
      "size": 1914,
      "digest": "sha256:f87ddf19bbc233b1b4ee81a3e5d96ce6aec2d6363e492b58f97a5502c73c6cec",
      "state": "uploaded",
      "browser_download_url": "https://github.com/mekhovov/revealline/releases/download/v0.60.9/verification.json"
    }
  ],
  "pins": [
    {
      "path": "after-http-authorities-main-1/all-deployments.exit.json",
      "bytes": 311,
      "sha256": "f76e173515032fd6eb79332237e486bc326f84940c6a85610b1dc1dba594899f"
    },
    {
      "path": "after-http-authorities-main-1/all-deployments.json",
      "bytes": 38241,
      "sha256": "6576130f8af35cd12c2a74e9005f7983121691b96fa4bfecfe5b5dfe235ea0d9"
    },
    {
      "path": "after-http-authorities-main-1/all-deployments.stderr",
      "bytes": 0,
      "sha256": "e3b0c44298fc1c149afbf4c8996fb92427ae41e4649b934ca495991b7852b855"
    },
    {
      "path": "after-http-authorities-main-1/collection-started.json",
      "bytes": 490,
      "sha256": "d2394fd1c363de5ce84114dba047d6f90bda89acad22bae7b42b9816afdfa73b"
    },
    {
      "path": "after-http-authorities-main-1/latest.exit.json",
      "bytes": 278,
      "sha256": "15d76ac130155a0a83e49d665b6f303d57877d3df29bdfd7acc4f8cde81bc695"
    },
    {
      "path": "after-http-authorities-main-1/latest.json",
      "bytes": 16088,
      "sha256": "a05479bd9530c6859a5abd3f90a7120e6b9f105e651ccc486ae3155cd3f06bd1"
    },
    {
      "path": "after-http-authorities-main-1/latest.stderr",
      "bytes": 0,
      "sha256": "e3b0c44298fc1c149afbf4c8996fb92427ae41e4649b934ca495991b7852b855"
    },
    {
      "path": "after-http-authorities-main-1/original-published-release.json",
      "bytes": 16088,
      "sha256": "34225356860f74d55a18874bafc55036a0da9ca6c3ee60fee07289fde73fdf27"
    },
    {
      "path": "after-http-authorities-main-1/release.exit.json",
      "bytes": 284,
      "sha256": "7d076d05d3be86a8e174dd4f2571851fa7c1d503e66e7a1fbc1af742a6f3f162"
    },
    {
      "path": "after-http-authorities-main-1/release.json",
      "bytes": 16088,
      "sha256": "a05479bd9530c6859a5abd3f90a7120e6b9f105e651ccc486ae3155cd3f06bd1"
    },
    {
      "path": "after-http-authorities-main-1/release.stderr",
      "bytes": 0,
      "sha256": "e3b0c44298fc1c149afbf4c8996fb92427ae41e4649b934ca495991b7852b855"
    },
    {
      "path": "after-http-authorities-main-1/request.original.json",
      "bytes": 1033,
      "sha256": "da05c89c854c8358680dfb34886b5bf092750c0a1ee206649cee0daa0f153b68"
    },
    {
      "path": "after-http-authorities-main-1/source.exit.json",
      "bytes": 314,
      "sha256": "67b5fb6c3f82e57346d867eaefd1b596a5fc3591643e6c52fd8b4479f6b92aa8"
    },
    {
      "path": "after-http-authorities-main-1/source.json",
      "bytes": 1448,
      "sha256": "d39e35e620914a481cab18820be685fc4e94f8949aa725246222f07e26223ece"
    },
    {
      "path": "after-http-authorities-main-1/source.stderr",
      "bytes": 0,
      "sha256": "e3b0c44298fc1c149afbf4c8996fb92427ae41e4649b934ca495991b7852b855"
    },
    {
      "path": "after-http-authorities-main-1/tag-object.exit.json",
      "bytes": 310,
      "sha256": "721bb6fe0a2e0e6e070f7717fabc0811cd360e19175948487d67577a51be784b"
    },
    {
      "path": "after-http-authorities-main-1/tag-object.json",
      "bytes": 734,
      "sha256": "76e2dc71b760a51c1b3b1857b1927200df0cbd0008a32edca4a46b0352e9cc86"
    },
    {
      "path": "after-http-authorities-main-1/tag-object.stderr",
      "bytes": 0,
      "sha256": "e3b0c44298fc1c149afbf4c8996fb92427ae41e4649b934ca495991b7852b855"
    },
    {
      "path": "after-http-authorities-main-1/tag.exit.json",
      "bytes": 281,
      "sha256": "5150e8485523888f4b33bd7a05b90030907442a2eec1cf55b49c01f22b2a8978"
    },
    {
      "path": "after-http-authorities-main-1/tag.json",
      "bytes": 337,
      "sha256": "74bdde718c28d4df884883f8e7f3a955257c094d055e3181c8062ab4310a2d76"
    },
    {
      "path": "after-http-authorities-main-1/tag.stderr",
      "bytes": 0,
      "sha256": "e3b0c44298fc1c149afbf4c8996fb92427ae41e4649b934ca495991b7852b855"
    }
  ],
  "requestSha256": "da05c89c854c8358680dfb34886b5bf092750c0a1ee206649cee0daa0f153b68",
  "phaseAccepted": false,
  "scope": "Fresh bounded API originals after full byte audit and independent row reconciliation; browser, offline and physical-device acceptance remain separate."
}
