TAP version 13
# Subtest: Production adopts saved text and the effective system cap before its held register read, without writes
ok 1 - Production adopts saved text and the effective system cap before its held register read, without writes
  ---
  duration_ms: 38.297416
  type: 'test'
  ...
# Subtest: Production live preferences preserve filter, detail focus, pending decode and the exact loaded preview owner
ok 2 - Production live preferences preserve filter, detail focus, pending decode and the exact loaded preview owner
  ---
  duration_ms: 27.263
  type: 'test'
  ...
# Subtest: Production cached lifecycle keeps its display owner but preserves existing preview cancellation and terminal cleanup
ok 3 - Production cached lifecycle keeps its display owner but preserves existing preview cancellation and terminal cleanup
  ---
  duration_ms: 18.813208
  type: 'test'
  ...
# Subtest: Viewport adopts saved host preferences without loading a game or altering a pending selection
ok 4 - Viewport adopts saved host preferences without loading a game or altering a pending selection
  ---
  duration_ms: 2.221667
  type: 'test'
  ...
# Subtest: Viewport reading changes keep the loaded frame, pending replacement, dimensions and input focus intact
ok 5 - Viewport reading changes keep the loaded frame, pending replacement, dimensions and input focus intact
  ---
  duration_ms: 2.993375
  type: 'test'
  ...
# Subtest: Viewport persisted return adopts missed shared/system changes without frame reload and terminal exit retires ownership
ok 6 - Viewport persisted return adopts missed shared/system changes without frame reload and terminal exit retires ownership
  ---
  duration_ms: 1.890708
  type: 'test'
  ...
# Subtest: production: denied storage retains a usable host, system reduction and later valid shared adoption
ok 7 - production: denied storage retains a usable host, system reduction and later valid shared adoption
  ---
  duration_ms: 12.914042
  type: 'test'
  ...
# Subtest: production: malformed storage retains a usable host, system reduction and later valid shared adoption
ok 8 - production: malformed storage retains a usable host, system reduction and later valid shared adoption
  ---
  duration_ms: 11.371917
  type: 'test'
  ...
# Subtest: viewport-lab: denied storage retains a usable host, system reduction and later valid shared adoption
ok 9 - viewport-lab: denied storage retains a usable host, system reduction and later valid shared adoption
  ---
  duration_ms: 1.596875
  type: 'test'
  ...
# Subtest: viewport-lab: malformed storage retains a usable host, system reduction and later valid shared adoption
ok 10 - viewport-lab: malformed storage retains a usable host, system reduction and later valid shared adoption
  ---
  duration_ms: 1.387333
  type: 'test'
  ...
# Subtest: production: independent HTML display entry survives a held then rejected application-module loader
ok 11 - production: independent HTML display entry survives a held then rejected application-module loader
  ---
  duration_ms: 1.315625
  type: 'test'
  ...
# Subtest: viewport-lab: independent HTML display entry survives a held then rejected application-module loader
ok 12 - viewport-lab: independent HTML display entry survives a held then rejected application-module loader
  ---
  duration_ms: 0.760708
  type: 'test'
  ...
# Subtest: Viewport original-markup wiring discriminator: waiting controls and independent recovery launcher
ok 13 - Viewport original-markup wiring discriminator: waiting controls and independent recovery launcher
  ---
  duration_ms: 2.522416
  type: 'test'
  ...
# (node:54189) ExperimentalWarning: vm.USE_MAIN_CONTEXT_DEFAULT_LOADER is an experimental feature and might change at any time
# (Use `node --trace-warnings ...` to show where the warning was created)
# Subtest: held Viewport startup reports waiting, then enables controls without starting a game or moving focus
ok 14 - held Viewport startup reports waiting, then enables controls without starting a game or moving focus
  ---
  duration_ms: 17.073458
  type: 'test'
  ...
# Subtest: ready Viewport hands focus from only the retiring Reload link to Game
ok 15 - ready Viewport hands focus from only the retiring Reload link to Game
  ---
  duration_ms: 14.183834
  type: 'test'
  ...
# Subtest: ready Viewport does not move Reload focus in an hidden document or on later return
ok 16 - ready Viewport does not move Reload focus in an hidden document or on later return
  ---
  duration_ms: 13.800125
  type: 'test'
  ...
# Subtest: ready Viewport does not move Reload focus in an unfocused document or on later return
ok 17 - ready Viewport does not move Reload focus in an unfocused document or on later return
  ---
  duration_ms: 15.105958
  type: 'test'
  ...
# Subtest: ready Viewport preserves a newer focus owner acquired during actual Reload retirement
ok 18 - ready Viewport preserves a newer focus owner acquired during actual Reload retirement
  ---
  duration_ms: 16.601958
  type: 'test'
  ...
# Subtest: independent display and real startup launcher preserve preferences, focus and explicit iframe ownership together
ok 19 - independent display and real startup launcher preserve preferences, focus and explicit iframe ownership together
  ---
  duration_ms: 16.002083
  type: 'test'
  ...
# Subtest: independent display keeps responding when the real startup launcher reports application failure
ok 20 - independent display keeps responding when the real startup launcher reports application failure
  ---
  duration_ms: 15.800417
  type: 'test'
  ...
# Subtest: all five real Viewport presets preserve loaded and pending game ownership through display changes
ok 21 - all five real Viewport presets preserve loaded and pending game ownership through display changes
  ---
  duration_ms: 17.70175
  type: 'test'
  ...
# Subtest: failed Viewport module keeps a Reload link while controls stay unavailable
ok 22 - failed Viewport module keeps a Reload link while controls stay unavailable
  ---
  duration_ms: 16.135667
  type: 'test'
  ...
# Subtest: ready Viewport retains explicit target replacement and exact iframe resizing
ok 23 - ready Viewport retains explicit target replacement and exact iframe resizing
  ---
  duration_ms: 14.735792
  type: 'test'
  ...
# Subtest: terminal departure prevents a late module failure from replacing the old status
ok 24 - terminal departure prevents a late module failure from replacing the old status
  ---
  duration_ms: 15.355333
  type: 'test'
  ...
1..24
# tests 24
# suites 0
# pass 24
# fail 0
# cancelled 0
# skipped 0
# todo 0
# duration_ms 889.855042
