TAP version 13
# Subtest: BoardPainter keeps separate default boss bodies beneath the shared explicit boss upload
ok 1 - BoardPainter keeps separate default boss bodies beneath the shared explicit boss upload
  ---
  duration_ms: 1.830666
  ...
# Subtest: facing uses newly observed tick positions instead of a stale velocity field
ok 2 - facing uses newly observed tick positions instead of a stale velocity field
  ---
  duration_ms: 0.697708
  ...
# Subtest: contour and outer patrols face their measured path without velocity fields
ok 3 - contour and outer patrols face their measured path without velocity fields
  ---
  duration_ms: 0.140792
  ...
# Subtest: pause and classic freeze retain heading, banking and animation clocks
ok 4 - pause and classic freeze retain heading, banking and animation clocks
  ---
  duration_ms: 0.51625
  ...
# Subtest: stun and dormancy stop active motion; reduced effects keep direction but no moving accents
ok 5 - stun and dormancy stop active motion; reduced effects keep direction but no moving accents
  ---
  duration_ms: 0.168125
  ...
# Subtest: stationary tread/walking phase stays still while idle rotor/antenna clock can continue
ok 6 - stationary tread/walking phase stays still while idle rotor/antenna clock can continue
  ---
  duration_ms: 0.082458
  ...
# Subtest: cosmetic size targets desktop/phone readability without altering contact radius
ok 7 - cosmetic size targets desktop/phone readability without altering contact radius
  ---
  duration_ms: 0.16325
  ...
# Subtest: four themes have distinct geometric silhouettes even with identical colors
ok 8 - four themes have distinct geometric silhouettes even with identical colors
  ---
  duration_ms: 1.187209
  ...
# Subtest: compact and detailed recipes differ; custom families resolve to the matching visual theme
ok 9 - compact and detailed recipes differ; custom families resolve to the matching visual theme
  ---
  duration_ms: 0.188709
  ...
# Subtest: every actor override keeps its own body slot, facing and unscaled collision cue
ok 10 - every actor override keeps its own body slot, facing and unscaled collision cue
  ---
  duration_ms: 0.296083
  ...
# Subtest: history is bounded and reset removes old headings; published frames cannot mutate history
ok 11 - history is bounded and reset removes old headings; published frames cannot mutate history
  ---
  duration_ms: 0.541042
  ...
# Subtest: trail core and head remain visible with reduced effects; animated packet stays on the cut
ok 12 - trail core and head remain visible with reduced effects; animated packet stays on the cut
  ---
  duration_ms: 0.1805
  ...
# Subtest: capture pulse touches only newly secured cells and is absent for reduced motion
ok 13 - capture pulse touches only newly secured cells and is absent for reduced motion
  ---
  duration_ms: 0.136667
  ...
# Subtest: integrated renderer animates observed actors and capture effects without changing replay authority
ok 14 - integrated renderer animates observed actors and capture effects without changing replay authority
  ---
  duration_ms: 47.372042
  ...
# Subtest: legacy: all four player rigs keep a readable bounded size across phone and desktop canvases
ok 15 - legacy: all four player rigs keep a readable bounded size across phone and desktop canvases
  ---
  duration_ms: 27.023917
  ...
# Subtest: wide: all four player rigs keep a readable bounded size across phone and desktop canvases
ok 16 - wide: all four player rigs keep a readable bounded size across phone and desktop canvases
  ---
  duration_ms: 28.51075
  ...
# Subtest: custom player art retains its aspect ratio and rotor anchor coordinates independently of enemy slots
ok 17 - custom player art retains its aspect ratio and rotor anchor coordinates independently of enemy slots
  ---
  duration_ms: 1.855542
  ...
# Subtest: player scale is cosmetic, independent of actor scale, and bounded even on very small canvases
ok 18 - player scale is cosmetic, independent of actor scale, and bounded even on very small canvases
  ---
  duration_ms: 3.79975
  ...
# Subtest: the larger player keeps direction response and animated rotors while pause and reduced effects freeze their clocks
ok 19 - the larger player keeps direction response and animated rotors while pause and reduced effects freeze their clocks
  ---
  duration_ms: 4.009708
  ...
# Subtest: explicit display width supports detached textures while invalid widths preserve direct-canvas and logical fallbacks
ok 20 - explicit display width supports detached textures while invalid widths preserve direct-canvas and logical fallbacks
  ---
  duration_ms: 7.946042
  ...
# Subtest: the whole 4:3 or 2:1 bitmap fits independently of its element slot
ok 21 - the whole 4:3 or 2:1 bitmap fits independently of its element slot
  ---
  duration_ms: 1.109542
  ...
# Subtest: one seat resizing never substitutes the other seat or changes bitmap geometry
ok 22 - one seat resizing never substitutes the other seat or changes bitmap geometry
  ---
  duration_ms: 0.690042
  ...
# Subtest: observer delivery does not read layout, duplicate writes or retain a hidden scale
ok 23 - observer delivery does not read layout, duplicate writes or retain a hidden scale
  ---
  duration_ms: 0.445333
  ...
# Subtest: cached-page restoration rejects old callbacks and measures again without resuming play
ok 24 - cached-page restoration rejects old callbacks and measures again without resuming play
  ---
  duration_ms: 0.917792
  ...
# Subtest: fractional deliveries do not rewrite CSS values after browser serialization
ok 25 - fractional deliveries do not rewrite CSS values after browser serialization
  ---
  duration_ms: 0.178875
  ...
# Subtest: explicit geometry and resize reconciliation work without ResizeObserver
ok 26 - explicit geometry and resize reconciliation work without ResizeObserver
  ---
  duration_ms: 0.138834
  ...
# Subtest: Versus keyboard master controls persist only the shared record; Team and another Versus restore without autoplay
    # Subtest: actual Versus controls
    ok 1 - actual Versus controls
      ---
      duration_ms: 1637.83125
      ...
    # Subtest: fresh Team receives settings, not music or progress
    ok 2 - fresh Team receives settings, not music or progress
      ---
      duration_ms: 38.488625
      ...
    # Subtest: fresh Versus restores without context creation or playing
    ok 3 - fresh Versus restores without context creation or playing
      ---
      duration_ms: 1467.94825
      ...
    1..3
ok 27 - Versus keyboard master controls persist only the shared record; Team and another Versus restore without autoplay
  ---
  duration_ms: 3145.352125
  ...
# Subtest: Versus starts muted, then master edits preserve active music intent and a paused duel checkpoint
ok 28 - Versus starts muted, then master edits preserve active music intent and a paused duel checkpoint
  ---
  duration_ms: 1676.591875
  ...
# Subtest: Versus controller edits the actual master slider without starting either board
ok 29 - Versus controller edits the actual master slider without starting either board
  ---
  duration_ms: 1540.614042
  ...
# Subtest: Team keyboard master edits remain accessible while paused and preserve its live board and unrelated feedback
ok 30 - Team keyboard master edits remain accessible while paused and preserve its live board and unrelated feedback
  ---
  duration_ms: 263.390875
  ...
# Subtest: Team keeps its sound explanation through saved edits, storage failure and recovery without starting play
ok 31 - Team keeps its sound explanation through saved edits, storage failure and recovery without starting play
  ---
  duration_ms: 148.804
  ...
# Subtest: Versus sound edits survive paused Help pan and keyboard return without replacing audio feedback
ok 32 - Versus sound edits survive paused Help pan and keyboard return without replacing audio feedback
  ---
  duration_ms: 1679.580417
  ...
# Subtest: Team sound edits survive paused Help pan and keyboard return without replacing audio feedback
ok 33 - Team sound edits survive paused Help pan and keyboard return without replacing audio feedback
  ---
  duration_ms: 175.0175
  ...
# Subtest: actual Versus 4:3 boards fit each seat and render at the visible bitmap scale
ok 34 - actual Versus 4:3 boards fit each seat and render at the visible bitmap scale
  ---
  duration_ms: 145.469583
  ...
# Subtest: actual Versus 2:1 boards fit each seat and render at the visible bitmap scale
ok 35 - actual Versus 2:1 boards fit each seat and render at the visible bitmap scale
  ---
  duration_ms: 1939.965875
  ...
# Subtest: actual Versus resize follows independent touch pads and Large text without replacing either run
ok 36 - actual Versus resize follows independent touch pads and Large text without replacing either run
  ---
  duration_ms: 2094.593375
  ...
# Subtest: actual Versus zero/hidden bounds recover and stale observer callbacks cannot survive disposal
ok 37 - actual Versus zero/hidden bounds recover and stale observer callbacks cannot survive disposal
  ---
  duration_ms: 110.024416
  ...
# Subtest: fresh couch uses exact wide Pressure Lines originals, authored Arcade controls and independent continuations
ok 38 - fresh couch uses exact wide Pressure Lines originals, authored Arcade controls and independent continuations
  ---
  duration_ms: 1603.455125
  ...
# Subtest: an offline optional featured download leaves base Couch maps playable and solo storage untouched
ok 39 - an offline optional featured download leaves base Couch maps playable and solo storage untouched
  ---
  duration_ms: 139.774042
  ...
# Subtest: all three exact map pictures change together; explicit Tactical legacy choice clears the original binding
ok 40 - all three exact map pictures change together; explicit Tactical legacy choice clears the original binding
  ---
  duration_ms: 1473.18675
  ...
# Subtest: wrong decoded dimensions and complete decode failure release every allocated original
ok 41 - wrong decoded dimensions and complete decode failure release every allocated original
  ---
  duration_ms: 1712.433292
  ...
# Subtest: shipped artwork requires explicit contain fit and an original for each exact known level
ok 42 - shipped artwork requires explicit contain fit and an original for each exact known level
  ---
  duration_ms: 1452.011583
  ...
# Subtest: cancellation during complete decode rejects promptly, disposes earlier images and ignores a late result
ok 43 - cancellation during complete decode rejects promptly, disposes earlier images and ignores a late result
  ---
  duration_ms: 865.172958
  ...
# Subtest: failed original preparation leaves the real lobby Start disabled with its explicit error
ok 44 - failed original preparation leaves the real lobby Start disabled with its explicit error
  ---
  duration_ms: 928.534917
  ...
# Subtest: terminal pagehide during installed authority opening cannot publish released pictures or start a race
ok 45 - terminal pagehide during installed authority opening cannot publish released pictures or start a race
  ---
  duration_ms: 1095.465625
  ...
# Subtest: paused race-coop requires a fresh fixed decision and Stay retains both flights
ok 46 - paused race-coop requires a fresh fixed decision and Stay retains both flights
  ---
  duration_ms: 1756.889125
  ...
# Subtest: paused race-solo-return requires a fresh fixed decision and Stay retains both flights
ok 47 - paused race-solo-return requires a fresh fixed decision and Stay retains both flights
  ---
  duration_ms: 1575.556375
  ...
# Subtest: controller Team departure has its own neutral boundary and East returns to the in-panel opener
ok 48 - controller Team departure has its own neutral boundary and East returns to the in-panel opener
  ---
  duration_ms: 1667.327625
  ...
# Subtest: blur invalidates pending Versus departure without resuming or choosing a destination
ok 49 - blur invalidates pending Versus departure without resuming or choosing a destination
  ---
  duration_ms: 1543.370875
  ...
# Subtest: hidden invalidates pending Versus departure without resuming or choosing a destination
ok 50 - hidden invalidates pending Versus departure without resuming or choosing a destination
  ---
  duration_ms: 2216.60275
  ...
# Subtest: pagehide invalidates pending Versus departure without resuming or choosing a destination
ok 51 - pagehide invalidates pending Versus departure without resuming or choosing a destination
  ---
  duration_ms: 1732.677875
  ...
# Subtest: controller-loss invalidates pending Versus departure without resuming or choosing a destination
ok 52 - controller-loss invalidates pending Versus departure without resuming or choosing a destination
  ---
  duration_ms: 1631.038541
  ...
# Subtest: a real terminal draw keeps both destination links direct and does not start another round
ok 53 - a real terminal draw keeps both destination links direct and does not start another round
  ---
  duration_ms: 1694.2425
  ...
# Subtest: confirmation re-reads actual replace before allowing native departure
ok 54 - confirmation re-reads actual replace before allowing native departure
  ---
  duration_ms: 14.859333
  ...
# Subtest: confirmation re-reads actual advanceGeneration before allowing native departure
ok 55 - confirmation re-reads actual advanceGeneration before allowing native departure
  ---
  duration_ms: 10.8425
  ...
# Subtest: confirmation re-reads actual resume before allowing native departure
ok 56 - confirmation re-reads actual resume before allowing native departure
  ---
  duration_ms: 12.123167
  ...
# Subtest: Solo departure captures one validated scalar token and never adopts a newer return at Confirm
ok 57 - Solo departure captures one validated scalar token and never adopts a newer return at Confirm
  ---
  duration_ms: 11.911667
  ...
# Subtest: invalid scalar return reader keeps the fixed Solo Title fallback: () => null
ok 58 - invalid scalar return reader keeps the fixed Solo Title fallback: () => null
  ---
  duration_ms: 10.05375
  ...
# Subtest: invalid scalar return reader keeps the fixed Solo Title fallback: () => '../?stolen=1'
ok 59 - invalid scalar return reader keeps the fixed Solo Title fallback: () => '../?stolen=1'
  ---
  duration_ms: 9.933875
  ...
# Subtest: invalid scalar return reader keeps the fixed Solo Title fallback: () => 'A'.repeat(32)
ok 60 - invalid scalar return reader keeps the fixed Solo Title fallback: () => 'A'.repeat(32)
  ---
  duration_ms: 9.211833
  ...
# Subtest: invalid scalar return reader keeps the fixed Solo Title fallback: () => {\\n    throw Error('unavailable');\\n  }
ok 61 - invalid scalar return reader keeps the fixed Solo Title fallback: () => {\\n    throw Error('unavailable');\\n  }
  ---
  duration_ms: 11.707417
  ...
# Subtest: immediate: actual couch inputs keep both phase cues independent and freeze them on pause/finish
ok 62 - immediate: actual couch inputs keep both phase cues independent and freeze them on pause/finish
  ---
  duration_ms: 7016.318666
  ...
# Subtest: grid-center: actual couch inputs keep both phase cues independent and freeze them on pause/finish
ok 63 - grid-center: actual couch inputs keep both phase cues independent and freeze them on pause/finish
  ---
  duration_ms: 6703.786625
  ...
# Subtest: ordinary couch boards hide both empty encounter groups before and during a round
ok 64 - ordinary couch boards hide both empty encounter groups before and during a round
  ---
  duration_ms: 2339.711708
  ...
# Subtest: untouched prepared lobby focuses enabled Start once without controller ownership or starting
ok 65 - untouched prepared lobby focuses enabled Start once without controller ownership or starting
  ---
  duration_ms: 156.978958
  ...
# Subtest: delayed initial preparation leaves loading focus alone, then hands off to Ready Start
ok 66 - delayed initial preparation leaves loading focus alone, then hands off to Ready Start
  ---
  duration_ms: 62.633875
  ...
# Subtest: a deliberate current focus is never replaced by the initial handoff
ok 67 - a deliberate current focus is never replaced by the initial handoff
  ---
  duration_ms: 55.623584
  ...
# Subtest: a deliberate moved-away focus is never replaced by the initial handoff
ok 68 - a deliberate moved-away focus is never replaced by the initial handoff
  ---
  duration_ms: 50.670417
  ...
# Subtest: a deliberate pre-attached-recovery focus is never replaced by the initial handoff
ok 69 - a deliberate pre-attached-recovery focus is never replaced by the initial handoff
  ---
  duration_ms: 52.902709
  ...
# Subtest: initial-background permanently relinquishes initial focus even when ready later
ok 70 - initial-background permanently relinquishes initial focus even when ready later
  ---
  duration_ms: 55.167875
  ...
# Subtest: blur-return permanently relinquishes initial focus even when ready later
ok 71 - blur-return permanently relinquishes initial focus even when ready later
  ---
  duration_ms: 51.3615
  ...
# Subtest: hidden-return permanently relinquishes initial focus even when ready later
ok 72 - hidden-return permanently relinquishes initial focus even when ready later
  ---
  duration_ms: 48.583
  ...
# Subtest: pagehide-return permanently relinquishes initial focus even when ready later
ok 73 - pagehide-return permanently relinquishes initial focus even when ready later
  ---
  duration_ms: 51.283833
  ...
# Subtest: an initially disabled Start is never chosen as focus
ok 74 - an initially disabled Start is never chosen as focus
  ---
  duration_ms: 48.842
  ...
# Subtest: an initially no-rect Start is never chosen as focus
ok 75 - an initially no-rect Start is never chosen as focus
  ---
  duration_ms: 51.321292
  ...
# Subtest: an initially css-hidden Start is never chosen as focus
ok 76 - an initially css-hidden Start is never chosen as focus
  ---
  duration_ms: 49.073458
  ...
# Subtest: an initially aria-hidden Start is never chosen as focus
ok 77 - an initially aria-hidden Start is never chosen as focus
  ---
  duration_ms: 53.913916
  ...
# Subtest: boot failure preserves recovery focus and cannot establish a Ready handoff
ok 78 - boot failure preserves recovery focus and cannot establish a Ready handoff
  ---
  duration_ms: 6.934625
  ...
# Subtest: interrupted async Start confirmation stays ready after blur and return until a fresh Start
ok 79 - interrupted async Start confirmation stays ready after blur and return until a fresh Start
  ---
  duration_ms: 10820.012209
  ...
# Subtest: cancelled Start confirmation cannot overwrite Retry for the same untouched attempt
ok 80 - cancelled Start confirmation cannot overwrite Retry for the same untouched attempt
  ---
  duration_ms: 12603.8485
  ...
# Subtest: installed couch reader authenticates the same three originals without acquiring a writer or changing solo data
ok 81 - installed couch reader authenticates the same three originals without acquiring a writer or changing solo data
  ---
  duration_ms: 12291.884792
  ...
# Subtest: publication rejects a changed original generation after actual decode and a changed pointer before Start
ok 82 - publication rejects a changed original generation after actual decode and a changed pointer before Start
  ---
  duration_ms: 12538.823583
  ...
# Subtest: cancelled decode is joined before replacement and cannot publish a late image
ok 83 - cancelled decode is joined before replacement and cannot publish a late image
  ---
  duration_ms: 9364.925583
  ...
# Subtest: pending journals, missing descriptors and absent original bytes refuse instead of displaying generic artwork
ok 84 - pending journals, missing descriptors and absent original bytes refuse instead of displaying generic artwork
  ---
  duration_ms: 6486.211459
  ...
# Subtest: Couch recovers installed R5 originals when its optional shipped URL is unavailable
ok 85 - Couch recovers installed R5 originals when its optional shipped URL is unavailable
  ---
  duration_ms: 5381.90075
  ...
# Subtest: actual Couch selection shares the exact installed image, keeps separate motion and restores asynchronous action focus
ok 86 - actual Couch selection shares the exact installed image, keeps separate motion and restores asynchronous action focus
  ---
  duration_ms: 20570.716916
  ...
# Subtest: superseding embedded inspection cancels the old decoder between images and retains the exact legacy fit
ok 87 - superseding embedded inspection cancels the old decoder between images and retains the exact legacy fit
  ---
  duration_ms: 4441.647542
  ...
# Subtest: main-lobby Back cancels an explicitly pending Retry and never enables Start after the late decode
ok 88 - main-lobby Back cancels an explicitly pending Retry and never enables Start after the late decode
  ---
  duration_ms: 26243.430291
  ...
# Subtest: new Fracture owner keeps exact installed originals through the reader and shared Couch boards without solo writes
ok 89 - new Fracture owner keeps exact installed originals through the reader and shared Couch boards without solo writes
  ---
  duration_ms: 21575.435542
  ...
# Subtest: new Countercurrent owner keeps exact installed originals through the reader and shared Couch boards without solo writes
ok 90 - new Countercurrent owner keeps exact installed originals through the reader and shared Couch boards without solo writes
  ---
  duration_ms: 20295.414792
  ...
# Subtest: installed failed Next decode keeps completed Results, wins and the original available to View
ok 91 - installed failed Next decode keeps completed Results, wins and the original available to View
  ---
  duration_ms: 12015.891084
  ...
# Subtest: installed Next final confirmation refusal retains the prior lease until an explicit successful retry adopts Ready
ok 92 - installed Next final confirmation refusal retains the prior lease until an explicit successful retry adopts Ready
  ---
  duration_ms: 15778.011916
  ...
# Subtest: installed cancelled Next cannot overwrite a newer retry or revive Start after blur and return
ok 93 - installed cancelled Next cannot overwrite a newer retry or revive Start after blur and return
  ---
  duration_ms: 13277.22125
  ...
# Subtest: installed candidate ready callback cancel retains accepted ownership until a confirmed commit
ok 94 - installed candidate ready callback cancel retains accepted ownership until a confirmed commit
  ---
  duration_ms: 9651.330375
  ...
# Subtest: installed candidate ready callback replacement retains accepted ownership until a confirmed commit
ok 95 - installed candidate ready callback replacement retains accepted ownership until a confirmed commit
  ---
  duration_ms: 11572.216292
  ...
# Subtest: couch markup mounts controls with bare body
ok 96 - couch markup mounts controls with bare body
  ---
  duration_ms: 1.201167
  ...
# Subtest: couch markup mounts controls with body attributes
ok 97 - couch markup mounts controls with body attributes
  ---
  duration_ms: 0.167458
  ...
# Subtest: couch markup mounts controls with quoted delimiters and case
ok 98 - couch markup mounts controls with quoted delimiters and case
  ---
  duration_ms: 0.098292
  ...
# Subtest: couch markup rejects a missing or incomplete body with a controlled error
ok 99 - couch markup rejects a missing or incomplete body with a controlled error
  ---
  duration_ms: 0.482125
  ...
# Subtest: appending parsed text preserves nested boot and game controls
ok 100 - appending parsed text preserves nested boot and game controls
  ---
  duration_ms: 0.341792
  ...
# Subtest: ../couch/index.html has a visible static loading signal and a reachable exit before modules load
ok 101 - ../couch/index.html has a visible static loading signal and a reachable exit before modules load
  ---
  duration_ms: 4.654875
  ...
# Subtest: ../couch/relay-rescue.html has a visible static loading signal and a reachable exit before modules load
ok 102 - ../couch/relay-rescue.html has a visible static loading signal and a reachable exit before modules load
  ---
  duration_ms: 1.84075
  ...
# Subtest: ../replay-theater/index.html has a visible static loading signal and a reachable exit before modules load
ok 103 - ../replay-theater/index.html has a visible static loading signal and a reachable exit before modules load
  ---
  duration_ms: 0.947
  ...
# Subtest: two sparse pads deliberately claim one menu; join/held Confirm cannot start or leak flight actions
ok 104 - two sparse pads deliberately claim one menu; join/held Confirm cannot start or leak flight actions
  ---
  duration_ms: 2098.080958
  ...
# Subtest: actual select previews cancel without replacing the duel and commit once through onchange
ok 105 - actual select previews cancel without replacing the duel and commit once through onchange
  ---
  duration_ms: 1797.862792
  ...
# Subtest: Back and Menu cancel previews or focus the primary action without starting or resetting
ok 106 - Back and Menu cancel previews or focus the primary action without starting or resetting
  ---
  duration_ms: 1733.853542
  ...
# Subtest: native menu focus cancels a held D-pad repeat until neutral without clearing either flight keyboard
ok 107 - native menu focus cancels a held D-pad repeat until neutral without clearing either flight keyboard
  ---
  duration_ms: 1627.941833
  ...
# Subtest: Ready slot loss consumes another pad Confirm; the surviving player keeps its slot
ok 108 - Ready slot loss consumes another pad Confirm; the surviving player keeps its slot
  ---
  duration_ms: 1625.267709
  ...
# Subtest: descriptor change at the same index pauses flight and requires neutral plus a new menu join
ok 109 - descriptor change at the same index pauses flight and requires neutral plus a new menu join
  ---
  duration_ms: 1899.591291
  ...
# Subtest: disconnect event at the same index pauses flight and requires neutral plus a new menu join
ok 110 - disconnect event at the same index pauses flight and requires neutral plus a new menu join
  ---
  duration_ms: 1949.950958
  ...
