HTTP/2.0 404 Not Found
Access-Control-Allow-Origin: *
Access-Control-Expose-Headers: ETag, Link, Location, Retry-After, X-GitHub-OTP, X-RateLimit-Limit, X-RateLimit-Remaining, X-RateLimit-Used, X-RateLimit-Resource, X-RateLimit-Reset, X-OAuth-Scopes, X-Accepted-OAuth-Scopes, X-Poll-Interval, X-GitHub-Media-Type, X-GitHub-SSO, X-GitHub-Request-Id, Deprecation, Sunset, Warning
Content-Security-Policy: default-src 'none'
Content-Type: application/json; charset=utf-8
Date: Fri, 18 Sep 2026 06:41:45 GMT
Referrer-Policy: origin-when-cross-origin, strict-origin-when-cross-origin
Server: github.com
Strict-Transport-Security: max-age=31536000; includeSubdomains; preload
Vary: Accept-Encoding, Accept, X-Requested-With
X-Accepted-Oauth-Scopes: repo
X-Content-Type-Options: nosniff
X-Frame-Options: deny
X-Github-Api-Version-Selected: 2022-11-28
X-Github-Edge-Region: fra
X-Github-Media-Type: github.v3; format=json
X-Github-Request-Id: DC33:354D8F:101E4C5D:FB53DF0:6AACDD29
X-Oauth-Client-Id: 178c6fc778ccc68e1d6a
X-Oauth-Scopes: admin:public_key, gist, read:org, repo
X-Ratelimit-Limit: 5000
X-Ratelimit-Remaining: 4924
X-Ratelimit-Reset: 1789714718
X-Ratelimit-Resource: core
X-Ratelimit-Used: 76
X-Xss-Protection: 0

{"message":"Not Found","documentation_url":"https://docs.github.com/rest/releases/releases#get-a-release-by-tag-name","status":"404"}