{
  "result": "No new source defect demonstrated; no repository edits",
  "artworks": 9,
  "payloadBytes": 17884748,
  "nativePacket": {
    "path": "/Users/oleksandr.mekhovov/Downloads/ukrainian-pixel-scenes-r7.rlart",
    "bytes": 17904621,
    "sha256": "942580e3d25345f24ee83509d719a3f4033c77d878aabe82b28a127f4aec4967"
  },
  "checks": {
    "allNineBytesHeadersDimensionsMatch": true,
    "allEightPredecessorDeclarationsUnchanged": true,
    "allOtherCollectionDeclarationsUnchanged": true,
    "sixExactParentRelationships": true,
    "exportMatchesNativeDownload": true,
    "importPreservesAllNinePayloads": true,
    "badHashTruncationAndTrailingBytesRejectedBeforeDecode": true,
    "unknownParentRejected": true
  },
  "receipt": "/tmp/cohort-r7-preservation-audit.json"
}
